Running main() from $GTEST_ROOT/src/gtest_main.cc

Repeating all tests (iteration 1) . . .

Note: Google Test filter = *-DummyEnvPoolTest.SinglePlayer:DummyEnvPoolTest.MultiPlayers
[==========] Running 62 tests from 9 test suites.
[----------] Global test environment set-up.
[----------] 12 tests from ActionBufferQueueTest
[ RUN      ] ActionBufferQueueTest.ShutdownWakesEmptyQueueWithoutAdvancingCursors
[       OK ] ActionBufferQueueTest.ShutdownWakesEmptyQueueWithoutAdvancingCursors (3 ms)
[ RUN      ] ActionBufferQueueTest.ShutdownWakePreservesPendingAction
[       OK ] ActionBufferQueueTest.ShutdownWakePreservesPendingAction (2 ms)
[ RUN      ] ActionBufferQueueTest.StopAwareDequeuePreservesActiveDelivery
[       OK ] ActionBufferQueueTest.StopAwareDequeuePreservesActiveDelivery (0 ms)
[ RUN      ] ActionBufferQueueTest.SmallRingWraparoundPreservesPayloadsAndCounters
[       OK ] ActionBufferQueueTest.SmallRingWraparoundPreservesPayloadsAndCounters (3 ms)
[ RUN      ] ActionBufferQueueTest.BoundedMultipleProducersAndConsumersExactlyOnce
[       OK ] ActionBufferQueueTest.BoundedMultipleProducersAndConsumersExactlyOnce (42 ms)
[ RUN      ] ActionBufferQueueTest.DelayedConsumerKeepsPayloadAcrossRingReuse
[       OK ] ActionBufferQueueTest.DelayedConsumerKeepsPayloadAcrossRingReuse (0 ms)
[ RUN      ] ActionBufferQueueTest.ConcurrentProducerBulksRemainContiguous
[       OK ] ActionBufferQueueTest.ConcurrentProducerBulksRemainContiguous (166 ms)
[ RUN      ] ActionBufferQueueTest.Concurrent
[       OK ] ActionBufferQueueTest.Concurrent (58 ms)
[ RUN      ] ActionBufferQueueTest.BulkWrapPreservesOrderWithNonPowerOfTwoCapacity
[       OK ] ActionBufferQueueTest.BulkWrapPreservesOrderWithNonPowerOfTwoCapacity (0 ms)
[ RUN      ] ActionBufferQueueTest.ConcurrentConsumersPreserveEveryWrappedAction
[       OK ] ActionBufferQueueTest.ConcurrentConsumersPreserveEveryWrappedAction (10 ms)
[ RUN      ] ActionBufferQueueTest.BulkWrapMatchesUnsignedCounterRollover
[       OK ] ActionBufferQueueTest.BulkWrapMatchesUnsignedCounterRollover (0 ms)
[ RUN      ] ActionBufferQueueTest.EmptyBulkIsSafeWithZeroCapacity
[       OK ] ActionBufferQueueTest.EmptyBulkIsSafeWithZeroCapacity (0 ms)
[----------] 12 tests from ActionBufferQueueTest (290 ms total)

[----------] 8 tests from ArrayTest
[ RUN      ] ArrayTest.ViewsPreserveHighDimensionalShapesAndData
[       OK ] ArrayTest.ViewsPreserveHighDimensionalShapesAndData (0 ms)
[ RUN      ] ArrayTest.TruncateAndSharedPtrKeepOwnedStorageAlive
[       OK ] ArrayTest.TruncateAndSharedPtrKeepOwnedStorageAlive (0 ms)
[ RUN      ] ArrayTest.SharedPtrPreservesNonOwningDataPointer
[       OK ] ArrayTest.SharedPtrPreservesNonOwningDataPointer (0 ms)
[ RUN      ] ArrayTest.ViewsDoNotExtendBackingStorageLifetime
[       OK ] ArrayTest.ViewsDoNotExtendBackingStorageLifetime (0 ms)
[ RUN      ] ArrayTest.TypedTruncateSharesData
[       OK ] ArrayTest.TypedTruncateSharesData (0 ms)
[ RUN      ] ArrayTest.TruncateInPlacePreservesHighDimensionalShapeAndData
[       OK ] ArrayTest.TruncateInPlacePreservesHighDimensionalShapeAndData (0 ms)
[ RUN      ] ArrayTest.TruncateInPlaceHandlesEmptyDimensions
[       OK ] ArrayTest.TruncateInPlaceHandlesEmptyDimensions (0 ms)
[ RUN      ] ArrayTest.TruncateInPlaceRetainsSharedOwnershipAndCustomDeleter
[       OK ] ArrayTest.TruncateInPlaceRetainsSharedOwnershipAndCustomDeleter (0 ms)
[----------] 8 tests from ArrayTest (0 ms total)

[----------] 1 test from CircularBufferTest
[ RUN      ] CircularBufferTest.Basic
[       OK ] CircularBufferTest.Basic (21 ms)
[----------] 1 test from CircularBufferTest (22 ms total)

[----------] 9 tests from ContainerOutputTest
[ RUN      ] ContainerOutputTest.QueuedOutputReclaimedOnPoolDestruction
[       OK ] ContainerOutputTest.QueuedOutputReclaimedOnPoolDestruction (3 ms)
[ RUN      ] ContainerOutputTest.ReceivedOutputLivesUntilLastArrayOwner
[       OK ] ContainerOutputTest.ReceivedOutputLivesUntilLastArrayOwner (1 ms)
[ RUN      ] ContainerOutputTest.ExtractedPayloadOwnsItsStorage
[       OK ] ContainerOutputTest.ExtractedPayloadOwnsItsStorage (1 ms)
[ RUN      ] ContainerOutputTest.TruncateReclaimsOriginalCapacity
[       OK ] ContainerOutputTest.TruncateReclaimsOriginalCapacity (0 ms)
[ RUN      ] ContainerOutputTest.LastStrongOwnerReclaimsWithWeakObserverRetained
[       OK ] ContainerOutputTest.LastStrongOwnerReclaimsWithWeakObserverRetained (0 ms)
[ RUN      ] ContainerOutputTest.MixedShapePartialBatchRetainsReturnedPayloads
[       OK ] ContainerOutputTest.MixedShapePartialBatchRetainsReturnedPayloads (0 ms)
[ RUN      ] ContainerOutputTest.MixedShapePartialBatchReclaimsUnconsumedPayloads
[       OK ] ContainerOutputTest.MixedShapePartialBatchReclaimsUnconsumedPayloads (0 ms)
[ RUN      ] ContainerOutputTest.StockReplacementPreservesTypedRecipe
[       OK ] ContainerOutputTest.StockReplacementPreservesTypedRecipe (0 ms)
[ RUN      ] ContainerOutputTest.FallbackReplacementPreservesTypedRecipe
[       OK ] ContainerOutputTest.FallbackReplacementPreservesTypedRecipe (0 ms)
[----------] 9 tests from ContainerOutputTest (8 ms total)

[----------] 4 tests from DictTest
[ RUN      ] DictTest.Keys
[       OK ] DictTest.Keys (0 ms)
[ RUN      ] DictTest.Values
[       OK ] DictTest.Values (0 ms)
[ RUN      ] DictTest.Lookup
[       OK ] DictTest.Lookup (0 ms)
[ RUN      ] DictTest.Modification
[       OK ] DictTest.Modification (0 ms)
[----------] 4 tests from DictTest (0 ms total)

[----------] 4 tests from EnvDiscountTest
[ RUN      ] EnvDiscountTest.SinglePlayerDiscountMatchesDone
[       OK ] EnvDiscountTest.SinglePlayerDiscountMatchesDone (0 ms)
[ RUN      ] EnvDiscountTest.NonterminalDiscountIncludesEveryPlayer
[       OK ] EnvDiscountTest.NonterminalDiscountIncludesEveryPlayer (0 ms)
[ RUN      ] EnvDiscountTest.TerminalDiscountIncludesEveryPlayer
[       OK ] EnvDiscountTest.TerminalDiscountIncludesEveryPlayer (0 ms)
[ RUN      ] EnvDiscountTest.ZeroPlayersDoNotOverwriteNextEnvironment
[       OK ] EnvDiscountTest.ZeroPlayersDoNotOverwriteNextEnvironment (0 ms)
[----------] 4 tests from EnvDiscountTest (2 ms total)

[----------] 6 tests from StateBufferQueueTest
[ RUN      ] StateBufferQueueTest.Basic
WARNING: All log messages before absl::InitializeLog() is called are written to STDERR
I0000 00:00:1791071492.817819    3754 state_buffer_queue_test.cc:36] 0 start
I0000 00:00:1791071492.817941    3754 state_buffer_queue_test.cc:39] 0 allocate
I0000 00:00:1791071492.817958    3754 state_buffer_queue_test.cc:41] 0 done_write
I0000 00:00:1791071492.817993    3754 state_buffer_queue_test.cc:36] 1 start
I0000 00:00:1791071492.818019    3754 state_buffer_queue_test.cc:39] 1 allocate
I0000 00:00:1791071492.818050    3754 state_buffer_queue_test.cc:41] 1 done_write
I0000 00:00:1791071492.818067    3754 state_buffer_queue_test.cc:36] 2 start
I0000 00:00:1791071492.818088    3754 state_buffer_queue_test.cc:39] 2 allocate
I0000 00:00:1791071492.818103    3754 state_buffer_queue_test.cc:41] 2 done_write
I0000 00:00:1791071492.818123    3754 state_buffer_queue_test.cc:36] 3 start
I0000 00:00:1791071492.818140    3754 state_buffer_queue_test.cc:39] 3 allocate
I0000 00:00:1791071492.818149    3754 state_buffer_queue_test.cc:41] 3 done_write
I0000 00:00:1791071492.818154    3754 state_buffer_queue_test.cc:36] 4 start
I0000 00:00:1791071492.818165    3754 state_buffer_queue_test.cc:39] 4 allocate
I0000 00:00:1791071492.818170    3754 state_buffer_queue_test.cc:41] 4 done_write
I0000 00:00:1791071492.818179    3754 state_buffer_queue_test.cc:36] 5 start
I0000 00:00:1791071492.818188    3754 state_buffer_queue_test.cc:39] 5 allocate
I0000 00:00:1791071492.818197    3754 state_buffer_queue_test.cc:41] 5 done_write
I0000 00:00:1791071492.818204    3754 state_buffer_queue_test.cc:36] 6 start
I0000 00:00:1791071492.818217    3754 state_buffer_queue_test.cc:39] 6 allocate
I0000 00:00:1791071492.818222    3754 state_buffer_queue_test.cc:41] 6 done_write
I0000 00:00:1791071492.818232    3754 state_buffer_queue_test.cc:36] 7 start
I0000 00:00:1791071492.818239    3754 state_buffer_queue_test.cc:39] 7 allocate
I0000 00:00:1791071492.818253    3754 state_buffer_queue_test.cc:41] 7 done_write
I0000 00:00:1791071492.818259    3754 state_buffer_queue_test.cc:36] 8 start
I0000 00:00:1791071492.818271    3754 state_buffer_queue_test.cc:39] 8 allocate
I0000 00:00:1791071492.818277    3754 state_buffer_queue_test.cc:41] 8 done_write
I0000 00:00:1791071492.818288    3754 state_buffer_queue_test.cc:36] 9 start
I0000 00:00:1791071492.818295    3754 state_buffer_queue_test.cc:39] 9 allocate
I0000 00:00:1791071492.818304    3754 state_buffer_queue_test.cc:41] 9 done_write
I0000 00:00:1791071492.818310    3754 state_buffer_queue_test.cc:36] 10 start
I0000 00:00:1791071492.818323    3754 state_buffer_queue_test.cc:39] 10 allocate
I0000 00:00:1791071492.818330    3754 state_buffer_queue_test.cc:41] 10 done_write
I0000 00:00:1791071492.818339    3754 state_buffer_queue_test.cc:36] 11 start
I0000 00:00:1791071492.818347    3754 state_buffer_queue_test.cc:39] 11 allocate
I0000 00:00:1791071492.818356    3754 state_buffer_queue_test.cc:41] 11 done_write
I0000 00:00:1791071492.818362    3754 state_buffer_queue_test.cc:36] 12 start
I0000 00:00:1791071492.818372    3754 state_buffer_queue_test.cc:39] 12 allocate
I0000 00:00:1791071492.818378    3754 state_buffer_queue_test.cc:41] 12 done_write
I0000 00:00:1791071492.818393    3754 state_buffer_queue_test.cc:36] 13 start
I0000 00:00:1791071492.818401    3754 state_buffer_queue_test.cc:39] 13 allocate
I0000 00:00:1791071492.818437    3754 state_buffer_queue_test.cc:41] 13 done_write
I0000 00:00:1791071492.818445    3754 state_buffer_queue_test.cc:36] 14 start
I0000 00:00:1791071492.818459    3754 state_buffer_queue_test.cc:39] 14 allocate
I0000 00:00:1791071492.818465    3754 state_buffer_queue_test.cc:41] 14 done_write
I0000 00:00:1791071492.818474    3754 state_buffer_queue_test.cc:36] 15 start
I0000 00:00:1791071492.818481    3754 state_buffer_queue_test.cc:39] 15 allocate
I0000 00:00:1791071492.818491    3754 state_buffer_queue_test.cc:41] 15 done_write
I0000 00:00:1791071492.818497    3754 state_buffer_queue_test.cc:36] 16 start
I0000 00:00:1791071492.818508    3754 state_buffer_queue_test.cc:39] 16 allocate
I0000 00:00:1791071492.818515    3754 state_buffer_queue_test.cc:41] 16 done_write
I0000 00:00:1791071492.818526    3754 state_buffer_queue_test.cc:36] 17 start
I0000 00:00:1791071492.818533    3754 state_buffer_queue_test.cc:39] 17 allocate
I0000 00:00:1791071492.818542    3754 state_buffer_queue_test.cc:41] 17 done_write
I0000 00:00:1791071492.818547    3754 state_buffer_queue_test.cc:36] 18 start
I0000 00:00:1791071492.818561    3754 state_buffer_queue_test.cc:39] 18 allocate
I0000 00:00:1791071492.818566    3754 state_buffer_queue_test.cc:41] 18 done_write
I0000 00:00:1791071492.818575    3754 state_buffer_queue_test.cc:36] 19 start
I0000 00:00:1791071492.818582    3754 state_buffer_queue_test.cc:39] 19 allocate
I0000 00:00:1791071492.818592    3754 state_buffer_queue_test.cc:41] 19 done_write
I0000 00:00:1791071492.818598    3754 state_buffer_queue_test.cc:36] 20 start
I0000 00:00:1791071492.818608    3754 state_buffer_queue_test.cc:39] 20 allocate
I0000 00:00:1791071492.818616    3754 state_buffer_queue_test.cc:41] 20 done_write
I0000 00:00:1791071492.818625    3754 state_buffer_queue_test.cc:36] 21 start
I0000 00:00:1791071492.818631    3754 state_buffer_queue_test.cc:39] 21 allocate
I0000 00:00:1791071492.818641    3754 state_buffer_queue_test.cc:41] 21 done_write
I0000 00:00:1791071492.818647    3754 state_buffer_queue_test.cc:36] 22 start
I0000 00:00:1791071492.818658    3754 state_buffer_queue_test.cc:39] 22 allocate
I0000 00:00:1791071492.818664    3754 state_buffer_queue_test.cc:41] 22 done_write
I0000 00:00:1791071492.818673    3754 state_buffer_queue_test.cc:36] 23 start
I0000 00:00:1791071492.818681    3754 state_buffer_queue_test.cc:39] 23 allocate
I0000 00:00:1791071492.818693    3754 state_buffer_queue_test.cc:41] 23 done_write
I0000 00:00:1791071492.818699    3754 state_buffer_queue_test.cc:36] 24 start
I0000 00:00:1791071492.818710    3754 state_buffer_queue_test.cc:39] 24 allocate
I0000 00:00:1791071492.818718    3754 state_buffer_queue_test.cc:41] 24 done_write
I0000 00:00:1791071492.818727    3754 state_buffer_queue_test.cc:36] 25 start
I0000 00:00:1791071492.818734    3754 state_buffer_queue_test.cc:39] 25 allocate
I0000 00:00:1791071492.818744    3754 state_buffer_queue_test.cc:41] 25 done_write
I0000 00:00:1791071492.818749    3754 state_buffer_queue_test.cc:36] 26 start
I0000 00:00:1791071492.818761    3754 state_buffer_queue_test.cc:39] 26 allocate
I0000 00:00:1791071492.818766    3754 state_buffer_queue_test.cc:41] 26 done_write
I0000 00:00:1791071492.818775    3754 state_buffer_queue_test.cc:36] 27 start
I0000 00:00:1791071492.818784    3754 state_buffer_queue_test.cc:39] 27 allocate
I0000 00:00:1791071492.818793    3754 state_buffer_queue_test.cc:41] 27 done_write
I0000 00:00:1791071492.818799    3754 state_buffer_queue_test.cc:36] 28 start
I0000 00:00:1791071492.818811    3754 state_buffer_queue_test.cc:39] 28 allocate
I0000 00:00:1791071492.818816    3754 state_buffer_queue_test.cc:41] 28 done_write
I0000 00:00:1791071492.818825    3754 state_buffer_queue_test.cc:36] 29 start
I0000 00:00:1791071492.818832    3754 state_buffer_queue_test.cc:39] 29 allocate
I0000 00:00:1791071492.818841    3754 state_buffer_queue_test.cc:41] 29 done_write
I0000 00:00:1791071492.818847    3754 state_buffer_queue_test.cc:36] 30 start
I0000 00:00:1791071492.818912    3754 state_buffer_queue_test.cc:39] 30 allocate
I0000 00:00:1791071492.818919    3754 state_buffer_queue_test.cc:41] 30 done_write
I0000 00:00:1791071492.818928    3754 state_buffer_queue_test.cc:36] 31 start
I0000 00:00:1791071492.818935    3754 state_buffer_queue_test.cc:39] 31 allocate
I0000 00:00:1791071492.818944    3754 state_buffer_queue_test.cc:41] 31 done_write
I0000 00:00:1791071492.818964    3754 state_buffer_queue_test.cc:47] finish wait
[       OK ] StateBufferQueueTest.Basic (1 ms)
[ RUN      ] StateBufferQueueTest.SinglePlayerSync
[       OK ] StateBufferQueueTest.SinglePlayerSync (94 ms)
[ RUN      ] StateBufferQueueTest.NumPlayers
[       OK ] StateBufferQueueTest.NumPlayers (1 ms)
[ RUN      ] StateBufferQueueTest.MultipleTimes
[       OK ] StateBufferQueueTest.MultipleTimes (630 ms)
[ RUN      ] StateBufferQueueTest.ConcurrentSinglePlayer
[       OK ] StateBufferQueueTest.ConcurrentSinglePlayer (2695 ms)
[ RUN      ] StateBufferQueueTest.ConcurrentMultiPlayer
[       OK ] StateBufferQueueTest.ConcurrentMultiPlayer (2418 ms)
[----------] 6 tests from StateBufferQueueTest (5841 ms total)

[----------] 9 tests from StateBufferTest
[ RUN      ] StateBufferTest.Basic
[       OK ] StateBufferTest.Basic (0 ms)
[ RUN      ] StateBufferTest.SinglePlayerSync
[       OK ] StateBufferTest.SinglePlayerSync (0 ms)
[ RUN      ] StateBufferTest.Truncate
[       OK ] StateBufferTest.Truncate (0 ms)
[ RUN      ] StateBufferTest.MultiPlayers
[       OK ] StateBufferTest.MultiPlayers (0 ms)
[ RUN      ] StateBufferTest.PartialSyncShuffledOutputsSurviveBufferDestruction
[       OK ] StateBufferTest.PartialSyncShuffledOutputsSurviveBufferDestruction (0 ms)
[ RUN      ] StateBufferTest.PartialMultiPlayerOutputsIncludeZeroPlayerEnvironments
[       OK ] StateBufferTest.PartialMultiPlayerOutputsIncludeZeroPlayerEnvironments (0 ms)
[ RUN      ] StateBufferTest.NoPlayersReturnsEmptyPlayerShapesAndSharedData
[       OK ] StateBufferTest.NoPlayersReturnsEmptyPlayerShapesAndSharedData (0 ms)
[ RUN      ] StateBufferTest.PartialWaitRequiresEveryAllocatedWriterToComplete
[       OK ] StateBufferTest.PartialWaitRequiresEveryAllocatedWriterToComplete (20 ms)
[ RUN      ] StateBufferTest.CompletionAllowsImmediateDestruction
[       OK ] StateBufferTest.CompletionAllowsImmediateDestruction (214 ms)
[----------] 9 tests from StateBufferTest (236 ms total)

[----------] 9 tests from DummyEnvPoolTest
[ RUN      ] DummyEnvPoolTest.TimingAccumulatorsStartAtZero
[       OK ] DummyEnvPoolTest.TimingAccumulatorsStartAtZero (1 ms)
[ RUN      ] DummyEnvPoolTest.DiscountMatchesDoneForEveryPlayer
[       OK ] DummyEnvPoolTest.DiscountMatchesDoneForEveryPlayer (3 ms)
[ RUN      ] DummyEnvPoolTest.ShutdownIdleWorkers
[       OK ] DummyEnvPoolTest.ShutdownIdleWorkers (221 ms)
[ RUN      ] DummyEnvPoolTest.ShutdownWithPendingReset
[       OK ] DummyEnvPoolTest.ShutdownWithPendingReset (173 ms)
[ RUN      ] DummyEnvPoolTest.ShutdownJoinsInFlightResetBeforeDestroyingEnvironment
[       OK ] DummyEnvPoolTest.ShutdownJoinsInFlightResetBeforeDestroyingEnvironment (52 ms)
[ RUN      ] DummyEnvPoolTest.SplitZeroAction
[       OK ] DummyEnvPoolTest.SplitZeroAction (3 ms)
[ RUN      ] DummyEnvPoolTest.SmokeSynchronousSinglePlayer
I0000 00:00:1791071499.350755    3754 dummy_envpool_test.cc:332] 1 1 3 32 1 1
I0000 00:00:1791071499.353824    3754 dummy_envpool_test.cc:435] time(s): 0.00225142, FPS: 14213.3
[       OK ] DummyEnvPoolTest.SmokeSynchronousSinglePlayer (3 ms)
[ RUN      ] DummyEnvPoolTest.SmokeAsynchronousSinglePlayer
I0000 00:00:1791071499.354248    3754 dummy_envpool_test.cc:332] 8 4 3 64 2 1
I0000 00:00:1791071499.361829    3754 dummy_envpool_test.cc:435] time(s): 0.00470965, FPS: 54356.5
[       OK ] DummyEnvPoolTest.SmokeAsynchronousSinglePlayer (8 ms)
[ RUN      ] DummyEnvPoolTest.SmokeAsynchronousMultiPlayer
I0000 00:00:1791071499.362897    3754 dummy_envpool_test.cc:332] 8 4 3 64 2 4
I0000 00:00:1791071499.371647    3754 dummy_envpool_test.cc:435] time(s): 0.00526361, FPS: 48635.9
[       OK ] DummyEnvPoolTest.SmokeAsynchronousMultiPlayer (9 ms)
[----------] 9 tests from DummyEnvPoolTest (477 ms total)

[==========] 62 tests from 9 test suites ran. (6879 ms total)
[  PASSED  ] 62 tests.

Repeating all tests (iteration 2) . . .

Note: Google Test filter = *-DummyEnvPoolTest.SinglePlayer:DummyEnvPoolTest.MultiPlayers
[==========] Running 62 tests from 9 test suites.
[----------] 12 tests from ActionBufferQueueTest
[ RUN      ] ActionBufferQueueTest.ShutdownWakesEmptyQueueWithoutAdvancingCursors
[       OK ] ActionBufferQueueTest.ShutdownWakesEmptyQueueWithoutAdvancingCursors (1 ms)
[ RUN      ] ActionBufferQueueTest.ShutdownWakePreservesPendingAction
[       OK ] ActionBufferQueueTest.ShutdownWakePreservesPendingAction (1 ms)
[ RUN      ] ActionBufferQueueTest.StopAwareDequeuePreservesActiveDelivery
[       OK ] ActionBufferQueueTest.StopAwareDequeuePreservesActiveDelivery (0 ms)
[ RUN      ] ActionBufferQueueTest.SmallRingWraparoundPreservesPayloadsAndCounters
[       OK ] ActionBufferQueueTest.SmallRingWraparoundPreservesPayloadsAndCounters (3 ms)
[ RUN      ] ActionBufferQueueTest.BoundedMultipleProducersAndConsumersExactlyOnce
[       OK ] ActionBufferQueueTest.BoundedMultipleProducersAndConsumersExactlyOnce (50 ms)
[ RUN      ] ActionBufferQueueTest.DelayedConsumerKeepsPayloadAcrossRingReuse
[       OK ] ActionBufferQueueTest.DelayedConsumerKeepsPayloadAcrossRingReuse (0 ms)
[ RUN      ] ActionBufferQueueTest.ConcurrentProducerBulksRemainContiguous
[       OK ] ActionBufferQueueTest.ConcurrentProducerBulksRemainContiguous (168 ms)
[ RUN      ] ActionBufferQueueTest.Concurrent
[       OK ] ActionBufferQueueTest.Concurrent (75 ms)
[ RUN      ] ActionBufferQueueTest.BulkWrapPreservesOrderWithNonPowerOfTwoCapacity
[       OK ] ActionBufferQueueTest.BulkWrapPreservesOrderWithNonPowerOfTwoCapacity (0 ms)
[ RUN      ] ActionBufferQueueTest.ConcurrentConsumersPreserveEveryWrappedAction
[       OK ] ActionBufferQueueTest.ConcurrentConsumersPreserveEveryWrappedAction (11 ms)
[ RUN      ] ActionBufferQueueTest.BulkWrapMatchesUnsignedCounterRollover
[       OK ] ActionBufferQueueTest.BulkWrapMatchesUnsignedCounterRollover (0 ms)
[ RUN      ] ActionBufferQueueTest.EmptyBulkIsSafeWithZeroCapacity
[       OK ] ActionBufferQueueTest.EmptyBulkIsSafeWithZeroCapacity (0 ms)
[----------] 12 tests from ActionBufferQueueTest (314 ms total)

[----------] 8 tests from ArrayTest
[ RUN      ] ArrayTest.ViewsPreserveHighDimensionalShapesAndData
[       OK ] ArrayTest.ViewsPreserveHighDimensionalShapesAndData (0 ms)
[ RUN      ] ArrayTest.TruncateAndSharedPtrKeepOwnedStorageAlive
[       OK ] ArrayTest.TruncateAndSharedPtrKeepOwnedStorageAlive (0 ms)
[ RUN      ] ArrayTest.SharedPtrPreservesNonOwningDataPointer
[       OK ] ArrayTest.SharedPtrPreservesNonOwningDataPointer (0 ms)
[ RUN      ] ArrayTest.ViewsDoNotExtendBackingStorageLifetime
[       OK ] ArrayTest.ViewsDoNotExtendBackingStorageLifetime (0 ms)
[ RUN      ] ArrayTest.TypedTruncateSharesData
[       OK ] ArrayTest.TypedTruncateSharesData (0 ms)
[ RUN      ] ArrayTest.TruncateInPlacePreservesHighDimensionalShapeAndData
[       OK ] ArrayTest.TruncateInPlacePreservesHighDimensionalShapeAndData (0 ms)
[ RUN      ] ArrayTest.TruncateInPlaceHandlesEmptyDimensions
[       OK ] ArrayTest.TruncateInPlaceHandlesEmptyDimensions (0 ms)
[ RUN      ] ArrayTest.TruncateInPlaceRetainsSharedOwnershipAndCustomDeleter
[       OK ] ArrayTest.TruncateInPlaceRetainsSharedOwnershipAndCustomDeleter (0 ms)
[----------] 8 tests from ArrayTest (0 ms total)

[----------] 1 test from CircularBufferTest
[ RUN      ] CircularBufferTest.Basic
[       OK ] CircularBufferTest.Basic (22 ms)
[----------] 1 test from CircularBufferTest (22 ms total)

[----------] 9 tests from ContainerOutputTest
[ RUN      ] ContainerOutputTest.QueuedOutputReclaimedOnPoolDestruction
[       OK ] ContainerOutputTest.QueuedOutputReclaimedOnPoolDestruction (3 ms)
[ RUN      ] ContainerOutputTest.ReceivedOutputLivesUntilLastArrayOwner
[       OK ] ContainerOutputTest.ReceivedOutputLivesUntilLastArrayOwner (0 ms)
[ RUN      ] ContainerOutputTest.ExtractedPayloadOwnsItsStorage
[       OK ] ContainerOutputTest.ExtractedPayloadOwnsItsStorage (1 ms)
[ RUN      ] ContainerOutputTest.TruncateReclaimsOriginalCapacity
[       OK ] ContainerOutputTest.TruncateReclaimsOriginalCapacity (0 ms)
[ RUN      ] ContainerOutputTest.LastStrongOwnerReclaimsWithWeakObserverRetained
[       OK ] ContainerOutputTest.LastStrongOwnerReclaimsWithWeakObserverRetained (0 ms)
[ RUN      ] ContainerOutputTest.MixedShapePartialBatchRetainsReturnedPayloads
[       OK ] ContainerOutputTest.MixedShapePartialBatchRetainsReturnedPayloads (0 ms)
[ RUN      ] ContainerOutputTest.MixedShapePartialBatchReclaimsUnconsumedPayloads
[       OK ] ContainerOutputTest.MixedShapePartialBatchReclaimsUnconsumedPayloads (0 ms)
[ RUN      ] ContainerOutputTest.StockReplacementPreservesTypedRecipe
[       OK ] ContainerOutputTest.StockReplacementPreservesTypedRecipe (0 ms)
[ RUN      ] ContainerOutputTest.FallbackReplacementPreservesTypedRecipe
[       OK ] ContainerOutputTest.FallbackReplacementPreservesTypedRecipe (0 ms)
[----------] 9 tests from ContainerOutputTest (7 ms total)

[----------] 4 tests from DictTest
[ RUN      ] DictTest.Keys
[       OK ] DictTest.Keys (0 ms)
[ RUN      ] DictTest.Values
[       OK ] DictTest.Values (0 ms)
[ RUN      ] DictTest.Lookup
[       OK ] DictTest.Lookup (0 ms)
[ RUN      ] DictTest.Modification
[       OK ] DictTest.Modification (0 ms)
[----------] 4 tests from DictTest (0 ms total)

[----------] 4 tests from EnvDiscountTest
[ RUN      ] EnvDiscountTest.SinglePlayerDiscountMatchesDone
[       OK ] EnvDiscountTest.SinglePlayerDiscountMatchesDone (0 ms)
[ RUN      ] EnvDiscountTest.NonterminalDiscountIncludesEveryPlayer
[       OK ] EnvDiscountTest.NonterminalDiscountIncludesEveryPlayer (0 ms)
[ RUN      ] EnvDiscountTest.TerminalDiscountIncludesEveryPlayer
[       OK ] EnvDiscountTest.TerminalDiscountIncludesEveryPlayer (0 ms)
[ RUN      ] EnvDiscountTest.ZeroPlayersDoNotOverwriteNextEnvironment
[       OK ] EnvDiscountTest.ZeroPlayersDoNotOverwriteNextEnvironment (0 ms)
[----------] 4 tests from EnvDiscountTest (1 ms total)

[----------] 6 tests from StateBufferQueueTest
[ RUN      ] StateBufferQueueTest.Basic
I0000 00:00:1791071499.722391    3754 state_buffer_queue_test.cc:36] 0 start
I0000 00:00:1791071499.722429    3754 state_buffer_queue_test.cc:39] 0 allocate
I0000 00:00:1791071499.722434    3754 state_buffer_queue_test.cc:41] 0 done_write
I0000 00:00:1791071499.722446    3754 state_buffer_queue_test.cc:36] 1 start
I0000 00:00:1791071499.722458    3754 state_buffer_queue_test.cc:39] 1 allocate
I0000 00:00:1791071499.722461    3754 state_buffer_queue_test.cc:41] 1 done_write
I0000 00:00:1791071499.722470    3754 state_buffer_queue_test.cc:36] 2 start
I0000 00:00:1791071499.722488    3754 state_buffer_queue_test.cc:39] 2 allocate
I0000 00:00:1791071499.722497    3754 state_buffer_queue_test.cc:41] 2 done_write
I0000 00:00:1791071499.722501    3754 state_buffer_queue_test.cc:36] 3 start
I0000 00:00:1791071499.722506    3754 state_buffer_queue_test.cc:39] 3 allocate
I0000 00:00:1791071499.722508    3754 state_buffer_queue_test.cc:41] 3 done_write
I0000 00:00:1791071499.722512    3754 state_buffer_queue_test.cc:36] 4 start
I0000 00:00:1791071499.722517    3754 state_buffer_queue_test.cc:39] 4 allocate
I0000 00:00:1791071499.722520    3754 state_buffer_queue_test.cc:41] 4 done_write
I0000 00:00:1791071499.722524    3754 state_buffer_queue_test.cc:36] 5 start
I0000 00:00:1791071499.722529    3754 state_buffer_queue_test.cc:39] 5 allocate
I0000 00:00:1791071499.722532    3754 state_buffer_queue_test.cc:41] 5 done_write
I0000 00:00:1791071499.722536    3754 state_buffer_queue_test.cc:36] 6 start
I0000 00:00:1791071499.722541    3754 state_buffer_queue_test.cc:39] 6 allocate
I0000 00:00:1791071499.722546    3754 state_buffer_queue_test.cc:41] 6 done_write
I0000 00:00:1791071499.722549    3754 state_buffer_queue_test.cc:36] 7 start
I0000 00:00:1791071499.722554    3754 state_buffer_queue_test.cc:39] 7 allocate
I0000 00:00:1791071499.722557    3754 state_buffer_queue_test.cc:41] 7 done_write
I0000 00:00:1791071499.722560    3754 state_buffer_queue_test.cc:36] 8 start
I0000 00:00:1791071499.722566    3754 state_buffer_queue_test.cc:39] 8 allocate
I0000 00:00:1791071499.722569    3754 state_buffer_queue_test.cc:41] 8 done_write
I0000 00:00:1791071499.722572    3754 state_buffer_queue_test.cc:36] 9 start
I0000 00:00:1791071499.722578    3754 state_buffer_queue_test.cc:39] 9 allocate
I0000 00:00:1791071499.722582    3754 state_buffer_queue_test.cc:41] 9 done_write
I0000 00:00:1791071499.722586    3754 state_buffer_queue_test.cc:36] 10 start
I0000 00:00:1791071499.722591    3754 state_buffer_queue_test.cc:39] 10 allocate
I0000 00:00:1791071499.722594    3754 state_buffer_queue_test.cc:41] 10 done_write
I0000 00:00:1791071499.722597    3754 state_buffer_queue_test.cc:36] 11 start
I0000 00:00:1791071499.722602    3754 state_buffer_queue_test.cc:39] 11 allocate
I0000 00:00:1791071499.722605    3754 state_buffer_queue_test.cc:41] 11 done_write
I0000 00:00:1791071499.722608    3754 state_buffer_queue_test.cc:36] 12 start
I0000 00:00:1791071499.722612    3754 state_buffer_queue_test.cc:39] 12 allocate
I0000 00:00:1791071499.722615    3754 state_buffer_queue_test.cc:41] 12 done_write
I0000 00:00:1791071499.722618    3754 state_buffer_queue_test.cc:36] 13 start
I0000 00:00:1791071499.722624    3754 state_buffer_queue_test.cc:39] 13 allocate
I0000 00:00:1791071499.722627    3754 state_buffer_queue_test.cc:41] 13 done_write
I0000 00:00:1791071499.722630    3754 state_buffer_queue_test.cc:36] 14 start
I0000 00:00:1791071499.722635    3754 state_buffer_queue_test.cc:39] 14 allocate
I0000 00:00:1791071499.722637    3754 state_buffer_queue_test.cc:41] 14 done_write
I0000 00:00:1791071499.722644    3754 state_buffer_queue_test.cc:36] 15 start
I0000 00:00:1791071499.722649    3754 state_buffer_queue_test.cc:39] 15 allocate
I0000 00:00:1791071499.722652    3754 state_buffer_queue_test.cc:41] 15 done_write
I0000 00:00:1791071499.722655    3754 state_buffer_queue_test.cc:36] 16 start
I0000 00:00:1791071499.722659    3754 state_buffer_queue_test.cc:39] 16 allocate
I0000 00:00:1791071499.722662    3754 state_buffer_queue_test.cc:41] 16 done_write
I0000 00:00:1791071499.722665    3754 state_buffer_queue_test.cc:36] 17 start
I0000 00:00:1791071499.722671    3754 state_buffer_queue_test.cc:39] 17 allocate
I0000 00:00:1791071499.722673    3754 state_buffer_queue_test.cc:41] 17 done_write
I0000 00:00:1791071499.722676    3754 state_buffer_queue_test.cc:36] 18 start
I0000 00:00:1791071499.722681    3754 state_buffer_queue_test.cc:39] 18 allocate
I0000 00:00:1791071499.722684    3754 state_buffer_queue_test.cc:41] 18 done_write
I0000 00:00:1791071499.722686    3754 state_buffer_queue_test.cc:36] 19 start
I0000 00:00:1791071499.722694    3754 state_buffer_queue_test.cc:39] 19 allocate
I0000 00:00:1791071499.722697    3754 state_buffer_queue_test.cc:41] 19 done_write
I0000 00:00:1791071499.722700    3754 state_buffer_queue_test.cc:36] 20 start
I0000 00:00:1791071499.722706    3754 state_buffer_queue_test.cc:39] 20 allocate
I0000 00:00:1791071499.722708    3754 state_buffer_queue_test.cc:41] 20 done_write
I0000 00:00:1791071499.722728    3754 state_buffer_queue_test.cc:36] 21 start
I0000 00:00:1791071499.722734    3754 state_buffer_queue_test.cc:39] 21 allocate
I0000 00:00:1791071499.722737    3754 state_buffer_queue_test.cc:41] 21 done_write
I0000 00:00:1791071499.722740    3754 state_buffer_queue_test.cc:36] 22 start
I0000 00:00:1791071499.722746    3754 state_buffer_queue_test.cc:39] 22 allocate
I0000 00:00:1791071499.722749    3754 state_buffer_queue_test.cc:41] 22 done_write
I0000 00:00:1791071499.722752    3754 state_buffer_queue_test.cc:36] 23 start
I0000 00:00:1791071499.722757    3754 state_buffer_queue_test.cc:39] 23 allocate
I0000 00:00:1791071499.722760    3754 state_buffer_queue_test.cc:41] 23 done_write
I0000 00:00:1791071499.722763    3754 state_buffer_queue_test.cc:36] 24 start
I0000 00:00:1791071499.722768    3754 state_buffer_queue_test.cc:39] 24 allocate
I0000 00:00:1791071499.722771    3754 state_buffer_queue_test.cc:41] 24 done_write
I0000 00:00:1791071499.722774    3754 state_buffer_queue_test.cc:36] 25 start
I0000 00:00:1791071499.722780    3754 state_buffer_queue_test.cc:39] 25 allocate
I0000 00:00:1791071499.722783    3754 state_buffer_queue_test.cc:41] 25 done_write
I0000 00:00:1791071499.722786    3754 state_buffer_queue_test.cc:36] 26 start
I0000 00:00:1791071499.722791    3754 state_buffer_queue_test.cc:39] 26 allocate
I0000 00:00:1791071499.722794    3754 state_buffer_queue_test.cc:41] 26 done_write
I0000 00:00:1791071499.722798    3754 state_buffer_queue_test.cc:36] 27 start
I0000 00:00:1791071499.722802    3754 state_buffer_queue_test.cc:39] 27 allocate
I0000 00:00:1791071499.722805    3754 state_buffer_queue_test.cc:41] 27 done_write
I0000 00:00:1791071499.722808    3754 state_buffer_queue_test.cc:36] 28 start
I0000 00:00:1791071499.722813    3754 state_buffer_queue_test.cc:39] 28 allocate
I0000 00:00:1791071499.722816    3754 state_buffer_queue_test.cc:41] 28 done_write
I0000 00:00:1791071499.722819    3754 state_buffer_queue_test.cc:36] 29 start
I0000 00:00:1791071499.722823    3754 state_buffer_queue_test.cc:39] 29 allocate
I0000 00:00:1791071499.722826    3754 state_buffer_queue_test.cc:41] 29 done_write
I0000 00:00:1791071499.722830    3754 state_buffer_queue_test.cc:36] 30 start
I0000 00:00:1791071499.722835    3754 state_buffer_queue_test.cc:39] 30 allocate
I0000 00:00:1791071499.722851    3754 state_buffer_queue_test.cc:41] 30 done_write
I0000 00:00:1791071499.722858    3754 state_buffer_queue_test.cc:36] 31 start
I0000 00:00:1791071499.722874    3754 state_buffer_queue_test.cc:39] 31 allocate
I0000 00:00:1791071499.722880    3754 state_buffer_queue_test.cc:41] 31 done_write
I0000 00:00:1791071499.722905    3754 state_buffer_queue_test.cc:47] finish wait
[       OK ] StateBufferQueueTest.Basic (3 ms)
[ RUN      ] StateBufferQueueTest.SinglePlayerSync
[       OK ] StateBufferQueueTest.SinglePlayerSync (100 ms)
[ RUN      ] StateBufferQueueTest.NumPlayers
[       OK ] StateBufferQueueTest.NumPlayers (0 ms)
[ RUN      ] StateBufferQueueTest.MultipleTimes
[       OK ] StateBufferQueueTest.MultipleTimes (799 ms)
[ RUN      ] StateBufferQueueTest.ConcurrentSinglePlayer
[       OK ] StateBufferQueueTest.ConcurrentSinglePlayer (2764 ms)
[ RUN      ] StateBufferQueueTest.ConcurrentMultiPlayer
[       OK ] StateBufferQueueTest.ConcurrentMultiPlayer (2482 ms)
[----------] 6 tests from StateBufferQueueTest (6151 ms total)

[----------] 9 tests from StateBufferTest
[ RUN      ] StateBufferTest.Basic
[       OK ] StateBufferTest.Basic (0 ms)
[ RUN      ] StateBufferTest.SinglePlayerSync
[       OK ] StateBufferTest.SinglePlayerSync (0 ms)
[ RUN      ] StateBufferTest.Truncate
[       OK ] StateBufferTest.Truncate (0 ms)
[ RUN      ] StateBufferTest.MultiPlayers
[       OK ] StateBufferTest.MultiPlayers (0 ms)
[ RUN      ] StateBufferTest.PartialSyncShuffledOutputsSurviveBufferDestruction
[       OK ] StateBufferTest.PartialSyncShuffledOutputsSurviveBufferDestruction (0 ms)
[ RUN      ] StateBufferTest.PartialMultiPlayerOutputsIncludeZeroPlayerEnvironments
[       OK ] StateBufferTest.PartialMultiPlayerOutputsIncludeZeroPlayerEnvironments (0 ms)
[ RUN      ] StateBufferTest.NoPlayersReturnsEmptyPlayerShapesAndSharedData
[       OK ] StateBufferTest.NoPlayersReturnsEmptyPlayerShapesAndSharedData (0 ms)
[ RUN      ] StateBufferTest.PartialWaitRequiresEveryAllocatedWriterToComplete
[       OK ] StateBufferTest.PartialWaitRequiresEveryAllocatedWriterToComplete (20 ms)
[ RUN      ] StateBufferTest.CompletionAllowsImmediateDestruction
[       OK ] StateBufferTest.CompletionAllowsImmediateDestruction (226 ms)
[----------] 9 tests from StateBufferTest (247 ms total)

[----------] 9 tests from DummyEnvPoolTest
[ RUN      ] DummyEnvPoolTest.TimingAccumulatorsStartAtZero
[       OK ] DummyEnvPoolTest.TimingAccumulatorsStartAtZero (2 ms)
[ RUN      ] DummyEnvPoolTest.DiscountMatchesDoneForEveryPlayer
[       OK ] DummyEnvPoolTest.DiscountMatchesDoneForEveryPlayer (2 ms)
[ RUN      ] DummyEnvPoolTest.ShutdownIdleWorkers
[       OK ] DummyEnvPoolTest.ShutdownIdleWorkers (206 ms)
[ RUN      ] DummyEnvPoolTest.ShutdownWithPendingReset
[       OK ] DummyEnvPoolTest.ShutdownWithPendingReset (189 ms)
[ RUN      ] DummyEnvPoolTest.ShutdownJoinsInFlightResetBeforeDestroyingEnvironment
[       OK ] DummyEnvPoolTest.ShutdownJoinsInFlightResetBeforeDestroyingEnvironment (51 ms)
[ RUN      ] DummyEnvPoolTest.SplitZeroAction
[       OK ] DummyEnvPoolTest.SplitZeroAction (3 ms)
[ RUN      ] DummyEnvPoolTest.SmokeSynchronousSinglePlayer
I0000 00:00:1791071506.577247    3754 dummy_envpool_test.cc:332] 1 1 3 32 1 1
I0000 00:00:1791071506.581107    3754 dummy_envpool_test.cc:435] time(s): 0.00293882, FPS: 10888.7
[       OK ] DummyEnvPoolTest.SmokeSynchronousSinglePlayer (4 ms)
[ RUN      ] DummyEnvPoolTest.SmokeAsynchronousSinglePlayer
I0000 00:00:1791071506.581682    3754 dummy_envpool_test.cc:332] 8 4 3 64 2 1
I0000 00:00:1791071506.590188    3754 dummy_envpool_test.cc:435] time(s): 0.0056099, FPS: 45633.6
[       OK ] DummyEnvPoolTest.SmokeAsynchronousSinglePlayer (9 ms)
[ RUN      ] DummyEnvPoolTest.SmokeAsynchronousMultiPlayer
I0000 00:00:1791071506.591207    3754 dummy_envpool_test.cc:332] 8 4 3 64 2 4
I0000 00:00:1791071506.601270    3754 dummy_envpool_test.cc:435] time(s): 0.00727965, FPS: 35166.5
[       OK ] DummyEnvPoolTest.SmokeAsynchronousMultiPlayer (11 ms)
[----------] 9 tests from DummyEnvPoolTest (480 ms total)

[==========] 62 tests from 9 test suites ran. (7226 ms total)
[  PASSED  ] 62 tests.

Repeating all tests (iteration 3) . . .

Note: Google Test filter = *-DummyEnvPoolTest.SinglePlayer:DummyEnvPoolTest.MultiPlayers
[==========] Running 62 tests from 9 test suites.
[----------] 12 tests from ActionBufferQueueTest
[ RUN      ] ActionBufferQueueTest.ShutdownWakesEmptyQueueWithoutAdvancingCursors
[       OK ] ActionBufferQueueTest.ShutdownWakesEmptyQueueWithoutAdvancingCursors (1 ms)
[ RUN      ] ActionBufferQueueTest.ShutdownWakePreservesPendingAction
[       OK ] ActionBufferQueueTest.ShutdownWakePreservesPendingAction (1 ms)
[ RUN      ] ActionBufferQueueTest.StopAwareDequeuePreservesActiveDelivery
[       OK ] ActionBufferQueueTest.StopAwareDequeuePreservesActiveDelivery (0 ms)
[ RUN      ] ActionBufferQueueTest.SmallRingWraparoundPreservesPayloadsAndCounters
[       OK ] ActionBufferQueueTest.SmallRingWraparoundPreservesPayloadsAndCounters (3 ms)
[ RUN      ] ActionBufferQueueTest.BoundedMultipleProducersAndConsumersExactlyOnce
[       OK ] ActionBufferQueueTest.BoundedMultipleProducersAndConsumersExactlyOnce (37 ms)
[ RUN      ] ActionBufferQueueTest.DelayedConsumerKeepsPayloadAcrossRingReuse
[       OK ] ActionBufferQueueTest.DelayedConsumerKeepsPayloadAcrossRingReuse (0 ms)
[ RUN      ] ActionBufferQueueTest.ConcurrentProducerBulksRemainContiguous
[       OK ] ActionBufferQueueTest.ConcurrentProducerBulksRemainContiguous (153 ms)
[ RUN      ] ActionBufferQueueTest.Concurrent
[       OK ] ActionBufferQueueTest.Concurrent (78 ms)
[ RUN      ] ActionBufferQueueTest.BulkWrapPreservesOrderWithNonPowerOfTwoCapacity
[       OK ] ActionBufferQueueTest.BulkWrapPreservesOrderWithNonPowerOfTwoCapacity (0 ms)
[ RUN      ] ActionBufferQueueTest.ConcurrentConsumersPreserveEveryWrappedAction
[       OK ] ActionBufferQueueTest.ConcurrentConsumersPreserveEveryWrappedAction (9 ms)
[ RUN      ] ActionBufferQueueTest.BulkWrapMatchesUnsignedCounterRollover
[       OK ] ActionBufferQueueTest.BulkWrapMatchesUnsignedCounterRollover (0 ms)
[ RUN      ] ActionBufferQueueTest.EmptyBulkIsSafeWithZeroCapacity
[       OK ] ActionBufferQueueTest.EmptyBulkIsSafeWithZeroCapacity (0 ms)
[----------] 12 tests from ActionBufferQueueTest (288 ms total)

[----------] 8 tests from ArrayTest
[ RUN      ] ArrayTest.ViewsPreserveHighDimensionalShapesAndData
[       OK ] ArrayTest.ViewsPreserveHighDimensionalShapesAndData (0 ms)
[ RUN      ] ArrayTest.TruncateAndSharedPtrKeepOwnedStorageAlive
[       OK ] ArrayTest.TruncateAndSharedPtrKeepOwnedStorageAlive (0 ms)
[ RUN      ] ArrayTest.SharedPtrPreservesNonOwningDataPointer
[       OK ] ArrayTest.SharedPtrPreservesNonOwningDataPointer (0 ms)
[ RUN      ] ArrayTest.ViewsDoNotExtendBackingStorageLifetime
[       OK ] ArrayTest.ViewsDoNotExtendBackingStorageLifetime (0 ms)
[ RUN      ] ArrayTest.TypedTruncateSharesData
[       OK ] ArrayTest.TypedTruncateSharesData (0 ms)
[ RUN      ] ArrayTest.TruncateInPlacePreservesHighDimensionalShapeAndData
[       OK ] ArrayTest.TruncateInPlacePreservesHighDimensionalShapeAndData (0 ms)
[ RUN      ] ArrayTest.TruncateInPlaceHandlesEmptyDimensions
[       OK ] ArrayTest.TruncateInPlaceHandlesEmptyDimensions (0 ms)
[ RUN      ] ArrayTest.TruncateInPlaceRetainsSharedOwnershipAndCustomDeleter
[       OK ] ArrayTest.TruncateInPlaceRetainsSharedOwnershipAndCustomDeleter (0 ms)
[----------] 8 tests from ArrayTest (0 ms total)

[----------] 1 test from CircularBufferTest
[ RUN      ] CircularBufferTest.Basic
[       OK ] CircularBufferTest.Basic (20 ms)
[----------] 1 test from CircularBufferTest (20 ms total)

[----------] 9 tests from ContainerOutputTest
[ RUN      ] ContainerOutputTest.QueuedOutputReclaimedOnPoolDestruction
[       OK ] ContainerOutputTest.QueuedOutputReclaimedOnPoolDestruction (3 ms)
[ RUN      ] ContainerOutputTest.ReceivedOutputLivesUntilLastArrayOwner
[       OK ] ContainerOutputTest.ReceivedOutputLivesUntilLastArrayOwner (1 ms)
[ RUN      ] ContainerOutputTest.ExtractedPayloadOwnsItsStorage
[       OK ] ContainerOutputTest.ExtractedPayloadOwnsItsStorage (0 ms)
[ RUN      ] ContainerOutputTest.TruncateReclaimsOriginalCapacity
[       OK ] ContainerOutputTest.TruncateReclaimsOriginalCapacity (0 ms)
[ RUN      ] ContainerOutputTest.LastStrongOwnerReclaimsWithWeakObserverRetained
[       OK ] ContainerOutputTest.LastStrongOwnerReclaimsWithWeakObserverRetained (0 ms)
[ RUN      ] ContainerOutputTest.MixedShapePartialBatchRetainsReturnedPayloads
[       OK ] ContainerOutputTest.MixedShapePartialBatchRetainsReturnedPayloads (0 ms)
[ RUN      ] ContainerOutputTest.MixedShapePartialBatchReclaimsUnconsumedPayloads
[       OK ] ContainerOutputTest.MixedShapePartialBatchReclaimsUnconsumedPayloads (0 ms)
[ RUN      ] ContainerOutputTest.StockReplacementPreservesTypedRecipe
[       OK ] ContainerOutputTest.StockReplacementPreservesTypedRecipe (0 ms)
[ RUN      ] ContainerOutputTest.FallbackReplacementPreservesTypedRecipe
[       OK ] ContainerOutputTest.FallbackReplacementPreservesTypedRecipe (0 ms)
[----------] 9 tests from ContainerOutputTest (6 ms total)

[----------] 4 tests from DictTest
[ RUN      ] DictTest.Keys
[       OK ] DictTest.Keys (0 ms)
[ RUN      ] DictTest.Values
[       OK ] DictTest.Values (0 ms)
[ RUN      ] DictTest.Lookup
[       OK ] DictTest.Lookup (0 ms)
[ RUN      ] DictTest.Modification
[       OK ] DictTest.Modification (0 ms)
[----------] 4 tests from DictTest (0 ms total)

[----------] 4 tests from EnvDiscountTest
[ RUN      ] EnvDiscountTest.SinglePlayerDiscountMatchesDone
[       OK ] EnvDiscountTest.SinglePlayerDiscountMatchesDone (0 ms)
[ RUN      ] EnvDiscountTest.NonterminalDiscountIncludesEveryPlayer
[       OK ] EnvDiscountTest.NonterminalDiscountIncludesEveryPlayer (0 ms)
[ RUN      ] EnvDiscountTest.TerminalDiscountIncludesEveryPlayer
[       OK ] EnvDiscountTest.TerminalDiscountIncludesEveryPlayer (0 ms)
[ RUN      ] EnvDiscountTest.ZeroPlayersDoNotOverwriteNextEnvironment
[       OK ] EnvDiscountTest.ZeroPlayersDoNotOverwriteNextEnvironment (0 ms)
[----------] 4 tests from EnvDiscountTest (2 ms total)

[----------] 6 tests from StateBufferQueueTest
[ RUN      ] StateBufferQueueTest.Basic
I0000 00:00:1791071506.924172    3754 state_buffer_queue_test.cc:36] 0 start
I0000 00:00:1791071506.924192    3754 state_buffer_queue_test.cc:39] 0 allocate
I0000 00:00:1791071506.924196    3754 state_buffer_queue_test.cc:41] 0 done_write
I0000 00:00:1791071506.924202    3754 state_buffer_queue_test.cc:36] 1 start
I0000 00:00:1791071506.924216    3754 state_buffer_queue_test.cc:39] 1 allocate
I0000 00:00:1791071506.924219    3754 state_buffer_queue_test.cc:41] 1 done_write
I0000 00:00:1791071506.924222    3754 state_buffer_queue_test.cc:36] 2 start
I0000 00:00:1791071506.924241    3754 state_buffer_queue_test.cc:39] 2 allocate
I0000 00:00:1791071506.924243    3754 state_buffer_queue_test.cc:41] 2 done_write
I0000 00:00:1791071506.924247    3754 state_buffer_queue_test.cc:36] 3 start
I0000 00:00:1791071506.924258    3754 state_buffer_queue_test.cc:39] 3 allocate
I0000 00:00:1791071506.924261    3754 state_buffer_queue_test.cc:41] 3 done_write
I0000 00:00:1791071506.924269    3754 state_buffer_queue_test.cc:36] 4 start
I0000 00:00:1791071506.924275    3754 state_buffer_queue_test.cc:39] 4 allocate
I0000 00:00:1791071506.924278    3754 state_buffer_queue_test.cc:41] 4 done_write
I0000 00:00:1791071506.924281    3754 state_buffer_queue_test.cc:36] 5 start
I0000 00:00:1791071506.924286    3754 state_buffer_queue_test.cc:39] 5 allocate
I0000 00:00:1791071506.924289    3754 state_buffer_queue_test.cc:41] 5 done_write
I0000 00:00:1791071506.924292    3754 state_buffer_queue_test.cc:36] 6 start
I0000 00:00:1791071506.924298    3754 state_buffer_queue_test.cc:39] 6 allocate
I0000 00:00:1791071506.924300    3754 state_buffer_queue_test.cc:41] 6 done_write
I0000 00:00:1791071506.924304    3754 state_buffer_queue_test.cc:36] 7 start
I0000 00:00:1791071506.924309    3754 state_buffer_queue_test.cc:39] 7 allocate
I0000 00:00:1791071506.924312    3754 state_buffer_queue_test.cc:41] 7 done_write
I0000 00:00:1791071506.924315    3754 state_buffer_queue_test.cc:36] 8 start
I0000 00:00:1791071506.924320    3754 state_buffer_queue_test.cc:39] 8 allocate
I0000 00:00:1791071506.924323    3754 state_buffer_queue_test.cc:41] 8 done_write
I0000 00:00:1791071506.924327    3754 state_buffer_queue_test.cc:36] 9 start
I0000 00:00:1791071506.924332    3754 state_buffer_queue_test.cc:39] 9 allocate
I0000 00:00:1791071506.924335    3754 state_buffer_queue_test.cc:41] 9 done_write
I0000 00:00:1791071506.924338    3754 state_buffer_queue_test.cc:36] 10 start
I0000 00:00:1791071506.924345    3754 state_buffer_queue_test.cc:39] 10 allocate
I0000 00:00:1791071506.924347    3754 state_buffer_queue_test.cc:41] 10 done_write
I0000 00:00:1791071506.924350    3754 state_buffer_queue_test.cc:36] 11 start
I0000 00:00:1791071506.924355    3754 state_buffer_queue_test.cc:39] 11 allocate
I0000 00:00:1791071506.924358    3754 state_buffer_queue_test.cc:41] 11 done_write
I0000 00:00:1791071506.924362    3754 state_buffer_queue_test.cc:36] 12 start
I0000 00:00:1791071506.924367    3754 state_buffer_queue_test.cc:39] 12 allocate
I0000 00:00:1791071506.924369    3754 state_buffer_queue_test.cc:41] 12 done_write
I0000 00:00:1791071506.924373    3754 state_buffer_queue_test.cc:36] 13 start
I0000 00:00:1791071506.924377    3754 state_buffer_queue_test.cc:39] 13 allocate
I0000 00:00:1791071506.924380    3754 state_buffer_queue_test.cc:41] 13 done_write
I0000 00:00:1791071506.924387    3754 state_buffer_queue_test.cc:36] 14 start
I0000 00:00:1791071506.924392    3754 state_buffer_queue_test.cc:39] 14 allocate
I0000 00:00:1791071506.924395    3754 state_buffer_queue_test.cc:41] 14 done_write
I0000 00:00:1791071506.924398    3754 state_buffer_queue_test.cc:36] 15 start
I0000 00:00:1791071506.924404    3754 state_buffer_queue_test.cc:39] 15 allocate
I0000 00:00:1791071506.924407    3754 state_buffer_queue_test.cc:41] 15 done_write
I0000 00:00:1791071506.924429    3754 state_buffer_queue_test.cc:36] 16 start
I0000 00:00:1791071506.924435    3754 state_buffer_queue_test.cc:39] 16 allocate
I0000 00:00:1791071506.924438    3754 state_buffer_queue_test.cc:41] 16 done_write
I0000 00:00:1791071506.924441    3754 state_buffer_queue_test.cc:36] 17 start
I0000 00:00:1791071506.924447    3754 state_buffer_queue_test.cc:39] 17 allocate
I0000 00:00:1791071506.924450    3754 state_buffer_queue_test.cc:41] 17 done_write
I0000 00:00:1791071506.924453    3754 state_buffer_queue_test.cc:36] 18 start
I0000 00:00:1791071506.924459    3754 state_buffer_queue_test.cc:39] 18 allocate
I0000 00:00:1791071506.924462    3754 state_buffer_queue_test.cc:41] 18 done_write
I0000 00:00:1791071506.924465    3754 state_buffer_queue_test.cc:36] 19 start
I0000 00:00:1791071506.924471    3754 state_buffer_queue_test.cc:39] 19 allocate
I0000 00:00:1791071506.924474    3754 state_buffer_queue_test.cc:41] 19 done_write
I0000 00:00:1791071506.924477    3754 state_buffer_queue_test.cc:36] 20 start
I0000 00:00:1791071506.924481    3754 state_buffer_queue_test.cc:39] 20 allocate
I0000 00:00:1791071506.924484    3754 state_buffer_queue_test.cc:41] 20 done_write
I0000 00:00:1791071506.924487    3754 state_buffer_queue_test.cc:36] 21 start
I0000 00:00:1791071506.924492    3754 state_buffer_queue_test.cc:39] 21 allocate
I0000 00:00:1791071506.924494    3754 state_buffer_queue_test.cc:41] 21 done_write
I0000 00:00:1791071506.924498    3754 state_buffer_queue_test.cc:36] 22 start
I0000 00:00:1791071506.924503    3754 state_buffer_queue_test.cc:39] 22 allocate
I0000 00:00:1791071506.924505    3754 state_buffer_queue_test.cc:41] 22 done_write
I0000 00:00:1791071506.924508    3754 state_buffer_queue_test.cc:36] 23 start
I0000 00:00:1791071506.924513    3754 state_buffer_queue_test.cc:39] 23 allocate
I0000 00:00:1791071506.924516    3754 state_buffer_queue_test.cc:41] 23 done_write
I0000 00:00:1791071506.924518    3754 state_buffer_queue_test.cc:36] 24 start
I0000 00:00:1791071506.924523    3754 state_buffer_queue_test.cc:39] 24 allocate
I0000 00:00:1791071506.924526    3754 state_buffer_queue_test.cc:41] 24 done_write
I0000 00:00:1791071506.924529    3754 state_buffer_queue_test.cc:36] 25 start
I0000 00:00:1791071506.924533    3754 state_buffer_queue_test.cc:39] 25 allocate
I0000 00:00:1791071506.924536    3754 state_buffer_queue_test.cc:41] 25 done_write
I0000 00:00:1791071506.924539    3754 state_buffer_queue_test.cc:36] 26 start
I0000 00:00:1791071506.924544    3754 state_buffer_queue_test.cc:39] 26 allocate
I0000 00:00:1791071506.924546    3754 state_buffer_queue_test.cc:41] 26 done_write
I0000 00:00:1791071506.924549    3754 state_buffer_queue_test.cc:36] 27 start
I0000 00:00:1791071506.924554    3754 state_buffer_queue_test.cc:39] 27 allocate
I0000 00:00:1791071506.924557    3754 state_buffer_queue_test.cc:41] 27 done_write
I0000 00:00:1791071506.924561    3754 state_buffer_queue_test.cc:36] 28 start
I0000 00:00:1791071506.924566    3754 state_buffer_queue_test.cc:39] 28 allocate
I0000 00:00:1791071506.924568    3754 state_buffer_queue_test.cc:41] 28 done_write
I0000 00:00:1791071506.924571    3754 state_buffer_queue_test.cc:36] 29 start
I0000 00:00:1791071506.924577    3754 state_buffer_queue_test.cc:39] 29 allocate
I0000 00:00:1791071506.924580    3754 state_buffer_queue_test.cc:41] 29 done_write
I0000 00:00:1791071506.924583    3754 state_buffer_queue_test.cc:36] 30 start
I0000 00:00:1791071506.924588    3754 state_buffer_queue_test.cc:39] 30 allocate
I0000 00:00:1791071506.924591    3754 state_buffer_queue_test.cc:41] 30 done_write
I0000 00:00:1791071506.924596    3754 state_buffer_queue_test.cc:36] 31 start
I0000 00:00:1791071506.924603    3754 state_buffer_queue_test.cc:39] 31 allocate
I0000 00:00:1791071506.924606    3754 state_buffer_queue_test.cc:41] 31 done_write
I0000 00:00:1791071506.924625    3754 state_buffer_queue_test.cc:47] finish wait
[       OK ] StateBufferQueueTest.Basic (0 ms)
[ RUN      ] StateBufferQueueTest.SinglePlayerSync
[       OK ] StateBufferQueueTest.SinglePlayerSync (105 ms)
[ RUN      ] StateBufferQueueTest.NumPlayers
[       OK ] StateBufferQueueTest.NumPlayers (0 ms)
[ RUN      ] StateBufferQueueTest.MultipleTimes
[       OK ] StateBufferQueueTest.MultipleTimes (627 ms)
[ RUN      ] StateBufferQueueTest.ConcurrentSinglePlayer
[       OK ] StateBufferQueueTest.ConcurrentSinglePlayer (2703 ms)
[ RUN      ] StateBufferQueueTest.ConcurrentMultiPlayer
[       OK ] StateBufferQueueTest.ConcurrentMultiPlayer (2750 ms)
[----------] 6 tests from StateBufferQueueTest (6188 ms total)

[----------] 9 tests from StateBufferTest
[ RUN      ] StateBufferTest.Basic
[       OK ] StateBufferTest.Basic (0 ms)
[ RUN      ] StateBufferTest.SinglePlayerSync
[       OK ] StateBufferTest.SinglePlayerSync (0 ms)
[ RUN      ] StateBufferTest.Truncate
[       OK ] StateBufferTest.Truncate (0 ms)
[ RUN      ] StateBufferTest.MultiPlayers
[       OK ] StateBufferTest.MultiPlayers (0 ms)
[ RUN      ] StateBufferTest.PartialSyncShuffledOutputsSurviveBufferDestruction
[       OK ] StateBufferTest.PartialSyncShuffledOutputsSurviveBufferDestruction (0 ms)
[ RUN      ] StateBufferTest.PartialMultiPlayerOutputsIncludeZeroPlayerEnvironments
[       OK ] StateBufferTest.PartialMultiPlayerOutputsIncludeZeroPlayerEnvironments (0 ms)
[ RUN      ] StateBufferTest.NoPlayersReturnsEmptyPlayerShapesAndSharedData
[       OK ] StateBufferTest.NoPlayersReturnsEmptyPlayerShapesAndSharedData (0 ms)
[ RUN      ] StateBufferTest.PartialWaitRequiresEveryAllocatedWriterToComplete
[       OK ] StateBufferTest.PartialWaitRequiresEveryAllocatedWriterToComplete (20 ms)
[ RUN      ] StateBufferTest.CompletionAllowsImmediateDestruction
[       OK ] StateBufferTest.CompletionAllowsImmediateDestruction (228 ms)
[----------] 9 tests from StateBufferTest (250 ms total)

[----------] 9 tests from DummyEnvPoolTest
[ RUN      ] DummyEnvPoolTest.TimingAccumulatorsStartAtZero
[       OK ] DummyEnvPoolTest.TimingAccumulatorsStartAtZero (1 ms)
[ RUN      ] DummyEnvPoolTest.DiscountMatchesDoneForEveryPlayer
[       OK ] DummyEnvPoolTest.DiscountMatchesDoneForEveryPlayer (2 ms)
[ RUN      ] DummyEnvPoolTest.ShutdownIdleWorkers
[       OK ] DummyEnvPoolTest.ShutdownIdleWorkers (185 ms)
[ RUN      ] DummyEnvPoolTest.ShutdownWithPendingReset
[       OK ] DummyEnvPoolTest.ShutdownWithPendingReset (192 ms)
[ RUN      ] DummyEnvPoolTest.ShutdownJoinsInFlightResetBeforeDestroyingEnvironment
[       OK ] DummyEnvPoolTest.ShutdownJoinsInFlightResetBeforeDestroyingEnvironment (52 ms)
[ RUN      ] DummyEnvPoolTest.SplitZeroAction
[       OK ] DummyEnvPoolTest.SplitZeroAction (4 ms)
[ RUN      ] DummyEnvPoolTest.SmokeSynchronousSinglePlayer
I0000 00:00:1791071513.802062    3754 dummy_envpool_test.cc:332] 1 1 3 32 1 1
I0000 00:00:1791071513.806871    3754 dummy_envpool_test.cc:435] time(s): 0.00372339, FPS: 8594.33
[       OK ] DummyEnvPoolTest.SmokeSynchronousSinglePlayer (5 ms)
[ RUN      ] DummyEnvPoolTest.SmokeAsynchronousSinglePlayer
I0000 00:00:1791071513.807429    3754 dummy_envpool_test.cc:332] 8 4 3 64 2 1
I0000 00:00:1791071513.815220    3754 dummy_envpool_test.cc:435] time(s): 0.00512427, FPS: 49958.4
[       OK ] DummyEnvPoolTest.SmokeAsynchronousSinglePlayer (10 ms)
[ RUN      ] DummyEnvPoolTest.SmokeAsynchronousMultiPlayer
I0000 00:00:1791071513.817450    3754 dummy_envpool_test.cc:332] 8 4 3 64 2 4
I0000 00:00:1791071513.826651    3754 dummy_envpool_test.cc:435] time(s): 0.00632592, FPS: 40468.4
[       OK ] DummyEnvPoolTest.SmokeAsynchronousMultiPlayer (10 ms)
[----------] 9 tests from DummyEnvPoolTest (464 ms total)

[----------] Global test environment tear-down
[==========] 62 tests from 9 test suites ran. (7222 ms total)
[  PASSED  ] 62 tests.
