Running main() from $GTEST_ROOT/src/gtest_main.cc
[==========] Running 64 tests from 9 test suites.
[----------] Global test environment set-up.
[----------] 12 tests from ActionBufferQueueTest
[ RUN      ] ActionBufferQueueTest.ShutdownWakesEmptyQueueWithoutAdvancingCursors
[       OK ] ActionBufferQueueTest.ShutdownWakesEmptyQueueWithoutAdvancingCursors (0 ms)
[ RUN      ] ActionBufferQueueTest.ShutdownWakePreservesPendingAction
[       OK ] ActionBufferQueueTest.ShutdownWakePreservesPendingAction (0 ms)
[ RUN      ] ActionBufferQueueTest.StopAwareDequeuePreservesActiveDelivery
[       OK ] ActionBufferQueueTest.StopAwareDequeuePreservesActiveDelivery (0 ms)
[ RUN      ] ActionBufferQueueTest.SmallRingWraparoundPreservesPayloadsAndCounters
[       OK ] ActionBufferQueueTest.SmallRingWraparoundPreservesPayloadsAndCounters (0 ms)
[ RUN      ] ActionBufferQueueTest.BoundedMultipleProducersAndConsumersExactlyOnce
[       OK ] ActionBufferQueueTest.BoundedMultipleProducersAndConsumersExactlyOnce (35 ms)
[ RUN      ] ActionBufferQueueTest.DelayedConsumerKeepsPayloadAcrossRingReuse
[       OK ] ActionBufferQueueTest.DelayedConsumerKeepsPayloadAcrossRingReuse (0 ms)
[ RUN      ] ActionBufferQueueTest.ConcurrentProducerBulksRemainContiguous
[       OK ] ActionBufferQueueTest.ConcurrentProducerBulksRemainContiguous (21 ms)
[ RUN      ] ActionBufferQueueTest.Concurrent
[       OK ] ActionBufferQueueTest.Concurrent (17 ms)
[ RUN      ] ActionBufferQueueTest.BulkWrapPreservesOrderWithNonPowerOfTwoCapacity
[       OK ] ActionBufferQueueTest.BulkWrapPreservesOrderWithNonPowerOfTwoCapacity (0 ms)
[ RUN      ] ActionBufferQueueTest.ConcurrentConsumersPreserveEveryWrappedAction
[       OK ] ActionBufferQueueTest.ConcurrentConsumersPreserveEveryWrappedAction (1 ms)
[ RUN      ] ActionBufferQueueTest.BulkWrapMatchesUnsignedCounterRollover
[       OK ] ActionBufferQueueTest.BulkWrapMatchesUnsignedCounterRollover (0 ms)
[ RUN      ] ActionBufferQueueTest.EmptyBulkIsSafeWithZeroCapacity
[       OK ] ActionBufferQueueTest.EmptyBulkIsSafeWithZeroCapacity (0 ms)
[----------] 12 tests from ActionBufferQueueTest (78 ms total)

[----------] 8 tests from ArrayTest
[ RUN      ] ArrayTest.ViewsPreserveHighDimensionalShapesAndData
[       OK ] ArrayTest.ViewsPreserveHighDimensionalShapesAndData (0 ms)
[ RUN      ] ArrayTest.TruncateAndSharedPtrKeepOwnedStorageAlive
[       OK ] ArrayTest.TruncateAndSharedPtrKeepOwnedStorageAlive (0 ms)
[ RUN      ] ArrayTest.SharedPtrPreservesNonOwningDataPointer
[       OK ] ArrayTest.SharedPtrPreservesNonOwningDataPointer (0 ms)
[ RUN      ] ArrayTest.ViewsDoNotExtendBackingStorageLifetime
[       OK ] ArrayTest.ViewsDoNotExtendBackingStorageLifetime (0 ms)
[ RUN      ] ArrayTest.TypedTruncateSharesData
[       OK ] ArrayTest.TypedTruncateSharesData (0 ms)
[ RUN      ] ArrayTest.TruncateInPlacePreservesHighDimensionalShapeAndData
[       OK ] ArrayTest.TruncateInPlacePreservesHighDimensionalShapeAndData (0 ms)
[ RUN      ] ArrayTest.TruncateInPlaceHandlesEmptyDimensions
[       OK ] ArrayTest.TruncateInPlaceHandlesEmptyDimensions (0 ms)
[ RUN      ] ArrayTest.TruncateInPlaceRetainsSharedOwnershipAndCustomDeleter
[       OK ] ArrayTest.TruncateInPlaceRetainsSharedOwnershipAndCustomDeleter (0 ms)
[----------] 8 tests from ArrayTest (0 ms total)

[----------] 1 test from CircularBufferTest
[ RUN      ] CircularBufferTest.Basic
[       OK ] CircularBufferTest.Basic (12 ms)
[----------] 1 test from CircularBufferTest (12 ms total)

[----------] 9 tests from ContainerOutputTest
[ RUN      ] ContainerOutputTest.QueuedOutputReclaimedOnPoolDestruction
[       OK ] ContainerOutputTest.QueuedOutputReclaimedOnPoolDestruction (0 ms)
[ RUN      ] ContainerOutputTest.ReceivedOutputLivesUntilLastArrayOwner
[       OK ] ContainerOutputTest.ReceivedOutputLivesUntilLastArrayOwner (0 ms)
[ RUN      ] ContainerOutputTest.ExtractedPayloadOwnsItsStorage
[       OK ] ContainerOutputTest.ExtractedPayloadOwnsItsStorage (0 ms)
[ RUN      ] ContainerOutputTest.TruncateReclaimsOriginalCapacity
[       OK ] ContainerOutputTest.TruncateReclaimsOriginalCapacity (0 ms)
[ RUN      ] ContainerOutputTest.LastStrongOwnerReclaimsWithWeakObserverRetained
[       OK ] ContainerOutputTest.LastStrongOwnerReclaimsWithWeakObserverRetained (0 ms)
[ RUN      ] ContainerOutputTest.MixedShapePartialBatchRetainsReturnedPayloads
[       OK ] ContainerOutputTest.MixedShapePartialBatchRetainsReturnedPayloads (0 ms)
[ RUN      ] ContainerOutputTest.MixedShapePartialBatchReclaimsUnconsumedPayloads
[       OK ] ContainerOutputTest.MixedShapePartialBatchReclaimsUnconsumedPayloads (0 ms)
[ RUN      ] ContainerOutputTest.StockReplacementPreservesTypedRecipe
[       OK ] ContainerOutputTest.StockReplacementPreservesTypedRecipe (0 ms)
[ RUN      ] ContainerOutputTest.FallbackReplacementPreservesTypedRecipe
[       OK ] ContainerOutputTest.FallbackReplacementPreservesTypedRecipe (0 ms)
[----------] 9 tests from ContainerOutputTest (1 ms total)

[----------] 4 tests from DictTest
[ RUN      ] DictTest.Keys
[       OK ] DictTest.Keys (0 ms)
[ RUN      ] DictTest.Values
[       OK ] DictTest.Values (0 ms)
[ RUN      ] DictTest.Lookup
[       OK ] DictTest.Lookup (0 ms)
[ RUN      ] DictTest.Modification
[       OK ] DictTest.Modification (0 ms)
[----------] 4 tests from DictTest (0 ms total)

[----------] 4 tests from EnvDiscountTest
[ RUN      ] EnvDiscountTest.SinglePlayerDiscountMatchesDone
[       OK ] EnvDiscountTest.SinglePlayerDiscountMatchesDone (0 ms)
[ RUN      ] EnvDiscountTest.NonterminalDiscountIncludesEveryPlayer
[       OK ] EnvDiscountTest.NonterminalDiscountIncludesEveryPlayer (0 ms)
[ RUN      ] EnvDiscountTest.TerminalDiscountIncludesEveryPlayer
[       OK ] EnvDiscountTest.TerminalDiscountIncludesEveryPlayer (0 ms)
[ RUN      ] EnvDiscountTest.ZeroPlayersDoNotOverwriteNextEnvironment
[       OK ] EnvDiscountTest.ZeroPlayersDoNotOverwriteNextEnvironment (0 ms)
[----------] 4 tests from EnvDiscountTest (0 ms total)

[----------] 6 tests from StateBufferQueueTest
[ RUN      ] StateBufferQueueTest.Basic
WARNING: All log messages before absl::InitializeLog() is called are written to STDERR
I0000 00:00:1791071372.192099      35 state_buffer_queue_test.cc:36] 0 start
I0000 00:00:1791071372.192138      35 state_buffer_queue_test.cc:39] 0 allocate
I0000 00:00:1791071372.192140      35 state_buffer_queue_test.cc:41] 0 done_write
I0000 00:00:1791071372.192142      35 state_buffer_queue_test.cc:36] 1 start
I0000 00:00:1791071372.192143      35 state_buffer_queue_test.cc:39] 1 allocate
I0000 00:00:1791071372.192144      35 state_buffer_queue_test.cc:41] 1 done_write
I0000 00:00:1791071372.192145      35 state_buffer_queue_test.cc:36] 2 start
I0000 00:00:1791071372.192146      35 state_buffer_queue_test.cc:39] 2 allocate
I0000 00:00:1791071372.192147      35 state_buffer_queue_test.cc:41] 2 done_write
I0000 00:00:1791071372.192148      35 state_buffer_queue_test.cc:36] 3 start
I0000 00:00:1791071372.192149      35 state_buffer_queue_test.cc:39] 3 allocate
I0000 00:00:1791071372.192150      35 state_buffer_queue_test.cc:41] 3 done_write
I0000 00:00:1791071372.192151      35 state_buffer_queue_test.cc:36] 4 start
I0000 00:00:1791071372.192153      35 state_buffer_queue_test.cc:39] 4 allocate
I0000 00:00:1791071372.192154      35 state_buffer_queue_test.cc:41] 4 done_write
I0000 00:00:1791071372.192155      35 state_buffer_queue_test.cc:36] 5 start
I0000 00:00:1791071372.192156      35 state_buffer_queue_test.cc:39] 5 allocate
I0000 00:00:1791071372.192157      35 state_buffer_queue_test.cc:41] 5 done_write
I0000 00:00:1791071372.192158      35 state_buffer_queue_test.cc:36] 6 start
I0000 00:00:1791071372.192159      35 state_buffer_queue_test.cc:39] 6 allocate
I0000 00:00:1791071372.192160      35 state_buffer_queue_test.cc:41] 6 done_write
I0000 00:00:1791071372.192161      35 state_buffer_queue_test.cc:36] 7 start
I0000 00:00:1791071372.192162      35 state_buffer_queue_test.cc:39] 7 allocate
I0000 00:00:1791071372.192163      35 state_buffer_queue_test.cc:41] 7 done_write
I0000 00:00:1791071372.192164      35 state_buffer_queue_test.cc:36] 8 start
I0000 00:00:1791071372.192168      35 state_buffer_queue_test.cc:39] 8 allocate
I0000 00:00:1791071372.192169      35 state_buffer_queue_test.cc:41] 8 done_write
I0000 00:00:1791071372.192170      35 state_buffer_queue_test.cc:36] 9 start
I0000 00:00:1791071372.192171      35 state_buffer_queue_test.cc:39] 9 allocate
I0000 00:00:1791071372.192172      35 state_buffer_queue_test.cc:41] 9 done_write
I0000 00:00:1791071372.192173      35 state_buffer_queue_test.cc:36] 10 start
I0000 00:00:1791071372.192174      35 state_buffer_queue_test.cc:39] 10 allocate
I0000 00:00:1791071372.192175      35 state_buffer_queue_test.cc:41] 10 done_write
I0000 00:00:1791071372.192176      35 state_buffer_queue_test.cc:36] 11 start
I0000 00:00:1791071372.192177      35 state_buffer_queue_test.cc:39] 11 allocate
I0000 00:00:1791071372.192178      35 state_buffer_queue_test.cc:41] 11 done_write
I0000 00:00:1791071372.192179      35 state_buffer_queue_test.cc:36] 12 start
I0000 00:00:1791071372.192180      35 state_buffer_queue_test.cc:39] 12 allocate
I0000 00:00:1791071372.192181      35 state_buffer_queue_test.cc:41] 12 done_write
I0000 00:00:1791071372.192182      35 state_buffer_queue_test.cc:36] 13 start
I0000 00:00:1791071372.192184      35 state_buffer_queue_test.cc:39] 13 allocate
I0000 00:00:1791071372.192185      35 state_buffer_queue_test.cc:41] 13 done_write
I0000 00:00:1791071372.192186      35 state_buffer_queue_test.cc:36] 14 start
I0000 00:00:1791071372.192187      35 state_buffer_queue_test.cc:39] 14 allocate
I0000 00:00:1791071372.192188      35 state_buffer_queue_test.cc:41] 14 done_write
I0000 00:00:1791071372.192189      35 state_buffer_queue_test.cc:36] 15 start
I0000 00:00:1791071372.192190      35 state_buffer_queue_test.cc:39] 15 allocate
I0000 00:00:1791071372.192191      35 state_buffer_queue_test.cc:41] 15 done_write
I0000 00:00:1791071372.192192      35 state_buffer_queue_test.cc:36] 16 start
I0000 00:00:1791071372.192193      35 state_buffer_queue_test.cc:39] 16 allocate
I0000 00:00:1791071372.192194      35 state_buffer_queue_test.cc:41] 16 done_write
I0000 00:00:1791071372.192195      35 state_buffer_queue_test.cc:36] 17 start
I0000 00:00:1791071372.192196      35 state_buffer_queue_test.cc:39] 17 allocate
I0000 00:00:1791071372.192197      35 state_buffer_queue_test.cc:41] 17 done_write
I0000 00:00:1791071372.192198      35 state_buffer_queue_test.cc:36] 18 start
I0000 00:00:1791071372.192199      35 state_buffer_queue_test.cc:39] 18 allocate
I0000 00:00:1791071372.192200      35 state_buffer_queue_test.cc:41] 18 done_write
I0000 00:00:1791071372.192201      35 state_buffer_queue_test.cc:36] 19 start
I0000 00:00:1791071372.192202      35 state_buffer_queue_test.cc:39] 19 allocate
I0000 00:00:1791071372.192203      35 state_buffer_queue_test.cc:41] 19 done_write
I0000 00:00:1791071372.192204      35 state_buffer_queue_test.cc:36] 20 start
I0000 00:00:1791071372.192205      35 state_buffer_queue_test.cc:39] 20 allocate
I0000 00:00:1791071372.192206      35 state_buffer_queue_test.cc:41] 20 done_write
I0000 00:00:1791071372.192207      35 state_buffer_queue_test.cc:36] 21 start
I0000 00:00:1791071372.192208      35 state_buffer_queue_test.cc:39] 21 allocate
I0000 00:00:1791071372.192209      35 state_buffer_queue_test.cc:41] 21 done_write
I0000 00:00:1791071372.192210      35 state_buffer_queue_test.cc:36] 22 start
I0000 00:00:1791071372.192211      35 state_buffer_queue_test.cc:39] 22 allocate
I0000 00:00:1791071372.192212      35 state_buffer_queue_test.cc:41] 22 done_write
I0000 00:00:1791071372.192213      35 state_buffer_queue_test.cc:36] 23 start
I0000 00:00:1791071372.192215      35 state_buffer_queue_test.cc:39] 23 allocate
I0000 00:00:1791071372.192216      35 state_buffer_queue_test.cc:41] 23 done_write
I0000 00:00:1791071372.192217      35 state_buffer_queue_test.cc:36] 24 start
I0000 00:00:1791071372.192218      35 state_buffer_queue_test.cc:39] 24 allocate
I0000 00:00:1791071372.192219      35 state_buffer_queue_test.cc:41] 24 done_write
I0000 00:00:1791071372.192220      35 state_buffer_queue_test.cc:36] 25 start
I0000 00:00:1791071372.192222      35 state_buffer_queue_test.cc:39] 25 allocate
I0000 00:00:1791071372.192223      35 state_buffer_queue_test.cc:41] 25 done_write
I0000 00:00:1791071372.192224      35 state_buffer_queue_test.cc:36] 26 start
I0000 00:00:1791071372.192225      35 state_buffer_queue_test.cc:39] 26 allocate
I0000 00:00:1791071372.192226      35 state_buffer_queue_test.cc:41] 26 done_write
I0000 00:00:1791071372.192227      35 state_buffer_queue_test.cc:36] 27 start
I0000 00:00:1791071372.192228      35 state_buffer_queue_test.cc:39] 27 allocate
I0000 00:00:1791071372.192229      35 state_buffer_queue_test.cc:41] 27 done_write
I0000 00:00:1791071372.192230      35 state_buffer_queue_test.cc:36] 28 start
I0000 00:00:1791071372.192231      35 state_buffer_queue_test.cc:39] 28 allocate
I0000 00:00:1791071372.192232      35 state_buffer_queue_test.cc:41] 28 done_write
I0000 00:00:1791071372.192233      35 state_buffer_queue_test.cc:36] 29 start
I0000 00:00:1791071372.192234      35 state_buffer_queue_test.cc:39] 29 allocate
I0000 00:00:1791071372.192235      35 state_buffer_queue_test.cc:41] 29 done_write
I0000 00:00:1791071372.192236      35 state_buffer_queue_test.cc:36] 30 start
I0000 00:00:1791071372.192237      35 state_buffer_queue_test.cc:39] 30 allocate
I0000 00:00:1791071372.192238      35 state_buffer_queue_test.cc:41] 30 done_write
I0000 00:00:1791071372.192239      35 state_buffer_queue_test.cc:36] 31 start
I0000 00:00:1791071372.192240      35 state_buffer_queue_test.cc:39] 31 allocate
I0000 00:00:1791071372.192241      35 state_buffer_queue_test.cc:41] 31 done_write
I0000 00:00:1791071372.192250      35 state_buffer_queue_test.cc:47] finish wait
[       OK ] StateBufferQueueTest.Basic (0 ms)
[ RUN      ] StateBufferQueueTest.SinglePlayerSync
[       OK ] StateBufferQueueTest.SinglePlayerSync (5 ms)
[ RUN      ] StateBufferQueueTest.NumPlayers
[       OK ] StateBufferQueueTest.NumPlayers (0 ms)
[ RUN      ] StateBufferQueueTest.MultipleTimes
[       OK ] StateBufferQueueTest.MultipleTimes (54 ms)
[ RUN      ] StateBufferQueueTest.ConcurrentSinglePlayer
[       OK ] StateBufferQueueTest.ConcurrentSinglePlayer (1189 ms)
[ RUN      ] StateBufferQueueTest.ConcurrentMultiPlayer
[       OK ] StateBufferQueueTest.ConcurrentMultiPlayer (1493 ms)
[----------] 6 tests from StateBufferQueueTest (2743 ms total)

[----------] 9 tests from StateBufferTest
[ RUN      ] StateBufferTest.Basic
[       OK ] StateBufferTest.Basic (0 ms)
[ RUN      ] StateBufferTest.SinglePlayerSync
[       OK ] StateBufferTest.SinglePlayerSync (0 ms)
[ RUN      ] StateBufferTest.Truncate
[       OK ] StateBufferTest.Truncate (0 ms)
[ RUN      ] StateBufferTest.MultiPlayers
[       OK ] StateBufferTest.MultiPlayers (0 ms)
[ RUN      ] StateBufferTest.PartialSyncShuffledOutputsSurviveBufferDestruction
[       OK ] StateBufferTest.PartialSyncShuffledOutputsSurviveBufferDestruction (0 ms)
[ RUN      ] StateBufferTest.PartialMultiPlayerOutputsIncludeZeroPlayerEnvironments
[       OK ] StateBufferTest.PartialMultiPlayerOutputsIncludeZeroPlayerEnvironments (0 ms)
[ RUN      ] StateBufferTest.NoPlayersReturnsEmptyPlayerShapesAndSharedData
[       OK ] StateBufferTest.NoPlayersReturnsEmptyPlayerShapesAndSharedData (0 ms)
[ RUN      ] StateBufferTest.PartialWaitRequiresEveryAllocatedWriterToComplete
[       OK ] StateBufferTest.PartialWaitRequiresEveryAllocatedWriterToComplete (20 ms)
[ RUN      ] StateBufferTest.CompletionAllowsImmediateDestruction
[       OK ] StateBufferTest.CompletionAllowsImmediateDestruction (29 ms)
[----------] 9 tests from StateBufferTest (49 ms total)

[----------] 11 tests from DummyEnvPoolTest
[ RUN      ] DummyEnvPoolTest.TimingAccumulatorsStartAtZero
[       OK ] DummyEnvPoolTest.TimingAccumulatorsStartAtZero (0 ms)
[ RUN      ] DummyEnvPoolTest.DiscountMatchesDoneForEveryPlayer
[       OK ] DummyEnvPoolTest.DiscountMatchesDoneForEveryPlayer (0 ms)
[ RUN      ] DummyEnvPoolTest.ShutdownIdleWorkers
[       OK ] DummyEnvPoolTest.ShutdownIdleWorkers (33 ms)
[ RUN      ] DummyEnvPoolTest.ShutdownWithPendingReset
[       OK ] DummyEnvPoolTest.ShutdownWithPendingReset (27 ms)
[ RUN      ] DummyEnvPoolTest.ShutdownJoinsInFlightResetBeforeDestroyingEnvironment
[       OK ] DummyEnvPoolTest.ShutdownJoinsInFlightResetBeforeDestroyingEnvironment (50 ms)
[ RUN      ] DummyEnvPoolTest.SplitZeroAction
[       OK ] DummyEnvPoolTest.SplitZeroAction (0 ms)
[ RUN      ] DummyEnvPoolTest.SmokeSynchronousSinglePlayer
I0000 00:00:1791071375.097962      35 dummy_envpool_test.cc:332] 1 1 3 32 1 1
I0000 00:00:1791071375.098344      35 dummy_envpool_test.cc:435] time(s): 0.000211889, FPS: 151022
[       OK ] DummyEnvPoolTest.SmokeSynchronousSinglePlayer (0 ms)
[ RUN      ] DummyEnvPoolTest.SmokeAsynchronousSinglePlayer
I0000 00:00:1791071375.098467      35 dummy_envpool_test.cc:332] 8 4 3 64 2 1
I0000 00:00:1791071375.100485      35 dummy_envpool_test.cc:435] time(s): 0.00142907, FPS: 179137
[       OK ] DummyEnvPoolTest.SmokeAsynchronousSinglePlayer (2 ms)
[ RUN      ] DummyEnvPoolTest.SmokeAsynchronousMultiPlayer
I0000 00:00:1791071375.100667      35 dummy_envpool_test.cc:332] 8 4 3 64 2 4
I0000 00:00:1791071375.102714      35 dummy_envpool_test.cc:435] time(s): 0.00144943, FPS: 176621
[       OK ] DummyEnvPoolTest.SmokeAsynchronousMultiPlayer (2 ms)
[ RUN      ] DummyEnvPoolTest.SinglePlayer
I0000 00:00:1791071375.102873      35 dummy_envpool_test.cc:332] 1 1 20 100000 1 1
I0000 00:00:1791071377.162695      35 dummy_envpool_test.cc:435] time(s): 2.05958, FPS: 48553.6
I0000 00:00:1791071377.162909      35 dummy_envpool_test.cc:332] 3 1 20 100000 1 1
I0000 00:00:1791071378.825237      35 dummy_envpool_test.cc:435] time(s): 1.66188, FPS: 60172.7
I0000 00:00:1791071378.825473      35 dummy_envpool_test.cc:332] 3 1 20 100000 3 1
I0000 00:00:1791071380.674057      35 dummy_envpool_test.cc:435] time(s): 1.84811, FPS: 54109.4
I0000 00:00:1791071380.674389      35 dummy_envpool_test.cc:332] 9 4 20 100000 1 1
I0000 00:00:1791071383.511757      35 dummy_envpool_test.cc:435] time(s): 2.83654, FPS: 141017
I0000 00:00:1791071383.512057      35 dummy_envpool_test.cc:332] 9 4 30 100000 4 1
I0000 00:00:1791071386.502232      35 dummy_envpool_test.cc:435] time(s): 2.9894, FPS: 133806
I0000 00:00:1791071386.502571      35 dummy_envpool_test.cc:332] 9 4 30 100000 9 1
I0000 00:00:1791071389.487564      35 dummy_envpool_test.cc:435] time(s): 2.98417, FPS: 134041
I0000 00:00:1791071389.487981      35 dummy_envpool_test.cc:332] 10 10 25 100000 0 1
I0000 00:00:1791071396.096244      35 dummy_envpool_test.cc:435] time(s): 6.60737, FPS: 151346
[       OK ] DummyEnvPoolTest.SinglePlayer (20993 ms)
[ RUN      ] DummyEnvPoolTest.MultiPlayers
I0000 00:00:1791071396.096818      35 dummy_envpool_test.cc:332] 1 1 20 100000 1 10
I0000 00:00:1791071397.692809      35 dummy_envpool_test.cc:435] time(s): 1.59575, FPS: 62666.5
I0000 00:00:1791071397.692974      35 dummy_envpool_test.cc:332] 3 1 20 100000 1 10
I0000 00:00:1791071398.638166      35 dummy_envpool_test.cc:435] time(s): 0.944766, FPS: 105846
I0000 00:00:1791071398.638327      35 dummy_envpool_test.cc:332] 3 1 20 100000 3 10
I0000 00:00:1791071400.357937      35 dummy_envpool_test.cc:435] time(s): 1.71917, FPS: 58167.5
I0000 00:00:1791071400.358215      35 dummy_envpool_test.cc:332] 9 4 30 100000 1 6
I0000 00:00:1791071403.206121      35 dummy_envpool_test.cc:435] time(s): 2.8472, FPS: 140489
I0000 00:00:1791071403.206567      35 dummy_envpool_test.cc:332] 9 4 30 100000 4 6
I0000 00:00:1791071406.482167      35 dummy_envpool_test.cc:435] time(s): 3.27476, FPS: 122146
I0000 00:00:1791071406.482487      35 dummy_envpool_test.cc:332] 9 4 30 100000 9 6
I0000 00:00:1791071410.148936      35 dummy_envpool_test.cc:435] time(s): 3.66556, FPS: 109124
I0000 00:00:1791071410.149380      35 dummy_envpool_test.cc:332] 10 10 25 100000 0 9
I0000 00:00:1791071419.201166      35 dummy_envpool_test.cc:435] time(s): 9.05061, FPS: 110490
[       OK ] DummyEnvPoolTest.MultiPlayers (23104 ms)
[----------] 11 tests from DummyEnvPoolTest (44216 ms total)

[----------] Global test environment tear-down
[==========] 64 tests from 9 test suites ran. (47102 ms total)
[  PASSED  ] 64 tests.
