Running main() from $GTEST_ROOT/src/gtest_main.cc

Repeating all tests (iteration 1) . . .

Note: Google Test filter = *-DummyEnvPoolTest.SinglePlayer:DummyEnvPoolTest.MultiPlayers
[==========] Running 62 tests from 9 test suites.
[----------] Global test environment set-up.
[----------] 12 tests from ActionBufferQueueTest
[ RUN      ] ActionBufferQueueTest.ShutdownWakesEmptyQueueWithoutAdvancingCursors
[       OK ] ActionBufferQueueTest.ShutdownWakesEmptyQueueWithoutAdvancingCursors (2 ms)
[ RUN      ] ActionBufferQueueTest.ShutdownWakePreservesPendingAction
[       OK ] ActionBufferQueueTest.ShutdownWakePreservesPendingAction (1 ms)
[ RUN      ] ActionBufferQueueTest.StopAwareDequeuePreservesActiveDelivery
[       OK ] ActionBufferQueueTest.StopAwareDequeuePreservesActiveDelivery (0 ms)
[ RUN      ] ActionBufferQueueTest.SmallRingWraparoundPreservesPayloadsAndCounters
[       OK ] ActionBufferQueueTest.SmallRingWraparoundPreservesPayloadsAndCounters (7 ms)
[ RUN      ] ActionBufferQueueTest.BoundedMultipleProducersAndConsumersExactlyOnce
[       OK ] ActionBufferQueueTest.BoundedMultipleProducersAndConsumersExactlyOnce (90 ms)
[ RUN      ] ActionBufferQueueTest.DelayedConsumerKeepsPayloadAcrossRingReuse
[       OK ] ActionBufferQueueTest.DelayedConsumerKeepsPayloadAcrossRingReuse (1 ms)
[ RUN      ] ActionBufferQueueTest.ConcurrentProducerBulksRemainContiguous
[       OK ] ActionBufferQueueTest.ConcurrentProducerBulksRemainContiguous (88 ms)
[ RUN      ] ActionBufferQueueTest.Concurrent
[       OK ] ActionBufferQueueTest.Concurrent (345 ms)
[ RUN      ] ActionBufferQueueTest.BulkWrapPreservesOrderWithNonPowerOfTwoCapacity
[       OK ] ActionBufferQueueTest.BulkWrapPreservesOrderWithNonPowerOfTwoCapacity (0 ms)
[ RUN      ] ActionBufferQueueTest.ConcurrentConsumersPreserveEveryWrappedAction
[       OK ] ActionBufferQueueTest.ConcurrentConsumersPreserveEveryWrappedAction (8 ms)
[ RUN      ] ActionBufferQueueTest.BulkWrapMatchesUnsignedCounterRollover
[       OK ] ActionBufferQueueTest.BulkWrapMatchesUnsignedCounterRollover (0 ms)
[ RUN      ] ActionBufferQueueTest.EmptyBulkIsSafeWithZeroCapacity
[       OK ] ActionBufferQueueTest.EmptyBulkIsSafeWithZeroCapacity (0 ms)
[----------] 12 tests from ActionBufferQueueTest (546 ms total)

[----------] 8 tests from ArrayTest
[ RUN      ] ArrayTest.ViewsPreserveHighDimensionalShapesAndData
[       OK ] ArrayTest.ViewsPreserveHighDimensionalShapesAndData (0 ms)
[ RUN      ] ArrayTest.TruncateAndSharedPtrKeepOwnedStorageAlive
[       OK ] ArrayTest.TruncateAndSharedPtrKeepOwnedStorageAlive (0 ms)
[ RUN      ] ArrayTest.SharedPtrPreservesNonOwningDataPointer
[       OK ] ArrayTest.SharedPtrPreservesNonOwningDataPointer (0 ms)
[ RUN      ] ArrayTest.ViewsDoNotExtendBackingStorageLifetime
[       OK ] ArrayTest.ViewsDoNotExtendBackingStorageLifetime (0 ms)
[ RUN      ] ArrayTest.TypedTruncateSharesData
[       OK ] ArrayTest.TypedTruncateSharesData (0 ms)
[ RUN      ] ArrayTest.TruncateInPlacePreservesHighDimensionalShapeAndData
[       OK ] ArrayTest.TruncateInPlacePreservesHighDimensionalShapeAndData (0 ms)
[ RUN      ] ArrayTest.TruncateInPlaceHandlesEmptyDimensions
[       OK ] ArrayTest.TruncateInPlaceHandlesEmptyDimensions (0 ms)
[ RUN      ] ArrayTest.TruncateInPlaceRetainsSharedOwnershipAndCustomDeleter
[       OK ] ArrayTest.TruncateInPlaceRetainsSharedOwnershipAndCustomDeleter (0 ms)
[----------] 8 tests from ArrayTest (0 ms total)

[----------] 1 test from CircularBufferTest
[ RUN      ] CircularBufferTest.Basic
[       OK ] CircularBufferTest.Basic (55 ms)
[----------] 1 test from CircularBufferTest (55 ms total)

[----------] 9 tests from ContainerOutputTest
[ RUN      ] ContainerOutputTest.QueuedOutputReclaimedOnPoolDestruction
[       OK ] ContainerOutputTest.QueuedOutputReclaimedOnPoolDestruction (3 ms)
[ RUN      ] ContainerOutputTest.ReceivedOutputLivesUntilLastArrayOwner
[       OK ] ContainerOutputTest.ReceivedOutputLivesUntilLastArrayOwner (1 ms)
[ RUN      ] ContainerOutputTest.ExtractedPayloadOwnsItsStorage
[       OK ] ContainerOutputTest.ExtractedPayloadOwnsItsStorage (1 ms)
[ RUN      ] ContainerOutputTest.TruncateReclaimsOriginalCapacity
[       OK ] ContainerOutputTest.TruncateReclaimsOriginalCapacity (0 ms)
[ RUN      ] ContainerOutputTest.LastStrongOwnerReclaimsWithWeakObserverRetained
[       OK ] ContainerOutputTest.LastStrongOwnerReclaimsWithWeakObserverRetained (0 ms)
[ RUN      ] ContainerOutputTest.MixedShapePartialBatchRetainsReturnedPayloads
[       OK ] ContainerOutputTest.MixedShapePartialBatchRetainsReturnedPayloads (0 ms)
[ RUN      ] ContainerOutputTest.MixedShapePartialBatchReclaimsUnconsumedPayloads
[       OK ] ContainerOutputTest.MixedShapePartialBatchReclaimsUnconsumedPayloads (0 ms)
[ RUN      ] ContainerOutputTest.StockReplacementPreservesTypedRecipe
[       OK ] ContainerOutputTest.StockReplacementPreservesTypedRecipe (0 ms)
[ RUN      ] ContainerOutputTest.FallbackReplacementPreservesTypedRecipe
[       OK ] ContainerOutputTest.FallbackReplacementPreservesTypedRecipe (0 ms)
[----------] 9 tests from ContainerOutputTest (7 ms total)

[----------] 4 tests from DictTest
[ RUN      ] DictTest.Keys
[       OK ] DictTest.Keys (0 ms)
[ RUN      ] DictTest.Values
[       OK ] DictTest.Values (0 ms)
[ RUN      ] DictTest.Lookup
[       OK ] DictTest.Lookup (0 ms)
[ RUN      ] DictTest.Modification
[       OK ] DictTest.Modification (0 ms)
[----------] 4 tests from DictTest (0 ms total)

[----------] 4 tests from EnvDiscountTest
[ RUN      ] EnvDiscountTest.SinglePlayerDiscountMatchesDone
[       OK ] EnvDiscountTest.SinglePlayerDiscountMatchesDone (0 ms)
[ RUN      ] EnvDiscountTest.NonterminalDiscountIncludesEveryPlayer
[       OK ] EnvDiscountTest.NonterminalDiscountIncludesEveryPlayer (0 ms)
[ RUN      ] EnvDiscountTest.TerminalDiscountIncludesEveryPlayer
[       OK ] EnvDiscountTest.TerminalDiscountIncludesEveryPlayer (0 ms)
[ RUN      ] EnvDiscountTest.ZeroPlayersDoNotOverwriteNextEnvironment
[       OK ] EnvDiscountTest.ZeroPlayersDoNotOverwriteNextEnvironment (0 ms)
[----------] 4 tests from EnvDiscountTest (2 ms total)

[----------] 6 tests from StateBufferQueueTest
[ RUN      ] StateBufferQueueTest.Basic
WARNING: All log messages before absl::InitializeLog() is called are written to STDERR
I0000 00:00:1791071547.662405   14385 state_buffer_queue_test.cc:36] 0 start
I0000 00:00:1791071547.662549   14385 state_buffer_queue_test.cc:39] 0 allocate
I0000 00:00:1791071547.662557   14385 state_buffer_queue_test.cc:41] 0 done_write
I0000 00:00:1791071547.662566   14385 state_buffer_queue_test.cc:36] 1 start
I0000 00:00:1791071547.662575   14385 state_buffer_queue_test.cc:39] 1 allocate
I0000 00:00:1791071547.662581   14385 state_buffer_queue_test.cc:41] 1 done_write
I0000 00:00:1791071547.662587   14385 state_buffer_queue_test.cc:36] 2 start
I0000 00:00:1791071547.662594   14385 state_buffer_queue_test.cc:39] 2 allocate
I0000 00:00:1791071547.662600   14385 state_buffer_queue_test.cc:41] 2 done_write
I0000 00:00:1791071547.662606   14385 state_buffer_queue_test.cc:36] 3 start
I0000 00:00:1791071547.662613   14385 state_buffer_queue_test.cc:39] 3 allocate
I0000 00:00:1791071547.662619   14385 state_buffer_queue_test.cc:41] 3 done_write
I0000 00:00:1791071547.662625   14385 state_buffer_queue_test.cc:36] 4 start
I0000 00:00:1791071547.662632   14385 state_buffer_queue_test.cc:39] 4 allocate
I0000 00:00:1791071547.662637   14385 state_buffer_queue_test.cc:41] 4 done_write
I0000 00:00:1791071547.662643   14385 state_buffer_queue_test.cc:36] 5 start
I0000 00:00:1791071547.662650   14385 state_buffer_queue_test.cc:39] 5 allocate
I0000 00:00:1791071547.662655   14385 state_buffer_queue_test.cc:41] 5 done_write
I0000 00:00:1791071547.662661   14385 state_buffer_queue_test.cc:36] 6 start
I0000 00:00:1791071547.662668   14385 state_buffer_queue_test.cc:39] 6 allocate
I0000 00:00:1791071547.662673   14385 state_buffer_queue_test.cc:41] 6 done_write
I0000 00:00:1791071547.662679   14385 state_buffer_queue_test.cc:36] 7 start
I0000 00:00:1791071547.662686   14385 state_buffer_queue_test.cc:39] 7 allocate
I0000 00:00:1791071547.662697   14385 state_buffer_queue_test.cc:41] 7 done_write
I0000 00:00:1791071547.662703   14385 state_buffer_queue_test.cc:36] 8 start
I0000 00:00:1791071547.662709   14385 state_buffer_queue_test.cc:39] 8 allocate
I0000 00:00:1791071547.662715   14385 state_buffer_queue_test.cc:41] 8 done_write
I0000 00:00:1791071547.662721   14385 state_buffer_queue_test.cc:36] 9 start
I0000 00:00:1791071547.662728   14385 state_buffer_queue_test.cc:39] 9 allocate
I0000 00:00:1791071547.662733   14385 state_buffer_queue_test.cc:41] 9 done_write
I0000 00:00:1791071547.662739   14385 state_buffer_queue_test.cc:36] 10 start
I0000 00:00:1791071547.662746   14385 state_buffer_queue_test.cc:39] 10 allocate
I0000 00:00:1791071547.662752   14385 state_buffer_queue_test.cc:41] 10 done_write
I0000 00:00:1791071547.662758   14385 state_buffer_queue_test.cc:36] 11 start
I0000 00:00:1791071547.662765   14385 state_buffer_queue_test.cc:39] 11 allocate
I0000 00:00:1791071547.662771   14385 state_buffer_queue_test.cc:41] 11 done_write
I0000 00:00:1791071547.662776   14385 state_buffer_queue_test.cc:36] 12 start
I0000 00:00:1791071547.662783   14385 state_buffer_queue_test.cc:39] 12 allocate
I0000 00:00:1791071547.662789   14385 state_buffer_queue_test.cc:41] 12 done_write
I0000 00:00:1791071547.662796   14385 state_buffer_queue_test.cc:36] 13 start
I0000 00:00:1791071547.662803   14385 state_buffer_queue_test.cc:39] 13 allocate
I0000 00:00:1791071547.662808   14385 state_buffer_queue_test.cc:41] 13 done_write
I0000 00:00:1791071547.662814   14385 state_buffer_queue_test.cc:36] 14 start
I0000 00:00:1791071547.662821   14385 state_buffer_queue_test.cc:39] 14 allocate
I0000 00:00:1791071547.662827   14385 state_buffer_queue_test.cc:41] 14 done_write
I0000 00:00:1791071547.662832   14385 state_buffer_queue_test.cc:36] 15 start
I0000 00:00:1791071547.662839   14385 state_buffer_queue_test.cc:39] 15 allocate
I0000 00:00:1791071547.662845   14385 state_buffer_queue_test.cc:41] 15 done_write
I0000 00:00:1791071547.662850   14385 state_buffer_queue_test.cc:36] 16 start
I0000 00:00:1791071547.662857   14385 state_buffer_queue_test.cc:39] 16 allocate
I0000 00:00:1791071547.662863   14385 state_buffer_queue_test.cc:41] 16 done_write
I0000 00:00:1791071547.662868   14385 state_buffer_queue_test.cc:36] 17 start
I0000 00:00:1791071547.662875   14385 state_buffer_queue_test.cc:39] 17 allocate
I0000 00:00:1791071547.662881   14385 state_buffer_queue_test.cc:41] 17 done_write
I0000 00:00:1791071547.662887   14385 state_buffer_queue_test.cc:36] 18 start
I0000 00:00:1791071547.662893   14385 state_buffer_queue_test.cc:39] 18 allocate
I0000 00:00:1791071547.662899   14385 state_buffer_queue_test.cc:41] 18 done_write
I0000 00:00:1791071547.662905   14385 state_buffer_queue_test.cc:36] 19 start
I0000 00:00:1791071547.662911   14385 state_buffer_queue_test.cc:39] 19 allocate
I0000 00:00:1791071547.662917   14385 state_buffer_queue_test.cc:41] 19 done_write
I0000 00:00:1791071547.662923   14385 state_buffer_queue_test.cc:36] 20 start
I0000 00:00:1791071547.662929   14385 state_buffer_queue_test.cc:39] 20 allocate
I0000 00:00:1791071547.662935   14385 state_buffer_queue_test.cc:41] 20 done_write
I0000 00:00:1791071547.662940   14385 state_buffer_queue_test.cc:36] 21 start
I0000 00:00:1791071547.662947   14385 state_buffer_queue_test.cc:39] 21 allocate
I0000 00:00:1791071547.662953   14385 state_buffer_queue_test.cc:41] 21 done_write
I0000 00:00:1791071547.662958   14385 state_buffer_queue_test.cc:36] 22 start
I0000 00:00:1791071547.662965   14385 state_buffer_queue_test.cc:39] 22 allocate
I0000 00:00:1791071547.662970   14385 state_buffer_queue_test.cc:41] 22 done_write
I0000 00:00:1791071547.662976   14385 state_buffer_queue_test.cc:36] 23 start
I0000 00:00:1791071547.662983   14385 state_buffer_queue_test.cc:39] 23 allocate
I0000 00:00:1791071547.662988   14385 state_buffer_queue_test.cc:41] 23 done_write
I0000 00:00:1791071547.662994   14385 state_buffer_queue_test.cc:36] 24 start
I0000 00:00:1791071547.663001   14385 state_buffer_queue_test.cc:39] 24 allocate
I0000 00:00:1791071547.663008   14385 state_buffer_queue_test.cc:41] 24 done_write
I0000 00:00:1791071547.663014   14385 state_buffer_queue_test.cc:36] 25 start
I0000 00:00:1791071547.663021   14385 state_buffer_queue_test.cc:39] 25 allocate
I0000 00:00:1791071547.663026   14385 state_buffer_queue_test.cc:41] 25 done_write
I0000 00:00:1791071547.663032   14385 state_buffer_queue_test.cc:36] 26 start
I0000 00:00:1791071547.663039   14385 state_buffer_queue_test.cc:39] 26 allocate
I0000 00:00:1791071547.663044   14385 state_buffer_queue_test.cc:41] 26 done_write
I0000 00:00:1791071547.663050   14385 state_buffer_queue_test.cc:36] 27 start
I0000 00:00:1791071547.663056   14385 state_buffer_queue_test.cc:39] 27 allocate
I0000 00:00:1791071547.663101   14385 state_buffer_queue_test.cc:41] 27 done_write
I0000 00:00:1791071547.663113   14385 state_buffer_queue_test.cc:36] 28 start
I0000 00:00:1791071547.663123   14385 state_buffer_queue_test.cc:39] 28 allocate
I0000 00:00:1791071547.663129   14385 state_buffer_queue_test.cc:41] 28 done_write
I0000 00:00:1791071547.663135   14385 state_buffer_queue_test.cc:36] 29 start
I0000 00:00:1791071547.663142   14385 state_buffer_queue_test.cc:39] 29 allocate
I0000 00:00:1791071547.663148   14385 state_buffer_queue_test.cc:41] 29 done_write
I0000 00:00:1791071547.663154   14385 state_buffer_queue_test.cc:36] 30 start
I0000 00:00:1791071547.663160   14385 state_buffer_queue_test.cc:39] 30 allocate
I0000 00:00:1791071547.663166   14385 state_buffer_queue_test.cc:41] 30 done_write
I0000 00:00:1791071547.663171   14385 state_buffer_queue_test.cc:36] 31 start
I0000 00:00:1791071547.663178   14385 state_buffer_queue_test.cc:39] 31 allocate
I0000 00:00:1791071547.663184   14385 state_buffer_queue_test.cc:41] 31 done_write
I0000 00:00:1791071547.663204   14385 state_buffer_queue_test.cc:47] finish wait
[       OK ] StateBufferQueueTest.Basic (1 ms)
[ RUN      ] StateBufferQueueTest.SinglePlayerSync
[       OK ] StateBufferQueueTest.SinglePlayerSync (123 ms)
[ RUN      ] StateBufferQueueTest.NumPlayers
[       OK ] StateBufferQueueTest.NumPlayers (0 ms)
[ RUN      ] StateBufferQueueTest.MultipleTimes
[       OK ] StateBufferQueueTest.MultipleTimes (610 ms)
[ RUN      ] StateBufferQueueTest.ConcurrentSinglePlayer
[       OK ] StateBufferQueueTest.ConcurrentSinglePlayer (4599 ms)
[ RUN      ] StateBufferQueueTest.ConcurrentMultiPlayer
[       OK ] StateBufferQueueTest.ConcurrentMultiPlayer (6105 ms)
[----------] 6 tests from StateBufferQueueTest (11442 ms total)

[----------] 9 tests from StateBufferTest
[ RUN      ] StateBufferTest.Basic
[       OK ] StateBufferTest.Basic (0 ms)
[ RUN      ] StateBufferTest.SinglePlayerSync
[       OK ] StateBufferTest.SinglePlayerSync (0 ms)
[ RUN      ] StateBufferTest.Truncate
[       OK ] StateBufferTest.Truncate (0 ms)
[ RUN      ] StateBufferTest.MultiPlayers
[       OK ] StateBufferTest.MultiPlayers (0 ms)
[ RUN      ] StateBufferTest.PartialSyncShuffledOutputsSurviveBufferDestruction
[       OK ] StateBufferTest.PartialSyncShuffledOutputsSurviveBufferDestruction (0 ms)
[ RUN      ] StateBufferTest.PartialMultiPlayerOutputsIncludeZeroPlayerEnvironments
[       OK ] StateBufferTest.PartialMultiPlayerOutputsIncludeZeroPlayerEnvironments (0 ms)
[ RUN      ] StateBufferTest.NoPlayersReturnsEmptyPlayerShapesAndSharedData
[       OK ] StateBufferTest.NoPlayersReturnsEmptyPlayerShapesAndSharedData (0 ms)
[ RUN      ] StateBufferTest.PartialWaitRequiresEveryAllocatedWriterToComplete
[       OK ] StateBufferTest.PartialWaitRequiresEveryAllocatedWriterToComplete (20 ms)
[ RUN      ] StateBufferTest.CompletionAllowsImmediateDestruction
[       OK ] StateBufferTest.CompletionAllowsImmediateDestruction (127 ms)
[----------] 9 tests from StateBufferTest (148 ms total)

[----------] 9 tests from DummyEnvPoolTest
[ RUN      ] DummyEnvPoolTest.TimingAccumulatorsStartAtZero
[       OK ] DummyEnvPoolTest.TimingAccumulatorsStartAtZero (1 ms)
[ RUN      ] DummyEnvPoolTest.DiscountMatchesDoneForEveryPlayer
[       OK ] DummyEnvPoolTest.DiscountMatchesDoneForEveryPlayer (1 ms)
[ RUN      ] DummyEnvPoolTest.ShutdownIdleWorkers
[       OK ] DummyEnvPoolTest.ShutdownIdleWorkers (153 ms)
[ RUN      ] DummyEnvPoolTest.ShutdownWithPendingReset
[       OK ] DummyEnvPoolTest.ShutdownWithPendingReset (166 ms)
[ RUN      ] DummyEnvPoolTest.ShutdownJoinsInFlightResetBeforeDestroyingEnvironment
[       OK ] DummyEnvPoolTest.ShutdownJoinsInFlightResetBeforeDestroyingEnvironment (52 ms)
[ RUN      ] DummyEnvPoolTest.SplitZeroAction
[       OK ] DummyEnvPoolTest.SplitZeroAction (3 ms)
[ RUN      ] DummyEnvPoolTest.SmokeSynchronousSinglePlayer
I0000 00:00:1791071559.632029   14385 dummy_envpool_test.cc:332] 1 1 3 32 1 1
I0000 00:00:1791071559.634848   14385 dummy_envpool_test.cc:435] time(s): 0.00176212, FPS: 18159.9
[       OK ] DummyEnvPoolTest.SmokeSynchronousSinglePlayer (3 ms)
[ RUN      ] DummyEnvPoolTest.SmokeAsynchronousSinglePlayer
I0000 00:00:1791071559.635237   14385 dummy_envpool_test.cc:332] 8 4 3 64 2 1
I0000 00:00:1791071559.641726   14385 dummy_envpool_test.cc:435] time(s): 0.00344621, FPS: 74284.5
[       OK ] DummyEnvPoolTest.SmokeAsynchronousSinglePlayer (6 ms)
[ RUN      ] DummyEnvPoolTest.SmokeAsynchronousMultiPlayer
I0000 00:00:1791071559.642251   14385 dummy_envpool_test.cc:332] 8 4 3 64 2 4
I0000 00:00:1791071559.650186   14385 dummy_envpool_test.cc:435] time(s): 0.0056505, FPS: 45305.7
[       OK ] DummyEnvPoolTest.SmokeAsynchronousMultiPlayer (8 ms)
[----------] 9 tests from DummyEnvPoolTest (397 ms total)

[==========] 62 tests from 9 test suites ran. (12600 ms total)
[  PASSED  ] 62 tests.

Repeating all tests (iteration 2) . . .

Note: Google Test filter = *-DummyEnvPoolTest.SinglePlayer:DummyEnvPoolTest.MultiPlayers
[==========] Running 62 tests from 9 test suites.
[----------] 12 tests from ActionBufferQueueTest
[ RUN      ] ActionBufferQueueTest.ShutdownWakesEmptyQueueWithoutAdvancingCursors
[       OK ] ActionBufferQueueTest.ShutdownWakesEmptyQueueWithoutAdvancingCursors (1 ms)
[ RUN      ] ActionBufferQueueTest.ShutdownWakePreservesPendingAction
[       OK ] ActionBufferQueueTest.ShutdownWakePreservesPendingAction (1 ms)
[ RUN      ] ActionBufferQueueTest.StopAwareDequeuePreservesActiveDelivery
[       OK ] ActionBufferQueueTest.StopAwareDequeuePreservesActiveDelivery (0 ms)
[ RUN      ] ActionBufferQueueTest.SmallRingWraparoundPreservesPayloadsAndCounters
[       OK ] ActionBufferQueueTest.SmallRingWraparoundPreservesPayloadsAndCounters (6 ms)
[ RUN      ] ActionBufferQueueTest.BoundedMultipleProducersAndConsumersExactlyOnce
[       OK ] ActionBufferQueueTest.BoundedMultipleProducersAndConsumersExactlyOnce (98 ms)
[ RUN      ] ActionBufferQueueTest.DelayedConsumerKeepsPayloadAcrossRingReuse
[       OK ] ActionBufferQueueTest.DelayedConsumerKeepsPayloadAcrossRingReuse (1 ms)
[ RUN      ] ActionBufferQueueTest.ConcurrentProducerBulksRemainContiguous
[       OK ] ActionBufferQueueTest.ConcurrentProducerBulksRemainContiguous (115 ms)
[ RUN      ] ActionBufferQueueTest.Concurrent
[       OK ] ActionBufferQueueTest.Concurrent (347 ms)
[ RUN      ] ActionBufferQueueTest.BulkWrapPreservesOrderWithNonPowerOfTwoCapacity
[       OK ] ActionBufferQueueTest.BulkWrapPreservesOrderWithNonPowerOfTwoCapacity (0 ms)
[ RUN      ] ActionBufferQueueTest.ConcurrentConsumersPreserveEveryWrappedAction
[       OK ] ActionBufferQueueTest.ConcurrentConsumersPreserveEveryWrappedAction (7 ms)
[ RUN      ] ActionBufferQueueTest.BulkWrapMatchesUnsignedCounterRollover
[       OK ] ActionBufferQueueTest.BulkWrapMatchesUnsignedCounterRollover (0 ms)
[ RUN      ] ActionBufferQueueTest.EmptyBulkIsSafeWithZeroCapacity
[       OK ] ActionBufferQueueTest.EmptyBulkIsSafeWithZeroCapacity (0 ms)
[----------] 12 tests from ActionBufferQueueTest (579 ms total)

[----------] 8 tests from ArrayTest
[ RUN      ] ArrayTest.ViewsPreserveHighDimensionalShapesAndData
[       OK ] ArrayTest.ViewsPreserveHighDimensionalShapesAndData (0 ms)
[ RUN      ] ArrayTest.TruncateAndSharedPtrKeepOwnedStorageAlive
[       OK ] ArrayTest.TruncateAndSharedPtrKeepOwnedStorageAlive (0 ms)
[ RUN      ] ArrayTest.SharedPtrPreservesNonOwningDataPointer
[       OK ] ArrayTest.SharedPtrPreservesNonOwningDataPointer (0 ms)
[ RUN      ] ArrayTest.ViewsDoNotExtendBackingStorageLifetime
[       OK ] ArrayTest.ViewsDoNotExtendBackingStorageLifetime (0 ms)
[ RUN      ] ArrayTest.TypedTruncateSharesData
[       OK ] ArrayTest.TypedTruncateSharesData (0 ms)
[ RUN      ] ArrayTest.TruncateInPlacePreservesHighDimensionalShapeAndData
[       OK ] ArrayTest.TruncateInPlacePreservesHighDimensionalShapeAndData (0 ms)
[ RUN      ] ArrayTest.TruncateInPlaceHandlesEmptyDimensions
[       OK ] ArrayTest.TruncateInPlaceHandlesEmptyDimensions (0 ms)
[ RUN      ] ArrayTest.TruncateInPlaceRetainsSharedOwnershipAndCustomDeleter
[       OK ] ArrayTest.TruncateInPlaceRetainsSharedOwnershipAndCustomDeleter (0 ms)
[----------] 8 tests from ArrayTest (0 ms total)

[----------] 1 test from CircularBufferTest
[ RUN      ] CircularBufferTest.Basic
[       OK ] CircularBufferTest.Basic (54 ms)
[----------] 1 test from CircularBufferTest (54 ms total)

[----------] 9 tests from ContainerOutputTest
[ RUN      ] ContainerOutputTest.QueuedOutputReclaimedOnPoolDestruction
[       OK ] ContainerOutputTest.QueuedOutputReclaimedOnPoolDestruction (3 ms)
[ RUN      ] ContainerOutputTest.ReceivedOutputLivesUntilLastArrayOwner
[       OK ] ContainerOutputTest.ReceivedOutputLivesUntilLastArrayOwner (1 ms)
[ RUN      ] ContainerOutputTest.ExtractedPayloadOwnsItsStorage
[       OK ] ContainerOutputTest.ExtractedPayloadOwnsItsStorage (1 ms)
[ RUN      ] ContainerOutputTest.TruncateReclaimsOriginalCapacity
[       OK ] ContainerOutputTest.TruncateReclaimsOriginalCapacity (0 ms)
[ RUN      ] ContainerOutputTest.LastStrongOwnerReclaimsWithWeakObserverRetained
[       OK ] ContainerOutputTest.LastStrongOwnerReclaimsWithWeakObserverRetained (0 ms)
[ RUN      ] ContainerOutputTest.MixedShapePartialBatchRetainsReturnedPayloads
[       OK ] ContainerOutputTest.MixedShapePartialBatchRetainsReturnedPayloads (0 ms)
[ RUN      ] ContainerOutputTest.MixedShapePartialBatchReclaimsUnconsumedPayloads
[       OK ] ContainerOutputTest.MixedShapePartialBatchReclaimsUnconsumedPayloads (0 ms)
[ RUN      ] ContainerOutputTest.StockReplacementPreservesTypedRecipe
[       OK ] ContainerOutputTest.StockReplacementPreservesTypedRecipe (0 ms)
[ RUN      ] ContainerOutputTest.FallbackReplacementPreservesTypedRecipe
[       OK ] ContainerOutputTest.FallbackReplacementPreservesTypedRecipe (0 ms)
[----------] 9 tests from ContainerOutputTest (7 ms total)

[----------] 4 tests from DictTest
[ RUN      ] DictTest.Keys
[       OK ] DictTest.Keys (0 ms)
[ RUN      ] DictTest.Values
[       OK ] DictTest.Values (0 ms)
[ RUN      ] DictTest.Lookup
[       OK ] DictTest.Lookup (0 ms)
[ RUN      ] DictTest.Modification
[       OK ] DictTest.Modification (0 ms)
[----------] 4 tests from DictTest (0 ms total)

[----------] 4 tests from EnvDiscountTest
[ RUN      ] EnvDiscountTest.SinglePlayerDiscountMatchesDone
[       OK ] EnvDiscountTest.SinglePlayerDiscountMatchesDone (0 ms)
[ RUN      ] EnvDiscountTest.NonterminalDiscountIncludesEveryPlayer
[       OK ] EnvDiscountTest.NonterminalDiscountIncludesEveryPlayer (0 ms)
[ RUN      ] EnvDiscountTest.TerminalDiscountIncludesEveryPlayer
[       OK ] EnvDiscountTest.TerminalDiscountIncludesEveryPlayer (0 ms)
[ RUN      ] EnvDiscountTest.ZeroPlayersDoNotOverwriteNextEnvironment
[       OK ] EnvDiscountTest.ZeroPlayersDoNotOverwriteNextEnvironment (0 ms)
[----------] 4 tests from EnvDiscountTest (2 ms total)

[----------] 6 tests from StateBufferQueueTest
[ RUN      ] StateBufferQueueTest.Basic
I0000 00:00:1791071560.301344   14385 state_buffer_queue_test.cc:36] 0 start
I0000 00:00:1791071560.301407   14385 state_buffer_queue_test.cc:39] 0 allocate
I0000 00:00:1791071560.301442   14385 state_buffer_queue_test.cc:41] 0 done_write
I0000 00:00:1791071560.301451   14385 state_buffer_queue_test.cc:36] 1 start
I0000 00:00:1791071560.301460   14385 state_buffer_queue_test.cc:39] 1 allocate
I0000 00:00:1791071560.301467   14385 state_buffer_queue_test.cc:41] 1 done_write
I0000 00:00:1791071560.301473   14385 state_buffer_queue_test.cc:36] 2 start
I0000 00:00:1791071560.301487   14385 state_buffer_queue_test.cc:39] 2 allocate
I0000 00:00:1791071560.301493   14385 state_buffer_queue_test.cc:41] 2 done_write
I0000 00:00:1791071560.301499   14385 state_buffer_queue_test.cc:36] 3 start
I0000 00:00:1791071560.301505   14385 state_buffer_queue_test.cc:39] 3 allocate
I0000 00:00:1791071560.301510   14385 state_buffer_queue_test.cc:41] 3 done_write
I0000 00:00:1791071560.301516   14385 state_buffer_queue_test.cc:36] 4 start
I0000 00:00:1791071560.301523   14385 state_buffer_queue_test.cc:39] 4 allocate
I0000 00:00:1791071560.301529   14385 state_buffer_queue_test.cc:41] 4 done_write
I0000 00:00:1791071560.301535   14385 state_buffer_queue_test.cc:36] 5 start
I0000 00:00:1791071560.301542   14385 state_buffer_queue_test.cc:39] 5 allocate
I0000 00:00:1791071560.301547   14385 state_buffer_queue_test.cc:41] 5 done_write
I0000 00:00:1791071560.301553   14385 state_buffer_queue_test.cc:36] 6 start
I0000 00:00:1791071560.301560   14385 state_buffer_queue_test.cc:39] 6 allocate
I0000 00:00:1791071560.301565   14385 state_buffer_queue_test.cc:41] 6 done_write
I0000 00:00:1791071560.301571   14385 state_buffer_queue_test.cc:36] 7 start
I0000 00:00:1791071560.301577   14385 state_buffer_queue_test.cc:39] 7 allocate
I0000 00:00:1791071560.301583   14385 state_buffer_queue_test.cc:41] 7 done_write
I0000 00:00:1791071560.301589   14385 state_buffer_queue_test.cc:36] 8 start
I0000 00:00:1791071560.301595   14385 state_buffer_queue_test.cc:39] 8 allocate
I0000 00:00:1791071560.301601   14385 state_buffer_queue_test.cc:41] 8 done_write
I0000 00:00:1791071560.301606   14385 state_buffer_queue_test.cc:36] 9 start
I0000 00:00:1791071560.301613   14385 state_buffer_queue_test.cc:39] 9 allocate
I0000 00:00:1791071560.301618   14385 state_buffer_queue_test.cc:41] 9 done_write
I0000 00:00:1791071560.301624   14385 state_buffer_queue_test.cc:36] 10 start
I0000 00:00:1791071560.301631   14385 state_buffer_queue_test.cc:39] 10 allocate
I0000 00:00:1791071560.301636   14385 state_buffer_queue_test.cc:41] 10 done_write
I0000 00:00:1791071560.301642   14385 state_buffer_queue_test.cc:36] 11 start
I0000 00:00:1791071560.301648   14385 state_buffer_queue_test.cc:39] 11 allocate
I0000 00:00:1791071560.301654   14385 state_buffer_queue_test.cc:41] 11 done_write
I0000 00:00:1791071560.301659   14385 state_buffer_queue_test.cc:36] 12 start
I0000 00:00:1791071560.301666   14385 state_buffer_queue_test.cc:39] 12 allocate
I0000 00:00:1791071560.301671   14385 state_buffer_queue_test.cc:41] 12 done_write
I0000 00:00:1791071560.301677   14385 state_buffer_queue_test.cc:36] 13 start
I0000 00:00:1791071560.301683   14385 state_buffer_queue_test.cc:39] 13 allocate
I0000 00:00:1791071560.301689   14385 state_buffer_queue_test.cc:41] 13 done_write
I0000 00:00:1791071560.301694   14385 state_buffer_queue_test.cc:36] 14 start
I0000 00:00:1791071560.301701   14385 state_buffer_queue_test.cc:39] 14 allocate
I0000 00:00:1791071560.301706   14385 state_buffer_queue_test.cc:41] 14 done_write
I0000 00:00:1791071560.301712   14385 state_buffer_queue_test.cc:36] 15 start
I0000 00:00:1791071560.301718   14385 state_buffer_queue_test.cc:39] 15 allocate
I0000 00:00:1791071560.301724   14385 state_buffer_queue_test.cc:41] 15 done_write
I0000 00:00:1791071560.301730   14385 state_buffer_queue_test.cc:36] 16 start
I0000 00:00:1791071560.301736   14385 state_buffer_queue_test.cc:39] 16 allocate
I0000 00:00:1791071560.301741   14385 state_buffer_queue_test.cc:41] 16 done_write
I0000 00:00:1791071560.301747   14385 state_buffer_queue_test.cc:36] 17 start
I0000 00:00:1791071560.301753   14385 state_buffer_queue_test.cc:39] 17 allocate
I0000 00:00:1791071560.301759   14385 state_buffer_queue_test.cc:41] 17 done_write
I0000 00:00:1791071560.301765   14385 state_buffer_queue_test.cc:36] 18 start
I0000 00:00:1791071560.301771   14385 state_buffer_queue_test.cc:39] 18 allocate
I0000 00:00:1791071560.301776   14385 state_buffer_queue_test.cc:41] 18 done_write
I0000 00:00:1791071560.301782   14385 state_buffer_queue_test.cc:36] 19 start
I0000 00:00:1791071560.301790   14385 state_buffer_queue_test.cc:39] 19 allocate
I0000 00:00:1791071560.301796   14385 state_buffer_queue_test.cc:41] 19 done_write
I0000 00:00:1791071560.301801   14385 state_buffer_queue_test.cc:36] 20 start
I0000 00:00:1791071560.301808   14385 state_buffer_queue_test.cc:39] 20 allocate
I0000 00:00:1791071560.301813   14385 state_buffer_queue_test.cc:41] 20 done_write
I0000 00:00:1791071560.301819   14385 state_buffer_queue_test.cc:36] 21 start
I0000 00:00:1791071560.301825   14385 state_buffer_queue_test.cc:39] 21 allocate
I0000 00:00:1791071560.301831   14385 state_buffer_queue_test.cc:41] 21 done_write
I0000 00:00:1791071560.301836   14385 state_buffer_queue_test.cc:36] 22 start
I0000 00:00:1791071560.301843   14385 state_buffer_queue_test.cc:39] 22 allocate
I0000 00:00:1791071560.301848   14385 state_buffer_queue_test.cc:41] 22 done_write
I0000 00:00:1791071560.301854   14385 state_buffer_queue_test.cc:36] 23 start
I0000 00:00:1791071560.301860   14385 state_buffer_queue_test.cc:39] 23 allocate
I0000 00:00:1791071560.301865   14385 state_buffer_queue_test.cc:41] 23 done_write
I0000 00:00:1791071560.301871   14385 state_buffer_queue_test.cc:36] 24 start
I0000 00:00:1791071560.301878   14385 state_buffer_queue_test.cc:39] 24 allocate
I0000 00:00:1791071560.301883   14385 state_buffer_queue_test.cc:41] 24 done_write
I0000 00:00:1791071560.301889   14385 state_buffer_queue_test.cc:36] 25 start
I0000 00:00:1791071560.301895   14385 state_buffer_queue_test.cc:39] 25 allocate
I0000 00:00:1791071560.301900   14385 state_buffer_queue_test.cc:41] 25 done_write
I0000 00:00:1791071560.301906   14385 state_buffer_queue_test.cc:36] 26 start
I0000 00:00:1791071560.301913   14385 state_buffer_queue_test.cc:39] 26 allocate
I0000 00:00:1791071560.301918   14385 state_buffer_queue_test.cc:41] 26 done_write
I0000 00:00:1791071560.301924   14385 state_buffer_queue_test.cc:36] 27 start
I0000 00:00:1791071560.301930   14385 state_buffer_queue_test.cc:39] 27 allocate
I0000 00:00:1791071560.301935   14385 state_buffer_queue_test.cc:41] 27 done_write
I0000 00:00:1791071560.301941   14385 state_buffer_queue_test.cc:36] 28 start
I0000 00:00:1791071560.301948   14385 state_buffer_queue_test.cc:39] 28 allocate
I0000 00:00:1791071560.301953   14385 state_buffer_queue_test.cc:41] 28 done_write
I0000 00:00:1791071560.301959   14385 state_buffer_queue_test.cc:36] 29 start
I0000 00:00:1791071560.301965   14385 state_buffer_queue_test.cc:39] 29 allocate
I0000 00:00:1791071560.301970   14385 state_buffer_queue_test.cc:41] 29 done_write
I0000 00:00:1791071560.301976   14385 state_buffer_queue_test.cc:36] 30 start
I0000 00:00:1791071560.301983   14385 state_buffer_queue_test.cc:39] 30 allocate
I0000 00:00:1791071560.301988   14385 state_buffer_queue_test.cc:41] 30 done_write
I0000 00:00:1791071560.301994   14385 state_buffer_queue_test.cc:36] 31 start
I0000 00:00:1791071560.302000   14385 state_buffer_queue_test.cc:39] 31 allocate
I0000 00:00:1791071560.302006   14385 state_buffer_queue_test.cc:41] 31 done_write
I0000 00:00:1791071560.302022   14385 state_buffer_queue_test.cc:47] finish wait
[       OK ] StateBufferQueueTest.Basic (0 ms)
[ RUN      ] StateBufferQueueTest.SinglePlayerSync
[       OK ] StateBufferQueueTest.SinglePlayerSync (137 ms)
[ RUN      ] StateBufferQueueTest.NumPlayers
[       OK ] StateBufferQueueTest.NumPlayers (0 ms)
[ RUN      ] StateBufferQueueTest.MultipleTimes
[       OK ] StateBufferQueueTest.MultipleTimes (643 ms)
[ RUN      ] StateBufferQueueTest.ConcurrentSinglePlayer
[       OK ] StateBufferQueueTest.ConcurrentSinglePlayer (4972 ms)
[ RUN      ] StateBufferQueueTest.ConcurrentMultiPlayer
[       OK ] StateBufferQueueTest.ConcurrentMultiPlayer (6163 ms)
[----------] 6 tests from StateBufferQueueTest (11918 ms total)

[----------] 9 tests from StateBufferTest
[ RUN      ] StateBufferTest.Basic
[       OK ] StateBufferTest.Basic (0 ms)
[ RUN      ] StateBufferTest.SinglePlayerSync
[       OK ] StateBufferTest.SinglePlayerSync (0 ms)
[ RUN      ] StateBufferTest.Truncate
[       OK ] StateBufferTest.Truncate (0 ms)
[ RUN      ] StateBufferTest.MultiPlayers
[       OK ] StateBufferTest.MultiPlayers (0 ms)
[ RUN      ] StateBufferTest.PartialSyncShuffledOutputsSurviveBufferDestruction
[       OK ] StateBufferTest.PartialSyncShuffledOutputsSurviveBufferDestruction (0 ms)
[ RUN      ] StateBufferTest.PartialMultiPlayerOutputsIncludeZeroPlayerEnvironments
[       OK ] StateBufferTest.PartialMultiPlayerOutputsIncludeZeroPlayerEnvironments (0 ms)
[ RUN      ] StateBufferTest.NoPlayersReturnsEmptyPlayerShapesAndSharedData
[       OK ] StateBufferTest.NoPlayersReturnsEmptyPlayerShapesAndSharedData (0 ms)
[ RUN      ] StateBufferTest.PartialWaitRequiresEveryAllocatedWriterToComplete
[       OK ] StateBufferTest.PartialWaitRequiresEveryAllocatedWriterToComplete (20 ms)
[ RUN      ] StateBufferTest.CompletionAllowsImmediateDestruction
[       OK ] StateBufferTest.CompletionAllowsImmediateDestruction (131 ms)
[----------] 9 tests from StateBufferTest (152 ms total)

[----------] 9 tests from DummyEnvPoolTest
[ RUN      ] DummyEnvPoolTest.TimingAccumulatorsStartAtZero
[       OK ] DummyEnvPoolTest.TimingAccumulatorsStartAtZero (1 ms)
[ RUN      ] DummyEnvPoolTest.DiscountMatchesDoneForEveryPlayer
[       OK ] DummyEnvPoolTest.DiscountMatchesDoneForEveryPlayer (1 ms)
[ RUN      ] DummyEnvPoolTest.ShutdownIdleWorkers
[       OK ] DummyEnvPoolTest.ShutdownIdleWorkers (152 ms)
[ RUN      ] DummyEnvPoolTest.ShutdownWithPendingReset
[       OK ] DummyEnvPoolTest.ShutdownWithPendingReset (194 ms)
[ RUN      ] DummyEnvPoolTest.ShutdownJoinsInFlightResetBeforeDestroyingEnvironment
[       OK ] DummyEnvPoolTest.ShutdownJoinsInFlightResetBeforeDestroyingEnvironment (51 ms)
[ RUN      ] DummyEnvPoolTest.SplitZeroAction
[       OK ] DummyEnvPoolTest.SplitZeroAction (3 ms)
[ RUN      ] DummyEnvPoolTest.SmokeSynchronousSinglePlayer
I0000 00:00:1791071572.777021   14385 dummy_envpool_test.cc:332] 1 1 3 32 1 1
I0000 00:00:1791071572.780078   14385 dummy_envpool_test.cc:435] time(s): 0.0022762, FPS: 14058.5
[       OK ] DummyEnvPoolTest.SmokeSynchronousSinglePlayer (3 ms)
[ RUN      ] DummyEnvPoolTest.SmokeAsynchronousSinglePlayer
I0000 00:00:1791071572.780537   14385 dummy_envpool_test.cc:332] 8 4 3 64 2 1
I0000 00:00:1791071572.787302   14385 dummy_envpool_test.cc:435] time(s): 0.00360045, FPS: 71102.2
[       OK ] DummyEnvPoolTest.SmokeAsynchronousSinglePlayer (7 ms)
[ RUN      ] DummyEnvPoolTest.SmokeAsynchronousMultiPlayer
I0000 00:00:1791071572.788509   14385 dummy_envpool_test.cc:332] 8 4 3 64 2 4
I0000 00:00:1791071572.795029   14385 dummy_envpool_test.cc:435] time(s): 0.00389666, FPS: 65697.3
[       OK ] DummyEnvPoolTest.SmokeAsynchronousMultiPlayer (7 ms)
[----------] 9 tests from DummyEnvPoolTest (423 ms total)

[==========] 62 tests from 9 test suites ran. (13138 ms total)
[  PASSED  ] 62 tests.

Repeating all tests (iteration 3) . . .

Note: Google Test filter = *-DummyEnvPoolTest.SinglePlayer:DummyEnvPoolTest.MultiPlayers
[==========] Running 62 tests from 9 test suites.
[----------] 12 tests from ActionBufferQueueTest
[ RUN      ] ActionBufferQueueTest.ShutdownWakesEmptyQueueWithoutAdvancingCursors
[       OK ] ActionBufferQueueTest.ShutdownWakesEmptyQueueWithoutAdvancingCursors (1 ms)
[ RUN      ] ActionBufferQueueTest.ShutdownWakePreservesPendingAction
[       OK ] ActionBufferQueueTest.ShutdownWakePreservesPendingAction (1 ms)
[ RUN      ] ActionBufferQueueTest.StopAwareDequeuePreservesActiveDelivery
[       OK ] ActionBufferQueueTest.StopAwareDequeuePreservesActiveDelivery (0 ms)
[ RUN      ] ActionBufferQueueTest.SmallRingWraparoundPreservesPayloadsAndCounters
[       OK ] ActionBufferQueueTest.SmallRingWraparoundPreservesPayloadsAndCounters (6 ms)
[ RUN      ] ActionBufferQueueTest.BoundedMultipleProducersAndConsumersExactlyOnce
[       OK ] ActionBufferQueueTest.BoundedMultipleProducersAndConsumersExactlyOnce (107 ms)
[ RUN      ] ActionBufferQueueTest.DelayedConsumerKeepsPayloadAcrossRingReuse
[       OK ] ActionBufferQueueTest.DelayedConsumerKeepsPayloadAcrossRingReuse (1 ms)
[ RUN      ] ActionBufferQueueTest.ConcurrentProducerBulksRemainContiguous
[       OK ] ActionBufferQueueTest.ConcurrentProducerBulksRemainContiguous (90 ms)
[ RUN      ] ActionBufferQueueTest.Concurrent
[       OK ] ActionBufferQueueTest.Concurrent (337 ms)
[ RUN      ] ActionBufferQueueTest.BulkWrapPreservesOrderWithNonPowerOfTwoCapacity
[       OK ] ActionBufferQueueTest.BulkWrapPreservesOrderWithNonPowerOfTwoCapacity (0 ms)
[ RUN      ] ActionBufferQueueTest.ConcurrentConsumersPreserveEveryWrappedAction
[       OK ] ActionBufferQueueTest.ConcurrentConsumersPreserveEveryWrappedAction (8 ms)
[ RUN      ] ActionBufferQueueTest.BulkWrapMatchesUnsignedCounterRollover
[       OK ] ActionBufferQueueTest.BulkWrapMatchesUnsignedCounterRollover (0 ms)
[ RUN      ] ActionBufferQueueTest.EmptyBulkIsSafeWithZeroCapacity
[       OK ] ActionBufferQueueTest.EmptyBulkIsSafeWithZeroCapacity (0 ms)
[----------] 12 tests from ActionBufferQueueTest (554 ms total)

[----------] 8 tests from ArrayTest
[ RUN      ] ArrayTest.ViewsPreserveHighDimensionalShapesAndData
[       OK ] ArrayTest.ViewsPreserveHighDimensionalShapesAndData (0 ms)
[ RUN      ] ArrayTest.TruncateAndSharedPtrKeepOwnedStorageAlive
[       OK ] ArrayTest.TruncateAndSharedPtrKeepOwnedStorageAlive (0 ms)
[ RUN      ] ArrayTest.SharedPtrPreservesNonOwningDataPointer
[       OK ] ArrayTest.SharedPtrPreservesNonOwningDataPointer (0 ms)
[ RUN      ] ArrayTest.ViewsDoNotExtendBackingStorageLifetime
[       OK ] ArrayTest.ViewsDoNotExtendBackingStorageLifetime (0 ms)
[ RUN      ] ArrayTest.TypedTruncateSharesData
[       OK ] ArrayTest.TypedTruncateSharesData (0 ms)
[ RUN      ] ArrayTest.TruncateInPlacePreservesHighDimensionalShapeAndData
[       OK ] ArrayTest.TruncateInPlacePreservesHighDimensionalShapeAndData (0 ms)
[ RUN      ] ArrayTest.TruncateInPlaceHandlesEmptyDimensions
[       OK ] ArrayTest.TruncateInPlaceHandlesEmptyDimensions (0 ms)
[ RUN      ] ArrayTest.TruncateInPlaceRetainsSharedOwnershipAndCustomDeleter
[       OK ] ArrayTest.TruncateInPlaceRetainsSharedOwnershipAndCustomDeleter (0 ms)
[----------] 8 tests from ArrayTest (0 ms total)

[----------] 1 test from CircularBufferTest
[ RUN      ] CircularBufferTest.Basic
[       OK ] CircularBufferTest.Basic (66 ms)
[----------] 1 test from CircularBufferTest (66 ms total)

[----------] 9 tests from ContainerOutputTest
[ RUN      ] ContainerOutputTest.QueuedOutputReclaimedOnPoolDestruction
[       OK ] ContainerOutputTest.QueuedOutputReclaimedOnPoolDestruction (3 ms)
[ RUN      ] ContainerOutputTest.ReceivedOutputLivesUntilLastArrayOwner
[       OK ] ContainerOutputTest.ReceivedOutputLivesUntilLastArrayOwner (1 ms)
[ RUN      ] ContainerOutputTest.ExtractedPayloadOwnsItsStorage
[       OK ] ContainerOutputTest.ExtractedPayloadOwnsItsStorage (1 ms)
[ RUN      ] ContainerOutputTest.TruncateReclaimsOriginalCapacity
[       OK ] ContainerOutputTest.TruncateReclaimsOriginalCapacity (0 ms)
[ RUN      ] ContainerOutputTest.LastStrongOwnerReclaimsWithWeakObserverRetained
[       OK ] ContainerOutputTest.LastStrongOwnerReclaimsWithWeakObserverRetained (0 ms)
[ RUN      ] ContainerOutputTest.MixedShapePartialBatchRetainsReturnedPayloads
[       OK ] ContainerOutputTest.MixedShapePartialBatchRetainsReturnedPayloads (0 ms)
[ RUN      ] ContainerOutputTest.MixedShapePartialBatchReclaimsUnconsumedPayloads
[       OK ] ContainerOutputTest.MixedShapePartialBatchReclaimsUnconsumedPayloads (0 ms)
[ RUN      ] ContainerOutputTest.StockReplacementPreservesTypedRecipe
[       OK ] ContainerOutputTest.StockReplacementPreservesTypedRecipe (0 ms)
[ RUN      ] ContainerOutputTest.FallbackReplacementPreservesTypedRecipe
[       OK ] ContainerOutputTest.FallbackReplacementPreservesTypedRecipe (1 ms)
[----------] 9 tests from ContainerOutputTest (10 ms total)

[----------] 4 tests from DictTest
[ RUN      ] DictTest.Keys
[       OK ] DictTest.Keys (0 ms)
[ RUN      ] DictTest.Values
[       OK ] DictTest.Values (0 ms)
[ RUN      ] DictTest.Lookup
[       OK ] DictTest.Lookup (0 ms)
[ RUN      ] DictTest.Modification
[       OK ] DictTest.Modification (0 ms)
[----------] 4 tests from DictTest (0 ms total)

[----------] 4 tests from EnvDiscountTest
[ RUN      ] EnvDiscountTest.SinglePlayerDiscountMatchesDone
[       OK ] EnvDiscountTest.SinglePlayerDiscountMatchesDone (0 ms)
[ RUN      ] EnvDiscountTest.NonterminalDiscountIncludesEveryPlayer
[       OK ] EnvDiscountTest.NonterminalDiscountIncludesEveryPlayer (0 ms)
[ RUN      ] EnvDiscountTest.TerminalDiscountIncludesEveryPlayer
[       OK ] EnvDiscountTest.TerminalDiscountIncludesEveryPlayer (0 ms)
[ RUN      ] EnvDiscountTest.ZeroPlayersDoNotOverwriteNextEnvironment
[       OK ] EnvDiscountTest.ZeroPlayersDoNotOverwriteNextEnvironment (0 ms)
[----------] 4 tests from EnvDiscountTest (2 ms total)

[----------] 6 tests from StateBufferQueueTest
[ RUN      ] StateBufferQueueTest.Basic
I0000 00:00:1791071573.436361   14385 state_buffer_queue_test.cc:36] 0 start
I0000 00:00:1791071573.436443   14385 state_buffer_queue_test.cc:39] 0 allocate
I0000 00:00:1791071573.436452   14385 state_buffer_queue_test.cc:41] 0 done_write
I0000 00:00:1791071573.436460   14385 state_buffer_queue_test.cc:36] 1 start
I0000 00:00:1791071573.436470   14385 state_buffer_queue_test.cc:39] 1 allocate
I0000 00:00:1791071573.436476   14385 state_buffer_queue_test.cc:41] 1 done_write
I0000 00:00:1791071573.436482   14385 state_buffer_queue_test.cc:36] 2 start
I0000 00:00:1791071573.436489   14385 state_buffer_queue_test.cc:39] 2 allocate
I0000 00:00:1791071573.436495   14385 state_buffer_queue_test.cc:41] 2 done_write
I0000 00:00:1791071573.436501   14385 state_buffer_queue_test.cc:36] 3 start
I0000 00:00:1791071573.436507   14385 state_buffer_queue_test.cc:39] 3 allocate
I0000 00:00:1791071573.436513   14385 state_buffer_queue_test.cc:41] 3 done_write
I0000 00:00:1791071573.436518   14385 state_buffer_queue_test.cc:36] 4 start
I0000 00:00:1791071573.436525   14385 state_buffer_queue_test.cc:39] 4 allocate
I0000 00:00:1791071573.436530   14385 state_buffer_queue_test.cc:41] 4 done_write
I0000 00:00:1791071573.436536   14385 state_buffer_queue_test.cc:36] 5 start
I0000 00:00:1791071573.436542   14385 state_buffer_queue_test.cc:39] 5 allocate
I0000 00:00:1791071573.436548   14385 state_buffer_queue_test.cc:41] 5 done_write
I0000 00:00:1791071573.436553   14385 state_buffer_queue_test.cc:36] 6 start
I0000 00:00:1791071573.436560   14385 state_buffer_queue_test.cc:39] 6 allocate
I0000 00:00:1791071573.436565   14385 state_buffer_queue_test.cc:41] 6 done_write
I0000 00:00:1791071573.436571   14385 state_buffer_queue_test.cc:36] 7 start
I0000 00:00:1791071573.436577   14385 state_buffer_queue_test.cc:39] 7 allocate
I0000 00:00:1791071573.436599   14385 state_buffer_queue_test.cc:41] 7 done_write
I0000 00:00:1791071573.436606   14385 state_buffer_queue_test.cc:36] 8 start
I0000 00:00:1791071573.436612   14385 state_buffer_queue_test.cc:39] 8 allocate
I0000 00:00:1791071573.436618   14385 state_buffer_queue_test.cc:41] 8 done_write
I0000 00:00:1791071573.436623   14385 state_buffer_queue_test.cc:36] 9 start
I0000 00:00:1791071573.436630   14385 state_buffer_queue_test.cc:39] 9 allocate
I0000 00:00:1791071573.436635   14385 state_buffer_queue_test.cc:41] 9 done_write
I0000 00:00:1791071573.436641   14385 state_buffer_queue_test.cc:36] 10 start
I0000 00:00:1791071573.436648   14385 state_buffer_queue_test.cc:39] 10 allocate
I0000 00:00:1791071573.436653   14385 state_buffer_queue_test.cc:41] 10 done_write
I0000 00:00:1791071573.436659   14385 state_buffer_queue_test.cc:36] 11 start
I0000 00:00:1791071573.436666   14385 state_buffer_queue_test.cc:39] 11 allocate
I0000 00:00:1791071573.436671   14385 state_buffer_queue_test.cc:41] 11 done_write
I0000 00:00:1791071573.436677   14385 state_buffer_queue_test.cc:36] 12 start
I0000 00:00:1791071573.436683   14385 state_buffer_queue_test.cc:39] 12 allocate
I0000 00:00:1791071573.436689   14385 state_buffer_queue_test.cc:41] 12 done_write
I0000 00:00:1791071573.436694   14385 state_buffer_queue_test.cc:36] 13 start
I0000 00:00:1791071573.436701   14385 state_buffer_queue_test.cc:39] 13 allocate
I0000 00:00:1791071573.436706   14385 state_buffer_queue_test.cc:41] 13 done_write
I0000 00:00:1791071573.436717   14385 state_buffer_queue_test.cc:36] 14 start
I0000 00:00:1791071573.436723   14385 state_buffer_queue_test.cc:39] 14 allocate
I0000 00:00:1791071573.436729   14385 state_buffer_queue_test.cc:41] 14 done_write
I0000 00:00:1791071573.436734   14385 state_buffer_queue_test.cc:36] 15 start
I0000 00:00:1791071573.436741   14385 state_buffer_queue_test.cc:39] 15 allocate
I0000 00:00:1791071573.436746   14385 state_buffer_queue_test.cc:41] 15 done_write
I0000 00:00:1791071573.436752   14385 state_buffer_queue_test.cc:36] 16 start
I0000 00:00:1791071573.436758   14385 state_buffer_queue_test.cc:39] 16 allocate
I0000 00:00:1791071573.436763   14385 state_buffer_queue_test.cc:41] 16 done_write
I0000 00:00:1791071573.436769   14385 state_buffer_queue_test.cc:36] 17 start
I0000 00:00:1791071573.436776   14385 state_buffer_queue_test.cc:39] 17 allocate
I0000 00:00:1791071573.436782   14385 state_buffer_queue_test.cc:41] 17 done_write
I0000 00:00:1791071573.436787   14385 state_buffer_queue_test.cc:36] 18 start
I0000 00:00:1791071573.436794   14385 state_buffer_queue_test.cc:39] 18 allocate
I0000 00:00:1791071573.436799   14385 state_buffer_queue_test.cc:41] 18 done_write
I0000 00:00:1791071573.436805   14385 state_buffer_queue_test.cc:36] 19 start
I0000 00:00:1791071573.436811   14385 state_buffer_queue_test.cc:39] 19 allocate
I0000 00:00:1791071573.436817   14385 state_buffer_queue_test.cc:41] 19 done_write
I0000 00:00:1791071573.436823   14385 state_buffer_queue_test.cc:36] 20 start
I0000 00:00:1791071573.436829   14385 state_buffer_queue_test.cc:39] 20 allocate
I0000 00:00:1791071573.436834   14385 state_buffer_queue_test.cc:41] 20 done_write
I0000 00:00:1791071573.436840   14385 state_buffer_queue_test.cc:36] 21 start
I0000 00:00:1791071573.436846   14385 state_buffer_queue_test.cc:39] 21 allocate
I0000 00:00:1791071573.436852   14385 state_buffer_queue_test.cc:41] 21 done_write
I0000 00:00:1791071573.436858   14385 state_buffer_queue_test.cc:36] 22 start
I0000 00:00:1791071573.436864   14385 state_buffer_queue_test.cc:39] 22 allocate
I0000 00:00:1791071573.436870   14385 state_buffer_queue_test.cc:41] 22 done_write
I0000 00:00:1791071573.436875   14385 state_buffer_queue_test.cc:36] 23 start
I0000 00:00:1791071573.436882   14385 state_buffer_queue_test.cc:39] 23 allocate
I0000 00:00:1791071573.436887   14385 state_buffer_queue_test.cc:41] 23 done_write
I0000 00:00:1791071573.436893   14385 state_buffer_queue_test.cc:36] 24 start
I0000 00:00:1791071573.436899   14385 state_buffer_queue_test.cc:39] 24 allocate
I0000 00:00:1791071573.436904   14385 state_buffer_queue_test.cc:41] 24 done_write
I0000 00:00:1791071573.436910   14385 state_buffer_queue_test.cc:36] 25 start
I0000 00:00:1791071573.436917   14385 state_buffer_queue_test.cc:39] 25 allocate
I0000 00:00:1791071573.436922   14385 state_buffer_queue_test.cc:41] 25 done_write
I0000 00:00:1791071573.436928   14385 state_buffer_queue_test.cc:36] 26 start
I0000 00:00:1791071573.436934   14385 state_buffer_queue_test.cc:39] 26 allocate
I0000 00:00:1791071573.436939   14385 state_buffer_queue_test.cc:41] 26 done_write
I0000 00:00:1791071573.436945   14385 state_buffer_queue_test.cc:36] 27 start
I0000 00:00:1791071573.436951   14385 state_buffer_queue_test.cc:39] 27 allocate
I0000 00:00:1791071573.436957   14385 state_buffer_queue_test.cc:41] 27 done_write
I0000 00:00:1791071573.436962   14385 state_buffer_queue_test.cc:36] 28 start
I0000 00:00:1791071573.436969   14385 state_buffer_queue_test.cc:39] 28 allocate
I0000 00:00:1791071573.436974   14385 state_buffer_queue_test.cc:41] 28 done_write
I0000 00:00:1791071573.436980   14385 state_buffer_queue_test.cc:36] 29 start
I0000 00:00:1791071573.436986   14385 state_buffer_queue_test.cc:39] 29 allocate
I0000 00:00:1791071573.436992   14385 state_buffer_queue_test.cc:41] 29 done_write
I0000 00:00:1791071573.436997   14385 state_buffer_queue_test.cc:36] 30 start
I0000 00:00:1791071573.437004   14385 state_buffer_queue_test.cc:39] 30 allocate
I0000 00:00:1791071573.437011   14385 state_buffer_queue_test.cc:41] 30 done_write
I0000 00:00:1791071573.437017   14385 state_buffer_queue_test.cc:36] 31 start
I0000 00:00:1791071573.437023   14385 state_buffer_queue_test.cc:39] 31 allocate
I0000 00:00:1791071573.437029   14385 state_buffer_queue_test.cc:41] 31 done_write
I0000 00:00:1791071573.437048   14385 state_buffer_queue_test.cc:47] finish wait
[       OK ] StateBufferQueueTest.Basic (0 ms)
[ RUN      ] StateBufferQueueTest.SinglePlayerSync
[       OK ] StateBufferQueueTest.SinglePlayerSync (114 ms)
[ RUN      ] StateBufferQueueTest.NumPlayers
[       OK ] StateBufferQueueTest.NumPlayers (0 ms)
[ RUN      ] StateBufferQueueTest.MultipleTimes
[       OK ] StateBufferQueueTest.MultipleTimes (651 ms)
[ RUN      ] StateBufferQueueTest.ConcurrentSinglePlayer
[       OK ] StateBufferQueueTest.ConcurrentSinglePlayer (5100 ms)
[ RUN      ] StateBufferQueueTest.ConcurrentMultiPlayer
[       OK ] StateBufferQueueTest.ConcurrentMultiPlayer (5919 ms)
[----------] 6 tests from StateBufferQueueTest (11788 ms total)

[----------] 9 tests from StateBufferTest
[ RUN      ] StateBufferTest.Basic
[       OK ] StateBufferTest.Basic (0 ms)
[ RUN      ] StateBufferTest.SinglePlayerSync
[       OK ] StateBufferTest.SinglePlayerSync (0 ms)
[ RUN      ] StateBufferTest.Truncate
[       OK ] StateBufferTest.Truncate (0 ms)
[ RUN      ] StateBufferTest.MultiPlayers
[       OK ] StateBufferTest.MultiPlayers (0 ms)
[ RUN      ] StateBufferTest.PartialSyncShuffledOutputsSurviveBufferDestruction
[       OK ] StateBufferTest.PartialSyncShuffledOutputsSurviveBufferDestruction (0 ms)
[ RUN      ] StateBufferTest.PartialMultiPlayerOutputsIncludeZeroPlayerEnvironments
[       OK ] StateBufferTest.PartialMultiPlayerOutputsIncludeZeroPlayerEnvironments (0 ms)
[ RUN      ] StateBufferTest.NoPlayersReturnsEmptyPlayerShapesAndSharedData
[       OK ] StateBufferTest.NoPlayersReturnsEmptyPlayerShapesAndSharedData (0 ms)
[ RUN      ] StateBufferTest.PartialWaitRequiresEveryAllocatedWriterToComplete
[       OK ] StateBufferTest.PartialWaitRequiresEveryAllocatedWriterToComplete (20 ms)
[ RUN      ] StateBufferTest.CompletionAllowsImmediateDestruction
[       OK ] StateBufferTest.CompletionAllowsImmediateDestruction (146 ms)
[----------] 9 tests from StateBufferTest (167 ms total)

[----------] 9 tests from DummyEnvPoolTest
[ RUN      ] DummyEnvPoolTest.TimingAccumulatorsStartAtZero
[       OK ] DummyEnvPoolTest.TimingAccumulatorsStartAtZero (1 ms)
[ RUN      ] DummyEnvPoolTest.DiscountMatchesDoneForEveryPlayer
[       OK ] DummyEnvPoolTest.DiscountMatchesDoneForEveryPlayer (2 ms)
[ RUN      ] DummyEnvPoolTest.ShutdownIdleWorkers
[       OK ] DummyEnvPoolTest.ShutdownIdleWorkers (172 ms)
[ RUN      ] DummyEnvPoolTest.ShutdownWithPendingReset
[       OK ] DummyEnvPoolTest.ShutdownWithPendingReset (168 ms)
[ RUN      ] DummyEnvPoolTest.ShutdownJoinsInFlightResetBeforeDestroyingEnvironment
[       OK ] DummyEnvPoolTest.ShutdownJoinsInFlightResetBeforeDestroyingEnvironment (52 ms)
[ RUN      ] DummyEnvPoolTest.SplitZeroAction
[       OK ] DummyEnvPoolTest.SplitZeroAction (3 ms)
[ RUN      ] DummyEnvPoolTest.SmokeSynchronousSinglePlayer
I0000 00:00:1791071585.793653   14385 dummy_envpool_test.cc:332] 1 1 3 32 1 1
I0000 00:00:1791071585.796305   14385 dummy_envpool_test.cc:435] time(s): 0.0017879, FPS: 17898.1
[       OK ] DummyEnvPoolTest.SmokeSynchronousSinglePlayer (3 ms)
[ RUN      ] DummyEnvPoolTest.SmokeAsynchronousSinglePlayer
I0000 00:00:1791071585.796791   14385 dummy_envpool_test.cc:332] 8 4 3 64 2 1
I0000 00:00:1791071585.804645   14385 dummy_envpool_test.cc:435] time(s): 0.00457698, FPS: 55932.1
[       OK ] DummyEnvPoolTest.SmokeAsynchronousSinglePlayer (8 ms)
[ RUN      ] DummyEnvPoolTest.SmokeAsynchronousMultiPlayer
I0000 00:00:1791071585.805635   14385 dummy_envpool_test.cc:332] 8 4 3 64 2 4
I0000 00:00:1791071585.812934   14385 dummy_envpool_test.cc:435] time(s): 0.00470393, FPS: 54422.6
[       OK ] DummyEnvPoolTest.SmokeAsynchronousMultiPlayer (7 ms)
[----------] 9 tests from DummyEnvPoolTest (421 ms total)

[----------] Global test environment tear-down
[==========] 62 tests from 9 test suites ran. (13012 ms total)
[  PASSED  ] 62 tests.
