Running main() from $GTEST_ROOT/src/gtest_main.cc

Repeating all tests (iteration 1) . . .

Note: Google Test filter = *-DummyEnvPoolTest.SinglePlayer:DummyEnvPoolTest.MultiPlayers
[==========] Running 86 tests from 12 test suites.
[----------] Global test environment set-up.
[----------] 1 test from StateTupleDeathTest
[ RUN      ] StateTupleDeathTest.RejectsBothShortAndLongTuples
[       OK ] StateTupleDeathTest.RejectsBothShortAndLongTuples (5 ms)
[----------] 1 test from StateTupleDeathTest (5 ms total)

[----------] 12 tests from ActionBufferQueueTest
[ RUN      ] ActionBufferQueueTest.ShutdownWakesEmptyQueueWithoutAdvancingCursors
[       OK ] ActionBufferQueueTest.ShutdownWakesEmptyQueueWithoutAdvancingCursors (2 ms)
[ RUN      ] ActionBufferQueueTest.ShutdownWakePreservesPendingAction
[       OK ] ActionBufferQueueTest.ShutdownWakePreservesPendingAction (2 ms)
[ RUN      ] ActionBufferQueueTest.StopAwareDequeuePreservesActiveDelivery
[       OK ] ActionBufferQueueTest.StopAwareDequeuePreservesActiveDelivery (0 ms)
[ RUN      ] ActionBufferQueueTest.SmallRingWraparoundPreservesPayloadsAndCounters
[       OK ] ActionBufferQueueTest.SmallRingWraparoundPreservesPayloadsAndCounters (4 ms)
[ RUN      ] ActionBufferQueueTest.BoundedMultipleProducersAndConsumersExactlyOnce
[       OK ] ActionBufferQueueTest.BoundedMultipleProducersAndConsumersExactlyOnce (29 ms)
[ RUN      ] ActionBufferQueueTest.DelayedConsumerKeepsPayloadAcrossRingReuse
[       OK ] ActionBufferQueueTest.DelayedConsumerKeepsPayloadAcrossRingReuse (0 ms)
[ RUN      ] ActionBufferQueueTest.ConcurrentProducerBulksRemainContiguous
[       OK ] ActionBufferQueueTest.ConcurrentProducerBulksRemainContiguous (133 ms)
[ RUN      ] ActionBufferQueueTest.Concurrent
[       OK ] ActionBufferQueueTest.Concurrent (78 ms)
[ RUN      ] ActionBufferQueueTest.BulkWrapPreservesOrderWithNonPowerOfTwoCapacity
[       OK ] ActionBufferQueueTest.BulkWrapPreservesOrderWithNonPowerOfTwoCapacity (0 ms)
[ RUN      ] ActionBufferQueueTest.ConcurrentConsumersPreserveEveryWrappedAction
[       OK ] ActionBufferQueueTest.ConcurrentConsumersPreserveEveryWrappedAction (16 ms)
[ RUN      ] ActionBufferQueueTest.BulkWrapMatchesUnsignedCounterRollover
[       OK ] ActionBufferQueueTest.BulkWrapMatchesUnsignedCounterRollover (0 ms)
[ RUN      ] ActionBufferQueueTest.EmptyBulkIsSafeWithZeroCapacity
[       OK ] ActionBufferQueueTest.EmptyBulkIsSafeWithZeroCapacity (0 ms)
[----------] 12 tests from ActionBufferQueueTest (267 ms total)

[----------] 8 tests from ArrayTest
[ RUN      ] ArrayTest.ViewsPreserveHighDimensionalShapesAndData
[       OK ] ArrayTest.ViewsPreserveHighDimensionalShapesAndData (0 ms)
[ RUN      ] ArrayTest.TruncateAndSharedPtrKeepOwnedStorageAlive
[       OK ] ArrayTest.TruncateAndSharedPtrKeepOwnedStorageAlive (0 ms)
[ RUN      ] ArrayTest.SharedPtrPreservesNonOwningDataPointer
[       OK ] ArrayTest.SharedPtrPreservesNonOwningDataPointer (0 ms)
[ RUN      ] ArrayTest.ViewsDoNotExtendBackingStorageLifetime
[       OK ] ArrayTest.ViewsDoNotExtendBackingStorageLifetime (0 ms)
[ RUN      ] ArrayTest.TypedTruncateSharesData
[       OK ] ArrayTest.TypedTruncateSharesData (0 ms)
[ RUN      ] ArrayTest.TruncateInPlacePreservesHighDimensionalShapeAndData
[       OK ] ArrayTest.TruncateInPlacePreservesHighDimensionalShapeAndData (0 ms)
[ RUN      ] ArrayTest.TruncateInPlaceHandlesEmptyDimensions
[       OK ] ArrayTest.TruncateInPlaceHandlesEmptyDimensions (0 ms)
[ RUN      ] ArrayTest.TruncateInPlaceRetainsSharedOwnershipAndCustomDeleter
[       OK ] ArrayTest.TruncateInPlaceRetainsSharedOwnershipAndCustomDeleter (0 ms)
[----------] 8 tests from ArrayTest (0 ms total)

[----------] 1 test from CircularBufferTest
[ RUN      ] CircularBufferTest.Basic
[       OK ] CircularBufferTest.Basic (21 ms)
[----------] 1 test from CircularBufferTest (22 ms total)

[----------] 9 tests from ContainerOutputTest
[ RUN      ] ContainerOutputTest.QueuedOutputReclaimedOnPoolDestruction
[       OK ] ContainerOutputTest.QueuedOutputReclaimedOnPoolDestruction (5 ms)
[ RUN      ] ContainerOutputTest.ReceivedOutputLivesUntilLastArrayOwner
[       OK ] ContainerOutputTest.ReceivedOutputLivesUntilLastArrayOwner (1 ms)
[ RUN      ] ContainerOutputTest.ExtractedPayloadOwnsItsStorage
[       OK ] ContainerOutputTest.ExtractedPayloadOwnsItsStorage (1 ms)
[ RUN      ] ContainerOutputTest.TruncateReclaimsOriginalCapacity
[       OK ] ContainerOutputTest.TruncateReclaimsOriginalCapacity (0 ms)
[ RUN      ] ContainerOutputTest.LastStrongOwnerReclaimsWithWeakObserverRetained
[       OK ] ContainerOutputTest.LastStrongOwnerReclaimsWithWeakObserverRetained (0 ms)
[ RUN      ] ContainerOutputTest.MixedShapePartialBatchRetainsReturnedPayloads
[       OK ] ContainerOutputTest.MixedShapePartialBatchRetainsReturnedPayloads (0 ms)
[ RUN      ] ContainerOutputTest.MixedShapePartialBatchReclaimsUnconsumedPayloads
[       OK ] ContainerOutputTest.MixedShapePartialBatchReclaimsUnconsumedPayloads (0 ms)
[ RUN      ] ContainerOutputTest.StockReplacementPreservesTypedRecipe
[       OK ] ContainerOutputTest.StockReplacementPreservesTypedRecipe (0 ms)
[ RUN      ] ContainerOutputTest.FallbackReplacementPreservesTypedRecipe
[       OK ] ContainerOutputTest.FallbackReplacementPreservesTypedRecipe (0 ms)
[----------] 9 tests from ContainerOutputTest (9 ms total)

[----------] 4 tests from DictTest
[ RUN      ] DictTest.Keys
[       OK ] DictTest.Keys (0 ms)
[ RUN      ] DictTest.Values
[       OK ] DictTest.Values (0 ms)
[ RUN      ] DictTest.Lookup
[       OK ] DictTest.Lookup (0 ms)
[ RUN      ] DictTest.Modification
[       OK ] DictTest.Modification (0 ms)
[----------] 4 tests from DictTest (0 ms total)

[----------] 4 tests from EnvDiscountTest
[ RUN      ] EnvDiscountTest.SinglePlayerDiscountMatchesDone
[       OK ] EnvDiscountTest.SinglePlayerDiscountMatchesDone (0 ms)
[ RUN      ] EnvDiscountTest.NonterminalDiscountIncludesEveryPlayer
[       OK ] EnvDiscountTest.NonterminalDiscountIncludesEveryPlayer (0 ms)
[ RUN      ] EnvDiscountTest.TerminalDiscountIncludesEveryPlayer
[       OK ] EnvDiscountTest.TerminalDiscountIncludesEveryPlayer (0 ms)
[ RUN      ] EnvDiscountTest.ZeroPlayersDoNotOverwriteNextEnvironment
[       OK ] EnvDiscountTest.ZeroPlayersDoNotOverwriteNextEnvironment (0 ms)
[----------] 4 tests from EnvDiscountTest (2 ms total)

[----------] 12 tests from PlayerActionIndexTest
[ RUN      ] PlayerActionIndexTest.EmptyInputKeepsOwningZeroPlayerArrays
[       OK ] PlayerActionIndexTest.EmptyInputKeepsOwningZeroPlayerArrays (0 ms)
[ RUN      ] PlayerActionIndexTest.NoMatchingIdsKeepsOwningZeroPlayerArrays
[       OK ] PlayerActionIndexTest.NoMatchingIdsKeepsOwningZeroPlayerArrays (0 ms)
[ RUN      ] PlayerActionIndexTest.OneMatchingPlayerUsesSingletonSlice
[       OK ] PlayerActionIndexTest.OneMatchingPlayerUsesSingletonSlice (0 ms)
[ RUN      ] PlayerActionIndexTest.ContiguousPrefixIgnoresForeignSuffix
[       OK ] PlayerActionIndexTest.ContiguousPrefixIgnoresForeignSuffix (0 ms)
[ RUN      ] PlayerActionIndexTest.ContiguousMiddleRetainsParentBatch
[       OK ] PlayerActionIndexTest.ContiguousMiddleRetainsParentBatch (0 ms)
[ RUN      ] PlayerActionIndexTest.ContiguousSuffixUsesOffsetSlice
[       OK ] PlayerActionIndexTest.ContiguousSuffixUsesOffsetSlice (0 ms)
[ RUN      ] PlayerActionIndexTest.AllIdsMatchUsesWholeBatchSlice
[       OK ] PlayerActionIndexTest.AllIdsMatchUsesWholeBatchSlice (0 ms)
[ RUN      ] PlayerActionIndexTest.EarlyGapGathersEveryLaterMatchInInputOrder
[       OK ] PlayerActionIndexTest.EarlyGapGathersEveryLaterMatchInInputOrder (0 ms)
[ RUN      ] PlayerActionIndexTest.LateGapIncludesEntireContiguousPrefix
[       OK ] PlayerActionIndexTest.LateGapIncludesEntireContiguousPrefix (0 ms)
[ RUN      ] PlayerActionIndexTest.ContiguousSlicePreservesEmptyInnerDimension
[       OK ] PlayerActionIndexTest.ContiguousSlicePreservesEmptyInnerDimension (0 ms)
[ RUN      ] PlayerActionIndexTest.RepeatedStepsReplaceIndicesAndInputBatch
[       OK ] PlayerActionIndexTest.RepeatedStepsReplaceIndicesAndInputBatch (0 ms)
[ RUN      ] PlayerActionIndexTest.SinglePlayerUsesBatchIndexWithoutScanningIds
[       OK ] PlayerActionIndexTest.SinglePlayerUsesBatchIndexWithoutScanningIds (0 ms)
[----------] 12 tests from PlayerActionIndexTest (6 ms total)

[----------] 6 tests from StateBufferQueueTest
[ RUN      ] StateBufferQueueTest.Basic
WARNING: All log messages before absl::InitializeLog() is called are written to STDERR
I0000 00:00:1791082839.732107    4053 state_buffer_queue_test.cc:36] 0 start
I0000 00:00:1791082839.732236    4053 state_buffer_queue_test.cc:39] 0 allocate
I0000 00:00:1791082839.732262    4053 state_buffer_queue_test.cc:41] 0 done_write
I0000 00:00:1791082839.732307    4053 state_buffer_queue_test.cc:36] 1 start
I0000 00:00:1791082839.732340    4053 state_buffer_queue_test.cc:39] 1 allocate
I0000 00:00:1791082839.732364    4053 state_buffer_queue_test.cc:41] 1 done_write
I0000 00:00:1791082839.732383    4053 state_buffer_queue_test.cc:36] 2 start
I0000 00:00:1791082839.732405    4053 state_buffer_queue_test.cc:39] 2 allocate
I0000 00:00:1791082839.732437    4053 state_buffer_queue_test.cc:41] 2 done_write
I0000 00:00:1791082839.732476    4053 state_buffer_queue_test.cc:36] 3 start
I0000 00:00:1791082839.732502    4053 state_buffer_queue_test.cc:39] 3 allocate
I0000 00:00:1791082839.732523    4053 state_buffer_queue_test.cc:41] 3 done_write
I0000 00:00:1791082839.732553    4053 state_buffer_queue_test.cc:36] 4 start
I0000 00:00:1791082839.732564    4053 state_buffer_queue_test.cc:39] 4 allocate
I0000 00:00:1791082839.732570    4053 state_buffer_queue_test.cc:41] 4 done_write
I0000 00:00:1791082839.732581    4053 state_buffer_queue_test.cc:36] 5 start
I0000 00:00:1791082839.732588    4053 state_buffer_queue_test.cc:39] 5 allocate
I0000 00:00:1791082839.732599    4053 state_buffer_queue_test.cc:41] 5 done_write
I0000 00:00:1791082839.732605    4053 state_buffer_queue_test.cc:36] 6 start
I0000 00:00:1791082839.732616    4053 state_buffer_queue_test.cc:39] 6 allocate
I0000 00:00:1791082839.732622    4053 state_buffer_queue_test.cc:41] 6 done_write
I0000 00:00:1791082839.732631    4053 state_buffer_queue_test.cc:36] 7 start
I0000 00:00:1791082839.732639    4053 state_buffer_queue_test.cc:39] 7 allocate
I0000 00:00:1791082839.732648    4053 state_buffer_queue_test.cc:41] 7 done_write
I0000 00:00:1791082839.732655    4053 state_buffer_queue_test.cc:36] 8 start
I0000 00:00:1791082839.732666    4053 state_buffer_queue_test.cc:39] 8 allocate
I0000 00:00:1791082839.732672    4053 state_buffer_queue_test.cc:41] 8 done_write
I0000 00:00:1791082839.732682    4053 state_buffer_queue_test.cc:36] 9 start
I0000 00:00:1791082839.732715    4053 state_buffer_queue_test.cc:39] 9 allocate
I0000 00:00:1791082839.732725    4053 state_buffer_queue_test.cc:41] 9 done_write
I0000 00:00:1791082839.732731    4053 state_buffer_queue_test.cc:36] 10 start
I0000 00:00:1791082839.732742    4053 state_buffer_queue_test.cc:39] 10 allocate
I0000 00:00:1791082839.732749    4053 state_buffer_queue_test.cc:41] 10 done_write
I0000 00:00:1791082839.732759    4053 state_buffer_queue_test.cc:36] 11 start
I0000 00:00:1791082839.732778    4053 state_buffer_queue_test.cc:39] 11 allocate
I0000 00:00:1791082839.732787    4053 state_buffer_queue_test.cc:41] 11 done_write
I0000 00:00:1791082839.732793    4053 state_buffer_queue_test.cc:36] 12 start
I0000 00:00:1791082839.732804    4053 state_buffer_queue_test.cc:39] 12 allocate
I0000 00:00:1791082839.732812    4053 state_buffer_queue_test.cc:41] 12 done_write
I0000 00:00:1791082839.732822    4053 state_buffer_queue_test.cc:36] 13 start
I0000 00:00:1791082839.732830    4053 state_buffer_queue_test.cc:39] 13 allocate
I0000 00:00:1791082839.732839    4053 state_buffer_queue_test.cc:41] 13 done_write
I0000 00:00:1791082839.732846    4053 state_buffer_queue_test.cc:36] 14 start
I0000 00:00:1791082839.732856    4053 state_buffer_queue_test.cc:39] 14 allocate
I0000 00:00:1791082839.732862    4053 state_buffer_queue_test.cc:41] 14 done_write
I0000 00:00:1791082839.732872    4053 state_buffer_queue_test.cc:36] 15 start
I0000 00:00:1791082839.732880    4053 state_buffer_queue_test.cc:39] 15 allocate
I0000 00:00:1791082839.732892    4053 state_buffer_queue_test.cc:41] 15 done_write
I0000 00:00:1791082839.732898    4053 state_buffer_queue_test.cc:36] 16 start
I0000 00:00:1791082839.732908    4053 state_buffer_queue_test.cc:39] 16 allocate
I0000 00:00:1791082839.732914    4053 state_buffer_queue_test.cc:41] 16 done_write
I0000 00:00:1791082839.732923    4053 state_buffer_queue_test.cc:36] 17 start
I0000 00:00:1791082839.732929    4053 state_buffer_queue_test.cc:39] 17 allocate
I0000 00:00:1791082839.732939    4053 state_buffer_queue_test.cc:41] 17 done_write
I0000 00:00:1791082839.732946    4053 state_buffer_queue_test.cc:36] 18 start
I0000 00:00:1791082839.732962    4053 state_buffer_queue_test.cc:39] 18 allocate
I0000 00:00:1791082839.732967    4053 state_buffer_queue_test.cc:41] 18 done_write
I0000 00:00:1791082839.732977    4053 state_buffer_queue_test.cc:36] 19 start
I0000 00:00:1791082839.733036    4053 state_buffer_queue_test.cc:39] 19 allocate
I0000 00:00:1791082839.733045    4053 state_buffer_queue_test.cc:41] 19 done_write
I0000 00:00:1791082839.733051    4053 state_buffer_queue_test.cc:36] 20 start
I0000 00:00:1791082839.733063    4053 state_buffer_queue_test.cc:39] 20 allocate
I0000 00:00:1791082839.733068    4053 state_buffer_queue_test.cc:41] 20 done_write
I0000 00:00:1791082839.733078    4053 state_buffer_queue_test.cc:36] 21 start
I0000 00:00:1791082839.733086    4053 state_buffer_queue_test.cc:39] 21 allocate
I0000 00:00:1791082839.733096    4053 state_buffer_queue_test.cc:41] 21 done_write
I0000 00:00:1791082839.733102    4053 state_buffer_queue_test.cc:36] 22 start
I0000 00:00:1791082839.733113    4053 state_buffer_queue_test.cc:39] 22 allocate
I0000 00:00:1791082839.733119    4053 state_buffer_queue_test.cc:41] 22 done_write
I0000 00:00:1791082839.733129    4053 state_buffer_queue_test.cc:36] 23 start
I0000 00:00:1791082839.733136    4053 state_buffer_queue_test.cc:39] 23 allocate
I0000 00:00:1791082839.733146    4053 state_buffer_queue_test.cc:41] 23 done_write
I0000 00:00:1791082839.733153    4053 state_buffer_queue_test.cc:36] 24 start
I0000 00:00:1791082839.733163    4053 state_buffer_queue_test.cc:39] 24 allocate
I0000 00:00:1791082839.733168    4053 state_buffer_queue_test.cc:41] 24 done_write
I0000 00:00:1791082839.733178    4053 state_buffer_queue_test.cc:36] 25 start
I0000 00:00:1791082839.733185    4053 state_buffer_queue_test.cc:39] 25 allocate
I0000 00:00:1791082839.733195    4053 state_buffer_queue_test.cc:41] 25 done_write
I0000 00:00:1791082839.733201    4053 state_buffer_queue_test.cc:36] 26 start
I0000 00:00:1791082839.733212    4053 state_buffer_queue_test.cc:39] 26 allocate
I0000 00:00:1791082839.733217    4053 state_buffer_queue_test.cc:41] 26 done_write
I0000 00:00:1791082839.733228    4053 state_buffer_queue_test.cc:36] 27 start
I0000 00:00:1791082839.733235    4053 state_buffer_queue_test.cc:39] 27 allocate
I0000 00:00:1791082839.733244    4053 state_buffer_queue_test.cc:41] 27 done_write
I0000 00:00:1791082839.733250    4053 state_buffer_queue_test.cc:36] 28 start
I0000 00:00:1791082839.733262    4053 state_buffer_queue_test.cc:39] 28 allocate
I0000 00:00:1791082839.733268    4053 state_buffer_queue_test.cc:41] 28 done_write
I0000 00:00:1791082839.733289    4053 state_buffer_queue_test.cc:36] 29 start
I0000 00:00:1791082839.733298    4053 state_buffer_queue_test.cc:39] 29 allocate
I0000 00:00:1791082839.733308    4053 state_buffer_queue_test.cc:41] 29 done_write
I0000 00:00:1791082839.733315    4053 state_buffer_queue_test.cc:36] 30 start
I0000 00:00:1791082839.733326    4053 state_buffer_queue_test.cc:39] 30 allocate
I0000 00:00:1791082839.733332    4053 state_buffer_queue_test.cc:41] 30 done_write
I0000 00:00:1791082839.733342    4053 state_buffer_queue_test.cc:36] 31 start
I0000 00:00:1791082839.733349    4053 state_buffer_queue_test.cc:39] 31 allocate
I0000 00:00:1791082839.733359    4053 state_buffer_queue_test.cc:41] 31 done_write
I0000 00:00:1791082839.733379    4053 state_buffer_queue_test.cc:47] finish wait
[       OK ] StateBufferQueueTest.Basic (1 ms)
[ RUN      ] StateBufferQueueTest.SinglePlayerSync
[       OK ] StateBufferQueueTest.SinglePlayerSync (93 ms)
[ RUN      ] StateBufferQueueTest.NumPlayers
[       OK ] StateBufferQueueTest.NumPlayers (0 ms)
[ RUN      ] StateBufferQueueTest.MultipleTimes
[       OK ] StateBufferQueueTest.MultipleTimes (626 ms)
[ RUN      ] StateBufferQueueTest.ConcurrentSinglePlayer
[       OK ] StateBufferQueueTest.ConcurrentSinglePlayer (2790 ms)
[ RUN      ] StateBufferQueueTest.ConcurrentMultiPlayer
[       OK ] StateBufferQueueTest.ConcurrentMultiPlayer (2445 ms)
[----------] 6 tests from StateBufferQueueTest (5958 ms total)

[----------] 9 tests from StateBufferTest
[ RUN      ] StateBufferTest.Basic
[       OK ] StateBufferTest.Basic (0 ms)
[ RUN      ] StateBufferTest.SinglePlayerSync
[       OK ] StateBufferTest.SinglePlayerSync (0 ms)
[ RUN      ] StateBufferTest.Truncate
[       OK ] StateBufferTest.Truncate (0 ms)
[ RUN      ] StateBufferTest.MultiPlayers
[       OK ] StateBufferTest.MultiPlayers (0 ms)
[ RUN      ] StateBufferTest.PartialSyncShuffledOutputsSurviveBufferDestruction
[       OK ] StateBufferTest.PartialSyncShuffledOutputsSurviveBufferDestruction (0 ms)
[ RUN      ] StateBufferTest.PartialMultiPlayerOutputsIncludeZeroPlayerEnvironments
[       OK ] StateBufferTest.PartialMultiPlayerOutputsIncludeZeroPlayerEnvironments (0 ms)
[ RUN      ] StateBufferTest.NoPlayersReturnsEmptyPlayerShapesAndSharedData
[       OK ] StateBufferTest.NoPlayersReturnsEmptyPlayerShapesAndSharedData (0 ms)
[ RUN      ] StateBufferTest.PartialWaitRequiresEveryAllocatedWriterToComplete
[       OK ] StateBufferTest.PartialWaitRequiresEveryAllocatedWriterToComplete (20 ms)
[ RUN      ] StateBufferTest.CompletionAllowsImmediateDestruction
[       OK ] StateBufferTest.CompletionAllowsImmediateDestruction (189 ms)
[----------] 9 tests from StateBufferTest (210 ms total)

[----------] 11 tests from StateTupleTest
[ RUN      ] StateTupleTest.MatchesVectorScalarMultidimensionalAndPartialPlayerViews
[       OK ] StateTupleTest.MatchesVectorScalarMultidimensionalAndPartialPlayerViews (0 ms)
[ RUN      ] StateTupleTest.MatchesVectorWhenEveryEnvironmentHasZeroPlayers
[       OK ] StateTupleTest.MatchesVectorWhenEveryEnvironmentHasZeroPlayers (0 ms)
[ RUN      ] StateTupleTest.SinglePlayerReversedOrderMatchesBothFieldLayouts
[       OK ] StateTupleTest.SinglePlayerReversedOrderMatchesBothFieldLayouts (0 ms)
[ RUN      ] StateTupleTest.MultiPlayerIgnoresOrderIncludingEmptySlices
[       OK ] StateTupleTest.MultiPlayerIgnoresOrderIncludingEmptySlices (0 ms)
[ RUN      ] StateTupleTest.MixedAllocationsShareQuotaAndPreserveFailureOffsets
I0000 00:00:1791082845.902077    4053 state_buffer.h:246] Allocation failed, continue to the next block of memory
I0000 00:00:1791082845.902235    4053 state_buffer.h:246] Allocation failed, continue to the next block of memory
[       OK ] StateTupleTest.MixedAllocationsShareQuotaAndPreserveFailureOffsets (0 ms)
[ RUN      ] StateTupleTest.DestroyingTypedSliceDoesNotCompleteItsReservation
[       OK ] StateTupleTest.DestroyingTypedSliceDoesNotCompleteItsReservation (0 ms)
[ RUN      ] StateTupleTest.MixedQueueAllocationsSurvivePartialAndReplacementCycles
[       OK ] StateTupleTest.MixedQueueAllocationsSurvivePartialAndReplacementCycles (0 ms)
[ RUN      ] StateTupleTest.QueueForwardsSyncOrderAcrossMixedReplacementCycles
[       OK ] StateTupleTest.QueueForwardsSyncOrderAcrossMixedReplacementCycles (0 ms)
[ RUN      ] StateTupleTest.PartialWaitStillRequiresDelayedTypedLastWriter
[       OK ] StateTupleTest.PartialWaitStillRequiresDelayedTypedLastWriter (0 ms)
[ RUN      ] StateTupleTest.TypedCompletionAllowsImmediateBufferRetirement
[       OK ] StateTupleTest.TypedCompletionAllowsImmediateBufferRetirement (41 ms)
[ RUN      ] StateTupleTest.EnvInitializesScalarMultidimensionalAndEmptyContainers
[       OK ] StateTupleTest.EnvInitializesScalarMultidimensionalAndEmptyContainers (0 ms)
[----------] 11 tests from StateTupleTest (44 ms total)

[----------] 9 tests from DummyEnvPoolTest
[ RUN      ] DummyEnvPoolTest.TimingAccumulatorsStartAtZero
[       OK ] DummyEnvPoolTest.TimingAccumulatorsStartAtZero (1 ms)
[ RUN      ] DummyEnvPoolTest.DiscountMatchesDoneForEveryPlayer
[       OK ] DummyEnvPoolTest.DiscountMatchesDoneForEveryPlayer (2 ms)
[ RUN      ] DummyEnvPoolTest.ShutdownIdleWorkers
[       OK ] DummyEnvPoolTest.ShutdownIdleWorkers (175 ms)
[ RUN      ] DummyEnvPoolTest.ShutdownWithPendingReset
[       OK ] DummyEnvPoolTest.ShutdownWithPendingReset (159 ms)
[ RUN      ] DummyEnvPoolTest.ShutdownJoinsInFlightResetBeforeDestroyingEnvironment
[       OK ] DummyEnvPoolTest.ShutdownJoinsInFlightResetBeforeDestroyingEnvironment (51 ms)
[ RUN      ] DummyEnvPoolTest.SplitZeroAction
[       OK ] DummyEnvPoolTest.SplitZeroAction (3 ms)
[ RUN      ] DummyEnvPoolTest.SmokeSynchronousSinglePlayer
I0000 00:00:1791082846.340853    4053 dummy_envpool_test.cc:332] 1 1 3 32 1 1
I0000 00:00:1791082846.343886    4053 dummy_envpool_test.cc:435] time(s): 0.00224369, FPS: 14262.2
[       OK ] DummyEnvPoolTest.SmokeSynchronousSinglePlayer (3 ms)
[ RUN      ] DummyEnvPoolTest.SmokeAsynchronousSinglePlayer
I0000 00:00:1791082846.344331    4053 dummy_envpool_test.cc:332] 8 4 3 64 2 1
I0000 00:00:1791082846.350947    4053 dummy_envpool_test.cc:435] time(s): 0.00379266, FPS: 67498.9
[       OK ] DummyEnvPoolTest.SmokeAsynchronousSinglePlayer (7 ms)
[ RUN      ] DummyEnvPoolTest.SmokeAsynchronousMultiPlayer
I0000 00:00:1791082846.351813    4053 dummy_envpool_test.cc:332] 8 4 3 64 2 4
I0000 00:00:1791082846.362178    4053 dummy_envpool_test.cc:435] time(s): 0.00787441, FPS: 32510.4
[       OK ] DummyEnvPoolTest.SmokeAsynchronousMultiPlayer (11 ms)
[----------] 9 tests from DummyEnvPoolTest (416 ms total)

[==========] 86 tests from 12 test suites ran. (6946 ms total)
[  PASSED  ] 86 tests.

Repeating all tests (iteration 2) . . .

Note: Google Test filter = *-DummyEnvPoolTest.SinglePlayer:DummyEnvPoolTest.MultiPlayers
[==========] Running 86 tests from 12 test suites.
[----------] 1 test from StateTupleDeathTest
[ RUN      ] StateTupleDeathTest.RejectsBothShortAndLongTuples
[       OK ] StateTupleDeathTest.RejectsBothShortAndLongTuples (35 ms)
[----------] 1 test from StateTupleDeathTest (35 ms total)

[----------] 12 tests from ActionBufferQueueTest
[ RUN      ] ActionBufferQueueTest.ShutdownWakesEmptyQueueWithoutAdvancingCursors
[       OK ] ActionBufferQueueTest.ShutdownWakesEmptyQueueWithoutAdvancingCursors (1 ms)
[ RUN      ] ActionBufferQueueTest.ShutdownWakePreservesPendingAction
[       OK ] ActionBufferQueueTest.ShutdownWakePreservesPendingAction (1 ms)
[ RUN      ] ActionBufferQueueTest.StopAwareDequeuePreservesActiveDelivery
[       OK ] ActionBufferQueueTest.StopAwareDequeuePreservesActiveDelivery (0 ms)
[ RUN      ] ActionBufferQueueTest.SmallRingWraparoundPreservesPayloadsAndCounters
[       OK ] ActionBufferQueueTest.SmallRingWraparoundPreservesPayloadsAndCounters (4 ms)
[ RUN      ] ActionBufferQueueTest.BoundedMultipleProducersAndConsumersExactlyOnce
[       OK ] ActionBufferQueueTest.BoundedMultipleProducersAndConsumersExactlyOnce (32 ms)
[ RUN      ] ActionBufferQueueTest.DelayedConsumerKeepsPayloadAcrossRingReuse
[       OK ] ActionBufferQueueTest.DelayedConsumerKeepsPayloadAcrossRingReuse (0 ms)
[ RUN      ] ActionBufferQueueTest.ConcurrentProducerBulksRemainContiguous
[       OK ] ActionBufferQueueTest.ConcurrentProducerBulksRemainContiguous (154 ms)
[ RUN      ] ActionBufferQueueTest.Concurrent
[       OK ] ActionBufferQueueTest.Concurrent (66 ms)
[ RUN      ] ActionBufferQueueTest.BulkWrapPreservesOrderWithNonPowerOfTwoCapacity
[       OK ] ActionBufferQueueTest.BulkWrapPreservesOrderWithNonPowerOfTwoCapacity (0 ms)
[ RUN      ] ActionBufferQueueTest.ConcurrentConsumersPreserveEveryWrappedAction
[       OK ] ActionBufferQueueTest.ConcurrentConsumersPreserveEveryWrappedAction (9 ms)
[ RUN      ] ActionBufferQueueTest.BulkWrapMatchesUnsignedCounterRollover
[       OK ] ActionBufferQueueTest.BulkWrapMatchesUnsignedCounterRollover (0 ms)
[ RUN      ] ActionBufferQueueTest.EmptyBulkIsSafeWithZeroCapacity
[       OK ] ActionBufferQueueTest.EmptyBulkIsSafeWithZeroCapacity (0 ms)
[----------] 12 tests from ActionBufferQueueTest (273 ms total)

[----------] 8 tests from ArrayTest
[ RUN      ] ArrayTest.ViewsPreserveHighDimensionalShapesAndData
[       OK ] ArrayTest.ViewsPreserveHighDimensionalShapesAndData (0 ms)
[ RUN      ] ArrayTest.TruncateAndSharedPtrKeepOwnedStorageAlive
[       OK ] ArrayTest.TruncateAndSharedPtrKeepOwnedStorageAlive (0 ms)
[ RUN      ] ArrayTest.SharedPtrPreservesNonOwningDataPointer
[       OK ] ArrayTest.SharedPtrPreservesNonOwningDataPointer (0 ms)
[ RUN      ] ArrayTest.ViewsDoNotExtendBackingStorageLifetime
[       OK ] ArrayTest.ViewsDoNotExtendBackingStorageLifetime (0 ms)
[ RUN      ] ArrayTest.TypedTruncateSharesData
[       OK ] ArrayTest.TypedTruncateSharesData (0 ms)
[ RUN      ] ArrayTest.TruncateInPlacePreservesHighDimensionalShapeAndData
[       OK ] ArrayTest.TruncateInPlacePreservesHighDimensionalShapeAndData (0 ms)
[ RUN      ] ArrayTest.TruncateInPlaceHandlesEmptyDimensions
[       OK ] ArrayTest.TruncateInPlaceHandlesEmptyDimensions (0 ms)
[ RUN      ] ArrayTest.TruncateInPlaceRetainsSharedOwnershipAndCustomDeleter
[       OK ] ArrayTest.TruncateInPlaceRetainsSharedOwnershipAndCustomDeleter (0 ms)
[----------] 8 tests from ArrayTest (0 ms total)

[----------] 1 test from CircularBufferTest
[ RUN      ] CircularBufferTest.Basic
[       OK ] CircularBufferTest.Basic (21 ms)
[----------] 1 test from CircularBufferTest (21 ms total)

[----------] 9 tests from ContainerOutputTest
[ RUN      ] ContainerOutputTest.QueuedOutputReclaimedOnPoolDestruction
[       OK ] ContainerOutputTest.QueuedOutputReclaimedOnPoolDestruction (4 ms)
[ RUN      ] ContainerOutputTest.ReceivedOutputLivesUntilLastArrayOwner
[       OK ] ContainerOutputTest.ReceivedOutputLivesUntilLastArrayOwner (1 ms)
[ RUN      ] ContainerOutputTest.ExtractedPayloadOwnsItsStorage
[       OK ] ContainerOutputTest.ExtractedPayloadOwnsItsStorage (1 ms)
[ RUN      ] ContainerOutputTest.TruncateReclaimsOriginalCapacity
[       OK ] ContainerOutputTest.TruncateReclaimsOriginalCapacity (0 ms)
[ RUN      ] ContainerOutputTest.LastStrongOwnerReclaimsWithWeakObserverRetained
[       OK ] ContainerOutputTest.LastStrongOwnerReclaimsWithWeakObserverRetained (0 ms)
[ RUN      ] ContainerOutputTest.MixedShapePartialBatchRetainsReturnedPayloads
[       OK ] ContainerOutputTest.MixedShapePartialBatchRetainsReturnedPayloads (0 ms)
[ RUN      ] ContainerOutputTest.MixedShapePartialBatchReclaimsUnconsumedPayloads
[       OK ] ContainerOutputTest.MixedShapePartialBatchReclaimsUnconsumedPayloads (0 ms)
[ RUN      ] ContainerOutputTest.StockReplacementPreservesTypedRecipe
[       OK ] ContainerOutputTest.StockReplacementPreservesTypedRecipe (0 ms)
[ RUN      ] ContainerOutputTest.FallbackReplacementPreservesTypedRecipe
[       OK ] ContainerOutputTest.FallbackReplacementPreservesTypedRecipe (0 ms)
[----------] 9 tests from ContainerOutputTest (8 ms total)

[----------] 4 tests from DictTest
[ RUN      ] DictTest.Keys
[       OK ] DictTest.Keys (0 ms)
[ RUN      ] DictTest.Values
[       OK ] DictTest.Values (0 ms)
[ RUN      ] DictTest.Lookup
[       OK ] DictTest.Lookup (0 ms)
[ RUN      ] DictTest.Modification
[       OK ] DictTest.Modification (0 ms)
[----------] 4 tests from DictTest (0 ms total)

[----------] 4 tests from EnvDiscountTest
[ RUN      ] EnvDiscountTest.SinglePlayerDiscountMatchesDone
[       OK ] EnvDiscountTest.SinglePlayerDiscountMatchesDone (0 ms)
[ RUN      ] EnvDiscountTest.NonterminalDiscountIncludesEveryPlayer
[       OK ] EnvDiscountTest.NonterminalDiscountIncludesEveryPlayer (0 ms)
[ RUN      ] EnvDiscountTest.TerminalDiscountIncludesEveryPlayer
[       OK ] EnvDiscountTest.TerminalDiscountIncludesEveryPlayer (0 ms)
[ RUN      ] EnvDiscountTest.ZeroPlayersDoNotOverwriteNextEnvironment
[       OK ] EnvDiscountTest.ZeroPlayersDoNotOverwriteNextEnvironment (0 ms)
[----------] 4 tests from EnvDiscountTest (2 ms total)

[----------] 12 tests from PlayerActionIndexTest
[ RUN      ] PlayerActionIndexTest.EmptyInputKeepsOwningZeroPlayerArrays
[       OK ] PlayerActionIndexTest.EmptyInputKeepsOwningZeroPlayerArrays (0 ms)
[ RUN      ] PlayerActionIndexTest.NoMatchingIdsKeepsOwningZeroPlayerArrays
[       OK ] PlayerActionIndexTest.NoMatchingIdsKeepsOwningZeroPlayerArrays (0 ms)
[ RUN      ] PlayerActionIndexTest.OneMatchingPlayerUsesSingletonSlice
[       OK ] PlayerActionIndexTest.OneMatchingPlayerUsesSingletonSlice (0 ms)
[ RUN      ] PlayerActionIndexTest.ContiguousPrefixIgnoresForeignSuffix
[       OK ] PlayerActionIndexTest.ContiguousPrefixIgnoresForeignSuffix (0 ms)
[ RUN      ] PlayerActionIndexTest.ContiguousMiddleRetainsParentBatch
[       OK ] PlayerActionIndexTest.ContiguousMiddleRetainsParentBatch (0 ms)
[ RUN      ] PlayerActionIndexTest.ContiguousSuffixUsesOffsetSlice
[       OK ] PlayerActionIndexTest.ContiguousSuffixUsesOffsetSlice (0 ms)
[ RUN      ] PlayerActionIndexTest.AllIdsMatchUsesWholeBatchSlice
[       OK ] PlayerActionIndexTest.AllIdsMatchUsesWholeBatchSlice (0 ms)
[ RUN      ] PlayerActionIndexTest.EarlyGapGathersEveryLaterMatchInInputOrder
[       OK ] PlayerActionIndexTest.EarlyGapGathersEveryLaterMatchInInputOrder (0 ms)
[ RUN      ] PlayerActionIndexTest.LateGapIncludesEntireContiguousPrefix
[       OK ] PlayerActionIndexTest.LateGapIncludesEntireContiguousPrefix (0 ms)
[ RUN      ] PlayerActionIndexTest.ContiguousSlicePreservesEmptyInnerDimension
[       OK ] PlayerActionIndexTest.ContiguousSlicePreservesEmptyInnerDimension (0 ms)
[ RUN      ] PlayerActionIndexTest.RepeatedStepsReplaceIndicesAndInputBatch
[       OK ] PlayerActionIndexTest.RepeatedStepsReplaceIndicesAndInputBatch (0 ms)
[ RUN      ] PlayerActionIndexTest.SinglePlayerUsesBatchIndexWithoutScanningIds
[       OK ] PlayerActionIndexTest.SinglePlayerUsesBatchIndexWithoutScanningIds (0 ms)
[----------] 12 tests from PlayerActionIndexTest (5 ms total)

[----------] 6 tests from StateBufferQueueTest
[ RUN      ] StateBufferQueueTest.Basic
I0000 00:00:1791082846.714948    4053 state_buffer_queue_test.cc:36] 0 start
I0000 00:00:1791082846.714973    4053 state_buffer_queue_test.cc:39] 0 allocate
I0000 00:00:1791082846.714982    4053 state_buffer_queue_test.cc:41] 0 done_write
I0000 00:00:1791082846.714991    4053 state_buffer_queue_test.cc:36] 1 start
I0000 00:00:1791082846.715012    4053 state_buffer_queue_test.cc:39] 1 allocate
I0000 00:00:1791082846.715018    4053 state_buffer_queue_test.cc:41] 1 done_write
I0000 00:00:1791082846.715033    4053 state_buffer_queue_test.cc:36] 2 start
I0000 00:00:1791082846.715047    4053 state_buffer_queue_test.cc:39] 2 allocate
I0000 00:00:1791082846.715093    4053 state_buffer_queue_test.cc:41] 2 done_write
I0000 00:00:1791082846.715113    4053 state_buffer_queue_test.cc:36] 3 start
I0000 00:00:1791082846.715130    4053 state_buffer_queue_test.cc:39] 3 allocate
I0000 00:00:1791082846.715136    4053 state_buffer_queue_test.cc:41] 3 done_write
I0000 00:00:1791082846.715143    4053 state_buffer_queue_test.cc:36] 4 start
I0000 00:00:1791082846.715152    4053 state_buffer_queue_test.cc:39] 4 allocate
I0000 00:00:1791082846.715158    4053 state_buffer_queue_test.cc:41] 4 done_write
I0000 00:00:1791082846.715165    4053 state_buffer_queue_test.cc:36] 5 start
I0000 00:00:1791082846.715179    4053 state_buffer_queue_test.cc:39] 5 allocate
I0000 00:00:1791082846.715185    4053 state_buffer_queue_test.cc:41] 5 done_write
I0000 00:00:1791082846.715192    4053 state_buffer_queue_test.cc:36] 6 start
I0000 00:00:1791082846.715200    4053 state_buffer_queue_test.cc:39] 6 allocate
I0000 00:00:1791082846.715207    4053 state_buffer_queue_test.cc:41] 6 done_write
I0000 00:00:1791082846.715213    4053 state_buffer_queue_test.cc:36] 7 start
I0000 00:00:1791082846.715238    4053 state_buffer_queue_test.cc:39] 7 allocate
I0000 00:00:1791082846.715245    4053 state_buffer_queue_test.cc:41] 7 done_write
I0000 00:00:1791082846.715251    4053 state_buffer_queue_test.cc:36] 8 start
I0000 00:00:1791082846.715261    4053 state_buffer_queue_test.cc:39] 8 allocate
I0000 00:00:1791082846.715267    4053 state_buffer_queue_test.cc:41] 8 done_write
I0000 00:00:1791082846.715274    4053 state_buffer_queue_test.cc:36] 9 start
I0000 00:00:1791082846.715288    4053 state_buffer_queue_test.cc:39] 9 allocate
I0000 00:00:1791082846.715294    4053 state_buffer_queue_test.cc:41] 9 done_write
I0000 00:00:1791082846.715301    4053 state_buffer_queue_test.cc:36] 10 start
I0000 00:00:1791082846.715309    4053 state_buffer_queue_test.cc:39] 10 allocate
I0000 00:00:1791082846.715315    4053 state_buffer_queue_test.cc:41] 10 done_write
I0000 00:00:1791082846.715323    4053 state_buffer_queue_test.cc:36] 11 start
I0000 00:00:1791082846.715331    4053 state_buffer_queue_test.cc:39] 11 allocate
I0000 00:00:1791082846.715337    4053 state_buffer_queue_test.cc:41] 11 done_write
I0000 00:00:1791082846.715344    4053 state_buffer_queue_test.cc:36] 12 start
I0000 00:00:1791082846.715351    4053 state_buffer_queue_test.cc:39] 12 allocate
I0000 00:00:1791082846.715357    4053 state_buffer_queue_test.cc:41] 12 done_write
I0000 00:00:1791082846.715364    4053 state_buffer_queue_test.cc:36] 13 start
I0000 00:00:1791082846.715372    4053 state_buffer_queue_test.cc:39] 13 allocate
I0000 00:00:1791082846.715378    4053 state_buffer_queue_test.cc:41] 13 done_write
I0000 00:00:1791082846.715385    4053 state_buffer_queue_test.cc:36] 14 start
I0000 00:00:1791082846.715392    4053 state_buffer_queue_test.cc:39] 14 allocate
I0000 00:00:1791082846.715398    4053 state_buffer_queue_test.cc:41] 14 done_write
I0000 00:00:1791082846.715405    4053 state_buffer_queue_test.cc:36] 15 start
I0000 00:00:1791082846.715450    4053 state_buffer_queue_test.cc:39] 15 allocate
I0000 00:00:1791082846.715457    4053 state_buffer_queue_test.cc:41] 15 done_write
I0000 00:00:1791082846.715464    4053 state_buffer_queue_test.cc:36] 16 start
I0000 00:00:1791082846.715474    4053 state_buffer_queue_test.cc:39] 16 allocate
I0000 00:00:1791082846.715480    4053 state_buffer_queue_test.cc:41] 16 done_write
I0000 00:00:1791082846.715486    4053 state_buffer_queue_test.cc:36] 17 start
I0000 00:00:1791082846.715494    4053 state_buffer_queue_test.cc:39] 17 allocate
I0000 00:00:1791082846.715500    4053 state_buffer_queue_test.cc:41] 17 done_write
I0000 00:00:1791082846.715506    4053 state_buffer_queue_test.cc:36] 18 start
I0000 00:00:1791082846.715514    4053 state_buffer_queue_test.cc:39] 18 allocate
I0000 00:00:1791082846.715520    4053 state_buffer_queue_test.cc:41] 18 done_write
I0000 00:00:1791082846.715527    4053 state_buffer_queue_test.cc:36] 19 start
I0000 00:00:1791082846.715535    4053 state_buffer_queue_test.cc:39] 19 allocate
I0000 00:00:1791082846.715541    4053 state_buffer_queue_test.cc:41] 19 done_write
I0000 00:00:1791082846.715547    4053 state_buffer_queue_test.cc:36] 20 start
I0000 00:00:1791082846.715555    4053 state_buffer_queue_test.cc:39] 20 allocate
I0000 00:00:1791082846.715562    4053 state_buffer_queue_test.cc:41] 20 done_write
I0000 00:00:1791082846.715568    4053 state_buffer_queue_test.cc:36] 21 start
I0000 00:00:1791082846.715576    4053 state_buffer_queue_test.cc:39] 21 allocate
I0000 00:00:1791082846.715582    4053 state_buffer_queue_test.cc:41] 21 done_write
I0000 00:00:1791082846.715591    4053 state_buffer_queue_test.cc:36] 22 start
I0000 00:00:1791082846.715600    4053 state_buffer_queue_test.cc:39] 22 allocate
I0000 00:00:1791082846.715608    4053 state_buffer_queue_test.cc:41] 22 done_write
I0000 00:00:1791082846.715615    4053 state_buffer_queue_test.cc:36] 23 start
I0000 00:00:1791082846.715623    4053 state_buffer_queue_test.cc:39] 23 allocate
I0000 00:00:1791082846.715629    4053 state_buffer_queue_test.cc:41] 23 done_write
I0000 00:00:1791082846.715636    4053 state_buffer_queue_test.cc:36] 24 start
I0000 00:00:1791082846.715643    4053 state_buffer_queue_test.cc:39] 24 allocate
I0000 00:00:1791082846.715649    4053 state_buffer_queue_test.cc:41] 24 done_write
I0000 00:00:1791082846.715656    4053 state_buffer_queue_test.cc:36] 25 start
I0000 00:00:1791082846.715664    4053 state_buffer_queue_test.cc:39] 25 allocate
I0000 00:00:1791082846.715671    4053 state_buffer_queue_test.cc:41] 25 done_write
I0000 00:00:1791082846.715677    4053 state_buffer_queue_test.cc:36] 26 start
I0000 00:00:1791082846.715687    4053 state_buffer_queue_test.cc:39] 26 allocate
I0000 00:00:1791082846.715693    4053 state_buffer_queue_test.cc:41] 26 done_write
I0000 00:00:1791082846.715700    4053 state_buffer_queue_test.cc:36] 27 start
I0000 00:00:1791082846.715708    4053 state_buffer_queue_test.cc:39] 27 allocate
I0000 00:00:1791082846.715714    4053 state_buffer_queue_test.cc:41] 27 done_write
I0000 00:00:1791082846.715721    4053 state_buffer_queue_test.cc:36] 28 start
I0000 00:00:1791082846.715729    4053 state_buffer_queue_test.cc:39] 28 allocate
I0000 00:00:1791082846.715735    4053 state_buffer_queue_test.cc:41] 28 done_write
I0000 00:00:1791082846.715742    4053 state_buffer_queue_test.cc:36] 29 start
I0000 00:00:1791082846.715750    4053 state_buffer_queue_test.cc:39] 29 allocate
I0000 00:00:1791082846.715756    4053 state_buffer_queue_test.cc:41] 29 done_write
I0000 00:00:1791082846.715771    4053 state_buffer_queue_test.cc:36] 30 start
I0000 00:00:1791082846.715779    4053 state_buffer_queue_test.cc:39] 30 allocate
I0000 00:00:1791082846.715788    4053 state_buffer_queue_test.cc:41] 30 done_write
I0000 00:00:1791082846.715794    4053 state_buffer_queue_test.cc:36] 31 start
I0000 00:00:1791082846.715809    4053 state_buffer_queue_test.cc:39] 31 allocate
I0000 00:00:1791082846.715815    4053 state_buffer_queue_test.cc:41] 31 done_write
I0000 00:00:1791082846.715840    4053 state_buffer_queue_test.cc:47] finish wait
[       OK ] StateBufferQueueTest.Basic (2 ms)
[ RUN      ] StateBufferQueueTest.SinglePlayerSync
[       OK ] StateBufferQueueTest.SinglePlayerSync (107 ms)
[ RUN      ] StateBufferQueueTest.NumPlayers
[       OK ] StateBufferQueueTest.NumPlayers (0 ms)
[ RUN      ] StateBufferQueueTest.MultipleTimes
[       OK ] StateBufferQueueTest.MultipleTimes (710 ms)
[ RUN      ] StateBufferQueueTest.ConcurrentSinglePlayer
[       OK ] StateBufferQueueTest.ConcurrentSinglePlayer (2621 ms)
[ RUN      ] StateBufferQueueTest.ConcurrentMultiPlayer
[       OK ] StateBufferQueueTest.ConcurrentMultiPlayer (2580 ms)
[----------] 6 tests from StateBufferQueueTest (6025 ms total)

[----------] 9 tests from StateBufferTest
[ RUN      ] StateBufferTest.Basic
[       OK ] StateBufferTest.Basic (0 ms)
[ RUN      ] StateBufferTest.SinglePlayerSync
[       OK ] StateBufferTest.SinglePlayerSync (0 ms)
[ RUN      ] StateBufferTest.Truncate
[       OK ] StateBufferTest.Truncate (0 ms)
[ RUN      ] StateBufferTest.MultiPlayers
[       OK ] StateBufferTest.MultiPlayers (0 ms)
[ RUN      ] StateBufferTest.PartialSyncShuffledOutputsSurviveBufferDestruction
[       OK ] StateBufferTest.PartialSyncShuffledOutputsSurviveBufferDestruction (0 ms)
[ RUN      ] StateBufferTest.PartialMultiPlayerOutputsIncludeZeroPlayerEnvironments
[       OK ] StateBufferTest.PartialMultiPlayerOutputsIncludeZeroPlayerEnvironments (0 ms)
[ RUN      ] StateBufferTest.NoPlayersReturnsEmptyPlayerShapesAndSharedData
[       OK ] StateBufferTest.NoPlayersReturnsEmptyPlayerShapesAndSharedData (0 ms)
[ RUN      ] StateBufferTest.PartialWaitRequiresEveryAllocatedWriterToComplete
[       OK ] StateBufferTest.PartialWaitRequiresEveryAllocatedWriterToComplete (20 ms)
[ RUN      ] StateBufferTest.CompletionAllowsImmediateDestruction
[       OK ] StateBufferTest.CompletionAllowsImmediateDestruction (194 ms)
[----------] 9 tests from StateBufferTest (215 ms total)

[----------] 11 tests from StateTupleTest
[ RUN      ] StateTupleTest.MatchesVectorScalarMultidimensionalAndPartialPlayerViews
[       OK ] StateTupleTest.MatchesVectorScalarMultidimensionalAndPartialPlayerViews (0 ms)
[ RUN      ] StateTupleTest.MatchesVectorWhenEveryEnvironmentHasZeroPlayers
[       OK ] StateTupleTest.MatchesVectorWhenEveryEnvironmentHasZeroPlayers (0 ms)
[ RUN      ] StateTupleTest.SinglePlayerReversedOrderMatchesBothFieldLayouts
[       OK ] StateTupleTest.SinglePlayerReversedOrderMatchesBothFieldLayouts (0 ms)
[ RUN      ] StateTupleTest.MultiPlayerIgnoresOrderIncludingEmptySlices
[       OK ] StateTupleTest.MultiPlayerIgnoresOrderIncludingEmptySlices (0 ms)
[ RUN      ] StateTupleTest.MixedAllocationsShareQuotaAndPreserveFailureOffsets
I0000 00:00:1791082852.955701    4053 state_buffer.h:246] Allocation failed, continue to the next block of memory
I0000 00:00:1791082852.955770    4053 state_buffer.h:246] Allocation failed, continue to the next block of memory
[       OK ] StateTupleTest.MixedAllocationsShareQuotaAndPreserveFailureOffsets (0 ms)
[ RUN      ] StateTupleTest.DestroyingTypedSliceDoesNotCompleteItsReservation
[       OK ] StateTupleTest.DestroyingTypedSliceDoesNotCompleteItsReservation (0 ms)
[ RUN      ] StateTupleTest.MixedQueueAllocationsSurvivePartialAndReplacementCycles
[       OK ] StateTupleTest.MixedQueueAllocationsSurvivePartialAndReplacementCycles (1 ms)
[ RUN      ] StateTupleTest.QueueForwardsSyncOrderAcrossMixedReplacementCycles
[       OK ] StateTupleTest.QueueForwardsSyncOrderAcrossMixedReplacementCycles (0 ms)
[ RUN      ] StateTupleTest.PartialWaitStillRequiresDelayedTypedLastWriter
[       OK ] StateTupleTest.PartialWaitStillRequiresDelayedTypedLastWriter (0 ms)
[ RUN      ] StateTupleTest.TypedCompletionAllowsImmediateBufferRetirement
[       OK ] StateTupleTest.TypedCompletionAllowsImmediateBufferRetirement (47 ms)
[ RUN      ] StateTupleTest.EnvInitializesScalarMultidimensionalAndEmptyContainers
[       OK ] StateTupleTest.EnvInitializesScalarMultidimensionalAndEmptyContainers (0 ms)
[----------] 11 tests from StateTupleTest (50 ms total)

[----------] 9 tests from DummyEnvPoolTest
[ RUN      ] DummyEnvPoolTest.TimingAccumulatorsStartAtZero
[       OK ] DummyEnvPoolTest.TimingAccumulatorsStartAtZero (1 ms)
[ RUN      ] DummyEnvPoolTest.DiscountMatchesDoneForEveryPlayer
[       OK ] DummyEnvPoolTest.DiscountMatchesDoneForEveryPlayer (3 ms)
[ RUN      ] DummyEnvPoolTest.ShutdownIdleWorkers
[       OK ] DummyEnvPoolTest.ShutdownIdleWorkers (196 ms)
[ RUN      ] DummyEnvPoolTest.ShutdownWithPendingReset
[       OK ] DummyEnvPoolTest.ShutdownWithPendingReset (186 ms)
[ RUN      ] DummyEnvPoolTest.ShutdownJoinsInFlightResetBeforeDestroyingEnvironment
[       OK ] DummyEnvPoolTest.ShutdownJoinsInFlightResetBeforeDestroyingEnvironment (52 ms)
[ RUN      ] DummyEnvPoolTest.SplitZeroAction
[       OK ] DummyEnvPoolTest.SplitZeroAction (3 ms)
[ RUN      ] DummyEnvPoolTest.SmokeSynchronousSinglePlayer
I0000 00:00:1791082853.450624    4053 dummy_envpool_test.cc:332] 1 1 3 32 1 1
I0000 00:00:1791082853.454706    4053 dummy_envpool_test.cc:435] time(s): 0.00314789, FPS: 10165.6
[       OK ] DummyEnvPoolTest.SmokeSynchronousSinglePlayer (4 ms)
[ RUN      ] DummyEnvPoolTest.SmokeAsynchronousSinglePlayer
I0000 00:00:1791082853.455133    4053 dummy_envpool_test.cc:332] 8 4 3 64 2 1
I0000 00:00:1791082853.463271    4053 dummy_envpool_test.cc:435] time(s): 0.0054183, FPS: 47247.3
[       OK ] DummyEnvPoolTest.SmokeAsynchronousSinglePlayer (9 ms)
[ RUN      ] DummyEnvPoolTest.SmokeAsynchronousMultiPlayer
I0000 00:00:1791082853.464181    4053 dummy_envpool_test.cc:332] 8 4 3 64 2 4
I0000 00:00:1791082853.472916    4053 dummy_envpool_test.cc:435] time(s): 0.00521347, FPS: 49103.5
[       OK ] DummyEnvPoolTest.SmokeAsynchronousMultiPlayer (9 ms)
[----------] 9 tests from DummyEnvPoolTest (468 ms total)

[==========] 86 tests from 12 test suites ran. (7106 ms total)
[  PASSED  ] 86 tests.

Repeating all tests (iteration 3) . . .

Note: Google Test filter = *-DummyEnvPoolTest.SinglePlayer:DummyEnvPoolTest.MultiPlayers
[==========] Running 86 tests from 12 test suites.
[----------] 1 test from StateTupleDeathTest
[ RUN      ] StateTupleDeathTest.RejectsBothShortAndLongTuples
[       OK ] StateTupleDeathTest.RejectsBothShortAndLongTuples (40 ms)
[----------] 1 test from StateTupleDeathTest (40 ms total)

[----------] 12 tests from ActionBufferQueueTest
[ RUN      ] ActionBufferQueueTest.ShutdownWakesEmptyQueueWithoutAdvancingCursors
[       OK ] ActionBufferQueueTest.ShutdownWakesEmptyQueueWithoutAdvancingCursors (2 ms)
[ RUN      ] ActionBufferQueueTest.ShutdownWakePreservesPendingAction
[       OK ] ActionBufferQueueTest.ShutdownWakePreservesPendingAction (1 ms)
[ RUN      ] ActionBufferQueueTest.StopAwareDequeuePreservesActiveDelivery
[       OK ] ActionBufferQueueTest.StopAwareDequeuePreservesActiveDelivery (0 ms)
[ RUN      ] ActionBufferQueueTest.SmallRingWraparoundPreservesPayloadsAndCounters
[       OK ] ActionBufferQueueTest.SmallRingWraparoundPreservesPayloadsAndCounters (6 ms)
[ RUN      ] ActionBufferQueueTest.BoundedMultipleProducersAndConsumersExactlyOnce
[       OK ] ActionBufferQueueTest.BoundedMultipleProducersAndConsumersExactlyOnce (33 ms)
[ RUN      ] ActionBufferQueueTest.DelayedConsumerKeepsPayloadAcrossRingReuse
[       OK ] ActionBufferQueueTest.DelayedConsumerKeepsPayloadAcrossRingReuse (1 ms)
[ RUN      ] ActionBufferQueueTest.ConcurrentProducerBulksRemainContiguous
[       OK ] ActionBufferQueueTest.ConcurrentProducerBulksRemainContiguous (163 ms)
[ RUN      ] ActionBufferQueueTest.Concurrent
[       OK ] ActionBufferQueueTest.Concurrent (79 ms)
[ RUN      ] ActionBufferQueueTest.BulkWrapPreservesOrderWithNonPowerOfTwoCapacity
[       OK ] ActionBufferQueueTest.BulkWrapPreservesOrderWithNonPowerOfTwoCapacity (0 ms)
[ RUN      ] ActionBufferQueueTest.ConcurrentConsumersPreserveEveryWrappedAction
[       OK ] ActionBufferQueueTest.ConcurrentConsumersPreserveEveryWrappedAction (11 ms)
[ RUN      ] ActionBufferQueueTest.BulkWrapMatchesUnsignedCounterRollover
[       OK ] ActionBufferQueueTest.BulkWrapMatchesUnsignedCounterRollover (0 ms)
[ RUN      ] ActionBufferQueueTest.EmptyBulkIsSafeWithZeroCapacity
[       OK ] ActionBufferQueueTest.EmptyBulkIsSafeWithZeroCapacity (0 ms)
[----------] 12 tests from ActionBufferQueueTest (299 ms total)

[----------] 8 tests from ArrayTest
[ RUN      ] ArrayTest.ViewsPreserveHighDimensionalShapesAndData
[       OK ] ArrayTest.ViewsPreserveHighDimensionalShapesAndData (0 ms)
[ RUN      ] ArrayTest.TruncateAndSharedPtrKeepOwnedStorageAlive
[       OK ] ArrayTest.TruncateAndSharedPtrKeepOwnedStorageAlive (0 ms)
[ RUN      ] ArrayTest.SharedPtrPreservesNonOwningDataPointer
[       OK ] ArrayTest.SharedPtrPreservesNonOwningDataPointer (0 ms)
[ RUN      ] ArrayTest.ViewsDoNotExtendBackingStorageLifetime
[       OK ] ArrayTest.ViewsDoNotExtendBackingStorageLifetime (0 ms)
[ RUN      ] ArrayTest.TypedTruncateSharesData
[       OK ] ArrayTest.TypedTruncateSharesData (0 ms)
[ RUN      ] ArrayTest.TruncateInPlacePreservesHighDimensionalShapeAndData
[       OK ] ArrayTest.TruncateInPlacePreservesHighDimensionalShapeAndData (0 ms)
[ RUN      ] ArrayTest.TruncateInPlaceHandlesEmptyDimensions
[       OK ] ArrayTest.TruncateInPlaceHandlesEmptyDimensions (0 ms)
[ RUN      ] ArrayTest.TruncateInPlaceRetainsSharedOwnershipAndCustomDeleter
[       OK ] ArrayTest.TruncateInPlaceRetainsSharedOwnershipAndCustomDeleter (0 ms)
[----------] 8 tests from ArrayTest (0 ms total)

[----------] 1 test from CircularBufferTest
[ RUN      ] CircularBufferTest.Basic
[       OK ] CircularBufferTest.Basic (20 ms)
[----------] 1 test from CircularBufferTest (20 ms total)

[----------] 9 tests from ContainerOutputTest
[ RUN      ] ContainerOutputTest.QueuedOutputReclaimedOnPoolDestruction
[       OK ] ContainerOutputTest.QueuedOutputReclaimedOnPoolDestruction (3 ms)
[ RUN      ] ContainerOutputTest.ReceivedOutputLivesUntilLastArrayOwner
[       OK ] ContainerOutputTest.ReceivedOutputLivesUntilLastArrayOwner (1 ms)
[ RUN      ] ContainerOutputTest.ExtractedPayloadOwnsItsStorage
[       OK ] ContainerOutputTest.ExtractedPayloadOwnsItsStorage (1 ms)
[ RUN      ] ContainerOutputTest.TruncateReclaimsOriginalCapacity
[       OK ] ContainerOutputTest.TruncateReclaimsOriginalCapacity (0 ms)
[ RUN      ] ContainerOutputTest.LastStrongOwnerReclaimsWithWeakObserverRetained
[       OK ] ContainerOutputTest.LastStrongOwnerReclaimsWithWeakObserverRetained (0 ms)
[ RUN      ] ContainerOutputTest.MixedShapePartialBatchRetainsReturnedPayloads
[       OK ] ContainerOutputTest.MixedShapePartialBatchRetainsReturnedPayloads (0 ms)
[ RUN      ] ContainerOutputTest.MixedShapePartialBatchReclaimsUnconsumedPayloads
[       OK ] ContainerOutputTest.MixedShapePartialBatchReclaimsUnconsumedPayloads (0 ms)
[ RUN      ] ContainerOutputTest.StockReplacementPreservesTypedRecipe
[       OK ] ContainerOutputTest.StockReplacementPreservesTypedRecipe (0 ms)
[ RUN      ] ContainerOutputTest.FallbackReplacementPreservesTypedRecipe
[       OK ] ContainerOutputTest.FallbackReplacementPreservesTypedRecipe (0 ms)
[----------] 9 tests from ContainerOutputTest (7 ms total)

[----------] 4 tests from DictTest
[ RUN      ] DictTest.Keys
[       OK ] DictTest.Keys (0 ms)
[ RUN      ] DictTest.Values
[       OK ] DictTest.Values (0 ms)
[ RUN      ] DictTest.Lookup
[       OK ] DictTest.Lookup (0 ms)
[ RUN      ] DictTest.Modification
[       OK ] DictTest.Modification (0 ms)
[----------] 4 tests from DictTest (0 ms total)

[----------] 4 tests from EnvDiscountTest
[ RUN      ] EnvDiscountTest.SinglePlayerDiscountMatchesDone
[       OK ] EnvDiscountTest.SinglePlayerDiscountMatchesDone (0 ms)
[ RUN      ] EnvDiscountTest.NonterminalDiscountIncludesEveryPlayer
[       OK ] EnvDiscountTest.NonterminalDiscountIncludesEveryPlayer (0 ms)
[ RUN      ] EnvDiscountTest.TerminalDiscountIncludesEveryPlayer
[       OK ] EnvDiscountTest.TerminalDiscountIncludesEveryPlayer (0 ms)
[ RUN      ] EnvDiscountTest.ZeroPlayersDoNotOverwriteNextEnvironment
[       OK ] EnvDiscountTest.ZeroPlayersDoNotOverwriteNextEnvironment (1 ms)
[----------] 4 tests from EnvDiscountTest (2 ms total)

[----------] 12 tests from PlayerActionIndexTest
[ RUN      ] PlayerActionIndexTest.EmptyInputKeepsOwningZeroPlayerArrays
[       OK ] PlayerActionIndexTest.EmptyInputKeepsOwningZeroPlayerArrays (0 ms)
[ RUN      ] PlayerActionIndexTest.NoMatchingIdsKeepsOwningZeroPlayerArrays
[       OK ] PlayerActionIndexTest.NoMatchingIdsKeepsOwningZeroPlayerArrays (0 ms)
[ RUN      ] PlayerActionIndexTest.OneMatchingPlayerUsesSingletonSlice
[       OK ] PlayerActionIndexTest.OneMatchingPlayerUsesSingletonSlice (0 ms)
[ RUN      ] PlayerActionIndexTest.ContiguousPrefixIgnoresForeignSuffix
[       OK ] PlayerActionIndexTest.ContiguousPrefixIgnoresForeignSuffix (0 ms)
[ RUN      ] PlayerActionIndexTest.ContiguousMiddleRetainsParentBatch
[       OK ] PlayerActionIndexTest.ContiguousMiddleRetainsParentBatch (4 ms)
[ RUN      ] PlayerActionIndexTest.ContiguousSuffixUsesOffsetSlice
[       OK ] PlayerActionIndexTest.ContiguousSuffixUsesOffsetSlice (0 ms)
[ RUN      ] PlayerActionIndexTest.AllIdsMatchUsesWholeBatchSlice
[       OK ] PlayerActionIndexTest.AllIdsMatchUsesWholeBatchSlice (0 ms)
[ RUN      ] PlayerActionIndexTest.EarlyGapGathersEveryLaterMatchInInputOrder
[       OK ] PlayerActionIndexTest.EarlyGapGathersEveryLaterMatchInInputOrder (0 ms)
[ RUN      ] PlayerActionIndexTest.LateGapIncludesEntireContiguousPrefix
[       OK ] PlayerActionIndexTest.LateGapIncludesEntireContiguousPrefix (0 ms)
[ RUN      ] PlayerActionIndexTest.ContiguousSlicePreservesEmptyInnerDimension
[       OK ] PlayerActionIndexTest.ContiguousSlicePreservesEmptyInnerDimension (0 ms)
[ RUN      ] PlayerActionIndexTest.RepeatedStepsReplaceIndicesAndInputBatch
[       OK ] PlayerActionIndexTest.RepeatedStepsReplaceIndicesAndInputBatch (0 ms)
[ RUN      ] PlayerActionIndexTest.SinglePlayerUsesBatchIndexWithoutScanningIds
[       OK ] PlayerActionIndexTest.SinglePlayerUsesBatchIndexWithoutScanningIds (0 ms)
[----------] 12 tests from PlayerActionIndexTest (10 ms total)

[----------] 6 tests from StateBufferQueueTest
[ RUN      ] StateBufferQueueTest.Basic
I0000 00:00:1791082853.861287    4053 state_buffer_queue_test.cc:36] 0 start
I0000 00:00:1791082853.861315    4053 state_buffer_queue_test.cc:39] 0 allocate
I0000 00:00:1791082853.861324    4053 state_buffer_queue_test.cc:41] 0 done_write
I0000 00:00:1791082853.861345    4053 state_buffer_queue_test.cc:36] 1 start
I0000 00:00:1791082853.861362    4053 state_buffer_queue_test.cc:39] 1 allocate
I0000 00:00:1791082853.861368    4053 state_buffer_queue_test.cc:41] 1 done_write
I0000 00:00:1791082853.861381    4053 state_buffer_queue_test.cc:36] 2 start
I0000 00:00:1791082853.861396    4053 state_buffer_queue_test.cc:39] 2 allocate
I0000 00:00:1791082853.861430    4053 state_buffer_queue_test.cc:41] 2 done_write
I0000 00:00:1791082853.861444    4053 state_buffer_queue_test.cc:36] 3 start
I0000 00:00:1791082853.861454    4053 state_buffer_queue_test.cc:39] 3 allocate
I0000 00:00:1791082853.861460    4053 state_buffer_queue_test.cc:41] 3 done_write
I0000 00:00:1791082853.861467    4053 state_buffer_queue_test.cc:36] 4 start
I0000 00:00:1791082853.861476    4053 state_buffer_queue_test.cc:39] 4 allocate
I0000 00:00:1791082853.861482    4053 state_buffer_queue_test.cc:41] 4 done_write
I0000 00:00:1791082853.861489    4053 state_buffer_queue_test.cc:36] 5 start
I0000 00:00:1791082853.861498    4053 state_buffer_queue_test.cc:39] 5 allocate
I0000 00:00:1791082853.861504    4053 state_buffer_queue_test.cc:41] 5 done_write
I0000 00:00:1791082853.861510    4053 state_buffer_queue_test.cc:36] 6 start
I0000 00:00:1791082853.861519    4053 state_buffer_queue_test.cc:39] 6 allocate
I0000 00:00:1791082853.861525    4053 state_buffer_queue_test.cc:41] 6 done_write
I0000 00:00:1791082853.861532    4053 state_buffer_queue_test.cc:36] 7 start
I0000 00:00:1791082853.861545    4053 state_buffer_queue_test.cc:39] 7 allocate
I0000 00:00:1791082853.861552    4053 state_buffer_queue_test.cc:41] 7 done_write
I0000 00:00:1791082853.861558    4053 state_buffer_queue_test.cc:36] 8 start
I0000 00:00:1791082853.861567    4053 state_buffer_queue_test.cc:39] 8 allocate
I0000 00:00:1791082853.861572    4053 state_buffer_queue_test.cc:41] 8 done_write
I0000 00:00:1791082853.861579    4053 state_buffer_queue_test.cc:36] 9 start
I0000 00:00:1791082853.861589    4053 state_buffer_queue_test.cc:39] 9 allocate
I0000 00:00:1791082853.861595    4053 state_buffer_queue_test.cc:41] 9 done_write
I0000 00:00:1791082853.861601    4053 state_buffer_queue_test.cc:36] 10 start
I0000 00:00:1791082853.861612    4053 state_buffer_queue_test.cc:39] 10 allocate
I0000 00:00:1791082853.861618    4053 state_buffer_queue_test.cc:41] 10 done_write
I0000 00:00:1791082853.861624    4053 state_buffer_queue_test.cc:36] 11 start
I0000 00:00:1791082853.861632    4053 state_buffer_queue_test.cc:39] 11 allocate
I0000 00:00:1791082853.861638    4053 state_buffer_queue_test.cc:41] 11 done_write
I0000 00:00:1791082853.861645    4053 state_buffer_queue_test.cc:36] 12 start
I0000 00:00:1791082853.861653    4053 state_buffer_queue_test.cc:39] 12 allocate
I0000 00:00:1791082853.861659    4053 state_buffer_queue_test.cc:41] 12 done_write
I0000 00:00:1791082853.861666    4053 state_buffer_queue_test.cc:36] 13 start
I0000 00:00:1791082853.861674    4053 state_buffer_queue_test.cc:39] 13 allocate
I0000 00:00:1791082853.861680    4053 state_buffer_queue_test.cc:41] 13 done_write
I0000 00:00:1791082853.861687    4053 state_buffer_queue_test.cc:36] 14 start
I0000 00:00:1791082853.861695    4053 state_buffer_queue_test.cc:39] 14 allocate
I0000 00:00:1791082853.861701    4053 state_buffer_queue_test.cc:41] 14 done_write
I0000 00:00:1791082853.861707    4053 state_buffer_queue_test.cc:36] 15 start
I0000 00:00:1791082853.861715    4053 state_buffer_queue_test.cc:39] 15 allocate
I0000 00:00:1791082853.861721    4053 state_buffer_queue_test.cc:41] 15 done_write
I0000 00:00:1791082853.861727    4053 state_buffer_queue_test.cc:36] 16 start
I0000 00:00:1791082853.861735    4053 state_buffer_queue_test.cc:39] 16 allocate
I0000 00:00:1791082853.861741    4053 state_buffer_queue_test.cc:41] 16 done_write
I0000 00:00:1791082853.861748    4053 state_buffer_queue_test.cc:36] 17 start
I0000 00:00:1791082853.861756    4053 state_buffer_queue_test.cc:39] 17 allocate
I0000 00:00:1791082853.861762    4053 state_buffer_queue_test.cc:41] 17 done_write
I0000 00:00:1791082853.861769    4053 state_buffer_queue_test.cc:36] 18 start
I0000 00:00:1791082853.861778    4053 state_buffer_queue_test.cc:39] 18 allocate
I0000 00:00:1791082853.861784    4053 state_buffer_queue_test.cc:41] 18 done_write
I0000 00:00:1791082853.861791    4053 state_buffer_queue_test.cc:36] 19 start
I0000 00:00:1791082853.861798    4053 state_buffer_queue_test.cc:39] 19 allocate
I0000 00:00:1791082853.861806    4053 state_buffer_queue_test.cc:41] 19 done_write
I0000 00:00:1791082853.861813    4053 state_buffer_queue_test.cc:36] 20 start
I0000 00:00:1791082853.861820    4053 state_buffer_queue_test.cc:39] 20 allocate
I0000 00:00:1791082853.861826    4053 state_buffer_queue_test.cc:41] 20 done_write
I0000 00:00:1791082853.861833    4053 state_buffer_queue_test.cc:36] 21 start
I0000 00:00:1791082853.861841    4053 state_buffer_queue_test.cc:39] 21 allocate
I0000 00:00:1791082853.861847    4053 state_buffer_queue_test.cc:41] 21 done_write
I0000 00:00:1791082853.861854    4053 state_buffer_queue_test.cc:36] 22 start
I0000 00:00:1791082853.861862    4053 state_buffer_queue_test.cc:39] 22 allocate
I0000 00:00:1791082853.861868    4053 state_buffer_queue_test.cc:41] 22 done_write
I0000 00:00:1791082853.861875    4053 state_buffer_queue_test.cc:36] 23 start
I0000 00:00:1791082853.861882    4053 state_buffer_queue_test.cc:39] 23 allocate
I0000 00:00:1791082853.861888    4053 state_buffer_queue_test.cc:41] 23 done_write
I0000 00:00:1791082853.861895    4053 state_buffer_queue_test.cc:36] 24 start
I0000 00:00:1791082853.861903    4053 state_buffer_queue_test.cc:39] 24 allocate
I0000 00:00:1791082853.861909    4053 state_buffer_queue_test.cc:41] 24 done_write
I0000 00:00:1791082853.861915    4053 state_buffer_queue_test.cc:36] 25 start
I0000 00:00:1791082853.861923    4053 state_buffer_queue_test.cc:39] 25 allocate
I0000 00:00:1791082853.861929    4053 state_buffer_queue_test.cc:41] 25 done_write
I0000 00:00:1791082853.861936    4053 state_buffer_queue_test.cc:36] 26 start
I0000 00:00:1791082853.861944    4053 state_buffer_queue_test.cc:39] 26 allocate
I0000 00:00:1791082853.861951    4053 state_buffer_queue_test.cc:41] 26 done_write
I0000 00:00:1791082853.861957    4053 state_buffer_queue_test.cc:36] 27 start
I0000 00:00:1791082853.861964    4053 state_buffer_queue_test.cc:39] 27 allocate
I0000 00:00:1791082853.861970    4053 state_buffer_queue_test.cc:41] 27 done_write
I0000 00:00:1791082853.861977    4053 state_buffer_queue_test.cc:36] 28 start
I0000 00:00:1791082853.861985    4053 state_buffer_queue_test.cc:39] 28 allocate
I0000 00:00:1791082853.861991    4053 state_buffer_queue_test.cc:41] 28 done_write
I0000 00:00:1791082853.861998    4053 state_buffer_queue_test.cc:36] 29 start
I0000 00:00:1791082853.862006    4053 state_buffer_queue_test.cc:39] 29 allocate
I0000 00:00:1791082853.862012    4053 state_buffer_queue_test.cc:41] 29 done_write
I0000 00:00:1791082853.862018    4053 state_buffer_queue_test.cc:36] 30 start
I0000 00:00:1791082853.862026    4053 state_buffer_queue_test.cc:39] 30 allocate
I0000 00:00:1791082853.862032    4053 state_buffer_queue_test.cc:41] 30 done_write
I0000 00:00:1791082853.862038    4053 state_buffer_queue_test.cc:36] 31 start
I0000 00:00:1791082853.862046    4053 state_buffer_queue_test.cc:39] 31 allocate
I0000 00:00:1791082853.862052    4053 state_buffer_queue_test.cc:41] 31 done_write
I0000 00:00:1791082853.862075    4053 state_buffer_queue_test.cc:47] finish wait
[       OK ] StateBufferQueueTest.Basic (3 ms)
[ RUN      ] StateBufferQueueTest.SinglePlayerSync
[       OK ] StateBufferQueueTest.SinglePlayerSync (129 ms)
[ RUN      ] StateBufferQueueTest.NumPlayers
[       OK ] StateBufferQueueTest.NumPlayers (0 ms)
[ RUN      ] StateBufferQueueTest.MultipleTimes
[       OK ] StateBufferQueueTest.MultipleTimes (759 ms)
[ RUN      ] StateBufferQueueTest.ConcurrentSinglePlayer
[       OK ] StateBufferQueueTest.ConcurrentSinglePlayer (2599 ms)
[ RUN      ] StateBufferQueueTest.ConcurrentMultiPlayer
[       OK ] StateBufferQueueTest.ConcurrentMultiPlayer (2603 ms)
[----------] 6 tests from StateBufferQueueTest (6097 ms total)

[----------] 9 tests from StateBufferTest
[ RUN      ] StateBufferTest.Basic
[       OK ] StateBufferTest.Basic (0 ms)
[ RUN      ] StateBufferTest.SinglePlayerSync
[       OK ] StateBufferTest.SinglePlayerSync (0 ms)
[ RUN      ] StateBufferTest.Truncate
[       OK ] StateBufferTest.Truncate (0 ms)
[ RUN      ] StateBufferTest.MultiPlayers
[       OK ] StateBufferTest.MultiPlayers (0 ms)
[ RUN      ] StateBufferTest.PartialSyncShuffledOutputsSurviveBufferDestruction
[       OK ] StateBufferTest.PartialSyncShuffledOutputsSurviveBufferDestruction (0 ms)
[ RUN      ] StateBufferTest.PartialMultiPlayerOutputsIncludeZeroPlayerEnvironments
[       OK ] StateBufferTest.PartialMultiPlayerOutputsIncludeZeroPlayerEnvironments (0 ms)
[ RUN      ] StateBufferTest.NoPlayersReturnsEmptyPlayerShapesAndSharedData
[       OK ] StateBufferTest.NoPlayersReturnsEmptyPlayerShapesAndSharedData (0 ms)
[ RUN      ] StateBufferTest.PartialWaitRequiresEveryAllocatedWriterToComplete
[       OK ] StateBufferTest.PartialWaitRequiresEveryAllocatedWriterToComplete (20 ms)
[ RUN      ] StateBufferTest.CompletionAllowsImmediateDestruction
[       OK ] StateBufferTest.CompletionAllowsImmediateDestruction (185 ms)
[----------] 9 tests from StateBufferTest (207 ms total)

[----------] 11 tests from StateTupleTest
[ RUN      ] StateTupleTest.MatchesVectorScalarMultidimensionalAndPartialPlayerViews
[       OK ] StateTupleTest.MatchesVectorScalarMultidimensionalAndPartialPlayerViews (0 ms)
[ RUN      ] StateTupleTest.MatchesVectorWhenEveryEnvironmentHasZeroPlayers
[       OK ] StateTupleTest.MatchesVectorWhenEveryEnvironmentHasZeroPlayers (0 ms)
[ RUN      ] StateTupleTest.SinglePlayerReversedOrderMatchesBothFieldLayouts
[       OK ] StateTupleTest.SinglePlayerReversedOrderMatchesBothFieldLayouts (0 ms)
[ RUN      ] StateTupleTest.MultiPlayerIgnoresOrderIncludingEmptySlices
[       OK ] StateTupleTest.MultiPlayerIgnoresOrderIncludingEmptySlices (0 ms)
[ RUN      ] StateTupleTest.MixedAllocationsShareQuotaAndPreserveFailureOffsets
I0000 00:00:1791082860.166848    4053 state_buffer.h:246] Allocation failed, continue to the next block of memory
I0000 00:00:1791082860.166920    4053 state_buffer.h:246] Allocation failed, continue to the next block of memory
[       OK ] StateTupleTest.MixedAllocationsShareQuotaAndPreserveFailureOffsets (0 ms)
[ RUN      ] StateTupleTest.DestroyingTypedSliceDoesNotCompleteItsReservation
[       OK ] StateTupleTest.DestroyingTypedSliceDoesNotCompleteItsReservation (0 ms)
[ RUN      ] StateTupleTest.MixedQueueAllocationsSurvivePartialAndReplacementCycles
[       OK ] StateTupleTest.MixedQueueAllocationsSurvivePartialAndReplacementCycles (1 ms)
[ RUN      ] StateTupleTest.QueueForwardsSyncOrderAcrossMixedReplacementCycles
[       OK ] StateTupleTest.QueueForwardsSyncOrderAcrossMixedReplacementCycles (0 ms)
[ RUN      ] StateTupleTest.PartialWaitStillRequiresDelayedTypedLastWriter
[       OK ] StateTupleTest.PartialWaitStillRequiresDelayedTypedLastWriter (0 ms)
[ RUN      ] StateTupleTest.TypedCompletionAllowsImmediateBufferRetirement
[       OK ] StateTupleTest.TypedCompletionAllowsImmediateBufferRetirement (37 ms)
[ RUN      ] StateTupleTest.EnvInitializesScalarMultidimensionalAndEmptyContainers
[       OK ] StateTupleTest.EnvInitializesScalarMultidimensionalAndEmptyContainers (0 ms)
[----------] 11 tests from StateTupleTest (40 ms total)

[----------] 9 tests from DummyEnvPoolTest
[ RUN      ] DummyEnvPoolTest.TimingAccumulatorsStartAtZero
[       OK ] DummyEnvPoolTest.TimingAccumulatorsStartAtZero (1 ms)
[ RUN      ] DummyEnvPoolTest.DiscountMatchesDoneForEveryPlayer
[       OK ] DummyEnvPoolTest.DiscountMatchesDoneForEveryPlayer (2 ms)
[ RUN      ] DummyEnvPoolTest.ShutdownIdleWorkers
[       OK ] DummyEnvPoolTest.ShutdownIdleWorkers (165 ms)
[ RUN      ] DummyEnvPoolTest.ShutdownWithPendingReset
[       OK ] DummyEnvPoolTest.ShutdownWithPendingReset (175 ms)
[ RUN      ] DummyEnvPoolTest.ShutdownJoinsInFlightResetBeforeDestroyingEnvironment
[       OK ] DummyEnvPoolTest.ShutdownJoinsInFlightResetBeforeDestroyingEnvironment (52 ms)
[ RUN      ] DummyEnvPoolTest.SplitZeroAction
[       OK ] DummyEnvPoolTest.SplitZeroAction (3 ms)
[ RUN      ] DummyEnvPoolTest.SmokeSynchronousSinglePlayer
I0000 00:00:1791082860.608380    4053 dummy_envpool_test.cc:332] 1 1 3 32 1 1
I0000 00:00:1791082860.612052    4053 dummy_envpool_test.cc:435] time(s): 0.00275553, FPS: 11613
[       OK ] DummyEnvPoolTest.SmokeSynchronousSinglePlayer (4 ms)
[ RUN      ] DummyEnvPoolTest.SmokeAsynchronousSinglePlayer
I0000 00:00:1791082860.612457    4053 dummy_envpool_test.cc:332] 8 4 3 64 2 1
I0000 00:00:1791082860.621236    4053 dummy_envpool_test.cc:435] time(s): 0.00566889, FPS: 45158.8
[       OK ] DummyEnvPoolTest.SmokeAsynchronousSinglePlayer (9 ms)
[ RUN      ] DummyEnvPoolTest.SmokeAsynchronousMultiPlayer
I0000 00:00:1791082860.622232    4053 dummy_envpool_test.cc:332] 8 4 3 64 2 4
I0000 00:00:1791082860.630679    4053 dummy_envpool_test.cc:435] time(s): 0.00595427, FPS: 42994.4
[       OK ] DummyEnvPoolTest.SmokeAsynchronousMultiPlayer (9 ms)
[----------] 9 tests from DummyEnvPoolTest (424 ms total)

[----------] Global test environment tear-down
[==========] 86 tests from 12 test suites ran. (7153 ms total)
[  PASSED  ] 86 tests.
