test_last_inner_view_owns_payload (test_conversion.ContainerConversionTest.test_last_inner_view_owns_payload)
Inner arrays outlive the pool, output buffer, and outer array. ... ok
test_second_element_failure_reclaims_all_payloads (test_conversion.ContainerConversionTest.test_second_element_failure_reclaims_all_payloads)
Failure frees converted, rejected, and untouched source payloads. ... ok
test_last_inner_view_owns_payload (test_conversion.ContainerConversionTest.test_last_inner_view_owns_payload)
Inner arrays outlive the pool, output buffer, and outer array. ... ok
test_second_element_failure_reclaims_all_payloads (test_conversion.ContainerConversionTest.test_second_element_failure_reclaims_all_payloads)
Failure frees converted, rejected, and untouched source payloads. ... ok
test_last_inner_view_owns_payload (test_conversion.ContainerConversionTest.test_last_inner_view_owns_payload)
Inner arrays outlive the pool, output buffer, and outer array. ... ok
test_second_element_failure_reclaims_all_payloads (test_conversion.ContainerConversionTest.test_second_element_failure_reclaims_all_payloads)
Failure frees converted, rejected, and untouched source payloads. ... ok
test_last_inner_view_owns_payload (test_conversion.ContainerConversionTest.test_last_inner_view_owns_payload)
Inner arrays outlive the pool, output buffer, and outer array. ... ok
test_second_element_failure_reclaims_all_payloads (test_conversion.ContainerConversionTest.test_second_element_failure_reclaims_all_payloads)
Failure frees converted, rejected, and untouched source payloads. ... ok
test_last_inner_view_owns_payload (test_conversion.ContainerConversionTest.test_last_inner_view_owns_payload)
Inner arrays outlive the pool, output buffer, and outer array. ... ok
test_second_element_failure_reclaims_all_payloads (test_conversion.ContainerConversionTest.test_second_element_failure_reclaims_all_payloads)
Failure frees converted, rejected, and untouched source payloads. ... ok
test_last_inner_view_owns_payload (test_conversion.ContainerConversionTest.test_last_inner_view_owns_payload)
Inner arrays outlive the pool, output buffer, and outer array. ... ok
test_second_element_failure_reclaims_all_payloads (test_conversion.ContainerConversionTest.test_second_element_failure_reclaims_all_payloads)
Failure frees converted, rejected, and untouched source payloads. ... ok
test_last_inner_view_owns_payload (test_conversion.ContainerConversionTest.test_last_inner_view_owns_payload)
Inner arrays outlive the pool, output buffer, and outer array. ... ok
test_second_element_failure_reclaims_all_payloads (test_conversion.ContainerConversionTest.test_second_element_failure_reclaims_all_payloads)
Failure frees converted, rejected, and untouched source payloads. ... ok
test_last_inner_view_owns_payload (test_conversion.ContainerConversionTest.test_last_inner_view_owns_payload)
Inner arrays outlive the pool, output buffer, and outer array. ... ok
test_second_element_failure_reclaims_all_payloads (test_conversion.ContainerConversionTest.test_second_element_failure_reclaims_all_payloads)
Failure frees converted, rejected, and untouched source payloads. ... ok
test_last_inner_view_owns_payload (test_conversion.ContainerConversionTest.test_last_inner_view_owns_payload)
Inner arrays outlive the pool, output buffer, and outer array. ... ok
test_second_element_failure_reclaims_all_payloads (test_conversion.ContainerConversionTest.test_second_element_failure_reclaims_all_payloads)
Failure frees converted, rejected, and untouched source payloads. ... ok
test_last_inner_view_owns_payload (test_conversion.ContainerConversionTest.test_last_inner_view_owns_payload)
Inner arrays outlive the pool, output buffer, and outer array. ... ok
test_second_element_failure_reclaims_all_payloads (test_conversion.ContainerConversionTest.test_second_element_failure_reclaims_all_payloads)
Failure frees converted, rejected, and untouched source payloads. ... ok
test_last_inner_view_owns_payload (test_conversion.ContainerConversionTest.test_last_inner_view_owns_payload)
Inner arrays outlive the pool, output buffer, and outer array. ... ok
test_second_element_failure_reclaims_all_payloads (test_conversion.ContainerConversionTest.test_second_element_failure_reclaims_all_payloads)
Failure frees converted, rejected, and untouched source payloads. ... ok
test_last_inner_view_owns_payload (test_conversion.ContainerConversionTest.test_last_inner_view_owns_payload)
Inner arrays outlive the pool, output buffer, and outer array. ... ok
test_second_element_failure_reclaims_all_payloads (test_conversion.ContainerConversionTest.test_second_element_failure_reclaims_all_payloads)
Failure frees converted, rejected, and untouched source payloads. ... ok
test_last_inner_view_owns_payload (test_conversion.ContainerConversionTest.test_last_inner_view_owns_payload)
Inner arrays outlive the pool, output buffer, and outer array. ... ok
test_second_element_failure_reclaims_all_payloads (test_conversion.ContainerConversionTest.test_second_element_failure_reclaims_all_payloads)
Failure frees converted, rejected, and untouched source payloads. ... ok
test_last_inner_view_owns_payload (test_conversion.ContainerConversionTest.test_last_inner_view_owns_payload)
Inner arrays outlive the pool, output buffer, and outer array. ... ok
test_second_element_failure_reclaims_all_payloads (test_conversion.ContainerConversionTest.test_second_element_failure_reclaims_all_payloads)
Failure frees converted, rejected, and untouched source payloads. ... ok
test_last_inner_view_owns_payload (test_conversion.ContainerConversionTest.test_last_inner_view_owns_payload)
Inner arrays outlive the pool, output buffer, and outer array. ... ok
test_second_element_failure_reclaims_all_payloads (test_conversion.ContainerConversionTest.test_second_element_failure_reclaims_all_payloads)
Failure frees converted, rejected, and untouched source payloads. ... ok
test_last_inner_view_owns_payload (test_conversion.ContainerConversionTest.test_last_inner_view_owns_payload)
Inner arrays outlive the pool, output buffer, and outer array. ... ok
test_second_element_failure_reclaims_all_payloads (test_conversion.ContainerConversionTest.test_second_element_failure_reclaims_all_payloads)
Failure frees converted, rejected, and untouched source payloads. ... ok
test_last_inner_view_owns_payload (test_conversion.ContainerConversionTest.test_last_inner_view_owns_payload)
Inner arrays outlive the pool, output buffer, and outer array. ... ok
test_second_element_failure_reclaims_all_payloads (test_conversion.ContainerConversionTest.test_second_element_failure_reclaims_all_payloads)
Failure frees converted, rejected, and untouched source payloads. ... ok
test_last_inner_view_owns_payload (test_conversion.ContainerConversionTest.test_last_inner_view_owns_payload)
Inner arrays outlive the pool, output buffer, and outer array. ... ok
test_second_element_failure_reclaims_all_payloads (test_conversion.ContainerConversionTest.test_second_element_failure_reclaims_all_payloads)
Failure frees converted, rejected, and untouched source payloads. ... ok
test_last_inner_view_owns_payload (test_conversion.ContainerConversionTest.test_last_inner_view_owns_payload)
Inner arrays outlive the pool, output buffer, and outer array. ... ok
test_second_element_failure_reclaims_all_payloads (test_conversion.ContainerConversionTest.test_second_element_failure_reclaims_all_payloads)
Failure frees converted, rejected, and untouched source payloads. ... ok
test_last_inner_view_owns_payload (test_conversion.ContainerConversionTest.test_last_inner_view_owns_payload)
Inner arrays outlive the pool, output buffer, and outer array. ... ok
test_second_element_failure_reclaims_all_payloads (test_conversion.ContainerConversionTest.test_second_element_failure_reclaims_all_payloads)
Failure frees converted, rejected, and untouched source payloads. ... ok
test_last_inner_view_owns_payload (test_conversion.ContainerConversionTest.test_last_inner_view_owns_payload)
Inner arrays outlive the pool, output buffer, and outer array. ... ok
test_second_element_failure_reclaims_all_payloads (test_conversion.ContainerConversionTest.test_second_element_failure_reclaims_all_payloads)
Failure frees converted, rejected, and untouched source payloads. ... ok
test_last_inner_view_owns_payload (test_conversion.ContainerConversionTest.test_last_inner_view_owns_payload)
Inner arrays outlive the pool, output buffer, and outer array. ... ok
test_second_element_failure_reclaims_all_payloads (test_conversion.ContainerConversionTest.test_second_element_failure_reclaims_all_payloads)
Failure frees converted, rejected, and untouched source payloads. ... ok
test_last_inner_view_owns_payload (test_conversion.ContainerConversionTest.test_last_inner_view_owns_payload)
Inner arrays outlive the pool, output buffer, and outer array. ... ok
test_second_element_failure_reclaims_all_payloads (test_conversion.ContainerConversionTest.test_second_element_failure_reclaims_all_payloads)
Failure frees converted, rejected, and untouched source payloads. ... ok
test_last_inner_view_owns_payload (test_conversion.ContainerConversionTest.test_last_inner_view_owns_payload)
Inner arrays outlive the pool, output buffer, and outer array. ... ok
test_second_element_failure_reclaims_all_payloads (test_conversion.ContainerConversionTest.test_second_element_failure_reclaims_all_payloads)
Failure frees converted, rejected, and untouched source payloads. ... ok
test_last_inner_view_owns_payload (test_conversion.ContainerConversionTest.test_last_inner_view_owns_payload)
Inner arrays outlive the pool, output buffer, and outer array. ... ok
test_second_element_failure_reclaims_all_payloads (test_conversion.ContainerConversionTest.test_second_element_failure_reclaims_all_payloads)
Failure frees converted, rejected, and untouched source payloads. ... ok

----------------------------------------------------------------------
Ran 50 tests in 0.738s

OK
