Running main() from $GTEST_ROOT/src/gtest_main.cc
[==========] Running 88 tests from 12 test suites.
[----------] Global test environment set-up.
[----------] 1 test from StateTupleDeathTest
[ RUN      ] StateTupleDeathTest.RejectsBothShortAndLongTuples
[       OK ] StateTupleDeathTest.RejectsBothShortAndLongTuples (1 ms)
[----------] 1 test from StateTupleDeathTest (1 ms total)

[----------] 12 tests from ActionBufferQueueTest
[ RUN      ] ActionBufferQueueTest.ShutdownWakesEmptyQueueWithoutAdvancingCursors
[       OK ] ActionBufferQueueTest.ShutdownWakesEmptyQueueWithoutAdvancingCursors (24 ms)
[ RUN      ] ActionBufferQueueTest.ShutdownWakePreservesPendingAction
[       OK ] ActionBufferQueueTest.ShutdownWakePreservesPendingAction (0 ms)
[ RUN      ] ActionBufferQueueTest.StopAwareDequeuePreservesActiveDelivery
[       OK ] ActionBufferQueueTest.StopAwareDequeuePreservesActiveDelivery (0 ms)
[ RUN      ] ActionBufferQueueTest.SmallRingWraparoundPreservesPayloadsAndCounters
[       OK ] ActionBufferQueueTest.SmallRingWraparoundPreservesPayloadsAndCounters (0 ms)
[ RUN      ] ActionBufferQueueTest.BoundedMultipleProducersAndConsumersExactlyOnce
[       OK ] ActionBufferQueueTest.BoundedMultipleProducersAndConsumersExactlyOnce (205 ms)
[ RUN      ] ActionBufferQueueTest.DelayedConsumerKeepsPayloadAcrossRingReuse
[       OK ] ActionBufferQueueTest.DelayedConsumerKeepsPayloadAcrossRingReuse (0 ms)
[ RUN      ] ActionBufferQueueTest.ConcurrentProducerBulksRemainContiguous
[       OK ] ActionBufferQueueTest.ConcurrentProducerBulksRemainContiguous (20 ms)
[ RUN      ] ActionBufferQueueTest.Concurrent
[       OK ] ActionBufferQueueTest.Concurrent (15 ms)
[ RUN      ] ActionBufferQueueTest.BulkWrapPreservesOrderWithNonPowerOfTwoCapacity
[       OK ] ActionBufferQueueTest.BulkWrapPreservesOrderWithNonPowerOfTwoCapacity (0 ms)
[ RUN      ] ActionBufferQueueTest.ConcurrentConsumersPreserveEveryWrappedAction
[       OK ] ActionBufferQueueTest.ConcurrentConsumersPreserveEveryWrappedAction (1 ms)
[ RUN      ] ActionBufferQueueTest.BulkWrapMatchesUnsignedCounterRollover
[       OK ] ActionBufferQueueTest.BulkWrapMatchesUnsignedCounterRollover (0 ms)
[ RUN      ] ActionBufferQueueTest.EmptyBulkIsSafeWithZeroCapacity
[       OK ] ActionBufferQueueTest.EmptyBulkIsSafeWithZeroCapacity (0 ms)
[----------] 12 tests from ActionBufferQueueTest (269 ms total)

[----------] 8 tests from ArrayTest
[ RUN      ] ArrayTest.ViewsPreserveHighDimensionalShapesAndData
[       OK ] ArrayTest.ViewsPreserveHighDimensionalShapesAndData (0 ms)
[ RUN      ] ArrayTest.TruncateAndSharedPtrKeepOwnedStorageAlive
[       OK ] ArrayTest.TruncateAndSharedPtrKeepOwnedStorageAlive (0 ms)
[ RUN      ] ArrayTest.SharedPtrPreservesNonOwningDataPointer
[       OK ] ArrayTest.SharedPtrPreservesNonOwningDataPointer (0 ms)
[ RUN      ] ArrayTest.ViewsDoNotExtendBackingStorageLifetime
[       OK ] ArrayTest.ViewsDoNotExtendBackingStorageLifetime (0 ms)
[ RUN      ] ArrayTest.TypedTruncateSharesData
[       OK ] ArrayTest.TypedTruncateSharesData (0 ms)
[ RUN      ] ArrayTest.TruncateInPlacePreservesHighDimensionalShapeAndData
[       OK ] ArrayTest.TruncateInPlacePreservesHighDimensionalShapeAndData (0 ms)
[ RUN      ] ArrayTest.TruncateInPlaceHandlesEmptyDimensions
[       OK ] ArrayTest.TruncateInPlaceHandlesEmptyDimensions (0 ms)
[ RUN      ] ArrayTest.TruncateInPlaceRetainsSharedOwnershipAndCustomDeleter
[       OK ] ArrayTest.TruncateInPlaceRetainsSharedOwnershipAndCustomDeleter (0 ms)
[----------] 8 tests from ArrayTest (0 ms total)

[----------] 1 test from CircularBufferTest
[ RUN      ] CircularBufferTest.Basic
[       OK ] CircularBufferTest.Basic (14 ms)
[----------] 1 test from CircularBufferTest (14 ms total)

[----------] 9 tests from ContainerOutputTest
[ RUN      ] ContainerOutputTest.QueuedOutputReclaimedOnPoolDestruction
[       OK ] ContainerOutputTest.QueuedOutputReclaimedOnPoolDestruction (0 ms)
[ RUN      ] ContainerOutputTest.ReceivedOutputLivesUntilLastArrayOwner
[       OK ] ContainerOutputTest.ReceivedOutputLivesUntilLastArrayOwner (0 ms)
[ RUN      ] ContainerOutputTest.ExtractedPayloadOwnsItsStorage
[       OK ] ContainerOutputTest.ExtractedPayloadOwnsItsStorage (0 ms)
[ RUN      ] ContainerOutputTest.TruncateReclaimsOriginalCapacity
[       OK ] ContainerOutputTest.TruncateReclaimsOriginalCapacity (0 ms)
[ RUN      ] ContainerOutputTest.LastStrongOwnerReclaimsWithWeakObserverRetained
[       OK ] ContainerOutputTest.LastStrongOwnerReclaimsWithWeakObserverRetained (0 ms)
[ RUN      ] ContainerOutputTest.MixedShapePartialBatchRetainsReturnedPayloads
[       OK ] ContainerOutputTest.MixedShapePartialBatchRetainsReturnedPayloads (0 ms)
[ RUN      ] ContainerOutputTest.MixedShapePartialBatchReclaimsUnconsumedPayloads
[       OK ] ContainerOutputTest.MixedShapePartialBatchReclaimsUnconsumedPayloads (0 ms)
[ RUN      ] ContainerOutputTest.StockReplacementPreservesTypedRecipe
[       OK ] ContainerOutputTest.StockReplacementPreservesTypedRecipe (0 ms)
[ RUN      ] ContainerOutputTest.FallbackReplacementPreservesTypedRecipe
[       OK ] ContainerOutputTest.FallbackReplacementPreservesTypedRecipe (0 ms)
[----------] 9 tests from ContainerOutputTest (1 ms total)

[----------] 4 tests from DictTest
[ RUN      ] DictTest.Keys
[       OK ] DictTest.Keys (0 ms)
[ RUN      ] DictTest.Values
[       OK ] DictTest.Values (0 ms)
[ RUN      ] DictTest.Lookup
[       OK ] DictTest.Lookup (0 ms)
[ RUN      ] DictTest.Modification
[       OK ] DictTest.Modification (0 ms)
[----------] 4 tests from DictTest (0 ms total)

[----------] 4 tests from EnvDiscountTest
[ RUN      ] EnvDiscountTest.SinglePlayerDiscountMatchesDone
[       OK ] EnvDiscountTest.SinglePlayerDiscountMatchesDone (0 ms)
[ RUN      ] EnvDiscountTest.NonterminalDiscountIncludesEveryPlayer
[       OK ] EnvDiscountTest.NonterminalDiscountIncludesEveryPlayer (0 ms)
[ RUN      ] EnvDiscountTest.TerminalDiscountIncludesEveryPlayer
[       OK ] EnvDiscountTest.TerminalDiscountIncludesEveryPlayer (0 ms)
[ RUN      ] EnvDiscountTest.ZeroPlayersDoNotOverwriteNextEnvironment
[       OK ] EnvDiscountTest.ZeroPlayersDoNotOverwriteNextEnvironment (0 ms)
[----------] 4 tests from EnvDiscountTest (0 ms total)

[----------] 12 tests from PlayerActionIndexTest
[ RUN      ] PlayerActionIndexTest.EmptyInputKeepsOwningZeroPlayerArrays
[       OK ] PlayerActionIndexTest.EmptyInputKeepsOwningZeroPlayerArrays (0 ms)
[ RUN      ] PlayerActionIndexTest.NoMatchingIdsKeepsOwningZeroPlayerArrays
[       OK ] PlayerActionIndexTest.NoMatchingIdsKeepsOwningZeroPlayerArrays (0 ms)
[ RUN      ] PlayerActionIndexTest.OneMatchingPlayerUsesSingletonSlice
[       OK ] PlayerActionIndexTest.OneMatchingPlayerUsesSingletonSlice (0 ms)
[ RUN      ] PlayerActionIndexTest.ContiguousPrefixIgnoresForeignSuffix
[       OK ] PlayerActionIndexTest.ContiguousPrefixIgnoresForeignSuffix (0 ms)
[ RUN      ] PlayerActionIndexTest.ContiguousMiddleRetainsParentBatch
[       OK ] PlayerActionIndexTest.ContiguousMiddleRetainsParentBatch (0 ms)
[ RUN      ] PlayerActionIndexTest.ContiguousSuffixUsesOffsetSlice
[       OK ] PlayerActionIndexTest.ContiguousSuffixUsesOffsetSlice (0 ms)
[ RUN      ] PlayerActionIndexTest.AllIdsMatchUsesWholeBatchSlice
[       OK ] PlayerActionIndexTest.AllIdsMatchUsesWholeBatchSlice (0 ms)
[ RUN      ] PlayerActionIndexTest.EarlyGapGathersEveryLaterMatchInInputOrder
[       OK ] PlayerActionIndexTest.EarlyGapGathersEveryLaterMatchInInputOrder (0 ms)
[ RUN      ] PlayerActionIndexTest.LateGapIncludesEntireContiguousPrefix
[       OK ] PlayerActionIndexTest.LateGapIncludesEntireContiguousPrefix (0 ms)
[ RUN      ] PlayerActionIndexTest.ContiguousSlicePreservesEmptyInnerDimension
[       OK ] PlayerActionIndexTest.ContiguousSlicePreservesEmptyInnerDimension (0 ms)
[ RUN      ] PlayerActionIndexTest.RepeatedStepsReplaceIndicesAndInputBatch
[       OK ] PlayerActionIndexTest.RepeatedStepsReplaceIndicesAndInputBatch (0 ms)
[ RUN      ] PlayerActionIndexTest.SinglePlayerUsesBatchIndexWithoutScanningIds
[       OK ] PlayerActionIndexTest.SinglePlayerUsesBatchIndexWithoutScanningIds (0 ms)
[----------] 12 tests from PlayerActionIndexTest (0 ms total)

[----------] 6 tests from StateBufferQueueTest
[ RUN      ] StateBufferQueueTest.Basic
WARNING: All log messages before absl::InitializeLog() is called are written to STDERR
I0000 00:00:1791082702.823792      56 state_buffer_queue_test.cc:36] 0 start
I0000 00:00:1791082702.823829      56 state_buffer_queue_test.cc:39] 0 allocate
I0000 00:00:1791082702.823832      56 state_buffer_queue_test.cc:41] 0 done_write
I0000 00:00:1791082702.823833      56 state_buffer_queue_test.cc:36] 1 start
I0000 00:00:1791082702.823834      56 state_buffer_queue_test.cc:39] 1 allocate
I0000 00:00:1791082702.823835      56 state_buffer_queue_test.cc:41] 1 done_write
I0000 00:00:1791082702.823836      56 state_buffer_queue_test.cc:36] 2 start
I0000 00:00:1791082702.823838      56 state_buffer_queue_test.cc:39] 2 allocate
I0000 00:00:1791082702.823839      56 state_buffer_queue_test.cc:41] 2 done_write
I0000 00:00:1791082702.823840      56 state_buffer_queue_test.cc:36] 3 start
I0000 00:00:1791082702.823841      56 state_buffer_queue_test.cc:39] 3 allocate
I0000 00:00:1791082702.823842      56 state_buffer_queue_test.cc:41] 3 done_write
I0000 00:00:1791082702.823843      56 state_buffer_queue_test.cc:36] 4 start
I0000 00:00:1791082702.823844      56 state_buffer_queue_test.cc:39] 4 allocate
I0000 00:00:1791082702.823845      56 state_buffer_queue_test.cc:41] 4 done_write
I0000 00:00:1791082702.823846      56 state_buffer_queue_test.cc:36] 5 start
I0000 00:00:1791082702.823847      56 state_buffer_queue_test.cc:39] 5 allocate
I0000 00:00:1791082702.823848      56 state_buffer_queue_test.cc:41] 5 done_write
I0000 00:00:1791082702.823849      56 state_buffer_queue_test.cc:36] 6 start
I0000 00:00:1791082702.823851      56 state_buffer_queue_test.cc:39] 6 allocate
I0000 00:00:1791082702.823852      56 state_buffer_queue_test.cc:41] 6 done_write
I0000 00:00:1791082702.823853      56 state_buffer_queue_test.cc:36] 7 start
I0000 00:00:1791082702.823854      56 state_buffer_queue_test.cc:39] 7 allocate
I0000 00:00:1791082702.823855      56 state_buffer_queue_test.cc:41] 7 done_write
I0000 00:00:1791082702.823856      56 state_buffer_queue_test.cc:36] 8 start
I0000 00:00:1791082702.823857      56 state_buffer_queue_test.cc:39] 8 allocate
I0000 00:00:1791082702.823858      56 state_buffer_queue_test.cc:41] 8 done_write
I0000 00:00:1791082702.823859      56 state_buffer_queue_test.cc:36] 9 start
I0000 00:00:1791082702.823860      56 state_buffer_queue_test.cc:39] 9 allocate
I0000 00:00:1791082702.823861      56 state_buffer_queue_test.cc:41] 9 done_write
I0000 00:00:1791082702.823862      56 state_buffer_queue_test.cc:36] 10 start
I0000 00:00:1791082702.823863      56 state_buffer_queue_test.cc:39] 10 allocate
I0000 00:00:1791082702.823864      56 state_buffer_queue_test.cc:41] 10 done_write
I0000 00:00:1791082702.823865      56 state_buffer_queue_test.cc:36] 11 start
I0000 00:00:1791082702.823866      56 state_buffer_queue_test.cc:39] 11 allocate
I0000 00:00:1791082702.823867      56 state_buffer_queue_test.cc:41] 11 done_write
I0000 00:00:1791082702.823868      56 state_buffer_queue_test.cc:36] 12 start
I0000 00:00:1791082702.823869      56 state_buffer_queue_test.cc:39] 12 allocate
I0000 00:00:1791082702.823870      56 state_buffer_queue_test.cc:41] 12 done_write
I0000 00:00:1791082702.823871      56 state_buffer_queue_test.cc:36] 13 start
I0000 00:00:1791082702.823872      56 state_buffer_queue_test.cc:39] 13 allocate
I0000 00:00:1791082702.823873      56 state_buffer_queue_test.cc:41] 13 done_write
I0000 00:00:1791082702.823874      56 state_buffer_queue_test.cc:36] 14 start
I0000 00:00:1791082702.823875      56 state_buffer_queue_test.cc:39] 14 allocate
I0000 00:00:1791082702.823876      56 state_buffer_queue_test.cc:41] 14 done_write
I0000 00:00:1791082702.823877      56 state_buffer_queue_test.cc:36] 15 start
I0000 00:00:1791082702.823878      56 state_buffer_queue_test.cc:39] 15 allocate
I0000 00:00:1791082702.823879      56 state_buffer_queue_test.cc:41] 15 done_write
I0000 00:00:1791082702.823880      56 state_buffer_queue_test.cc:36] 16 start
I0000 00:00:1791082702.823884      56 state_buffer_queue_test.cc:39] 16 allocate
I0000 00:00:1791082702.823885      56 state_buffer_queue_test.cc:41] 16 done_write
I0000 00:00:1791082702.823886      56 state_buffer_queue_test.cc:36] 17 start
I0000 00:00:1791082702.823887      56 state_buffer_queue_test.cc:39] 17 allocate
I0000 00:00:1791082702.823888      56 state_buffer_queue_test.cc:41] 17 done_write
I0000 00:00:1791082702.823889      56 state_buffer_queue_test.cc:36] 18 start
I0000 00:00:1791082702.823890      56 state_buffer_queue_test.cc:39] 18 allocate
I0000 00:00:1791082702.823891      56 state_buffer_queue_test.cc:41] 18 done_write
I0000 00:00:1791082702.823892      56 state_buffer_queue_test.cc:36] 19 start
I0000 00:00:1791082702.823893      56 state_buffer_queue_test.cc:39] 19 allocate
I0000 00:00:1791082702.823894      56 state_buffer_queue_test.cc:41] 19 done_write
I0000 00:00:1791082702.823895      56 state_buffer_queue_test.cc:36] 20 start
I0000 00:00:1791082702.823896      56 state_buffer_queue_test.cc:39] 20 allocate
I0000 00:00:1791082702.823897      56 state_buffer_queue_test.cc:41] 20 done_write
I0000 00:00:1791082702.823898      56 state_buffer_queue_test.cc:36] 21 start
I0000 00:00:1791082702.823899      56 state_buffer_queue_test.cc:39] 21 allocate
I0000 00:00:1791082702.823900      56 state_buffer_queue_test.cc:41] 21 done_write
I0000 00:00:1791082702.823901      56 state_buffer_queue_test.cc:36] 22 start
I0000 00:00:1791082702.823902      56 state_buffer_queue_test.cc:39] 22 allocate
I0000 00:00:1791082702.823903      56 state_buffer_queue_test.cc:41] 22 done_write
I0000 00:00:1791082702.823904      56 state_buffer_queue_test.cc:36] 23 start
I0000 00:00:1791082702.823905      56 state_buffer_queue_test.cc:39] 23 allocate
I0000 00:00:1791082702.823906      56 state_buffer_queue_test.cc:41] 23 done_write
I0000 00:00:1791082702.823907      56 state_buffer_queue_test.cc:36] 24 start
I0000 00:00:1791082702.823908      56 state_buffer_queue_test.cc:39] 24 allocate
I0000 00:00:1791082702.823909      56 state_buffer_queue_test.cc:41] 24 done_write
I0000 00:00:1791082702.823910      56 state_buffer_queue_test.cc:36] 25 start
I0000 00:00:1791082702.823911      56 state_buffer_queue_test.cc:39] 25 allocate
I0000 00:00:1791082702.823912      56 state_buffer_queue_test.cc:41] 25 done_write
I0000 00:00:1791082702.823913      56 state_buffer_queue_test.cc:36] 26 start
I0000 00:00:1791082702.823915      56 state_buffer_queue_test.cc:39] 26 allocate
I0000 00:00:1791082702.823916      56 state_buffer_queue_test.cc:41] 26 done_write
I0000 00:00:1791082702.823917      56 state_buffer_queue_test.cc:36] 27 start
I0000 00:00:1791082702.823918      56 state_buffer_queue_test.cc:39] 27 allocate
I0000 00:00:1791082702.823919      56 state_buffer_queue_test.cc:41] 27 done_write
I0000 00:00:1791082702.823920      56 state_buffer_queue_test.cc:36] 28 start
I0000 00:00:1791082702.823921      56 state_buffer_queue_test.cc:39] 28 allocate
I0000 00:00:1791082702.823922      56 state_buffer_queue_test.cc:41] 28 done_write
I0000 00:00:1791082702.823923      56 state_buffer_queue_test.cc:36] 29 start
I0000 00:00:1791082702.823924      56 state_buffer_queue_test.cc:39] 29 allocate
I0000 00:00:1791082702.823925      56 state_buffer_queue_test.cc:41] 29 done_write
I0000 00:00:1791082702.823926      56 state_buffer_queue_test.cc:36] 30 start
I0000 00:00:1791082702.823927      56 state_buffer_queue_test.cc:39] 30 allocate
I0000 00:00:1791082702.823928      56 state_buffer_queue_test.cc:41] 30 done_write
I0000 00:00:1791082702.823929      56 state_buffer_queue_test.cc:36] 31 start
I0000 00:00:1791082702.823930      56 state_buffer_queue_test.cc:39] 31 allocate
I0000 00:00:1791082702.823931      56 state_buffer_queue_test.cc:41] 31 done_write
I0000 00:00:1791082702.823940      56 state_buffer_queue_test.cc:47] finish wait
[       OK ] StateBufferQueueTest.Basic (0 ms)
[ RUN      ] StateBufferQueueTest.SinglePlayerSync
[       OK ] StateBufferQueueTest.SinglePlayerSync (5 ms)
[ RUN      ] StateBufferQueueTest.NumPlayers
[       OK ] StateBufferQueueTest.NumPlayers (0 ms)
[ RUN      ] StateBufferQueueTest.MultipleTimes
[       OK ] StateBufferQueueTest.MultipleTimes (50 ms)
[ RUN      ] StateBufferQueueTest.ConcurrentSinglePlayer
[       OK ] StateBufferQueueTest.ConcurrentSinglePlayer (1491 ms)
[ RUN      ] StateBufferQueueTest.ConcurrentMultiPlayer
[       OK ] StateBufferQueueTest.ConcurrentMultiPlayer (1298 ms)
[----------] 6 tests from StateBufferQueueTest (2846 ms total)

[----------] 9 tests from StateBufferTest
[ RUN      ] StateBufferTest.Basic
[       OK ] StateBufferTest.Basic (0 ms)
[ RUN      ] StateBufferTest.SinglePlayerSync
[       OK ] StateBufferTest.SinglePlayerSync (0 ms)
[ RUN      ] StateBufferTest.Truncate
[       OK ] StateBufferTest.Truncate (0 ms)
[ RUN      ] StateBufferTest.MultiPlayers
[       OK ] StateBufferTest.MultiPlayers (0 ms)
[ RUN      ] StateBufferTest.PartialSyncShuffledOutputsSurviveBufferDestruction
[       OK ] StateBufferTest.PartialSyncShuffledOutputsSurviveBufferDestruction (0 ms)
[ RUN      ] StateBufferTest.PartialMultiPlayerOutputsIncludeZeroPlayerEnvironments
[       OK ] StateBufferTest.PartialMultiPlayerOutputsIncludeZeroPlayerEnvironments (0 ms)
[ RUN      ] StateBufferTest.NoPlayersReturnsEmptyPlayerShapesAndSharedData
[       OK ] StateBufferTest.NoPlayersReturnsEmptyPlayerShapesAndSharedData (0 ms)
[ RUN      ] StateBufferTest.PartialWaitRequiresEveryAllocatedWriterToComplete
[       OK ] StateBufferTest.PartialWaitRequiresEveryAllocatedWriterToComplete (20 ms)
[ RUN      ] StateBufferTest.CompletionAllowsImmediateDestruction
[       OK ] StateBufferTest.CompletionAllowsImmediateDestruction (26 ms)
[----------] 9 tests from StateBufferTest (46 ms total)

[----------] 11 tests from StateTupleTest
[ RUN      ] StateTupleTest.MatchesVectorScalarMultidimensionalAndPartialPlayerViews
[       OK ] StateTupleTest.MatchesVectorScalarMultidimensionalAndPartialPlayerViews (0 ms)
[ RUN      ] StateTupleTest.MatchesVectorWhenEveryEnvironmentHasZeroPlayers
[       OK ] StateTupleTest.MatchesVectorWhenEveryEnvironmentHasZeroPlayers (0 ms)
[ RUN      ] StateTupleTest.SinglePlayerReversedOrderMatchesBothFieldLayouts
[       OK ] StateTupleTest.SinglePlayerReversedOrderMatchesBothFieldLayouts (0 ms)
[ RUN      ] StateTupleTest.MultiPlayerIgnoresOrderIncludingEmptySlices
[       OK ] StateTupleTest.MultiPlayerIgnoresOrderIncludingEmptySlices (0 ms)
[ RUN      ] StateTupleTest.MixedAllocationsShareQuotaAndPreserveFailureOffsets
I0000 00:00:1791082705.717213      56 state_buffer.h:246] Allocation failed, continue to the next block of memory
I0000 00:00:1791082705.717346      56 state_buffer.h:246] Allocation failed, continue to the next block of memory
[       OK ] StateTupleTest.MixedAllocationsShareQuotaAndPreserveFailureOffsets (0 ms)
[ RUN      ] StateTupleTest.DestroyingTypedSliceDoesNotCompleteItsReservation
[       OK ] StateTupleTest.DestroyingTypedSliceDoesNotCompleteItsReservation (0 ms)
[ RUN      ] StateTupleTest.MixedQueueAllocationsSurvivePartialAndReplacementCycles
[       OK ] StateTupleTest.MixedQueueAllocationsSurvivePartialAndReplacementCycles (0 ms)
[ RUN      ] StateTupleTest.QueueForwardsSyncOrderAcrossMixedReplacementCycles
[       OK ] StateTupleTest.QueueForwardsSyncOrderAcrossMixedReplacementCycles (0 ms)
[ RUN      ] StateTupleTest.PartialWaitStillRequiresDelayedTypedLastWriter
[       OK ] StateTupleTest.PartialWaitStillRequiresDelayedTypedLastWriter (0 ms)
[ RUN      ] StateTupleTest.TypedCompletionAllowsImmediateBufferRetirement
[       OK ] StateTupleTest.TypedCompletionAllowsImmediateBufferRetirement (7 ms)
[ RUN      ] StateTupleTest.EnvInitializesScalarMultidimensionalAndEmptyContainers
[       OK ] StateTupleTest.EnvInitializesScalarMultidimensionalAndEmptyContainers (0 ms)
[----------] 11 tests from StateTupleTest (7 ms total)

[----------] 11 tests from DummyEnvPoolTest
[ RUN      ] DummyEnvPoolTest.TimingAccumulatorsStartAtZero
[       OK ] DummyEnvPoolTest.TimingAccumulatorsStartAtZero (0 ms)
[ RUN      ] DummyEnvPoolTest.DiscountMatchesDoneForEveryPlayer
[       OK ] DummyEnvPoolTest.DiscountMatchesDoneForEveryPlayer (0 ms)
[ RUN      ] DummyEnvPoolTest.ShutdownIdleWorkers
[       OK ] DummyEnvPoolTest.ShutdownIdleWorkers (41 ms)
[ RUN      ] DummyEnvPoolTest.ShutdownWithPendingReset
[       OK ] DummyEnvPoolTest.ShutdownWithPendingReset (35 ms)
[ RUN      ] DummyEnvPoolTest.ShutdownJoinsInFlightResetBeforeDestroyingEnvironment
[       OK ] DummyEnvPoolTest.ShutdownJoinsInFlightResetBeforeDestroyingEnvironment (50 ms)
[ RUN      ] DummyEnvPoolTest.SplitZeroAction
[       OK ] DummyEnvPoolTest.SplitZeroAction (0 ms)
[ RUN      ] DummyEnvPoolTest.SmokeSynchronousSinglePlayer
I0000 00:00:1791082705.855292      56 dummy_envpool_test.cc:332] 1 1 3 32 1 1
I0000 00:00:1791082705.856597      56 dummy_envpool_test.cc:435] time(s): 0.000995447, FPS: 32146.4
[       OK ] DummyEnvPoolTest.SmokeSynchronousSinglePlayer (1 ms)
[ RUN      ] DummyEnvPoolTest.SmokeAsynchronousSinglePlayer
I0000 00:00:1791082705.856875      56 dummy_envpool_test.cc:332] 8 4 3 64 2 1
I0000 00:00:1791082705.861193      56 dummy_envpool_test.cc:435] time(s): 0.00224629, FPS: 113966
[       OK ] DummyEnvPoolTest.SmokeAsynchronousSinglePlayer (4 ms)
[ RUN      ] DummyEnvPoolTest.SmokeAsynchronousMultiPlayer
I0000 00:00:1791082705.861445      56 dummy_envpool_test.cc:332] 8 4 3 64 2 4
I0000 00:00:1791082705.863556      56 dummy_envpool_test.cc:435] time(s): 0.00139163, FPS: 183957
[       OK ] DummyEnvPoolTest.SmokeAsynchronousMultiPlayer (2 ms)
[ RUN      ] DummyEnvPoolTest.SinglePlayer
I0000 00:00:1791082705.863730      56 dummy_envpool_test.cc:332] 1 1 20 100000 1 1
I0000 00:00:1791082708.245117      56 dummy_envpool_test.cc:435] time(s): 2.38119, FPS: 41995.9
I0000 00:00:1791082708.245263      56 dummy_envpool_test.cc:332] 3 1 20 100000 1 1
I0000 00:00:1791082709.106015      56 dummy_envpool_test.cc:435] time(s): 0.860313, FPS: 116237
I0000 00:00:1791082709.106346      56 dummy_envpool_test.cc:332] 3 1 20 100000 3 1
I0000 00:00:1791082711.171459      56 dummy_envpool_test.cc:435] time(s): 2.06459, FPS: 48435.9
I0000 00:00:1791082711.171873      56 dummy_envpool_test.cc:332] 9 4 20 100000 1 1
I0000 00:00:1791082712.694535      56 dummy_envpool_test.cc:435] time(s): 1.52195, FPS: 262821
I0000 00:00:1791082712.694769      56 dummy_envpool_test.cc:332] 9 4 30 100000 4 1
I0000 00:00:1791082715.738092      56 dummy_envpool_test.cc:435] time(s): 3.04235, FPS: 131477
I0000 00:00:1791082715.738444      56 dummy_envpool_test.cc:332] 9 4 30 100000 9 1
I0000 00:00:1791082719.348893      56 dummy_envpool_test.cc:435] time(s): 3.60954, FPS: 110817
I0000 00:00:1791082719.349382      56 dummy_envpool_test.cc:332] 10 10 25 100000 0 1
I0000 00:00:1791082725.681756      56 dummy_envpool_test.cc:435] time(s): 6.33146, FPS: 157942
[       OK ] DummyEnvPoolTest.SinglePlayer (19818 ms)
[ RUN      ] DummyEnvPoolTest.MultiPlayers
I0000 00:00:1791082725.682126      56 dummy_envpool_test.cc:332] 1 1 20 100000 1 10
I0000 00:00:1791082728.587460      56 dummy_envpool_test.cc:435] time(s): 2.9051, FPS: 34422.2
I0000 00:00:1791082728.587734      56 dummy_envpool_test.cc:332] 3 1 20 100000 1 10
I0000 00:00:1791082730.286457      56 dummy_envpool_test.cc:435] time(s): 1.69831, FPS: 58882.2
I0000 00:00:1791082730.286700      56 dummy_envpool_test.cc:332] 3 1 20 100000 3 10
I0000 00:00:1791082732.398648      56 dummy_envpool_test.cc:435] time(s): 2.11143, FPS: 47361.3
I0000 00:00:1791082732.399039      56 dummy_envpool_test.cc:332] 9 4 30 100000 1 6
I0000 00:00:1791082734.247956      56 dummy_envpool_test.cc:435] time(s): 1.84813, FPS: 216435
I0000 00:00:1791082734.248342      56 dummy_envpool_test.cc:332] 9 4 30 100000 4 6
I0000 00:00:1791082738.076640      56 dummy_envpool_test.cc:435] time(s): 3.82498, FPS: 104576
I0000 00:00:1791082738.077077      56 dummy_envpool_test.cc:332] 9 4 30 100000 9 6
I0000 00:00:1791082741.681247      56 dummy_envpool_test.cc:435] time(s): 3.60232, FPS: 111040
I0000 00:00:1791082741.681713      56 dummy_envpool_test.cc:332] 10 10 25 100000 0 9
I0000 00:00:1791082749.785680      56 dummy_envpool_test.cc:435] time(s): 8.1031, FPS: 123409
[       OK ] DummyEnvPoolTest.MultiPlayers (24104 ms)
[----------] 11 tests from DummyEnvPoolTest (44061 ms total)

[----------] Global test environment tear-down
[==========] 88 tests from 12 test suites ran. (47250 ms total)
[  PASSED  ] 88 tests.
