block=0 slot=0 default CartPole-v1 N/B/T=1024/256/8 a 3173739 resp/s CPU=7.62 sched_wait=1.15s
block=0 slot=1 default CartPole-v1 N/B/T=1024/256/8 c 3012868 resp/s CPU=7.81 sched_wait=1.24s
block=0 slot=2 default CartPole-v1 N/B/T=1024/256/8 d 2694229 resp/s CPU=7.92 sched_wait=1.32s
block=0 slot=3 default CartPole-v1 N/B/T=1024/256/8 b 3087879 resp/s CPU=7.90 sched_wait=1.46s
block=0 slot=0 default HalfCheetah-v4 N/B/T=256/64/4 a 98216 resp/s CPU=4.13 sched_wait=0.00s
block=0 slot=1 default HalfCheetah-v4 N/B/T=256/64/4 c 100318 resp/s CPU=4.14 sched_wait=0.03s
block=0 slot=2 default HalfCheetah-v4 N/B/T=256/64/4 d 96232 resp/s CPU=4.16 sched_wait=0.15s
block=0 slot=3 default HalfCheetah-v4 N/B/T=256/64/4 b 98307 resp/s CPU=4.15 sched_wait=0.00s
block=0 slot=0 default CartPole-v1 N/B/T=256/256/4 a 1659775 resp/s CPU=3.01 sched_wait=0.01s
block=0 slot=1 default CartPole-v1 N/B/T=256/256/4 c 1688861 resp/s CPU=2.88 sched_wait=0.03s
block=0 slot=2 default CartPole-v1 N/B/T=256/256/4 d 1542379 resp/s CPU=2.89 sched_wait=0.02s
block=0 slot=3 default CartPole-v1 N/B/T=256/256/4 b 1513267 resp/s CPU=2.98 sched_wait=0.01s
block=0 slot=0 default BipedalWalker-v3 N/B/T=64/16/4 a 62858 resp/s CPU=4.41 sched_wait=0.01s
block=0 slot=1 default BipedalWalker-v3 N/B/T=64/16/4 c 64014 resp/s CPU=4.36 sched_wait=0.00s
block=0 slot=2 default BipedalWalker-v3 N/B/T=64/16/4 d 61712 resp/s CPU=4.20 sched_wait=0.14s
block=0 slot=3 default BipedalWalker-v3 N/B/T=64/16/4 b 65358 resp/s CPU=4.36 sched_wait=0.01s
block=0 slot=0 default CartPole-v1 N/B/T=20/20/1 a 369307 resp/s CPU=1.43 sched_wait=0.01s
block=0 slot=1 default CartPole-v1 N/B/T=20/20/1 c 353893 resp/s CPU=1.38 sched_wait=0.01s
block=0 slot=2 default CartPole-v1 N/B/T=20/20/1 d 342060 resp/s CPU=1.28 sched_wait=0.01s
block=0 slot=3 default CartPole-v1 N/B/T=20/20/1 b 346116 resp/s CPU=1.34 sched_wait=0.01s
block=1 slot=0 default CartPole-v1 N/B/T=256/256/4 c 1570577 resp/s CPU=2.94 sched_wait=0.01s
block=1 slot=1 default CartPole-v1 N/B/T=256/256/4 a 1779873 resp/s CPU=2.95 sched_wait=0.01s
block=1 slot=2 default CartPole-v1 N/B/T=256/256/4 b 1592489 resp/s CPU=2.93 sched_wait=0.01s
block=1 slot=3 default CartPole-v1 N/B/T=256/256/4 d 1485841 resp/s CPU=2.94 sched_wait=0.02s
block=1 slot=0 default CartPole-v1 N/B/T=20/20/1 c 366174 resp/s CPU=1.38 sched_wait=0.01s
block=1 slot=1 default CartPole-v1 N/B/T=20/20/1 a 341769 resp/s CPU=1.36 sched_wait=0.01s
block=1 slot=2 default CartPole-v1 N/B/T=20/20/1 b 400158 resp/s CPU=1.40 sched_wait=0.01s
block=1 slot=3 default CartPole-v1 N/B/T=20/20/1 d 363423 resp/s CPU=1.37 sched_wait=0.01s
block=1 slot=0 default BipedalWalker-v3 N/B/T=64/16/4 c 64041 resp/s CPU=4.36 sched_wait=0.01s
block=1 slot=1 default BipedalWalker-v3 N/B/T=64/16/4 a 64593 resp/s CPU=4.39 sched_wait=0.01s
block=1 slot=2 default BipedalWalker-v3 N/B/T=64/16/4 b 64543 resp/s CPU=4.37 sched_wait=0.01s
block=1 slot=3 default BipedalWalker-v3 N/B/T=64/16/4 d 63568 resp/s CPU=4.38 sched_wait=0.00s
block=1 slot=0 default CartPole-v1 N/B/T=1024/256/8 c 3039768 resp/s CPU=7.90 sched_wait=1.29s
block=1 slot=1 default CartPole-v1 N/B/T=1024/256/8 a 3255474 resp/s CPU=7.90 sched_wait=1.38s
block=1 slot=2 default CartPole-v1 N/B/T=1024/256/8 b 3048320 resp/s CPU=7.96 sched_wait=1.32s
block=1 slot=3 default CartPole-v1 N/B/T=1024/256/8 d 3264561 resp/s CPU=7.92 sched_wait=1.46s
block=1 slot=0 default HalfCheetah-v4 N/B/T=256/64/4 c 99479 resp/s CPU=4.15 sched_wait=0.00s
block=1 slot=1 default HalfCheetah-v4 N/B/T=256/64/4 a 98708 resp/s CPU=4.15 sched_wait=0.04s
block=1 slot=2 default HalfCheetah-v4 N/B/T=256/64/4 b 97389 resp/s CPU=4.12 sched_wait=0.12s
block=1 slot=3 default HalfCheetah-v4 N/B/T=256/64/4 d 100802 resp/s CPU=4.14 sched_wait=0.01s
block=2 slot=0 default CartPole-v1 N/B/T=20/20/1 b 409520 resp/s CPU=1.41 sched_wait=0.06s
block=2 slot=1 default CartPole-v1 N/B/T=20/20/1 d 334484 resp/s CPU=1.35 sched_wait=0.01s
block=2 slot=2 default CartPole-v1 N/B/T=20/20/1 c 377862 resp/s CPU=1.39 sched_wait=0.01s
block=2 slot=3 default CartPole-v1 N/B/T=20/20/1 a 363009 resp/s CPU=1.38 sched_wait=0.01s
block=2 slot=0 default CartPole-v1 N/B/T=256/256/4 b 1663530 resp/s CPU=2.91 sched_wait=0.02s
block=2 slot=1 default CartPole-v1 N/B/T=256/256/4 d 1553194 resp/s CPU=2.96 sched_wait=0.01s
block=2 slot=2 default CartPole-v1 N/B/T=256/256/4 c 1527122 resp/s CPU=2.88 sched_wait=0.01s
block=2 slot=3 default CartPole-v1 N/B/T=256/256/4 a 1523226 resp/s CPU=2.96 sched_wait=0.02s
block=2 slot=0 default CartPole-v1 N/B/T=1024/256/8 b 3158833 resp/s CPU=7.89 sched_wait=1.38s
block=2 slot=1 default CartPole-v1 N/B/T=1024/256/8 d 3272259 resp/s CPU=7.45 sched_wait=1.78s
block=2 slot=2 default CartPole-v1 N/B/T=1024/256/8 c 2581964 resp/s CPU=7.95 sched_wait=1.26s
block=2 slot=3 default CartPole-v1 N/B/T=1024/256/8 a 3187064 resp/s CPU=7.49 sched_wait=1.27s
block=2 slot=0 default HalfCheetah-v4 N/B/T=256/64/4 b 99711 resp/s CPU=4.15 sched_wait=0.01s
block=2 slot=1 default HalfCheetah-v4 N/B/T=256/64/4 d 98759 resp/s CPU=4.15 sched_wait=0.01s
block=2 slot=2 default HalfCheetah-v4 N/B/T=256/64/4 c 101072 resp/s CPU=4.15 sched_wait=0.01s
block=2 slot=3 default HalfCheetah-v4 N/B/T=256/64/4 a 97693 resp/s CPU=4.14 sched_wait=0.13s
block=2 slot=0 default BipedalWalker-v3 N/B/T=64/16/4 b 63561 resp/s CPU=4.40 sched_wait=0.01s
block=2 slot=1 default BipedalWalker-v3 N/B/T=64/16/4 d 63811 resp/s CPU=4.36 sched_wait=0.00s
block=2 slot=2 default BipedalWalker-v3 N/B/T=64/16/4 c 64143 resp/s CPU=4.40 sched_wait=0.00s
block=2 slot=3 default BipedalWalker-v3 N/B/T=64/16/4 a 63462 resp/s CPU=4.43 sched_wait=0.00s
block=3 slot=0 default HalfCheetah-v4 N/B/T=256/64/4 d 98354 resp/s CPU=4.16 sched_wait=0.01s
block=3 slot=1 default HalfCheetah-v4 N/B/T=256/64/4 b 101613 resp/s CPU=4.15 sched_wait=0.01s
block=3 slot=2 default HalfCheetah-v4 N/B/T=256/64/4 a 98871 resp/s CPU=4.16 sched_wait=0.01s
block=3 slot=3 default HalfCheetah-v4 N/B/T=256/64/4 c 99447 resp/s CPU=4.15 sched_wait=0.00s
block=3 slot=0 default CartPole-v1 N/B/T=256/256/4 d 1522160 resp/s CPU=2.96 sched_wait=0.00s
block=3 slot=1 default CartPole-v1 N/B/T=256/256/4 b 1522071 resp/s CPU=2.96 sched_wait=0.01s
block=3 slot=2 default CartPole-v1 N/B/T=256/256/4 a 1779931 resp/s CPU=2.89 sched_wait=0.07s
block=3 slot=3 default CartPole-v1 N/B/T=256/256/4 c 1615984 resp/s CPU=3.00 sched_wait=0.01s
block=3 slot=0 default CartPole-v1 N/B/T=1024/256/8 d 2646376 resp/s CPU=7.72 sched_wait=1.49s
block=3 slot=1 default CartPole-v1 N/B/T=1024/256/8 b 2529815 resp/s CPU=7.95 sched_wait=1.06s
block=3 slot=2 default CartPole-v1 N/B/T=1024/256/8 a 2970646 resp/s CPU=7.90 sched_wait=1.36s
block=3 slot=3 default CartPole-v1 N/B/T=1024/256/8 c 2991868 resp/s CPU=7.76 sched_wait=1.18s
block=3 slot=0 default BipedalWalker-v3 N/B/T=64/16/4 d 65217 resp/s CPU=4.37 sched_wait=0.01s
block=3 slot=1 default BipedalWalker-v3 N/B/T=64/16/4 b 65233 resp/s CPU=4.37 sched_wait=0.01s
block=3 slot=2 default BipedalWalker-v3 N/B/T=64/16/4 a 65838 resp/s CPU=4.36 sched_wait=0.01s
block=3 slot=3 default BipedalWalker-v3 N/B/T=64/16/4 c 64393 resp/s CPU=4.38 sched_wait=0.01s
block=3 slot=0 default CartPole-v1 N/B/T=20/20/1 d 374296 resp/s CPU=1.35 sched_wait=0.01s
block=3 slot=1 default CartPole-v1 N/B/T=20/20/1 b 368085 resp/s CPU=1.40 sched_wait=0.02s
block=3 slot=2 default CartPole-v1 N/B/T=20/20/1 a 368518 resp/s CPU=1.39 sched_wait=0.02s
block=3 slot=3 default CartPole-v1 N/B/T=20/20/1 c 369944 resp/s CPU=1.40 sched_wait=0.01s
block=4 slot=0 default CartPole-v1 N/B/T=256/256/4 a 1478714 resp/s CPU=2.99 sched_wait=0.03s
block=4 slot=1 default CartPole-v1 N/B/T=256/256/4 c 1604746 resp/s CPU=2.94 sched_wait=0.01s
block=4 slot=2 default CartPole-v1 N/B/T=256/256/4 d 1593560 resp/s CPU=2.98 sched_wait=0.00s
block=4 slot=3 default CartPole-v1 N/B/T=256/256/4 b 1556644 resp/s CPU=2.92 sched_wait=0.01s
block=4 slot=0 default BipedalWalker-v3 N/B/T=64/16/4 a 64003 resp/s CPU=4.35 sched_wait=0.07s
block=4 slot=1 default BipedalWalker-v3 N/B/T=64/16/4 c 64119 resp/s CPU=4.35 sched_wait=0.01s
block=4 slot=2 default BipedalWalker-v3 N/B/T=64/16/4 d 62947 resp/s CPU=4.33 sched_wait=0.01s
block=4 slot=3 default BipedalWalker-v3 N/B/T=64/16/4 b 64820 resp/s CPU=4.38 sched_wait=0.01s
block=4 slot=0 default CartPole-v1 N/B/T=1024/256/8 a 3055897 resp/s CPU=7.96 sched_wait=1.45s
block=4 slot=1 default CartPole-v1 N/B/T=1024/256/8 c 2889142 resp/s CPU=7.89 sched_wait=1.54s
block=4 slot=2 default CartPole-v1 N/B/T=1024/256/8 d 3023211 resp/s CPU=7.96 sched_wait=1.43s
block=4 slot=3 default CartPole-v1 N/B/T=1024/256/8 b 3024197 resp/s CPU=7.83 sched_wait=1.16s
block=4 slot=0 default CartPole-v1 N/B/T=20/20/1 a 426554 resp/s CPU=1.42 sched_wait=0.01s
block=4 slot=1 default CartPole-v1 N/B/T=20/20/1 c 383935 resp/s CPU=1.39 sched_wait=0.01s
block=4 slot=2 default CartPole-v1 N/B/T=20/20/1 d 339920 resp/s CPU=1.33 sched_wait=0.01s
block=4 slot=3 default CartPole-v1 N/B/T=20/20/1 b 378748 resp/s CPU=1.39 sched_wait=0.01s
block=4 slot=0 default HalfCheetah-v4 N/B/T=256/64/4 a 96381 resp/s CPU=4.16 sched_wait=0.00s
block=4 slot=1 default HalfCheetah-v4 N/B/T=256/64/4 c 101756 resp/s CPU=4.13 sched_wait=0.01s
block=4 slot=2 default HalfCheetah-v4 N/B/T=256/64/4 d 99777 resp/s CPU=4.10 sched_wait=0.16s
block=4 slot=3 default HalfCheetah-v4 N/B/T=256/64/4 b 99770 resp/s CPU=4.14 sched_wait=0.00s
block=5 slot=0 default CartPole-v1 N/B/T=256/256/4 c 1493746 resp/s CPU=2.88 sched_wait=0.01s
block=5 slot=1 default CartPole-v1 N/B/T=256/256/4 a 1499578 resp/s CPU=2.94 sched_wait=0.01s
block=5 slot=2 default CartPole-v1 N/B/T=256/256/4 b 1513954 resp/s CPU=3.00 sched_wait=0.04s
block=5 slot=3 default CartPole-v1 N/B/T=256/256/4 d 1593298 resp/s CPU=2.96 sched_wait=0.04s
block=5 slot=0 default HalfCheetah-v4 N/B/T=256/64/4 c 98304 resp/s CPU=4.15 sched_wait=0.00s
block=5 slot=1 default HalfCheetah-v4 N/B/T=256/64/4 a 99496 resp/s CPU=4.13 sched_wait=0.00s
block=5 slot=2 default HalfCheetah-v4 N/B/T=256/64/4 b 100254 resp/s CPU=4.11 sched_wait=0.10s
block=5 slot=3 default HalfCheetah-v4 N/B/T=256/64/4 d 101586 resp/s CPU=4.13 sched_wait=0.09s
block=5 slot=0 default CartPole-v1 N/B/T=1024/256/8 c 2559443 resp/s CPU=7.58 sched_wait=1.26s
block=5 slot=1 default CartPole-v1 N/B/T=1024/256/8 a 3274094 resp/s CPU=7.53 sched_wait=1.17s
block=5 slot=2 default CartPole-v1 N/B/T=1024/256/8 b 2891372 resp/s CPU=7.93 sched_wait=1.40s
block=5 slot=3 default CartPole-v1 N/B/T=1024/256/8 d 3493961 resp/s CPU=7.76 sched_wait=1.42s
block=5 slot=0 default CartPole-v1 N/B/T=20/20/1 c 359143 resp/s CPU=1.40 sched_wait=0.01s
block=5 slot=1 default CartPole-v1 N/B/T=20/20/1 a 390414 resp/s CPU=1.41 sched_wait=0.01s
block=5 slot=2 default CartPole-v1 N/B/T=20/20/1 b 390055 resp/s CPU=1.41 sched_wait=0.01s
block=5 slot=3 default CartPole-v1 N/B/T=20/20/1 d 430538 resp/s CPU=1.41 sched_wait=0.01s
block=5 slot=0 default BipedalWalker-v3 N/B/T=64/16/4 c 62579 resp/s CPU=4.36 sched_wait=0.01s
block=5 slot=1 default BipedalWalker-v3 N/B/T=64/16/4 a 64145 resp/s CPU=4.36 sched_wait=0.01s
block=5 slot=2 default BipedalWalker-v3 N/B/T=64/16/4 b 65185 resp/s CPU=4.33 sched_wait=0.01s
block=5 slot=3 default BipedalWalker-v3 N/B/T=64/16/4 d 63850 resp/s CPU=4.42 sched_wait=0.01s
block=6 slot=0 default CartPole-v1 N/B/T=256/256/4 b 1614430 resp/s CPU=3.00 sched_wait=0.01s
block=6 slot=1 default CartPole-v1 N/B/T=256/256/4 d 1579780 resp/s CPU=2.93 sched_wait=0.01s
block=6 slot=2 default CartPole-v1 N/B/T=256/256/4 c 1763078 resp/s CPU=2.92 sched_wait=0.03s
block=6 slot=3 default CartPole-v1 N/B/T=256/256/4 a 1581329 resp/s CPU=2.85 sched_wait=0.01s
block=6 slot=0 default CartPole-v1 N/B/T=1024/256/8 b 3188501 resp/s CPU=7.88 sched_wait=1.06s
block=6 slot=1 default CartPole-v1 N/B/T=1024/256/8 d 2523286 resp/s CPU=7.97 sched_wait=1.14s
block=6 slot=2 default CartPole-v1 N/B/T=1024/256/8 c 3110614 resp/s CPU=7.85 sched_wait=1.11s
block=6 slot=3 default CartPole-v1 N/B/T=1024/256/8 a 2998739 resp/s CPU=7.83 sched_wait=1.22s
block=6 slot=0 default CartPole-v1 N/B/T=20/20/1 b 415501 resp/s CPU=1.42 sched_wait=0.01s
block=6 slot=1 default CartPole-v1 N/B/T=20/20/1 d 408452 resp/s CPU=1.45 sched_wait=0.01s
block=6 slot=2 default CartPole-v1 N/B/T=20/20/1 c 380482 resp/s CPU=1.39 sched_wait=0.01s
block=6 slot=3 default CartPole-v1 N/B/T=20/20/1 a 387058 resp/s CPU=1.35 sched_wait=0.00s
block=6 slot=0 default HalfCheetah-v4 N/B/T=256/64/4 b 96394 resp/s CPU=4.15 sched_wait=0.04s
block=6 slot=1 default HalfCheetah-v4 N/B/T=256/64/4 d 99399 resp/s CPU=4.15 sched_wait=0.00s
block=6 slot=2 default HalfCheetah-v4 N/B/T=256/64/4 c 99238 resp/s CPU=4.14 sched_wait=0.01s
block=6 slot=3 default HalfCheetah-v4 N/B/T=256/64/4 a 99124 resp/s CPU=4.15 sched_wait=0.01s
block=6 slot=0 default BipedalWalker-v3 N/B/T=64/16/4 b 65081 resp/s CPU=4.37 sched_wait=0.00s
block=6 slot=1 default BipedalWalker-v3 N/B/T=64/16/4 d 65733 resp/s CPU=4.38 sched_wait=0.01s
block=6 slot=2 default BipedalWalker-v3 N/B/T=64/16/4 c 65056 resp/s CPU=4.34 sched_wait=0.01s
block=6 slot=3 default BipedalWalker-v3 N/B/T=64/16/4 a 64431 resp/s CPU=4.37 sched_wait=0.01s
block=7 slot=0 default CartPole-v1 N/B/T=20/20/1 d 354329 resp/s CPU=1.39 sched_wait=0.00s
block=7 slot=1 default CartPole-v1 N/B/T=20/20/1 b 364596 resp/s CPU=1.39 sched_wait=0.00s
block=7 slot=2 default CartPole-v1 N/B/T=20/20/1 a 409524 resp/s CPU=1.43 sched_wait=0.01s
block=7 slot=3 default CartPole-v1 N/B/T=20/20/1 c 343825 resp/s CPU=1.35 sched_wait=0.01s
block=7 slot=0 default CartPole-v1 N/B/T=256/256/4 d 1546876 resp/s CPU=2.97 sched_wait=0.01s
block=7 slot=1 default CartPole-v1 N/B/T=256/256/4 b 1591739 resp/s CPU=2.75 sched_wait=0.03s
block=7 slot=2 default CartPole-v1 N/B/T=256/256/4 a 1670602 resp/s CPU=2.84 sched_wait=0.01s
block=7 slot=3 default CartPole-v1 N/B/T=256/256/4 c 1638937 resp/s CPU=2.92 sched_wait=0.01s
block=7 slot=0 default HalfCheetah-v4 N/B/T=256/64/4 d 98770 resp/s CPU=4.15 sched_wait=0.01s
block=7 slot=1 default HalfCheetah-v4 N/B/T=256/64/4 b 96220 resp/s CPU=4.14 sched_wait=0.01s
block=7 slot=2 default HalfCheetah-v4 N/B/T=256/64/4 a 99367 resp/s CPU=4.15 sched_wait=0.01s
block=7 slot=3 default HalfCheetah-v4 N/B/T=256/64/4 c 101268 resp/s CPU=4.15 sched_wait=0.00s
block=7 slot=0 default BipedalWalker-v3 N/B/T=64/16/4 d 62767 resp/s CPU=4.36 sched_wait=0.18s
block=7 slot=1 default BipedalWalker-v3 N/B/T=64/16/4 b 64844 resp/s CPU=4.42 sched_wait=0.01s
block=7 slot=2 default BipedalWalker-v3 N/B/T=64/16/4 a 65137 resp/s CPU=4.37 sched_wait=0.01s
block=7 slot=3 default BipedalWalker-v3 N/B/T=64/16/4 c 62575 resp/s CPU=4.37 sched_wait=0.01s
block=7 slot=0 default CartPole-v1 N/B/T=1024/256/8 d 3039560 resp/s CPU=7.94 sched_wait=1.38s
block=7 slot=1 default CartPole-v1 N/B/T=1024/256/8 b 3248289 resp/s CPU=7.83 sched_wait=1.12s
block=7 slot=2 default CartPole-v1 N/B/T=1024/256/8 a 3001786 resp/s CPU=7.25 sched_wait=1.14s
block=7 slot=3 default CartPole-v1 N/B/T=1024/256/8 c 2886836 resp/s CPU=7.56 sched_wait=1.35s
