Running main() from $GTEST_ROOT/src/gtest_main.cc

Repeating all tests (iteration 1) . . .

Note: Google Test filter = *-DummyEnvPoolTest.SinglePlayer:DummyEnvPoolTest.MultiPlayers
[==========] Running 74 tests from 11 test suites.
[----------] Global test environment set-up.
[----------] 1 test from StateTupleDeathTest
[ RUN      ] StateTupleDeathTest.RejectsBothShortAndLongTuples
[       OK ] StateTupleDeathTest.RejectsBothShortAndLongTuples (6 ms)
[----------] 1 test from StateTupleDeathTest (6 ms total)

[----------] 12 tests from ActionBufferQueueTest
[ RUN      ] ActionBufferQueueTest.ShutdownWakesEmptyQueueWithoutAdvancingCursors
[       OK ] ActionBufferQueueTest.ShutdownWakesEmptyQueueWithoutAdvancingCursors (2 ms)
[ RUN      ] ActionBufferQueueTest.ShutdownWakePreservesPendingAction
[       OK ] ActionBufferQueueTest.ShutdownWakePreservesPendingAction (1 ms)
[ RUN      ] ActionBufferQueueTest.StopAwareDequeuePreservesActiveDelivery
[       OK ] ActionBufferQueueTest.StopAwareDequeuePreservesActiveDelivery (0 ms)
[ RUN      ] ActionBufferQueueTest.SmallRingWraparoundPreservesPayloadsAndCounters
[       OK ] ActionBufferQueueTest.SmallRingWraparoundPreservesPayloadsAndCounters (3 ms)
[ RUN      ] ActionBufferQueueTest.BoundedMultipleProducersAndConsumersExactlyOnce
[       OK ] ActionBufferQueueTest.BoundedMultipleProducersAndConsumersExactlyOnce (35 ms)
[ RUN      ] ActionBufferQueueTest.DelayedConsumerKeepsPayloadAcrossRingReuse
[       OK ] ActionBufferQueueTest.DelayedConsumerKeepsPayloadAcrossRingReuse (0 ms)
[ RUN      ] ActionBufferQueueTest.ConcurrentProducerBulksRemainContiguous
[       OK ] ActionBufferQueueTest.ConcurrentProducerBulksRemainContiguous (145 ms)
[ RUN      ] ActionBufferQueueTest.Concurrent
[       OK ] ActionBufferQueueTest.Concurrent (90 ms)
[ RUN      ] ActionBufferQueueTest.BulkWrapPreservesOrderWithNonPowerOfTwoCapacity
[       OK ] ActionBufferQueueTest.BulkWrapPreservesOrderWithNonPowerOfTwoCapacity (0 ms)
[ RUN      ] ActionBufferQueueTest.ConcurrentConsumersPreserveEveryWrappedAction
[       OK ] ActionBufferQueueTest.ConcurrentConsumersPreserveEveryWrappedAction (10 ms)
[ RUN      ] ActionBufferQueueTest.BulkWrapMatchesUnsignedCounterRollover
[       OK ] ActionBufferQueueTest.BulkWrapMatchesUnsignedCounterRollover (0 ms)
[ RUN      ] ActionBufferQueueTest.EmptyBulkIsSafeWithZeroCapacity
[       OK ] ActionBufferQueueTest.EmptyBulkIsSafeWithZeroCapacity (0 ms)
[----------] 12 tests from ActionBufferQueueTest (290 ms total)

[----------] 8 tests from ArrayTest
[ RUN      ] ArrayTest.ViewsPreserveHighDimensionalShapesAndData
[       OK ] ArrayTest.ViewsPreserveHighDimensionalShapesAndData (0 ms)
[ RUN      ] ArrayTest.TruncateAndSharedPtrKeepOwnedStorageAlive
[       OK ] ArrayTest.TruncateAndSharedPtrKeepOwnedStorageAlive (0 ms)
[ RUN      ] ArrayTest.SharedPtrPreservesNonOwningDataPointer
[       OK ] ArrayTest.SharedPtrPreservesNonOwningDataPointer (0 ms)
[ RUN      ] ArrayTest.ViewsDoNotExtendBackingStorageLifetime
[       OK ] ArrayTest.ViewsDoNotExtendBackingStorageLifetime (0 ms)
[ RUN      ] ArrayTest.TypedTruncateSharesData
[       OK ] ArrayTest.TypedTruncateSharesData (0 ms)
[ RUN      ] ArrayTest.TruncateInPlacePreservesHighDimensionalShapeAndData
[       OK ] ArrayTest.TruncateInPlacePreservesHighDimensionalShapeAndData (0 ms)
[ RUN      ] ArrayTest.TruncateInPlaceHandlesEmptyDimensions
[       OK ] ArrayTest.TruncateInPlaceHandlesEmptyDimensions (0 ms)
[ RUN      ] ArrayTest.TruncateInPlaceRetainsSharedOwnershipAndCustomDeleter
[       OK ] ArrayTest.TruncateInPlaceRetainsSharedOwnershipAndCustomDeleter (0 ms)
[----------] 8 tests from ArrayTest (0 ms total)

[----------] 1 test from CircularBufferTest
[ RUN      ] CircularBufferTest.Basic
[       OK ] CircularBufferTest.Basic (21 ms)
[----------] 1 test from CircularBufferTest (21 ms total)

[----------] 9 tests from ContainerOutputTest
[ RUN      ] ContainerOutputTest.QueuedOutputReclaimedOnPoolDestruction
[       OK ] ContainerOutputTest.QueuedOutputReclaimedOnPoolDestruction (3 ms)
[ RUN      ] ContainerOutputTest.ReceivedOutputLivesUntilLastArrayOwner
[       OK ] ContainerOutputTest.ReceivedOutputLivesUntilLastArrayOwner (1 ms)
[ RUN      ] ContainerOutputTest.ExtractedPayloadOwnsItsStorage
[       OK ] ContainerOutputTest.ExtractedPayloadOwnsItsStorage (1 ms)
[ RUN      ] ContainerOutputTest.TruncateReclaimsOriginalCapacity
[       OK ] ContainerOutputTest.TruncateReclaimsOriginalCapacity (0 ms)
[ RUN      ] ContainerOutputTest.LastStrongOwnerReclaimsWithWeakObserverRetained
[       OK ] ContainerOutputTest.LastStrongOwnerReclaimsWithWeakObserverRetained (0 ms)
[ RUN      ] ContainerOutputTest.MixedShapePartialBatchRetainsReturnedPayloads
[       OK ] ContainerOutputTest.MixedShapePartialBatchRetainsReturnedPayloads (0 ms)
[ RUN      ] ContainerOutputTest.MixedShapePartialBatchReclaimsUnconsumedPayloads
[       OK ] ContainerOutputTest.MixedShapePartialBatchReclaimsUnconsumedPayloads (0 ms)
[ RUN      ] ContainerOutputTest.StockReplacementPreservesTypedRecipe
[       OK ] ContainerOutputTest.StockReplacementPreservesTypedRecipe (0 ms)
[ RUN      ] ContainerOutputTest.FallbackReplacementPreservesTypedRecipe
[       OK ] ContainerOutputTest.FallbackReplacementPreservesTypedRecipe (0 ms)
[----------] 9 tests from ContainerOutputTest (7 ms total)

[----------] 4 tests from DictTest
[ RUN      ] DictTest.Keys
[       OK ] DictTest.Keys (0 ms)
[ RUN      ] DictTest.Values
[       OK ] DictTest.Values (0 ms)
[ RUN      ] DictTest.Lookup
[       OK ] DictTest.Lookup (0 ms)
[ RUN      ] DictTest.Modification
[       OK ] DictTest.Modification (0 ms)
[----------] 4 tests from DictTest (0 ms total)

[----------] 4 tests from EnvDiscountTest
[ RUN      ] EnvDiscountTest.SinglePlayerDiscountMatchesDone
[       OK ] EnvDiscountTest.SinglePlayerDiscountMatchesDone (0 ms)
[ RUN      ] EnvDiscountTest.NonterminalDiscountIncludesEveryPlayer
[       OK ] EnvDiscountTest.NonterminalDiscountIncludesEveryPlayer (0 ms)
[ RUN      ] EnvDiscountTest.TerminalDiscountIncludesEveryPlayer
[       OK ] EnvDiscountTest.TerminalDiscountIncludesEveryPlayer (0 ms)
[ RUN      ] EnvDiscountTest.ZeroPlayersDoNotOverwriteNextEnvironment
[       OK ] EnvDiscountTest.ZeroPlayersDoNotOverwriteNextEnvironment (0 ms)
[----------] 4 tests from EnvDiscountTest (2 ms total)

[----------] 6 tests from StateBufferQueueTest
[ RUN      ] StateBufferQueueTest.Basic
WARNING: All log messages before absl::InitializeLog() is called are written to STDERR
I0000 00:00:1791078990.761989    4021 state_buffer_queue_test.cc:36] 0 start
I0000 00:00:1791078990.762149    4021 state_buffer_queue_test.cc:39] 0 allocate
I0000 00:00:1791078990.762168    4021 state_buffer_queue_test.cc:41] 0 done_write
I0000 00:00:1791078990.762195    4021 state_buffer_queue_test.cc:36] 1 start
I0000 00:00:1791078990.762212    4021 state_buffer_queue_test.cc:39] 1 allocate
I0000 00:00:1791078990.762235    4021 state_buffer_queue_test.cc:41] 1 done_write
I0000 00:00:1791078990.762241    4021 state_buffer_queue_test.cc:36] 2 start
I0000 00:00:1791078990.762252    4021 state_buffer_queue_test.cc:39] 2 allocate
I0000 00:00:1791078990.762258    4021 state_buffer_queue_test.cc:41] 2 done_write
I0000 00:00:1791078990.762271    4021 state_buffer_queue_test.cc:36] 3 start
I0000 00:00:1791078990.762278    4021 state_buffer_queue_test.cc:39] 3 allocate
I0000 00:00:1791078990.762287    4021 state_buffer_queue_test.cc:41] 3 done_write
I0000 00:00:1791078990.762293    4021 state_buffer_queue_test.cc:36] 4 start
I0000 00:00:1791078990.762305    4021 state_buffer_queue_test.cc:39] 4 allocate
I0000 00:00:1791078990.762311    4021 state_buffer_queue_test.cc:41] 4 done_write
I0000 00:00:1791078990.762322    4021 state_buffer_queue_test.cc:36] 5 start
I0000 00:00:1791078990.762330    4021 state_buffer_queue_test.cc:39] 5 allocate
I0000 00:00:1791078990.762339    4021 state_buffer_queue_test.cc:41] 5 done_write
I0000 00:00:1791078990.762344    4021 state_buffer_queue_test.cc:36] 6 start
I0000 00:00:1791078990.762355    4021 state_buffer_queue_test.cc:39] 6 allocate
I0000 00:00:1791078990.762364    4021 state_buffer_queue_test.cc:41] 6 done_write
I0000 00:00:1791078990.762373    4021 state_buffer_queue_test.cc:36] 7 start
I0000 00:00:1791078990.762381    4021 state_buffer_queue_test.cc:39] 7 allocate
I0000 00:00:1791078990.762391    4021 state_buffer_queue_test.cc:41] 7 done_write
I0000 00:00:1791078990.762396    4021 state_buffer_queue_test.cc:36] 8 start
I0000 00:00:1791078990.762407    4021 state_buffer_queue_test.cc:39] 8 allocate
I0000 00:00:1791078990.762412    4021 state_buffer_queue_test.cc:41] 8 done_write
I0000 00:00:1791078990.762439    4021 state_buffer_queue_test.cc:36] 9 start
I0000 00:00:1791078990.762447    4021 state_buffer_queue_test.cc:39] 9 allocate
I0000 00:00:1791078990.762456    4021 state_buffer_queue_test.cc:41] 9 done_write
I0000 00:00:1791078990.762512    4021 state_buffer_queue_test.cc:36] 10 start
I0000 00:00:1791078990.762527    4021 state_buffer_queue_test.cc:39] 10 allocate
I0000 00:00:1791078990.762533    4021 state_buffer_queue_test.cc:41] 10 done_write
I0000 00:00:1791078990.762542    4021 state_buffer_queue_test.cc:36] 11 start
I0000 00:00:1791078990.762549    4021 state_buffer_queue_test.cc:39] 11 allocate
I0000 00:00:1791078990.762558    4021 state_buffer_queue_test.cc:41] 11 done_write
I0000 00:00:1791078990.762564    4021 state_buffer_queue_test.cc:36] 12 start
I0000 00:00:1791078990.762574    4021 state_buffer_queue_test.cc:39] 12 allocate
I0000 00:00:1791078990.762580    4021 state_buffer_queue_test.cc:41] 12 done_write
I0000 00:00:1791078990.762590    4021 state_buffer_queue_test.cc:36] 13 start
I0000 00:00:1791078990.762598    4021 state_buffer_queue_test.cc:39] 13 allocate
I0000 00:00:1791078990.762607    4021 state_buffer_queue_test.cc:41] 13 done_write
I0000 00:00:1791078990.762613    4021 state_buffer_queue_test.cc:36] 14 start
I0000 00:00:1791078990.762623    4021 state_buffer_queue_test.cc:39] 14 allocate
I0000 00:00:1791078990.762629    4021 state_buffer_queue_test.cc:41] 14 done_write
I0000 00:00:1791078990.762638    4021 state_buffer_queue_test.cc:36] 15 start
I0000 00:00:1791078990.762646    4021 state_buffer_queue_test.cc:39] 15 allocate
I0000 00:00:1791078990.762656    4021 state_buffer_queue_test.cc:41] 15 done_write
I0000 00:00:1791078990.762663    4021 state_buffer_queue_test.cc:36] 16 start
I0000 00:00:1791078990.762674    4021 state_buffer_queue_test.cc:39] 16 allocate
I0000 00:00:1791078990.762679    4021 state_buffer_queue_test.cc:41] 16 done_write
I0000 00:00:1791078990.762689    4021 state_buffer_queue_test.cc:36] 17 start
I0000 00:00:1791078990.762696    4021 state_buffer_queue_test.cc:39] 17 allocate
I0000 00:00:1791078990.762704    4021 state_buffer_queue_test.cc:41] 17 done_write
I0000 00:00:1791078990.762711    4021 state_buffer_queue_test.cc:36] 18 start
I0000 00:00:1791078990.762721    4021 state_buffer_queue_test.cc:39] 18 allocate
I0000 00:00:1791078990.762727    4021 state_buffer_queue_test.cc:41] 18 done_write
I0000 00:00:1791078990.762735    4021 state_buffer_queue_test.cc:36] 19 start
I0000 00:00:1791078990.762743    4021 state_buffer_queue_test.cc:39] 19 allocate
I0000 00:00:1791078990.762751    4021 state_buffer_queue_test.cc:41] 19 done_write
I0000 00:00:1791078990.762757    4021 state_buffer_queue_test.cc:36] 20 start
I0000 00:00:1791078990.762768    4021 state_buffer_queue_test.cc:39] 20 allocate
I0000 00:00:1791078990.762774    4021 state_buffer_queue_test.cc:41] 20 done_write
I0000 00:00:1791078990.762783    4021 state_buffer_queue_test.cc:36] 21 start
I0000 00:00:1791078990.762791    4021 state_buffer_queue_test.cc:39] 21 allocate
I0000 00:00:1791078990.762800    4021 state_buffer_queue_test.cc:41] 21 done_write
I0000 00:00:1791078990.762806    4021 state_buffer_queue_test.cc:36] 22 start
I0000 00:00:1791078990.762817    4021 state_buffer_queue_test.cc:39] 22 allocate
I0000 00:00:1791078990.762823    4021 state_buffer_queue_test.cc:41] 22 done_write
I0000 00:00:1791078990.762833    4021 state_buffer_queue_test.cc:36] 23 start
I0000 00:00:1791078990.762841    4021 state_buffer_queue_test.cc:39] 23 allocate
I0000 00:00:1791078990.762853    4021 state_buffer_queue_test.cc:41] 23 done_write
I0000 00:00:1791078990.762858    4021 state_buffer_queue_test.cc:36] 24 start
I0000 00:00:1791078990.762869    4021 state_buffer_queue_test.cc:39] 24 allocate
I0000 00:00:1791078990.762874    4021 state_buffer_queue_test.cc:41] 24 done_write
I0000 00:00:1791078990.762883    4021 state_buffer_queue_test.cc:36] 25 start
I0000 00:00:1791078990.762890    4021 state_buffer_queue_test.cc:39] 25 allocate
I0000 00:00:1791078990.762900    4021 state_buffer_queue_test.cc:41] 25 done_write
I0000 00:00:1791078990.762906    4021 state_buffer_queue_test.cc:36] 26 start
I0000 00:00:1791078990.762919    4021 state_buffer_queue_test.cc:39] 26 allocate
I0000 00:00:1791078990.762924    4021 state_buffer_queue_test.cc:41] 26 done_write
I0000 00:00:1791078990.762934    4021 state_buffer_queue_test.cc:36] 27 start
I0000 00:00:1791078990.762941    4021 state_buffer_queue_test.cc:39] 27 allocate
I0000 00:00:1791078990.762951    4021 state_buffer_queue_test.cc:41] 27 done_write
I0000 00:00:1791078990.762958    4021 state_buffer_queue_test.cc:36] 28 start
I0000 00:00:1791078990.762968    4021 state_buffer_queue_test.cc:39] 28 allocate
I0000 00:00:1791078990.762974    4021 state_buffer_queue_test.cc:41] 28 done_write
I0000 00:00:1791078990.762983    4021 state_buffer_queue_test.cc:36] 29 start
I0000 00:00:1791078990.762991    4021 state_buffer_queue_test.cc:39] 29 allocate
I0000 00:00:1791078990.762999    4021 state_buffer_queue_test.cc:41] 29 done_write
I0000 00:00:1791078990.763005    4021 state_buffer_queue_test.cc:36] 30 start
I0000 00:00:1791078990.763017    4021 state_buffer_queue_test.cc:39] 30 allocate
I0000 00:00:1791078990.763023    4021 state_buffer_queue_test.cc:41] 30 done_write
I0000 00:00:1791078990.763032    4021 state_buffer_queue_test.cc:36] 31 start
I0000 00:00:1791078990.763040    4021 state_buffer_queue_test.cc:39] 31 allocate
I0000 00:00:1791078990.763049    4021 state_buffer_queue_test.cc:41] 31 done_write
I0000 00:00:1791078990.763100    4021 state_buffer_queue_test.cc:47] finish wait
[       OK ] StateBufferQueueTest.Basic (1 ms)
[ RUN      ] StateBufferQueueTest.SinglePlayerSync
[       OK ] StateBufferQueueTest.SinglePlayerSync (92 ms)
[ RUN      ] StateBufferQueueTest.NumPlayers
[       OK ] StateBufferQueueTest.NumPlayers (0 ms)
[ RUN      ] StateBufferQueueTest.MultipleTimes
[       OK ] StateBufferQueueTest.MultipleTimes (668 ms)
[ RUN      ] StateBufferQueueTest.ConcurrentSinglePlayer
[       OK ] StateBufferQueueTest.ConcurrentSinglePlayer (2689 ms)
[ RUN      ] StateBufferQueueTest.ConcurrentMultiPlayer
[       OK ] StateBufferQueueTest.ConcurrentMultiPlayer (2255 ms)
[----------] 6 tests from StateBufferQueueTest (5709 ms total)

[----------] 9 tests from StateBufferTest
[ RUN      ] StateBufferTest.Basic
[       OK ] StateBufferTest.Basic (0 ms)
[ RUN      ] StateBufferTest.SinglePlayerSync
[       OK ] StateBufferTest.SinglePlayerSync (0 ms)
[ RUN      ] StateBufferTest.Truncate
[       OK ] StateBufferTest.Truncate (0 ms)
[ RUN      ] StateBufferTest.MultiPlayers
[       OK ] StateBufferTest.MultiPlayers (0 ms)
[ RUN      ] StateBufferTest.PartialSyncShuffledOutputsSurviveBufferDestruction
[       OK ] StateBufferTest.PartialSyncShuffledOutputsSurviveBufferDestruction (0 ms)
[ RUN      ] StateBufferTest.PartialMultiPlayerOutputsIncludeZeroPlayerEnvironments
[       OK ] StateBufferTest.PartialMultiPlayerOutputsIncludeZeroPlayerEnvironments (0 ms)
[ RUN      ] StateBufferTest.NoPlayersReturnsEmptyPlayerShapesAndSharedData
[       OK ] StateBufferTest.NoPlayersReturnsEmptyPlayerShapesAndSharedData (0 ms)
[ RUN      ] StateBufferTest.PartialWaitRequiresEveryAllocatedWriterToComplete
[       OK ] StateBufferTest.PartialWaitRequiresEveryAllocatedWriterToComplete (20 ms)
[ RUN      ] StateBufferTest.CompletionAllowsImmediateDestruction
[       OK ] StateBufferTest.CompletionAllowsImmediateDestruction (179 ms)
[----------] 9 tests from StateBufferTest (201 ms total)

[----------] 11 tests from StateTupleTest
[ RUN      ] StateTupleTest.MatchesVectorScalarMultidimensionalAndPartialPlayerViews
[       OK ] StateTupleTest.MatchesVectorScalarMultidimensionalAndPartialPlayerViews (0 ms)
[ RUN      ] StateTupleTest.MatchesVectorWhenEveryEnvironmentHasZeroPlayers
[       OK ] StateTupleTest.MatchesVectorWhenEveryEnvironmentHasZeroPlayers (0 ms)
[ RUN      ] StateTupleTest.SinglePlayerReversedOrderMatchesBothFieldLayouts
[       OK ] StateTupleTest.SinglePlayerReversedOrderMatchesBothFieldLayouts (0 ms)
[ RUN      ] StateTupleTest.MultiPlayerIgnoresOrderIncludingEmptySlices
[       OK ] StateTupleTest.MultiPlayerIgnoresOrderIncludingEmptySlices (0 ms)
[ RUN      ] StateTupleTest.MixedAllocationsShareQuotaAndPreserveFailureOffsets
I0000 00:00:1791078996.672548    4021 state_buffer.h:246] Allocation failed, continue to the next block of memory
I0000 00:00:1791078996.672704    4021 state_buffer.h:246] Allocation failed, continue to the next block of memory
[       OK ] StateTupleTest.MixedAllocationsShareQuotaAndPreserveFailureOffsets (0 ms)
[ RUN      ] StateTupleTest.DestroyingTypedSliceDoesNotCompleteItsReservation
[       OK ] StateTupleTest.DestroyingTypedSliceDoesNotCompleteItsReservation (0 ms)
[ RUN      ] StateTupleTest.MixedQueueAllocationsSurvivePartialAndReplacementCycles
[       OK ] StateTupleTest.MixedQueueAllocationsSurvivePartialAndReplacementCycles (0 ms)
[ RUN      ] StateTupleTest.QueueForwardsSyncOrderAcrossMixedReplacementCycles
[       OK ] StateTupleTest.QueueForwardsSyncOrderAcrossMixedReplacementCycles (0 ms)
[ RUN      ] StateTupleTest.PartialWaitStillRequiresDelayedTypedLastWriter
[       OK ] StateTupleTest.PartialWaitStillRequiresDelayedTypedLastWriter (0 ms)
[ RUN      ] StateTupleTest.TypedCompletionAllowsImmediateBufferRetirement
[       OK ] StateTupleTest.TypedCompletionAllowsImmediateBufferRetirement (44 ms)
[ RUN      ] StateTupleTest.EnvInitializesScalarMultidimensionalAndEmptyContainers
[       OK ] StateTupleTest.EnvInitializesScalarMultidimensionalAndEmptyContainers (0 ms)
[----------] 11 tests from StateTupleTest (47 ms total)

[----------] 9 tests from DummyEnvPoolTest
[ RUN      ] DummyEnvPoolTest.TimingAccumulatorsStartAtZero
[       OK ] DummyEnvPoolTest.TimingAccumulatorsStartAtZero (1 ms)
[ RUN      ] DummyEnvPoolTest.DiscountMatchesDoneForEveryPlayer
[       OK ] DummyEnvPoolTest.DiscountMatchesDoneForEveryPlayer (1 ms)
[ RUN      ] DummyEnvPoolTest.ShutdownIdleWorkers
[       OK ] DummyEnvPoolTest.ShutdownIdleWorkers (162 ms)
[ RUN      ] DummyEnvPoolTest.ShutdownWithPendingReset
[       OK ] DummyEnvPoolTest.ShutdownWithPendingReset (158 ms)
[ RUN      ] DummyEnvPoolTest.ShutdownJoinsInFlightResetBeforeDestroyingEnvironment
[       OK ] DummyEnvPoolTest.ShutdownJoinsInFlightResetBeforeDestroyingEnvironment (51 ms)
[ RUN      ] DummyEnvPoolTest.SplitZeroAction
[       OK ] DummyEnvPoolTest.SplitZeroAction (2 ms)
[ RUN      ] DummyEnvPoolTest.SmokeSynchronousSinglePlayer
I0000 00:00:1791078997.098207    4021 dummy_envpool_test.cc:332] 1 1 3 32 1 1
I0000 00:00:1791078997.101472    4021 dummy_envpool_test.cc:435] time(s): 0.00237143, FPS: 13494
[       OK ] DummyEnvPoolTest.SmokeSynchronousSinglePlayer (3 ms)
[ RUN      ] DummyEnvPoolTest.SmokeAsynchronousSinglePlayer
I0000 00:00:1791078997.101933    4021 dummy_envpool_test.cc:332] 8 4 3 64 2 1
I0000 00:00:1791078997.109004    4021 dummy_envpool_test.cc:435] time(s): 0.00426419, FPS: 60034.8
[       OK ] DummyEnvPoolTest.SmokeAsynchronousSinglePlayer (7 ms)
[ RUN      ] DummyEnvPoolTest.SmokeAsynchronousMultiPlayer
I0000 00:00:1791078997.109855    4021 dummy_envpool_test.cc:332] 8 4 3 64 2 4
I0000 00:00:1791078997.117599    4021 dummy_envpool_test.cc:435] time(s): 0.00463983, FPS: 55174.5
[       OK ] DummyEnvPoolTest.SmokeAsynchronousMultiPlayer (8 ms)
[----------] 9 tests from DummyEnvPoolTest (399 ms total)

[==========] 74 tests from 11 test suites ran. (6686 ms total)
[  PASSED  ] 74 tests.

Repeating all tests (iteration 2) . . .

Note: Google Test filter = *-DummyEnvPoolTest.SinglePlayer:DummyEnvPoolTest.MultiPlayers
[==========] Running 74 tests from 11 test suites.
[----------] 1 test from StateTupleDeathTest
[ RUN      ] StateTupleDeathTest.RejectsBothShortAndLongTuples
[       OK ] StateTupleDeathTest.RejectsBothShortAndLongTuples (35 ms)
[----------] 1 test from StateTupleDeathTest (35 ms total)

[----------] 12 tests from ActionBufferQueueTest
[ RUN      ] ActionBufferQueueTest.ShutdownWakesEmptyQueueWithoutAdvancingCursors
[       OK ] ActionBufferQueueTest.ShutdownWakesEmptyQueueWithoutAdvancingCursors (2 ms)
[ RUN      ] ActionBufferQueueTest.ShutdownWakePreservesPendingAction
[       OK ] ActionBufferQueueTest.ShutdownWakePreservesPendingAction (1 ms)
[ RUN      ] ActionBufferQueueTest.StopAwareDequeuePreservesActiveDelivery
[       OK ] ActionBufferQueueTest.StopAwareDequeuePreservesActiveDelivery (0 ms)
[ RUN      ] ActionBufferQueueTest.SmallRingWraparoundPreservesPayloadsAndCounters
[       OK ] ActionBufferQueueTest.SmallRingWraparoundPreservesPayloadsAndCounters (4 ms)
[ RUN      ] ActionBufferQueueTest.BoundedMultipleProducersAndConsumersExactlyOnce
[       OK ] ActionBufferQueueTest.BoundedMultipleProducersAndConsumersExactlyOnce (40 ms)
[ RUN      ] ActionBufferQueueTest.DelayedConsumerKeepsPayloadAcrossRingReuse
[       OK ] ActionBufferQueueTest.DelayedConsumerKeepsPayloadAcrossRingReuse (0 ms)
[ RUN      ] ActionBufferQueueTest.ConcurrentProducerBulksRemainContiguous
[       OK ] ActionBufferQueueTest.ConcurrentProducerBulksRemainContiguous (142 ms)
[ RUN      ] ActionBufferQueueTest.Concurrent
[       OK ] ActionBufferQueueTest.Concurrent (54 ms)
[ RUN      ] ActionBufferQueueTest.BulkWrapPreservesOrderWithNonPowerOfTwoCapacity
[       OK ] ActionBufferQueueTest.BulkWrapPreservesOrderWithNonPowerOfTwoCapacity (0 ms)
[ RUN      ] ActionBufferQueueTest.ConcurrentConsumersPreserveEveryWrappedAction
[       OK ] ActionBufferQueueTest.ConcurrentConsumersPreserveEveryWrappedAction (9 ms)
[ RUN      ] ActionBufferQueueTest.BulkWrapMatchesUnsignedCounterRollover
[       OK ] ActionBufferQueueTest.BulkWrapMatchesUnsignedCounterRollover (0 ms)
[ RUN      ] ActionBufferQueueTest.EmptyBulkIsSafeWithZeroCapacity
[       OK ] ActionBufferQueueTest.EmptyBulkIsSafeWithZeroCapacity (0 ms)
[----------] 12 tests from ActionBufferQueueTest (256 ms total)

[----------] 8 tests from ArrayTest
[ RUN      ] ArrayTest.ViewsPreserveHighDimensionalShapesAndData
[       OK ] ArrayTest.ViewsPreserveHighDimensionalShapesAndData (0 ms)
[ RUN      ] ArrayTest.TruncateAndSharedPtrKeepOwnedStorageAlive
[       OK ] ArrayTest.TruncateAndSharedPtrKeepOwnedStorageAlive (0 ms)
[ RUN      ] ArrayTest.SharedPtrPreservesNonOwningDataPointer
[       OK ] ArrayTest.SharedPtrPreservesNonOwningDataPointer (0 ms)
[ RUN      ] ArrayTest.ViewsDoNotExtendBackingStorageLifetime
[       OK ] ArrayTest.ViewsDoNotExtendBackingStorageLifetime (0 ms)
[ RUN      ] ArrayTest.TypedTruncateSharesData
[       OK ] ArrayTest.TypedTruncateSharesData (0 ms)
[ RUN      ] ArrayTest.TruncateInPlacePreservesHighDimensionalShapeAndData
[       OK ] ArrayTest.TruncateInPlacePreservesHighDimensionalShapeAndData (0 ms)
[ RUN      ] ArrayTest.TruncateInPlaceHandlesEmptyDimensions
[       OK ] ArrayTest.TruncateInPlaceHandlesEmptyDimensions (0 ms)
[ RUN      ] ArrayTest.TruncateInPlaceRetainsSharedOwnershipAndCustomDeleter
[       OK ] ArrayTest.TruncateInPlaceRetainsSharedOwnershipAndCustomDeleter (0 ms)
[----------] 8 tests from ArrayTest (0 ms total)

[----------] 1 test from CircularBufferTest
[ RUN      ] CircularBufferTest.Basic
[       OK ] CircularBufferTest.Basic (20 ms)
[----------] 1 test from CircularBufferTest (20 ms total)

[----------] 9 tests from ContainerOutputTest
[ RUN      ] ContainerOutputTest.QueuedOutputReclaimedOnPoolDestruction
[       OK ] ContainerOutputTest.QueuedOutputReclaimedOnPoolDestruction (2 ms)
[ RUN      ] ContainerOutputTest.ReceivedOutputLivesUntilLastArrayOwner
[       OK ] ContainerOutputTest.ReceivedOutputLivesUntilLastArrayOwner (1 ms)
[ RUN      ] ContainerOutputTest.ExtractedPayloadOwnsItsStorage
[       OK ] ContainerOutputTest.ExtractedPayloadOwnsItsStorage (1 ms)
[ RUN      ] ContainerOutputTest.TruncateReclaimsOriginalCapacity
[       OK ] ContainerOutputTest.TruncateReclaimsOriginalCapacity (0 ms)
[ RUN      ] ContainerOutputTest.LastStrongOwnerReclaimsWithWeakObserverRetained
[       OK ] ContainerOutputTest.LastStrongOwnerReclaimsWithWeakObserverRetained (0 ms)
[ RUN      ] ContainerOutputTest.MixedShapePartialBatchRetainsReturnedPayloads
[       OK ] ContainerOutputTest.MixedShapePartialBatchRetainsReturnedPayloads (0 ms)
[ RUN      ] ContainerOutputTest.MixedShapePartialBatchReclaimsUnconsumedPayloads
[       OK ] ContainerOutputTest.MixedShapePartialBatchReclaimsUnconsumedPayloads (0 ms)
[ RUN      ] ContainerOutputTest.StockReplacementPreservesTypedRecipe
[       OK ] ContainerOutputTest.StockReplacementPreservesTypedRecipe (0 ms)
[ RUN      ] ContainerOutputTest.FallbackReplacementPreservesTypedRecipe
[       OK ] ContainerOutputTest.FallbackReplacementPreservesTypedRecipe (0 ms)
[----------] 9 tests from ContainerOutputTest (6 ms total)

[----------] 4 tests from DictTest
[ RUN      ] DictTest.Keys
[       OK ] DictTest.Keys (0 ms)
[ RUN      ] DictTest.Values
[       OK ] DictTest.Values (0 ms)
[ RUN      ] DictTest.Lookup
[       OK ] DictTest.Lookup (0 ms)
[ RUN      ] DictTest.Modification
[       OK ] DictTest.Modification (0 ms)
[----------] 4 tests from DictTest (0 ms total)

[----------] 4 tests from EnvDiscountTest
[ RUN      ] EnvDiscountTest.SinglePlayerDiscountMatchesDone
[       OK ] EnvDiscountTest.SinglePlayerDiscountMatchesDone (0 ms)
[ RUN      ] EnvDiscountTest.NonterminalDiscountIncludesEveryPlayer
[       OK ] EnvDiscountTest.NonterminalDiscountIncludesEveryPlayer (0 ms)
[ RUN      ] EnvDiscountTest.TerminalDiscountIncludesEveryPlayer
[       OK ] EnvDiscountTest.TerminalDiscountIncludesEveryPlayer (0 ms)
[ RUN      ] EnvDiscountTest.ZeroPlayersDoNotOverwriteNextEnvironment
[       OK ] EnvDiscountTest.ZeroPlayersDoNotOverwriteNextEnvironment (0 ms)
[----------] 4 tests from EnvDiscountTest (2 ms total)

[----------] 6 tests from StateBufferQueueTest
[ RUN      ] StateBufferQueueTest.Basic
I0000 00:00:1791078997.444664    4021 state_buffer_queue_test.cc:36] 0 start
I0000 00:00:1791078997.444690    4021 state_buffer_queue_test.cc:39] 0 allocate
I0000 00:00:1791078997.444698    4021 state_buffer_queue_test.cc:41] 0 done_write
I0000 00:00:1791078997.444716    4021 state_buffer_queue_test.cc:36] 1 start
I0000 00:00:1791078997.444743    4021 state_buffer_queue_test.cc:39] 1 allocate
I0000 00:00:1791078997.444756    4021 state_buffer_queue_test.cc:41] 1 done_write
I0000 00:00:1791078997.444762    4021 state_buffer_queue_test.cc:36] 2 start
I0000 00:00:1791078997.444776    4021 state_buffer_queue_test.cc:39] 2 allocate
I0000 00:00:1791078997.444782    4021 state_buffer_queue_test.cc:41] 2 done_write
I0000 00:00:1791078997.444788    4021 state_buffer_queue_test.cc:36] 3 start
I0000 00:00:1791078997.444796    4021 state_buffer_queue_test.cc:39] 3 allocate
I0000 00:00:1791078997.444802    4021 state_buffer_queue_test.cc:41] 3 done_write
I0000 00:00:1791078997.444809    4021 state_buffer_queue_test.cc:36] 4 start
I0000 00:00:1791078997.444816    4021 state_buffer_queue_test.cc:39] 4 allocate
I0000 00:00:1791078997.444822    4021 state_buffer_queue_test.cc:41] 4 done_write
I0000 00:00:1791078997.444828    4021 state_buffer_queue_test.cc:36] 5 start
I0000 00:00:1791078997.444835    4021 state_buffer_queue_test.cc:39] 5 allocate
I0000 00:00:1791078997.444841    4021 state_buffer_queue_test.cc:41] 5 done_write
I0000 00:00:1791078997.444847    4021 state_buffer_queue_test.cc:36] 6 start
I0000 00:00:1791078997.444854    4021 state_buffer_queue_test.cc:39] 6 allocate
I0000 00:00:1791078997.444860    4021 state_buffer_queue_test.cc:41] 6 done_write
I0000 00:00:1791078997.444866    4021 state_buffer_queue_test.cc:36] 7 start
I0000 00:00:1791078997.444874    4021 state_buffer_queue_test.cc:39] 7 allocate
I0000 00:00:1791078997.444880    4021 state_buffer_queue_test.cc:41] 7 done_write
I0000 00:00:1791078997.444888    4021 state_buffer_queue_test.cc:36] 8 start
I0000 00:00:1791078997.444896    4021 state_buffer_queue_test.cc:39] 8 allocate
I0000 00:00:1791078997.444905    4021 state_buffer_queue_test.cc:41] 8 done_write
I0000 00:00:1791078997.444912    4021 state_buffer_queue_test.cc:36] 9 start
I0000 00:00:1791078997.444920    4021 state_buffer_queue_test.cc:39] 9 allocate
I0000 00:00:1791078997.444928    4021 state_buffer_queue_test.cc:41] 9 done_write
I0000 00:00:1791078997.444933    4021 state_buffer_queue_test.cc:36] 10 start
I0000 00:00:1791078997.444940    4021 state_buffer_queue_test.cc:39] 10 allocate
I0000 00:00:1791078997.444946    4021 state_buffer_queue_test.cc:41] 10 done_write
I0000 00:00:1791078997.444952    4021 state_buffer_queue_test.cc:36] 11 start
I0000 00:00:1791078997.444960    4021 state_buffer_queue_test.cc:39] 11 allocate
I0000 00:00:1791078997.444966    4021 state_buffer_queue_test.cc:41] 11 done_write
I0000 00:00:1791078997.444972    4021 state_buffer_queue_test.cc:36] 12 start
I0000 00:00:1791078997.444980    4021 state_buffer_queue_test.cc:39] 12 allocate
I0000 00:00:1791078997.444986    4021 state_buffer_queue_test.cc:41] 12 done_write
I0000 00:00:1791078997.444992    4021 state_buffer_queue_test.cc:36] 13 start
I0000 00:00:1791078997.444999    4021 state_buffer_queue_test.cc:39] 13 allocate
I0000 00:00:1791078997.445005    4021 state_buffer_queue_test.cc:41] 13 done_write
I0000 00:00:1791078997.445011    4021 state_buffer_queue_test.cc:36] 14 start
I0000 00:00:1791078997.445019    4021 state_buffer_queue_test.cc:39] 14 allocate
I0000 00:00:1791078997.445025    4021 state_buffer_queue_test.cc:41] 14 done_write
I0000 00:00:1791078997.445031    4021 state_buffer_queue_test.cc:36] 15 start
I0000 00:00:1791078997.445039    4021 state_buffer_queue_test.cc:39] 15 allocate
I0000 00:00:1791078997.445044    4021 state_buffer_queue_test.cc:41] 15 done_write
I0000 00:00:1791078997.445050    4021 state_buffer_queue_test.cc:36] 16 start
I0000 00:00:1791078997.445059    4021 state_buffer_queue_test.cc:39] 16 allocate
I0000 00:00:1791078997.445064    4021 state_buffer_queue_test.cc:41] 16 done_write
I0000 00:00:1791078997.445070    4021 state_buffer_queue_test.cc:36] 17 start
I0000 00:00:1791078997.445078    4021 state_buffer_queue_test.cc:39] 17 allocate
I0000 00:00:1791078997.445084    4021 state_buffer_queue_test.cc:41] 17 done_write
I0000 00:00:1791078997.445090    4021 state_buffer_queue_test.cc:36] 18 start
I0000 00:00:1791078997.445097    4021 state_buffer_queue_test.cc:39] 18 allocate
I0000 00:00:1791078997.445102    4021 state_buffer_queue_test.cc:41] 18 done_write
I0000 00:00:1791078997.445108    4021 state_buffer_queue_test.cc:36] 19 start
I0000 00:00:1791078997.445116    4021 state_buffer_queue_test.cc:39] 19 allocate
I0000 00:00:1791078997.445123    4021 state_buffer_queue_test.cc:41] 19 done_write
I0000 00:00:1791078997.445129    4021 state_buffer_queue_test.cc:36] 20 start
I0000 00:00:1791078997.445137    4021 state_buffer_queue_test.cc:39] 20 allocate
I0000 00:00:1791078997.445142    4021 state_buffer_queue_test.cc:41] 20 done_write
I0000 00:00:1791078997.445150    4021 state_buffer_queue_test.cc:36] 21 start
I0000 00:00:1791078997.445157    4021 state_buffer_queue_test.cc:39] 21 allocate
I0000 00:00:1791078997.445163    4021 state_buffer_queue_test.cc:41] 21 done_write
I0000 00:00:1791078997.445168    4021 state_buffer_queue_test.cc:36] 22 start
I0000 00:00:1791078997.445176    4021 state_buffer_queue_test.cc:39] 22 allocate
I0000 00:00:1791078997.445182    4021 state_buffer_queue_test.cc:41] 22 done_write
I0000 00:00:1791078997.445188    4021 state_buffer_queue_test.cc:36] 23 start
I0000 00:00:1791078997.445199    4021 state_buffer_queue_test.cc:39] 23 allocate
I0000 00:00:1791078997.445205    4021 state_buffer_queue_test.cc:41] 23 done_write
I0000 00:00:1791078997.445211    4021 state_buffer_queue_test.cc:36] 24 start
I0000 00:00:1791078997.445219    4021 state_buffer_queue_test.cc:39] 24 allocate
I0000 00:00:1791078997.445224    4021 state_buffer_queue_test.cc:41] 24 done_write
I0000 00:00:1791078997.445230    4021 state_buffer_queue_test.cc:36] 25 start
I0000 00:00:1791078997.445240    4021 state_buffer_queue_test.cc:39] 25 allocate
I0000 00:00:1791078997.445246    4021 state_buffer_queue_test.cc:41] 25 done_write
I0000 00:00:1791078997.445252    4021 state_buffer_queue_test.cc:36] 26 start
I0000 00:00:1791078997.445260    4021 state_buffer_queue_test.cc:39] 26 allocate
I0000 00:00:1791078997.445266    4021 state_buffer_queue_test.cc:41] 26 done_write
I0000 00:00:1791078997.445272    4021 state_buffer_queue_test.cc:36] 27 start
I0000 00:00:1791078997.445280    4021 state_buffer_queue_test.cc:39] 27 allocate
I0000 00:00:1791078997.445286    4021 state_buffer_queue_test.cc:41] 27 done_write
I0000 00:00:1791078997.445291    4021 state_buffer_queue_test.cc:36] 28 start
I0000 00:00:1791078997.445300    4021 state_buffer_queue_test.cc:39] 28 allocate
I0000 00:00:1791078997.445306    4021 state_buffer_queue_test.cc:41] 28 done_write
I0000 00:00:1791078997.445312    4021 state_buffer_queue_test.cc:36] 29 start
I0000 00:00:1791078997.445320    4021 state_buffer_queue_test.cc:39] 29 allocate
I0000 00:00:1791078997.445325    4021 state_buffer_queue_test.cc:41] 29 done_write
I0000 00:00:1791078997.445349    4021 state_buffer_queue_test.cc:36] 30 start
I0000 00:00:1791078997.445358    4021 state_buffer_queue_test.cc:39] 30 allocate
I0000 00:00:1791078997.445368    4021 state_buffer_queue_test.cc:41] 30 done_write
I0000 00:00:1791078997.445375    4021 state_buffer_queue_test.cc:36] 31 start
I0000 00:00:1791078997.445387    4021 state_buffer_queue_test.cc:39] 31 allocate
I0000 00:00:1791078997.445393    4021 state_buffer_queue_test.cc:41] 31 done_write
I0000 00:00:1791078997.445435    4021 state_buffer_queue_test.cc:47] finish wait
[       OK ] StateBufferQueueTest.Basic (3 ms)
[ RUN      ] StateBufferQueueTest.SinglePlayerSync
[       OK ] StateBufferQueueTest.SinglePlayerSync (108 ms)
[ RUN      ] StateBufferQueueTest.NumPlayers
[       OK ] StateBufferQueueTest.NumPlayers (0 ms)
[ RUN      ] StateBufferQueueTest.MultipleTimes
[       OK ] StateBufferQueueTest.MultipleTimes (759 ms)
[ RUN      ] StateBufferQueueTest.ConcurrentSinglePlayer
[       OK ] StateBufferQueueTest.ConcurrentSinglePlayer (2713 ms)
[ RUN      ] StateBufferQueueTest.ConcurrentMultiPlayer
[       OK ] StateBufferQueueTest.ConcurrentMultiPlayer (2565 ms)
[----------] 6 tests from StateBufferQueueTest (6151 ms total)

[----------] 9 tests from StateBufferTest
[ RUN      ] StateBufferTest.Basic
[       OK ] StateBufferTest.Basic (0 ms)
[ RUN      ] StateBufferTest.SinglePlayerSync
[       OK ] StateBufferTest.SinglePlayerSync (0 ms)
[ RUN      ] StateBufferTest.Truncate
[       OK ] StateBufferTest.Truncate (0 ms)
[ RUN      ] StateBufferTest.MultiPlayers
[       OK ] StateBufferTest.MultiPlayers (0 ms)
[ RUN      ] StateBufferTest.PartialSyncShuffledOutputsSurviveBufferDestruction
[       OK ] StateBufferTest.PartialSyncShuffledOutputsSurviveBufferDestruction (0 ms)
[ RUN      ] StateBufferTest.PartialMultiPlayerOutputsIncludeZeroPlayerEnvironments
[       OK ] StateBufferTest.PartialMultiPlayerOutputsIncludeZeroPlayerEnvironments (0 ms)
[ RUN      ] StateBufferTest.NoPlayersReturnsEmptyPlayerShapesAndSharedData
[       OK ] StateBufferTest.NoPlayersReturnsEmptyPlayerShapesAndSharedData (0 ms)
[ RUN      ] StateBufferTest.PartialWaitRequiresEveryAllocatedWriterToComplete
[       OK ] StateBufferTest.PartialWaitRequiresEveryAllocatedWriterToComplete (20 ms)
[ RUN      ] StateBufferTest.CompletionAllowsImmediateDestruction
[       OK ] StateBufferTest.CompletionAllowsImmediateDestruction (204 ms)
[----------] 9 tests from StateBufferTest (226 ms total)

[----------] 11 tests from StateTupleTest
[ RUN      ] StateTupleTest.MatchesVectorScalarMultidimensionalAndPartialPlayerViews
[       OK ] StateTupleTest.MatchesVectorScalarMultidimensionalAndPartialPlayerViews (0 ms)
[ RUN      ] StateTupleTest.MatchesVectorWhenEveryEnvironmentHasZeroPlayers
[       OK ] StateTupleTest.MatchesVectorWhenEveryEnvironmentHasZeroPlayers (0 ms)
[ RUN      ] StateTupleTest.SinglePlayerReversedOrderMatchesBothFieldLayouts
[       OK ] StateTupleTest.SinglePlayerReversedOrderMatchesBothFieldLayouts (0 ms)
[ RUN      ] StateTupleTest.MultiPlayerIgnoresOrderIncludingEmptySlices
[       OK ] StateTupleTest.MultiPlayerIgnoresOrderIncludingEmptySlices (0 ms)
[ RUN      ] StateTupleTest.MixedAllocationsShareQuotaAndPreserveFailureOffsets
I0000 00:00:1791079003.822790    4021 state_buffer.h:246] Allocation failed, continue to the next block of memory
I0000 00:00:1791079003.822860    4021 state_buffer.h:246] Allocation failed, continue to the next block of memory
[       OK ] StateTupleTest.MixedAllocationsShareQuotaAndPreserveFailureOffsets (0 ms)
[ RUN      ] StateTupleTest.DestroyingTypedSliceDoesNotCompleteItsReservation
[       OK ] StateTupleTest.DestroyingTypedSliceDoesNotCompleteItsReservation (0 ms)
[ RUN      ] StateTupleTest.MixedQueueAllocationsSurvivePartialAndReplacementCycles
[       OK ] StateTupleTest.MixedQueueAllocationsSurvivePartialAndReplacementCycles (1 ms)
[ RUN      ] StateTupleTest.QueueForwardsSyncOrderAcrossMixedReplacementCycles
[       OK ] StateTupleTest.QueueForwardsSyncOrderAcrossMixedReplacementCycles (0 ms)
[ RUN      ] StateTupleTest.PartialWaitStillRequiresDelayedTypedLastWriter
[       OK ] StateTupleTest.PartialWaitStillRequiresDelayedTypedLastWriter (0 ms)
[ RUN      ] StateTupleTest.TypedCompletionAllowsImmediateBufferRetirement
[       OK ] StateTupleTest.TypedCompletionAllowsImmediateBufferRetirement (46 ms)
[ RUN      ] StateTupleTest.EnvInitializesScalarMultidimensionalAndEmptyContainers
[       OK ] StateTupleTest.EnvInitializesScalarMultidimensionalAndEmptyContainers (0 ms)
[----------] 11 tests from StateTupleTest (49 ms total)

[----------] 9 tests from DummyEnvPoolTest
[ RUN      ] DummyEnvPoolTest.TimingAccumulatorsStartAtZero
[       OK ] DummyEnvPoolTest.TimingAccumulatorsStartAtZero (2 ms)
[ RUN      ] DummyEnvPoolTest.DiscountMatchesDoneForEveryPlayer
[       OK ] DummyEnvPoolTest.DiscountMatchesDoneForEveryPlayer (3 ms)
[ RUN      ] DummyEnvPoolTest.ShutdownIdleWorkers
[       OK ] DummyEnvPoolTest.ShutdownIdleWorkers (171 ms)
[ RUN      ] DummyEnvPoolTest.ShutdownWithPendingReset
[       OK ] DummyEnvPoolTest.ShutdownWithPendingReset (161 ms)
[ RUN      ] DummyEnvPoolTest.ShutdownJoinsInFlightResetBeforeDestroyingEnvironment
[       OK ] DummyEnvPoolTest.ShutdownJoinsInFlightResetBeforeDestroyingEnvironment (51 ms)
[ RUN      ] DummyEnvPoolTest.SplitZeroAction
[       OK ] DummyEnvPoolTest.SplitZeroAction (3 ms)
[ RUN      ] DummyEnvPoolTest.SmokeSynchronousSinglePlayer
I0000 00:00:1791079004.265552    4021 dummy_envpool_test.cc:332] 1 1 3 32 1 1
I0000 00:00:1791079004.269767    4021 dummy_envpool_test.cc:435] time(s): 0.00321738, FPS: 9945.97
[       OK ] DummyEnvPoolTest.SmokeSynchronousSinglePlayer (4 ms)
[ RUN      ] DummyEnvPoolTest.SmokeAsynchronousSinglePlayer
I0000 00:00:1791079004.270208    4021 dummy_envpool_test.cc:332] 8 4 3 64 2 1
I0000 00:00:1791079004.281170    4021 dummy_envpool_test.cc:435] time(s): 0.00785044, FPS: 32609.6
[       OK ] DummyEnvPoolTest.SmokeAsynchronousSinglePlayer (12 ms)
[ RUN      ] DummyEnvPoolTest.SmokeAsynchronousMultiPlayer
I0000 00:00:1791079004.282227    4021 dummy_envpool_test.cc:332] 8 4 3 64 2 4
I0000 00:00:1791079004.290516    4021 dummy_envpool_test.cc:435] time(s): 0.00560668, FPS: 45659.8
[       OK ] DummyEnvPoolTest.SmokeAsynchronousMultiPlayer (9 ms)
[----------] 9 tests from DummyEnvPoolTest (419 ms total)

[==========] 74 tests from 11 test suites ran. (7169 ms total)
[  PASSED  ] 74 tests.

Repeating all tests (iteration 3) . . .

Note: Google Test filter = *-DummyEnvPoolTest.SinglePlayer:DummyEnvPoolTest.MultiPlayers
[==========] Running 74 tests from 11 test suites.
[----------] 1 test from StateTupleDeathTest
[ RUN      ] StateTupleDeathTest.RejectsBothShortAndLongTuples
[       OK ] StateTupleDeathTest.RejectsBothShortAndLongTuples (55 ms)
[----------] 1 test from StateTupleDeathTest (55 ms total)

[----------] 12 tests from ActionBufferQueueTest
[ RUN      ] ActionBufferQueueTest.ShutdownWakesEmptyQueueWithoutAdvancingCursors
[       OK ] ActionBufferQueueTest.ShutdownWakesEmptyQueueWithoutAdvancingCursors (2 ms)
[ RUN      ] ActionBufferQueueTest.ShutdownWakePreservesPendingAction
[       OK ] ActionBufferQueueTest.ShutdownWakePreservesPendingAction (1 ms)
[ RUN      ] ActionBufferQueueTest.StopAwareDequeuePreservesActiveDelivery
[       OK ] ActionBufferQueueTest.StopAwareDequeuePreservesActiveDelivery (0 ms)
[ RUN      ] ActionBufferQueueTest.SmallRingWraparoundPreservesPayloadsAndCounters
[       OK ] ActionBufferQueueTest.SmallRingWraparoundPreservesPayloadsAndCounters (6 ms)
[ RUN      ] ActionBufferQueueTest.BoundedMultipleProducersAndConsumersExactlyOnce
[       OK ] ActionBufferQueueTest.BoundedMultipleProducersAndConsumersExactlyOnce (37 ms)
[ RUN      ] ActionBufferQueueTest.DelayedConsumerKeepsPayloadAcrossRingReuse
[       OK ] ActionBufferQueueTest.DelayedConsumerKeepsPayloadAcrossRingReuse (1 ms)
[ RUN      ] ActionBufferQueueTest.ConcurrentProducerBulksRemainContiguous
[       OK ] ActionBufferQueueTest.ConcurrentProducerBulksRemainContiguous (167 ms)
[ RUN      ] ActionBufferQueueTest.Concurrent
[       OK ] ActionBufferQueueTest.Concurrent (79 ms)
[ RUN      ] ActionBufferQueueTest.BulkWrapPreservesOrderWithNonPowerOfTwoCapacity
[       OK ] ActionBufferQueueTest.BulkWrapPreservesOrderWithNonPowerOfTwoCapacity (0 ms)
[ RUN      ] ActionBufferQueueTest.ConcurrentConsumersPreserveEveryWrappedAction
[       OK ] ActionBufferQueueTest.ConcurrentConsumersPreserveEveryWrappedAction (11 ms)
[ RUN      ] ActionBufferQueueTest.BulkWrapMatchesUnsignedCounterRollover
[       OK ] ActionBufferQueueTest.BulkWrapMatchesUnsignedCounterRollover (0 ms)
[ RUN      ] ActionBufferQueueTest.EmptyBulkIsSafeWithZeroCapacity
[       OK ] ActionBufferQueueTest.EmptyBulkIsSafeWithZeroCapacity (0 ms)
[----------] 12 tests from ActionBufferQueueTest (309 ms total)

[----------] 8 tests from ArrayTest
[ RUN      ] ArrayTest.ViewsPreserveHighDimensionalShapesAndData
[       OK ] ArrayTest.ViewsPreserveHighDimensionalShapesAndData (0 ms)
[ RUN      ] ArrayTest.TruncateAndSharedPtrKeepOwnedStorageAlive
[       OK ] ArrayTest.TruncateAndSharedPtrKeepOwnedStorageAlive (0 ms)
[ RUN      ] ArrayTest.SharedPtrPreservesNonOwningDataPointer
[       OK ] ArrayTest.SharedPtrPreservesNonOwningDataPointer (0 ms)
[ RUN      ] ArrayTest.ViewsDoNotExtendBackingStorageLifetime
[       OK ] ArrayTest.ViewsDoNotExtendBackingStorageLifetime (0 ms)
[ RUN      ] ArrayTest.TypedTruncateSharesData
[       OK ] ArrayTest.TypedTruncateSharesData (0 ms)
[ RUN      ] ArrayTest.TruncateInPlacePreservesHighDimensionalShapeAndData
[       OK ] ArrayTest.TruncateInPlacePreservesHighDimensionalShapeAndData (0 ms)
[ RUN      ] ArrayTest.TruncateInPlaceHandlesEmptyDimensions
[       OK ] ArrayTest.TruncateInPlaceHandlesEmptyDimensions (0 ms)
[ RUN      ] ArrayTest.TruncateInPlaceRetainsSharedOwnershipAndCustomDeleter
[       OK ] ArrayTest.TruncateInPlaceRetainsSharedOwnershipAndCustomDeleter (0 ms)
[----------] 8 tests from ArrayTest (0 ms total)

[----------] 1 test from CircularBufferTest
[ RUN      ] CircularBufferTest.Basic
[       OK ] CircularBufferTest.Basic (21 ms)
[----------] 1 test from CircularBufferTest (21 ms total)

[----------] 9 tests from ContainerOutputTest
[ RUN      ] ContainerOutputTest.QueuedOutputReclaimedOnPoolDestruction
[       OK ] ContainerOutputTest.QueuedOutputReclaimedOnPoolDestruction (3 ms)
[ RUN      ] ContainerOutputTest.ReceivedOutputLivesUntilLastArrayOwner
[       OK ] ContainerOutputTest.ReceivedOutputLivesUntilLastArrayOwner (1 ms)
[ RUN      ] ContainerOutputTest.ExtractedPayloadOwnsItsStorage
[       OK ] ContainerOutputTest.ExtractedPayloadOwnsItsStorage (1 ms)
[ RUN      ] ContainerOutputTest.TruncateReclaimsOriginalCapacity
[       OK ] ContainerOutputTest.TruncateReclaimsOriginalCapacity (0 ms)
[ RUN      ] ContainerOutputTest.LastStrongOwnerReclaimsWithWeakObserverRetained
[       OK ] ContainerOutputTest.LastStrongOwnerReclaimsWithWeakObserverRetained (0 ms)
[ RUN      ] ContainerOutputTest.MixedShapePartialBatchRetainsReturnedPayloads
[       OK ] ContainerOutputTest.MixedShapePartialBatchRetainsReturnedPayloads (0 ms)
[ RUN      ] ContainerOutputTest.MixedShapePartialBatchReclaimsUnconsumedPayloads
[       OK ] ContainerOutputTest.MixedShapePartialBatchReclaimsUnconsumedPayloads (0 ms)
[ RUN      ] ContainerOutputTest.StockReplacementPreservesTypedRecipe
[       OK ] ContainerOutputTest.StockReplacementPreservesTypedRecipe (0 ms)
[ RUN      ] ContainerOutputTest.FallbackReplacementPreservesTypedRecipe
[       OK ] ContainerOutputTest.FallbackReplacementPreservesTypedRecipe (0 ms)
[----------] 9 tests from ContainerOutputTest (7 ms total)

[----------] 4 tests from DictTest
[ RUN      ] DictTest.Keys
[       OK ] DictTest.Keys (0 ms)
[ RUN      ] DictTest.Values
[       OK ] DictTest.Values (0 ms)
[ RUN      ] DictTest.Lookup
[       OK ] DictTest.Lookup (0 ms)
[ RUN      ] DictTest.Modification
[       OK ] DictTest.Modification (0 ms)
[----------] 4 tests from DictTest (0 ms total)

[----------] 4 tests from EnvDiscountTest
[ RUN      ] EnvDiscountTest.SinglePlayerDiscountMatchesDone
[       OK ] EnvDiscountTest.SinglePlayerDiscountMatchesDone (0 ms)
[ RUN      ] EnvDiscountTest.NonterminalDiscountIncludesEveryPlayer
[       OK ] EnvDiscountTest.NonterminalDiscountIncludesEveryPlayer (0 ms)
[ RUN      ] EnvDiscountTest.TerminalDiscountIncludesEveryPlayer
[       OK ] EnvDiscountTest.TerminalDiscountIncludesEveryPlayer (0 ms)
[ RUN      ] EnvDiscountTest.ZeroPlayersDoNotOverwriteNextEnvironment
[       OK ] EnvDiscountTest.ZeroPlayersDoNotOverwriteNextEnvironment (0 ms)
[----------] 4 tests from EnvDiscountTest (2 ms total)

[----------] 6 tests from StateBufferQueueTest
[ RUN      ] StateBufferQueueTest.Basic
I0000 00:00:1791079004.691671    4021 state_buffer_queue_test.cc:36] 0 start
I0000 00:00:1791079004.691700    4021 state_buffer_queue_test.cc:39] 0 allocate
I0000 00:00:1791079004.691708    4021 state_buffer_queue_test.cc:41] 0 done_write
I0000 00:00:1791079004.691719    4021 state_buffer_queue_test.cc:36] 1 start
I0000 00:00:1791079004.691729    4021 state_buffer_queue_test.cc:39] 1 allocate
I0000 00:00:1791079004.691752    4021 state_buffer_queue_test.cc:41] 1 done_write
I0000 00:00:1791079004.691759    4021 state_buffer_queue_test.cc:36] 2 start
I0000 00:00:1791079004.691785    4021 state_buffer_queue_test.cc:39] 2 allocate
I0000 00:00:1791079004.691791    4021 state_buffer_queue_test.cc:41] 2 done_write
I0000 00:00:1791079004.691804    4021 state_buffer_queue_test.cc:36] 3 start
I0000 00:00:1791079004.691814    4021 state_buffer_queue_test.cc:39] 3 allocate
I0000 00:00:1791079004.691827    4021 state_buffer_queue_test.cc:41] 3 done_write
I0000 00:00:1791079004.691833    4021 state_buffer_queue_test.cc:36] 4 start
I0000 00:00:1791079004.691841    4021 state_buffer_queue_test.cc:39] 4 allocate
I0000 00:00:1791079004.691847    4021 state_buffer_queue_test.cc:41] 4 done_write
I0000 00:00:1791079004.691853    4021 state_buffer_queue_test.cc:36] 5 start
I0000 00:00:1791079004.691863    4021 state_buffer_queue_test.cc:39] 5 allocate
I0000 00:00:1791079004.691869    4021 state_buffer_queue_test.cc:41] 5 done_write
I0000 00:00:1791079004.691875    4021 state_buffer_queue_test.cc:36] 6 start
I0000 00:00:1791079004.691884    4021 state_buffer_queue_test.cc:39] 6 allocate
I0000 00:00:1791079004.691890    4021 state_buffer_queue_test.cc:41] 6 done_write
I0000 00:00:1791079004.691896    4021 state_buffer_queue_test.cc:36] 7 start
I0000 00:00:1791079004.691907    4021 state_buffer_queue_test.cc:39] 7 allocate
I0000 00:00:1791079004.691912    4021 state_buffer_queue_test.cc:41] 7 done_write
I0000 00:00:1791079004.691918    4021 state_buffer_queue_test.cc:36] 8 start
I0000 00:00:1791079004.691929    4021 state_buffer_queue_test.cc:39] 8 allocate
I0000 00:00:1791079004.691935    4021 state_buffer_queue_test.cc:41] 8 done_write
I0000 00:00:1791079004.691941    4021 state_buffer_queue_test.cc:36] 9 start
I0000 00:00:1791079004.691952    4021 state_buffer_queue_test.cc:39] 9 allocate
I0000 00:00:1791079004.691957    4021 state_buffer_queue_test.cc:41] 9 done_write
I0000 00:00:1791079004.691963    4021 state_buffer_queue_test.cc:36] 10 start
I0000 00:00:1791079004.691975    4021 state_buffer_queue_test.cc:39] 10 allocate
I0000 00:00:1791079004.691981    4021 state_buffer_queue_test.cc:41] 10 done_write
I0000 00:00:1791079004.691986    4021 state_buffer_queue_test.cc:36] 11 start
I0000 00:00:1791079004.691996    4021 state_buffer_queue_test.cc:39] 11 allocate
I0000 00:00:1791079004.692001    4021 state_buffer_queue_test.cc:41] 11 done_write
I0000 00:00:1791079004.692008    4021 state_buffer_queue_test.cc:36] 12 start
I0000 00:00:1791079004.692023    4021 state_buffer_queue_test.cc:39] 12 allocate
I0000 00:00:1791079004.692029    4021 state_buffer_queue_test.cc:41] 12 done_write
I0000 00:00:1791079004.692034    4021 state_buffer_queue_test.cc:36] 13 start
I0000 00:00:1791079004.692043    4021 state_buffer_queue_test.cc:39] 13 allocate
I0000 00:00:1791079004.692048    4021 state_buffer_queue_test.cc:41] 13 done_write
I0000 00:00:1791079004.692054    4021 state_buffer_queue_test.cc:36] 14 start
I0000 00:00:1791079004.692063    4021 state_buffer_queue_test.cc:39] 14 allocate
I0000 00:00:1791079004.692069    4021 state_buffer_queue_test.cc:41] 14 done_write
I0000 00:00:1791079004.692074    4021 state_buffer_queue_test.cc:36] 15 start
I0000 00:00:1791079004.692082    4021 state_buffer_queue_test.cc:39] 15 allocate
I0000 00:00:1791079004.692087    4021 state_buffer_queue_test.cc:41] 15 done_write
I0000 00:00:1791079004.692094    4021 state_buffer_queue_test.cc:36] 16 start
I0000 00:00:1791079004.692104    4021 state_buffer_queue_test.cc:39] 16 allocate
I0000 00:00:1791079004.692109    4021 state_buffer_queue_test.cc:41] 16 done_write
I0000 00:00:1791079004.692115    4021 state_buffer_queue_test.cc:36] 17 start
I0000 00:00:1791079004.692125    4021 state_buffer_queue_test.cc:39] 17 allocate
I0000 00:00:1791079004.692130    4021 state_buffer_queue_test.cc:41] 17 done_write
I0000 00:00:1791079004.692136    4021 state_buffer_queue_test.cc:36] 18 start
I0000 00:00:1791079004.692145    4021 state_buffer_queue_test.cc:39] 18 allocate
I0000 00:00:1791079004.692150    4021 state_buffer_queue_test.cc:41] 18 done_write
I0000 00:00:1791079004.692156    4021 state_buffer_queue_test.cc:36] 19 start
I0000 00:00:1791079004.692165    4021 state_buffer_queue_test.cc:39] 19 allocate
I0000 00:00:1791079004.692170    4021 state_buffer_queue_test.cc:41] 19 done_write
I0000 00:00:1791079004.692176    4021 state_buffer_queue_test.cc:36] 20 start
I0000 00:00:1791079004.692184    4021 state_buffer_queue_test.cc:39] 20 allocate
I0000 00:00:1791079004.692190    4021 state_buffer_queue_test.cc:41] 20 done_write
I0000 00:00:1791079004.692196    4021 state_buffer_queue_test.cc:36] 21 start
I0000 00:00:1791079004.692203    4021 state_buffer_queue_test.cc:39] 21 allocate
I0000 00:00:1791079004.692208    4021 state_buffer_queue_test.cc:41] 21 done_write
I0000 00:00:1791079004.692215    4021 state_buffer_queue_test.cc:36] 22 start
I0000 00:00:1791079004.692224    4021 state_buffer_queue_test.cc:39] 22 allocate
I0000 00:00:1791079004.692230    4021 state_buffer_queue_test.cc:41] 22 done_write
I0000 00:00:1791079004.692235    4021 state_buffer_queue_test.cc:36] 23 start
I0000 00:00:1791079004.695754    4021 state_buffer_queue_test.cc:39] 23 allocate
I0000 00:00:1791079004.695769    4021 state_buffer_queue_test.cc:41] 23 done_write
I0000 00:00:1791079004.695776    4021 state_buffer_queue_test.cc:36] 24 start
I0000 00:00:1791079004.695784    4021 state_buffer_queue_test.cc:39] 24 allocate
I0000 00:00:1791079004.695790    4021 state_buffer_queue_test.cc:41] 24 done_write
I0000 00:00:1791079004.695796    4021 state_buffer_queue_test.cc:36] 25 start
I0000 00:00:1791079004.695803    4021 state_buffer_queue_test.cc:39] 25 allocate
I0000 00:00:1791079004.695809    4021 state_buffer_queue_test.cc:41] 25 done_write
I0000 00:00:1791079004.695815    4021 state_buffer_queue_test.cc:36] 26 start
I0000 00:00:1791079004.695823    4021 state_buffer_queue_test.cc:39] 26 allocate
I0000 00:00:1791079004.695828    4021 state_buffer_queue_test.cc:41] 26 done_write
I0000 00:00:1791079004.695836    4021 state_buffer_queue_test.cc:36] 27 start
I0000 00:00:1791079004.695843    4021 state_buffer_queue_test.cc:39] 27 allocate
I0000 00:00:1791079004.695849    4021 state_buffer_queue_test.cc:41] 27 done_write
I0000 00:00:1791079004.695855    4021 state_buffer_queue_test.cc:36] 28 start
I0000 00:00:1791079004.695862    4021 state_buffer_queue_test.cc:39] 28 allocate
I0000 00:00:1791079004.695867    4021 state_buffer_queue_test.cc:41] 28 done_write
I0000 00:00:1791079004.695873    4021 state_buffer_queue_test.cc:36] 29 start
I0000 00:00:1791079004.695881    4021 state_buffer_queue_test.cc:39] 29 allocate
I0000 00:00:1791079004.695886    4021 state_buffer_queue_test.cc:41] 29 done_write
I0000 00:00:1791079004.695892    4021 state_buffer_queue_test.cc:36] 30 start
I0000 00:00:1791079004.695900    4021 state_buffer_queue_test.cc:39] 30 allocate
I0000 00:00:1791079004.695905    4021 state_buffer_queue_test.cc:41] 30 done_write
I0000 00:00:1791079004.695911    4021 state_buffer_queue_test.cc:36] 31 start
I0000 00:00:1791079004.695918    4021 state_buffer_queue_test.cc:39] 31 allocate
I0000 00:00:1791079004.695924    4021 state_buffer_queue_test.cc:41] 31 done_write
I0000 00:00:1791079004.695946    4021 state_buffer_queue_test.cc:47] finish wait
[       OK ] StateBufferQueueTest.Basic (6 ms)
[ RUN      ] StateBufferQueueTest.SinglePlayerSync
[       OK ] StateBufferQueueTest.SinglePlayerSync (131 ms)
[ RUN      ] StateBufferQueueTest.NumPlayers
[       OK ] StateBufferQueueTest.NumPlayers (0 ms)
[ RUN      ] StateBufferQueueTest.MultipleTimes
[       OK ] StateBufferQueueTest.MultipleTimes (824 ms)
[ RUN      ] StateBufferQueueTest.ConcurrentSinglePlayer
[       OK ] StateBufferQueueTest.ConcurrentSinglePlayer (2753 ms)
[ RUN      ] StateBufferQueueTest.ConcurrentMultiPlayer
[       OK ] StateBufferQueueTest.ConcurrentMultiPlayer (3159 ms)
[----------] 6 tests from StateBufferQueueTest (6877 ms total)

[----------] 9 tests from StateBufferTest
[ RUN      ] StateBufferTest.Basic
[       OK ] StateBufferTest.Basic (0 ms)
[ RUN      ] StateBufferTest.SinglePlayerSync
[       OK ] StateBufferTest.SinglePlayerSync (0 ms)
[ RUN      ] StateBufferTest.Truncate
[       OK ] StateBufferTest.Truncate (0 ms)
[ RUN      ] StateBufferTest.MultiPlayers
[       OK ] StateBufferTest.MultiPlayers (0 ms)
[ RUN      ] StateBufferTest.PartialSyncShuffledOutputsSurviveBufferDestruction
[       OK ] StateBufferTest.PartialSyncShuffledOutputsSurviveBufferDestruction (0 ms)
[ RUN      ] StateBufferTest.PartialMultiPlayerOutputsIncludeZeroPlayerEnvironments
[       OK ] StateBufferTest.PartialMultiPlayerOutputsIncludeZeroPlayerEnvironments (0 ms)
[ RUN      ] StateBufferTest.NoPlayersReturnsEmptyPlayerShapesAndSharedData
[       OK ] StateBufferTest.NoPlayersReturnsEmptyPlayerShapesAndSharedData (0 ms)
[ RUN      ] StateBufferTest.PartialWaitRequiresEveryAllocatedWriterToComplete
[       OK ] StateBufferTest.PartialWaitRequiresEveryAllocatedWriterToComplete (20 ms)
[ RUN      ] StateBufferTest.CompletionAllowsImmediateDestruction
[       OK ] StateBufferTest.CompletionAllowsImmediateDestruction (201 ms)
[----------] 9 tests from StateBufferTest (222 ms total)

[----------] 11 tests from StateTupleTest
[ RUN      ] StateTupleTest.MatchesVectorScalarMultidimensionalAndPartialPlayerViews
[       OK ] StateTupleTest.MatchesVectorScalarMultidimensionalAndPartialPlayerViews (0 ms)
[ RUN      ] StateTupleTest.MatchesVectorWhenEveryEnvironmentHasZeroPlayers
[       OK ] StateTupleTest.MatchesVectorWhenEveryEnvironmentHasZeroPlayers (0 ms)
[ RUN      ] StateTupleTest.SinglePlayerReversedOrderMatchesBothFieldLayouts
[       OK ] StateTupleTest.SinglePlayerReversedOrderMatchesBothFieldLayouts (0 ms)
[ RUN      ] StateTupleTest.MultiPlayerIgnoresOrderIncludingEmptySlices
[       OK ] StateTupleTest.MultiPlayerIgnoresOrderIncludingEmptySlices (0 ms)
[ RUN      ] StateTupleTest.MixedAllocationsShareQuotaAndPreserveFailureOffsets
I0000 00:00:1791079011.792025    4021 state_buffer.h:246] Allocation failed, continue to the next block of memory
I0000 00:00:1791079011.792107    4021 state_buffer.h:246] Allocation failed, continue to the next block of memory
[       OK ] StateTupleTest.MixedAllocationsShareQuotaAndPreserveFailureOffsets (0 ms)
[ RUN      ] StateTupleTest.DestroyingTypedSliceDoesNotCompleteItsReservation
[       OK ] StateTupleTest.DestroyingTypedSliceDoesNotCompleteItsReservation (0 ms)
[ RUN      ] StateTupleTest.MixedQueueAllocationsSurvivePartialAndReplacementCycles
[       OK ] StateTupleTest.MixedQueueAllocationsSurvivePartialAndReplacementCycles (1 ms)
[ RUN      ] StateTupleTest.QueueForwardsSyncOrderAcrossMixedReplacementCycles
[       OK ] StateTupleTest.QueueForwardsSyncOrderAcrossMixedReplacementCycles (0 ms)
[ RUN      ] StateTupleTest.PartialWaitStillRequiresDelayedTypedLastWriter
[       OK ] StateTupleTest.PartialWaitStillRequiresDelayedTypedLastWriter (0 ms)
[ RUN      ] StateTupleTest.TypedCompletionAllowsImmediateBufferRetirement
[       OK ] StateTupleTest.TypedCompletionAllowsImmediateBufferRetirement (56 ms)
[ RUN      ] StateTupleTest.EnvInitializesScalarMultidimensionalAndEmptyContainers
[       OK ] StateTupleTest.EnvInitializesScalarMultidimensionalAndEmptyContainers (0 ms)
[----------] 11 tests from StateTupleTest (60 ms total)

[----------] 9 tests from DummyEnvPoolTest
[ RUN      ] DummyEnvPoolTest.TimingAccumulatorsStartAtZero
[       OK ] DummyEnvPoolTest.TimingAccumulatorsStartAtZero (1 ms)
[ RUN      ] DummyEnvPoolTest.DiscountMatchesDoneForEveryPlayer
[       OK ] DummyEnvPoolTest.DiscountMatchesDoneForEveryPlayer (2 ms)
[ RUN      ] DummyEnvPoolTest.ShutdownIdleWorkers
[       OK ] DummyEnvPoolTest.ShutdownIdleWorkers (184 ms)
[ RUN      ] DummyEnvPoolTest.ShutdownWithPendingReset
[       OK ] DummyEnvPoolTest.ShutdownWithPendingReset (174 ms)
[ RUN      ] DummyEnvPoolTest.ShutdownJoinsInFlightResetBeforeDestroyingEnvironment
[       OK ] DummyEnvPoolTest.ShutdownJoinsInFlightResetBeforeDestroyingEnvironment (51 ms)
[ RUN      ] DummyEnvPoolTest.SplitZeroAction
[       OK ] DummyEnvPoolTest.SplitZeroAction (3 ms)
[ RUN      ] DummyEnvPoolTest.SmokeSynchronousSinglePlayer
I0000 00:00:1791079012.270606    4021 dummy_envpool_test.cc:332] 1 1 3 32 1 1
I0000 00:00:1791079012.274046    4021 dummy_envpool_test.cc:435] time(s): 0.00244956, FPS: 13063.6
[       OK ] DummyEnvPoolTest.SmokeSynchronousSinglePlayer (3 ms)
[ RUN      ] DummyEnvPoolTest.SmokeAsynchronousSinglePlayer
I0000 00:00:1791079012.274579    4021 dummy_envpool_test.cc:332] 8 4 3 64 2 1
I0000 00:00:1791079012.282710    4021 dummy_envpool_test.cc:435] time(s): 0.00533212, FPS: 48011
[       OK ] DummyEnvPoolTest.SmokeAsynchronousSinglePlayer (8 ms)
[ RUN      ] DummyEnvPoolTest.SmokeAsynchronousMultiPlayer
I0000 00:00:1791079012.283524    4021 dummy_envpool_test.cc:332] 8 4 3 64 2 4
I0000 00:00:1791079012.293154    4021 dummy_envpool_test.cc:435] time(s): 0.00692065, FPS: 36990.8
[       OK ] DummyEnvPoolTest.SmokeAsynchronousMultiPlayer (10 ms)
[----------] 9 tests from DummyEnvPoolTest (442 ms total)

[----------] Global test environment tear-down
[==========] 74 tests from 11 test suites ran. (7998 ms total)
[  PASSED  ] 74 tests.
