Running main() from $GTEST_ROOT/src/gtest_main.cc
[==========] Running 76 tests from 11 test suites.
[----------] Global test environment set-up.
[----------] 1 test from StateTupleDeathTest
[ RUN      ] StateTupleDeathTest.RejectsBothShortAndLongTuples
[       OK ] StateTupleDeathTest.RejectsBothShortAndLongTuples (3 ms)
[----------] 1 test from StateTupleDeathTest (3 ms total)

[----------] 12 tests from ActionBufferQueueTest
[ RUN      ] ActionBufferQueueTest.ShutdownWakesEmptyQueueWithoutAdvancingCursors
[       OK ] ActionBufferQueueTest.ShutdownWakesEmptyQueueWithoutAdvancingCursors (0 ms)
[ RUN      ] ActionBufferQueueTest.ShutdownWakePreservesPendingAction
[       OK ] ActionBufferQueueTest.ShutdownWakePreservesPendingAction (0 ms)
[ RUN      ] ActionBufferQueueTest.StopAwareDequeuePreservesActiveDelivery
[       OK ] ActionBufferQueueTest.StopAwareDequeuePreservesActiveDelivery (0 ms)
[ RUN      ] ActionBufferQueueTest.SmallRingWraparoundPreservesPayloadsAndCounters
[       OK ] ActionBufferQueueTest.SmallRingWraparoundPreservesPayloadsAndCounters (0 ms)
[ RUN      ] ActionBufferQueueTest.BoundedMultipleProducersAndConsumersExactlyOnce
[       OK ] ActionBufferQueueTest.BoundedMultipleProducersAndConsumersExactlyOnce (59 ms)
[ RUN      ] ActionBufferQueueTest.DelayedConsumerKeepsPayloadAcrossRingReuse
[       OK ] ActionBufferQueueTest.DelayedConsumerKeepsPayloadAcrossRingReuse (0 ms)
[ RUN      ] ActionBufferQueueTest.ConcurrentProducerBulksRemainContiguous
[       OK ] ActionBufferQueueTest.ConcurrentProducerBulksRemainContiguous (20 ms)
[ RUN      ] ActionBufferQueueTest.Concurrent
[       OK ] ActionBufferQueueTest.Concurrent (15 ms)
[ RUN      ] ActionBufferQueueTest.BulkWrapPreservesOrderWithNonPowerOfTwoCapacity
[       OK ] ActionBufferQueueTest.BulkWrapPreservesOrderWithNonPowerOfTwoCapacity (0 ms)
[ RUN      ] ActionBufferQueueTest.ConcurrentConsumersPreserveEveryWrappedAction
[       OK ] ActionBufferQueueTest.ConcurrentConsumersPreserveEveryWrappedAction (1 ms)
[ RUN      ] ActionBufferQueueTest.BulkWrapMatchesUnsignedCounterRollover
[       OK ] ActionBufferQueueTest.BulkWrapMatchesUnsignedCounterRollover (0 ms)
[ RUN      ] ActionBufferQueueTest.EmptyBulkIsSafeWithZeroCapacity
[       OK ] ActionBufferQueueTest.EmptyBulkIsSafeWithZeroCapacity (0 ms)
[----------] 12 tests from ActionBufferQueueTest (99 ms total)

[----------] 8 tests from ArrayTest
[ RUN      ] ArrayTest.ViewsPreserveHighDimensionalShapesAndData
[       OK ] ArrayTest.ViewsPreserveHighDimensionalShapesAndData (0 ms)
[ RUN      ] ArrayTest.TruncateAndSharedPtrKeepOwnedStorageAlive
[       OK ] ArrayTest.TruncateAndSharedPtrKeepOwnedStorageAlive (0 ms)
[ RUN      ] ArrayTest.SharedPtrPreservesNonOwningDataPointer
[       OK ] ArrayTest.SharedPtrPreservesNonOwningDataPointer (0 ms)
[ RUN      ] ArrayTest.ViewsDoNotExtendBackingStorageLifetime
[       OK ] ArrayTest.ViewsDoNotExtendBackingStorageLifetime (0 ms)
[ RUN      ] ArrayTest.TypedTruncateSharesData
[       OK ] ArrayTest.TypedTruncateSharesData (0 ms)
[ RUN      ] ArrayTest.TruncateInPlacePreservesHighDimensionalShapeAndData
[       OK ] ArrayTest.TruncateInPlacePreservesHighDimensionalShapeAndData (0 ms)
[ RUN      ] ArrayTest.TruncateInPlaceHandlesEmptyDimensions
[       OK ] ArrayTest.TruncateInPlaceHandlesEmptyDimensions (0 ms)
[ RUN      ] ArrayTest.TruncateInPlaceRetainsSharedOwnershipAndCustomDeleter
[       OK ] ArrayTest.TruncateInPlaceRetainsSharedOwnershipAndCustomDeleter (0 ms)
[----------] 8 tests from ArrayTest (0 ms total)

[----------] 1 test from CircularBufferTest
[ RUN      ] CircularBufferTest.Basic
[       OK ] CircularBufferTest.Basic (18 ms)
[----------] 1 test from CircularBufferTest (18 ms total)

[----------] 9 tests from ContainerOutputTest
[ RUN      ] ContainerOutputTest.QueuedOutputReclaimedOnPoolDestruction
[       OK ] ContainerOutputTest.QueuedOutputReclaimedOnPoolDestruction (0 ms)
[ RUN      ] ContainerOutputTest.ReceivedOutputLivesUntilLastArrayOwner
[       OK ] ContainerOutputTest.ReceivedOutputLivesUntilLastArrayOwner (0 ms)
[ RUN      ] ContainerOutputTest.ExtractedPayloadOwnsItsStorage
[       OK ] ContainerOutputTest.ExtractedPayloadOwnsItsStorage (0 ms)
[ RUN      ] ContainerOutputTest.TruncateReclaimsOriginalCapacity
[       OK ] ContainerOutputTest.TruncateReclaimsOriginalCapacity (0 ms)
[ RUN      ] ContainerOutputTest.LastStrongOwnerReclaimsWithWeakObserverRetained
[       OK ] ContainerOutputTest.LastStrongOwnerReclaimsWithWeakObserverRetained (0 ms)
[ RUN      ] ContainerOutputTest.MixedShapePartialBatchRetainsReturnedPayloads
[       OK ] ContainerOutputTest.MixedShapePartialBatchRetainsReturnedPayloads (0 ms)
[ RUN      ] ContainerOutputTest.MixedShapePartialBatchReclaimsUnconsumedPayloads
[       OK ] ContainerOutputTest.MixedShapePartialBatchReclaimsUnconsumedPayloads (0 ms)
[ RUN      ] ContainerOutputTest.StockReplacementPreservesTypedRecipe
[       OK ] ContainerOutputTest.StockReplacementPreservesTypedRecipe (0 ms)
[ RUN      ] ContainerOutputTest.FallbackReplacementPreservesTypedRecipe
[       OK ] ContainerOutputTest.FallbackReplacementPreservesTypedRecipe (0 ms)
[----------] 9 tests from ContainerOutputTest (1 ms total)

[----------] 4 tests from DictTest
[ RUN      ] DictTest.Keys
[       OK ] DictTest.Keys (0 ms)
[ RUN      ] DictTest.Values
[       OK ] DictTest.Values (0 ms)
[ RUN      ] DictTest.Lookup
[       OK ] DictTest.Lookup (0 ms)
[ RUN      ] DictTest.Modification
[       OK ] DictTest.Modification (0 ms)
[----------] 4 tests from DictTest (0 ms total)

[----------] 4 tests from EnvDiscountTest
[ RUN      ] EnvDiscountTest.SinglePlayerDiscountMatchesDone
[       OK ] EnvDiscountTest.SinglePlayerDiscountMatchesDone (0 ms)
[ RUN      ] EnvDiscountTest.NonterminalDiscountIncludesEveryPlayer
[       OK ] EnvDiscountTest.NonterminalDiscountIncludesEveryPlayer (0 ms)
[ RUN      ] EnvDiscountTest.TerminalDiscountIncludesEveryPlayer
[       OK ] EnvDiscountTest.TerminalDiscountIncludesEveryPlayer (0 ms)
[ RUN      ] EnvDiscountTest.ZeroPlayersDoNotOverwriteNextEnvironment
[       OK ] EnvDiscountTest.ZeroPlayersDoNotOverwriteNextEnvironment (0 ms)
[----------] 4 tests from EnvDiscountTest (0 ms total)

[----------] 6 tests from StateBufferQueueTest
[ RUN      ] StateBufferQueueTest.Basic
WARNING: All log messages before absl::InitializeLog() is called are written to STDERR
I0000 00:00:1791078868.267281      38 state_buffer_queue_test.cc:36] 0 start
I0000 00:00:1791078868.267318      38 state_buffer_queue_test.cc:39] 0 allocate
I0000 00:00:1791078868.267321      38 state_buffer_queue_test.cc:41] 0 done_write
I0000 00:00:1791078868.267322      38 state_buffer_queue_test.cc:36] 1 start
I0000 00:00:1791078868.267324      38 state_buffer_queue_test.cc:39] 1 allocate
I0000 00:00:1791078868.267324      38 state_buffer_queue_test.cc:41] 1 done_write
I0000 00:00:1791078868.267326      38 state_buffer_queue_test.cc:36] 2 start
I0000 00:00:1791078868.267327      38 state_buffer_queue_test.cc:39] 2 allocate
I0000 00:00:1791078868.267328      38 state_buffer_queue_test.cc:41] 2 done_write
I0000 00:00:1791078868.267329      38 state_buffer_queue_test.cc:36] 3 start
I0000 00:00:1791078868.267330      38 state_buffer_queue_test.cc:39] 3 allocate
I0000 00:00:1791078868.267331      38 state_buffer_queue_test.cc:41] 3 done_write
I0000 00:00:1791078868.267332      38 state_buffer_queue_test.cc:36] 4 start
I0000 00:00:1791078868.267333      38 state_buffer_queue_test.cc:39] 4 allocate
I0000 00:00:1791078868.267334      38 state_buffer_queue_test.cc:41] 4 done_write
I0000 00:00:1791078868.267335      38 state_buffer_queue_test.cc:36] 5 start
I0000 00:00:1791078868.267336      38 state_buffer_queue_test.cc:39] 5 allocate
I0000 00:00:1791078868.267337      38 state_buffer_queue_test.cc:41] 5 done_write
I0000 00:00:1791078868.267338      38 state_buffer_queue_test.cc:36] 6 start
I0000 00:00:1791078868.267339      38 state_buffer_queue_test.cc:39] 6 allocate
I0000 00:00:1791078868.267340      38 state_buffer_queue_test.cc:41] 6 done_write
I0000 00:00:1791078868.267341      38 state_buffer_queue_test.cc:36] 7 start
I0000 00:00:1791078868.267345      38 state_buffer_queue_test.cc:39] 7 allocate
I0000 00:00:1791078868.267346      38 state_buffer_queue_test.cc:41] 7 done_write
I0000 00:00:1791078868.267347      38 state_buffer_queue_test.cc:36] 8 start
I0000 00:00:1791078868.267349      38 state_buffer_queue_test.cc:39] 8 allocate
I0000 00:00:1791078868.267350      38 state_buffer_queue_test.cc:41] 8 done_write
I0000 00:00:1791078868.267351      38 state_buffer_queue_test.cc:36] 9 start
I0000 00:00:1791078868.267352      38 state_buffer_queue_test.cc:39] 9 allocate
I0000 00:00:1791078868.267353      38 state_buffer_queue_test.cc:41] 9 done_write
I0000 00:00:1791078868.267354      38 state_buffer_queue_test.cc:36] 10 start
I0000 00:00:1791078868.267355      38 state_buffer_queue_test.cc:39] 10 allocate
I0000 00:00:1791078868.267356      38 state_buffer_queue_test.cc:41] 10 done_write
I0000 00:00:1791078868.267357      38 state_buffer_queue_test.cc:36] 11 start
I0000 00:00:1791078868.267358      38 state_buffer_queue_test.cc:39] 11 allocate
I0000 00:00:1791078868.267359      38 state_buffer_queue_test.cc:41] 11 done_write
I0000 00:00:1791078868.267360      38 state_buffer_queue_test.cc:36] 12 start
I0000 00:00:1791078868.267361      38 state_buffer_queue_test.cc:39] 12 allocate
I0000 00:00:1791078868.267362      38 state_buffer_queue_test.cc:41] 12 done_write
I0000 00:00:1791078868.267363      38 state_buffer_queue_test.cc:36] 13 start
I0000 00:00:1791078868.267364      38 state_buffer_queue_test.cc:39] 13 allocate
I0000 00:00:1791078868.267365      38 state_buffer_queue_test.cc:41] 13 done_write
I0000 00:00:1791078868.267366      38 state_buffer_queue_test.cc:36] 14 start
I0000 00:00:1791078868.267367      38 state_buffer_queue_test.cc:39] 14 allocate
I0000 00:00:1791078868.267368      38 state_buffer_queue_test.cc:41] 14 done_write
I0000 00:00:1791078868.267369      38 state_buffer_queue_test.cc:36] 15 start
I0000 00:00:1791078868.267370      38 state_buffer_queue_test.cc:39] 15 allocate
I0000 00:00:1791078868.267371      38 state_buffer_queue_test.cc:41] 15 done_write
I0000 00:00:1791078868.267372      38 state_buffer_queue_test.cc:36] 16 start
I0000 00:00:1791078868.267373      38 state_buffer_queue_test.cc:39] 16 allocate
I0000 00:00:1791078868.267374      38 state_buffer_queue_test.cc:41] 16 done_write
I0000 00:00:1791078868.267375      38 state_buffer_queue_test.cc:36] 17 start
I0000 00:00:1791078868.267376      38 state_buffer_queue_test.cc:39] 17 allocate
I0000 00:00:1791078868.267377      38 state_buffer_queue_test.cc:41] 17 done_write
I0000 00:00:1791078868.267378      38 state_buffer_queue_test.cc:36] 18 start
I0000 00:00:1791078868.267379      38 state_buffer_queue_test.cc:39] 18 allocate
I0000 00:00:1791078868.267380      38 state_buffer_queue_test.cc:41] 18 done_write
I0000 00:00:1791078868.267381      38 state_buffer_queue_test.cc:36] 19 start
I0000 00:00:1791078868.267382      38 state_buffer_queue_test.cc:39] 19 allocate
I0000 00:00:1791078868.267383      38 state_buffer_queue_test.cc:41] 19 done_write
I0000 00:00:1791078868.267384      38 state_buffer_queue_test.cc:36] 20 start
I0000 00:00:1791078868.267385      38 state_buffer_queue_test.cc:39] 20 allocate
I0000 00:00:1791078868.267386      38 state_buffer_queue_test.cc:41] 20 done_write
I0000 00:00:1791078868.267388      38 state_buffer_queue_test.cc:36] 21 start
I0000 00:00:1791078868.267389      38 state_buffer_queue_test.cc:39] 21 allocate
I0000 00:00:1791078868.267390      38 state_buffer_queue_test.cc:41] 21 done_write
I0000 00:00:1791078868.267391      38 state_buffer_queue_test.cc:36] 22 start
I0000 00:00:1791078868.267392      38 state_buffer_queue_test.cc:39] 22 allocate
I0000 00:00:1791078868.267393      38 state_buffer_queue_test.cc:41] 22 done_write
I0000 00:00:1791078868.267394      38 state_buffer_queue_test.cc:36] 23 start
I0000 00:00:1791078868.267395      38 state_buffer_queue_test.cc:39] 23 allocate
I0000 00:00:1791078868.267396      38 state_buffer_queue_test.cc:41] 23 done_write
I0000 00:00:1791078868.267397      38 state_buffer_queue_test.cc:36] 24 start
I0000 00:00:1791078868.267399      38 state_buffer_queue_test.cc:39] 24 allocate
I0000 00:00:1791078868.267400      38 state_buffer_queue_test.cc:41] 24 done_write
I0000 00:00:1791078868.267401      38 state_buffer_queue_test.cc:36] 25 start
I0000 00:00:1791078868.267402      38 state_buffer_queue_test.cc:39] 25 allocate
I0000 00:00:1791078868.267403      38 state_buffer_queue_test.cc:41] 25 done_write
I0000 00:00:1791078868.267404      38 state_buffer_queue_test.cc:36] 26 start
I0000 00:00:1791078868.267405      38 state_buffer_queue_test.cc:39] 26 allocate
I0000 00:00:1791078868.267406      38 state_buffer_queue_test.cc:41] 26 done_write
I0000 00:00:1791078868.267455      38 state_buffer_queue_test.cc:36] 27 start
I0000 00:00:1791078868.267456      38 state_buffer_queue_test.cc:39] 27 allocate
I0000 00:00:1791078868.267457      38 state_buffer_queue_test.cc:41] 27 done_write
I0000 00:00:1791078868.267458      38 state_buffer_queue_test.cc:36] 28 start
I0000 00:00:1791078868.267459      38 state_buffer_queue_test.cc:39] 28 allocate
I0000 00:00:1791078868.267460      38 state_buffer_queue_test.cc:41] 28 done_write
I0000 00:00:1791078868.267461      38 state_buffer_queue_test.cc:36] 29 start
I0000 00:00:1791078868.267462      38 state_buffer_queue_test.cc:39] 29 allocate
I0000 00:00:1791078868.267463      38 state_buffer_queue_test.cc:41] 29 done_write
I0000 00:00:1791078868.267464      38 state_buffer_queue_test.cc:36] 30 start
I0000 00:00:1791078868.267465      38 state_buffer_queue_test.cc:39] 30 allocate
I0000 00:00:1791078868.267466      38 state_buffer_queue_test.cc:41] 30 done_write
I0000 00:00:1791078868.267467      38 state_buffer_queue_test.cc:36] 31 start
I0000 00:00:1791078868.267468      38 state_buffer_queue_test.cc:39] 31 allocate
I0000 00:00:1791078868.267470      38 state_buffer_queue_test.cc:41] 31 done_write
I0000 00:00:1791078868.267478      38 state_buffer_queue_test.cc:47] finish wait
[       OK ] StateBufferQueueTest.Basic (0 ms)
[ RUN      ] StateBufferQueueTest.SinglePlayerSync
[       OK ] StateBufferQueueTest.SinglePlayerSync (7 ms)
[ RUN      ] StateBufferQueueTest.NumPlayers
[       OK ] StateBufferQueueTest.NumPlayers (0 ms)
[ RUN      ] StateBufferQueueTest.MultipleTimes
[       OK ] StateBufferQueueTest.MultipleTimes (51 ms)
[ RUN      ] StateBufferQueueTest.ConcurrentSinglePlayer
[       OK ] StateBufferQueueTest.ConcurrentSinglePlayer (1033 ms)
[ RUN      ] StateBufferQueueTest.ConcurrentMultiPlayer
[       OK ] StateBufferQueueTest.ConcurrentMultiPlayer (1316 ms)
[----------] 6 tests from StateBufferQueueTest (2408 ms total)

[----------] 9 tests from StateBufferTest
[ RUN      ] StateBufferTest.Basic
[       OK ] StateBufferTest.Basic (0 ms)
[ RUN      ] StateBufferTest.SinglePlayerSync
[       OK ] StateBufferTest.SinglePlayerSync (0 ms)
[ RUN      ] StateBufferTest.Truncate
[       OK ] StateBufferTest.Truncate (0 ms)
[ RUN      ] StateBufferTest.MultiPlayers
[       OK ] StateBufferTest.MultiPlayers (0 ms)
[ RUN      ] StateBufferTest.PartialSyncShuffledOutputsSurviveBufferDestruction
[       OK ] StateBufferTest.PartialSyncShuffledOutputsSurviveBufferDestruction (0 ms)
[ RUN      ] StateBufferTest.PartialMultiPlayerOutputsIncludeZeroPlayerEnvironments
[       OK ] StateBufferTest.PartialMultiPlayerOutputsIncludeZeroPlayerEnvironments (0 ms)
[ RUN      ] StateBufferTest.NoPlayersReturnsEmptyPlayerShapesAndSharedData
[       OK ] StateBufferTest.NoPlayersReturnsEmptyPlayerShapesAndSharedData (0 ms)
[ RUN      ] StateBufferTest.PartialWaitRequiresEveryAllocatedWriterToComplete
[       OK ] StateBufferTest.PartialWaitRequiresEveryAllocatedWriterToComplete (20 ms)
[ RUN      ] StateBufferTest.CompletionAllowsImmediateDestruction
[       OK ] StateBufferTest.CompletionAllowsImmediateDestruction (27 ms)
[----------] 9 tests from StateBufferTest (47 ms total)

[----------] 11 tests from StateTupleTest
[ RUN      ] StateTupleTest.MatchesVectorScalarMultidimensionalAndPartialPlayerViews
[       OK ] StateTupleTest.MatchesVectorScalarMultidimensionalAndPartialPlayerViews (0 ms)
[ RUN      ] StateTupleTest.MatchesVectorWhenEveryEnvironmentHasZeroPlayers
[       OK ] StateTupleTest.MatchesVectorWhenEveryEnvironmentHasZeroPlayers (0 ms)
[ RUN      ] StateTupleTest.SinglePlayerReversedOrderMatchesBothFieldLayouts
[       OK ] StateTupleTest.SinglePlayerReversedOrderMatchesBothFieldLayouts (0 ms)
[ RUN      ] StateTupleTest.MultiPlayerIgnoresOrderIncludingEmptySlices
[       OK ] StateTupleTest.MultiPlayerIgnoresOrderIncludingEmptySlices (0 ms)
[ RUN      ] StateTupleTest.MixedAllocationsShareQuotaAndPreserveFailureOffsets
I0000 00:00:1791078870.724054      38 state_buffer.h:246] Allocation failed, continue to the next block of memory
I0000 00:00:1791078870.724179      38 state_buffer.h:246] Allocation failed, continue to the next block of memory
[       OK ] StateTupleTest.MixedAllocationsShareQuotaAndPreserveFailureOffsets (0 ms)
[ RUN      ] StateTupleTest.DestroyingTypedSliceDoesNotCompleteItsReservation
[       OK ] StateTupleTest.DestroyingTypedSliceDoesNotCompleteItsReservation (0 ms)
[ RUN      ] StateTupleTest.MixedQueueAllocationsSurvivePartialAndReplacementCycles
[       OK ] StateTupleTest.MixedQueueAllocationsSurvivePartialAndReplacementCycles (0 ms)
[ RUN      ] StateTupleTest.QueueForwardsSyncOrderAcrossMixedReplacementCycles
[       OK ] StateTupleTest.QueueForwardsSyncOrderAcrossMixedReplacementCycles (0 ms)
[ RUN      ] StateTupleTest.PartialWaitStillRequiresDelayedTypedLastWriter
[       OK ] StateTupleTest.PartialWaitStillRequiresDelayedTypedLastWriter (0 ms)
[ RUN      ] StateTupleTest.TypedCompletionAllowsImmediateBufferRetirement
[       OK ] StateTupleTest.TypedCompletionAllowsImmediateBufferRetirement (6 ms)
[ RUN      ] StateTupleTest.EnvInitializesScalarMultidimensionalAndEmptyContainers
[       OK ] StateTupleTest.EnvInitializesScalarMultidimensionalAndEmptyContainers (0 ms)
[----------] 11 tests from StateTupleTest (6 ms total)

[----------] 11 tests from DummyEnvPoolTest
[ RUN      ] DummyEnvPoolTest.TimingAccumulatorsStartAtZero
[       OK ] DummyEnvPoolTest.TimingAccumulatorsStartAtZero (0 ms)
[ RUN      ] DummyEnvPoolTest.DiscountMatchesDoneForEveryPlayer
[       OK ] DummyEnvPoolTest.DiscountMatchesDoneForEveryPlayer (0 ms)
[ RUN      ] DummyEnvPoolTest.ShutdownIdleWorkers
[       OK ] DummyEnvPoolTest.ShutdownIdleWorkers (33 ms)
[ RUN      ] DummyEnvPoolTest.ShutdownWithPendingReset
[       OK ] DummyEnvPoolTest.ShutdownWithPendingReset (25 ms)
[ RUN      ] DummyEnvPoolTest.ShutdownJoinsInFlightResetBeforeDestroyingEnvironment
[       OK ] DummyEnvPoolTest.ShutdownJoinsInFlightResetBeforeDestroyingEnvironment (50 ms)
[ RUN      ] DummyEnvPoolTest.SplitZeroAction
[       OK ] DummyEnvPoolTest.SplitZeroAction (0 ms)
[ RUN      ] DummyEnvPoolTest.SmokeSynchronousSinglePlayer
I0000 00:00:1791078870.841446      38 dummy_envpool_test.cc:332] 1 1 3 32 1 1
I0000 00:00:1791078870.842025      38 dummy_envpool_test.cc:435] time(s): 0.000267963, FPS: 119419
[       OK ] DummyEnvPoolTest.SmokeSynchronousSinglePlayer (0 ms)
[ RUN      ] DummyEnvPoolTest.SmokeAsynchronousSinglePlayer
I0000 00:00:1791078870.842141      38 dummy_envpool_test.cc:332] 8 4 3 64 2 1
I0000 00:00:1791078870.843231      38 dummy_envpool_test.cc:435] time(s): 0.000555987, FPS: 460442
[       OK ] DummyEnvPoolTest.SmokeAsynchronousSinglePlayer (1 ms)
[ RUN      ] DummyEnvPoolTest.SmokeAsynchronousMultiPlayer
I0000 00:00:1791078870.843357      38 dummy_envpool_test.cc:332] 8 4 3 64 2 4
I0000 00:00:1791078870.844765      38 dummy_envpool_test.cc:435] time(s): 0.000819423, FPS: 312415
[       OK ] DummyEnvPoolTest.SmokeAsynchronousMultiPlayer (1 ms)
[ RUN      ] DummyEnvPoolTest.SinglePlayer
I0000 00:00:1791078870.844927      38 dummy_envpool_test.cc:332] 1 1 20 100000 1 1
I0000 00:00:1791078871.724526      38 dummy_envpool_test.cc:435] time(s): 0.879436, FPS: 113709
I0000 00:00:1791078871.724655      38 dummy_envpool_test.cc:332] 3 1 20 100000 1 1
I0000 00:00:1791078872.456222      38 dummy_envpool_test.cc:435] time(s): 0.731234, FPS: 136755
I0000 00:00:1791078872.456402      38 dummy_envpool_test.cc:332] 3 1 20 100000 3 1
I0000 00:00:1791078873.800604      38 dummy_envpool_test.cc:435] time(s): 1.34377, FPS: 74417.3
I0000 00:00:1791078873.800904      38 dummy_envpool_test.cc:332] 9 4 20 100000 1 1
I0000 00:00:1791078875.008106      38 dummy_envpool_test.cc:435] time(s): 1.20581, FPS: 331727
I0000 00:00:1791078875.008430      38 dummy_envpool_test.cc:332] 9 4 30 100000 4 1
I0000 00:00:1791078877.261641      38 dummy_envpool_test.cc:435] time(s): 2.25235, FPS: 177593
I0000 00:00:1791078877.261880      38 dummy_envpool_test.cc:332] 9 4 30 100000 9 1
I0000 00:00:1791078880.061262      38 dummy_envpool_test.cc:435] time(s): 2.7985, FPS: 142934
I0000 00:00:1791078880.061700      38 dummy_envpool_test.cc:332] 10 10 25 100000 0 1
I0000 00:00:1791078885.636165      38 dummy_envpool_test.cc:435] time(s): 5.57355, FPS: 179419
[       OK ] DummyEnvPoolTest.SinglePlayer (14791 ms)
[ RUN      ] DummyEnvPoolTest.MultiPlayers
I0000 00:00:1791078885.636574      38 dummy_envpool_test.cc:332] 1 1 20 100000 1 10
I0000 00:00:1791078888.127893      38 dummy_envpool_test.cc:435] time(s): 2.49108, FPS: 40143.2
I0000 00:00:1791078888.128030      38 dummy_envpool_test.cc:332] 3 1 20 100000 1 10
I0000 00:00:1791078890.085061      38 dummy_envpool_test.cc:435] time(s): 1.95666, FPS: 51107.4
I0000 00:00:1791078890.085308      38 dummy_envpool_test.cc:332] 3 1 20 100000 3 10
I0000 00:00:1791078891.441927      38 dummy_envpool_test.cc:435] time(s): 1.35614, FPS: 73739
I0000 00:00:1791078891.442258      38 dummy_envpool_test.cc:332] 9 4 30 100000 1 6
I0000 00:00:1791078894.781090      38 dummy_envpool_test.cc:435] time(s): 3.33811, FPS: 119828
I0000 00:00:1791078894.781363      38 dummy_envpool_test.cc:332] 9 4 30 100000 4 6
I0000 00:00:1791078898.898097      38 dummy_envpool_test.cc:435] time(s): 4.11596, FPS: 97182.8
I0000 00:00:1791078898.898393      38 dummy_envpool_test.cc:332] 9 4 30 100000 9 6
I0000 00:00:1791078902.279734      38 dummy_envpool_test.cc:435] time(s): 3.38042, FPS: 118328
I0000 00:00:1791078902.280143      38 dummy_envpool_test.cc:332] 10 10 25 100000 0 9
I0000 00:00:1791078909.557196      38 dummy_envpool_test.cc:435] time(s): 7.27624, FPS: 137434
[       OK ] DummyEnvPoolTest.MultiPlayers (23920 ms)
[----------] 11 tests from DummyEnvPoolTest (38826 ms total)

[----------] Global test environment tear-down
[==========] 76 tests from 11 test suites ran. (41414 ms total)
[  PASSED  ] 76 tests.
