block=0 slot=0 default CartPole-v1 N/B/T=1024/256/8 a 3652447 resp/s CPU=7.66 sched_wait=1.44s
block=0 slot=1 default CartPole-v1 N/B/T=1024/256/8 c 2981709 resp/s CPU=7.52 sched_wait=1.29s
block=0 slot=2 default CartPole-v1 N/B/T=1024/256/8 d 3079367 resp/s CPU=7.19 sched_wait=1.06s
block=0 slot=3 default CartPole-v1 N/B/T=1024/256/8 b 2718742 resp/s CPU=7.87 sched_wait=1.37s
block=0 slot=0 default HalfCheetah-v4 N/B/T=256/64/4 a 98560 resp/s CPU=4.15 sched_wait=0.01s
block=0 slot=1 default HalfCheetah-v4 N/B/T=256/64/4 c 100422 resp/s CPU=4.15 sched_wait=0.01s
block=0 slot=2 default HalfCheetah-v4 N/B/T=256/64/4 d 77557 resp/s CPU=4.14 sched_wait=0.01s
block=0 slot=3 default HalfCheetah-v4 N/B/T=256/64/4 b 88913 resp/s CPU=4.14 sched_wait=0.01s
block=0 slot=0 default CartPole-v1 N/B/T=256/256/4 a 1690157 resp/s CPU=3.07 sched_wait=0.01s
block=0 slot=1 default CartPole-v1 N/B/T=256/256/4 c 2125394 resp/s CPU=2.98 sched_wait=0.01s
block=0 slot=2 default CartPole-v1 N/B/T=256/256/4 d 1881818 resp/s CPU=2.85 sched_wait=0.02s
block=0 slot=3 default CartPole-v1 N/B/T=256/256/4 b 1504094 resp/s CPU=3.12 sched_wait=0.01s
block=0 slot=0 default BipedalWalker-v3 N/B/T=64/16/4 a 61214 resp/s CPU=4.29 sched_wait=0.32s
block=0 slot=1 default BipedalWalker-v3 N/B/T=64/16/4 c 66172 resp/s CPU=4.38 sched_wait=0.01s
block=0 slot=2 default BipedalWalker-v3 N/B/T=64/16/4 d 67844 resp/s CPU=4.33 sched_wait=0.01s
block=0 slot=3 default BipedalWalker-v3 N/B/T=64/16/4 b 60940 resp/s CPU=4.35 sched_wait=0.00s
block=0 slot=0 default CartPole-v1 N/B/T=20/20/1 a 475765 resp/s CPU=1.41 sched_wait=0.00s
block=0 slot=1 default CartPole-v1 N/B/T=20/20/1 c 498664 resp/s CPU=1.44 sched_wait=0.01s
block=0 slot=2 default CartPole-v1 N/B/T=20/20/1 d 514149 resp/s CPU=1.45 sched_wait=0.00s
block=0 slot=3 default CartPole-v1 N/B/T=20/20/1 b 479410 resp/s CPU=1.44 sched_wait=0.00s
block=1 slot=0 default CartPole-v1 N/B/T=256/256/4 c 1953499 resp/s CPU=2.91 sched_wait=0.01s
block=1 slot=1 default CartPole-v1 N/B/T=256/256/4 a 1625057 resp/s CPU=3.03 sched_wait=0.01s
block=1 slot=2 default CartPole-v1 N/B/T=256/256/4 b 1209330 resp/s CPU=3.07 sched_wait=0.08s
block=1 slot=3 default CartPole-v1 N/B/T=256/256/4 d 1614453 resp/s CPU=2.97 sched_wait=0.01s
block=1 slot=0 default CartPole-v1 N/B/T=20/20/1 c 358084 resp/s CPU=1.43 sched_wait=0.01s
block=1 slot=1 default CartPole-v1 N/B/T=20/20/1 a 320387 resp/s CPU=1.25 sched_wait=0.01s
block=1 slot=2 default CartPole-v1 N/B/T=20/20/1 b 413217 resp/s CPU=1.40 sched_wait=0.01s
block=1 slot=3 default CartPole-v1 N/B/T=20/20/1 d 457898 resp/s CPU=1.46 sched_wait=0.01s
block=1 slot=0 default BipedalWalker-v3 N/B/T=64/16/4 c 62353 resp/s CPU=4.30 sched_wait=0.01s
block=1 slot=1 default BipedalWalker-v3 N/B/T=64/16/4 a 60430 resp/s CPU=4.37 sched_wait=0.01s
block=1 slot=2 default BipedalWalker-v3 N/B/T=64/16/4 b 60747 resp/s CPU=4.37 sched_wait=0.01s
block=1 slot=3 default BipedalWalker-v3 N/B/T=64/16/4 d 65462 resp/s CPU=4.37 sched_wait=0.02s
block=1 slot=0 default CartPole-v1 N/B/T=1024/256/8 c 3737844 resp/s CPU=7.44 sched_wait=1.18s
block=1 slot=1 default CartPole-v1 N/B/T=1024/256/8 a 3241023 resp/s CPU=7.91 sched_wait=1.44s
block=1 slot=2 default CartPole-v1 N/B/T=1024/256/8 b 3109290 resp/s CPU=7.80 sched_wait=1.39s
block=1 slot=3 default CartPole-v1 N/B/T=1024/256/8 d 3267737 resp/s CPU=7.81 sched_wait=1.20s
block=1 slot=0 default HalfCheetah-v4 N/B/T=256/64/4 c 102521 resp/s CPU=4.14 sched_wait=0.01s
block=1 slot=1 default HalfCheetah-v4 N/B/T=256/64/4 a 103897 resp/s CPU=4.12 sched_wait=0.05s
block=1 slot=2 default HalfCheetah-v4 N/B/T=256/64/4 b 99758 resp/s CPU=4.15 sched_wait=0.01s
block=1 slot=3 default HalfCheetah-v4 N/B/T=256/64/4 d 95104 resp/s CPU=4.15 sched_wait=0.00s
block=2 slot=0 default CartPole-v1 N/B/T=20/20/1 b 412022 resp/s CPU=1.42 sched_wait=0.01s
block=2 slot=1 default CartPole-v1 N/B/T=20/20/1 d 332668 resp/s CPU=1.38 sched_wait=0.01s
block=2 slot=2 default CartPole-v1 N/B/T=20/20/1 c 364354 resp/s CPU=1.35 sched_wait=0.01s
block=2 slot=3 default CartPole-v1 N/B/T=20/20/1 a 451004 resp/s CPU=1.45 sched_wait=0.00s
block=2 slot=0 default CartPole-v1 N/B/T=256/256/4 b 1533694 resp/s CPU=3.00 sched_wait=0.01s
block=2 slot=1 default CartPole-v1 N/B/T=256/256/4 d 1873688 resp/s CPU=2.81 sched_wait=0.01s
block=2 slot=2 default CartPole-v1 N/B/T=256/256/4 c 1684810 resp/s CPU=2.83 sched_wait=0.02s
block=2 slot=3 default CartPole-v1 N/B/T=256/256/4 a 1667802 resp/s CPU=3.09 sched_wait=0.01s
block=2 slot=0 default CartPole-v1 N/B/T=1024/256/8 b 3172013 resp/s CPU=7.55 sched_wait=1.19s
block=2 slot=1 default CartPole-v1 N/B/T=1024/256/8 d 3325752 resp/s CPU=7.81 sched_wait=1.16s
block=2 slot=2 default CartPole-v1 N/B/T=1024/256/8 c 3275538 resp/s CPU=7.83 sched_wait=1.41s
block=2 slot=3 default CartPole-v1 N/B/T=1024/256/8 a 2864942 resp/s CPU=7.85 sched_wait=1.54s
block=2 slot=0 default HalfCheetah-v4 N/B/T=256/64/4 b 99988 resp/s CPU=4.14 sched_wait=0.01s
block=2 slot=1 default HalfCheetah-v4 N/B/T=256/64/4 d 96708 resp/s CPU=4.14 sched_wait=0.00s
block=2 slot=2 default HalfCheetah-v4 N/B/T=256/64/4 c 94381 resp/s CPU=4.15 sched_wait=0.01s
block=2 slot=3 default HalfCheetah-v4 N/B/T=256/64/4 a 98194 resp/s CPU=4.14 sched_wait=0.01s
block=2 slot=0 default BipedalWalker-v3 N/B/T=64/16/4 b 61862 resp/s CPU=4.36 sched_wait=0.01s
block=2 slot=1 default BipedalWalker-v3 N/B/T=64/16/4 d 62632 resp/s CPU=4.38 sched_wait=0.01s
block=2 slot=2 default BipedalWalker-v3 N/B/T=64/16/4 c 65145 resp/s CPU=4.40 sched_wait=0.01s
block=2 slot=3 default BipedalWalker-v3 N/B/T=64/16/4 a 62069 resp/s CPU=4.19 sched_wait=0.10s
block=3 slot=0 default HalfCheetah-v4 N/B/T=256/64/4 d 96707 resp/s CPU=4.15 sched_wait=0.03s
block=3 slot=1 default HalfCheetah-v4 N/B/T=256/64/4 b 86469 resp/s CPU=4.14 sched_wait=0.00s
block=3 slot=2 default HalfCheetah-v4 N/B/T=256/64/4 a 95554 resp/s CPU=4.15 sched_wait=0.01s
block=3 slot=3 default HalfCheetah-v4 N/B/T=256/64/4 c 101274 resp/s CPU=4.13 sched_wait=0.01s
block=3 slot=0 default CartPole-v1 N/B/T=256/256/4 d 1961656 resp/s CPU=2.93 sched_wait=0.01s
block=3 slot=1 default CartPole-v1 N/B/T=256/256/4 b 1592921 resp/s CPU=3.11 sched_wait=0.01s
block=3 slot=2 default CartPole-v1 N/B/T=256/256/4 a 1666932 resp/s CPU=3.01 sched_wait=0.01s
block=3 slot=3 default CartPole-v1 N/B/T=256/256/4 c 2363281 resp/s CPU=2.79 sched_wait=0.04s
block=3 slot=0 default CartPole-v1 N/B/T=1024/256/8 d 2797508 resp/s CPU=7.44 sched_wait=1.15s
block=3 slot=1 default CartPole-v1 N/B/T=1024/256/8 b 2879039 resp/s CPU=7.91 sched_wait=1.19s
block=3 slot=2 default CartPole-v1 N/B/T=1024/256/8 a 3024831 resp/s CPU=7.89 sched_wait=1.22s
block=3 slot=3 default CartPole-v1 N/B/T=1024/256/8 c 4403249 resp/s CPU=6.23 sched_wait=1.24s
block=3 slot=0 default BipedalWalker-v3 N/B/T=64/16/4 d 66750 resp/s CPU=4.36 sched_wait=0.01s
block=3 slot=1 default BipedalWalker-v3 N/B/T=64/16/4 b 63708 resp/s CPU=4.35 sched_wait=0.01s
block=3 slot=2 default BipedalWalker-v3 N/B/T=64/16/4 a 63050 resp/s CPU=4.30 sched_wait=0.14s
block=3 slot=3 default BipedalWalker-v3 N/B/T=64/16/4 c 66041 resp/s CPU=4.30 sched_wait=0.02s
block=3 slot=0 default CartPole-v1 N/B/T=20/20/1 d 364778 resp/s CPU=1.40 sched_wait=0.01s
block=3 slot=1 default CartPole-v1 N/B/T=20/20/1 b 350116 resp/s CPU=1.30 sched_wait=0.01s
block=3 slot=2 default CartPole-v1 N/B/T=20/20/1 a 353144 resp/s CPU=1.34 sched_wait=0.01s
block=3 slot=3 default CartPole-v1 N/B/T=20/20/1 c 389154 resp/s CPU=1.38 sched_wait=0.01s
block=4 slot=0 default CartPole-v1 N/B/T=256/256/4 a 1174683 resp/s CPU=3.01 sched_wait=0.09s
block=4 slot=1 default CartPole-v1 N/B/T=256/256/4 c 2020417 resp/s CPU=2.93 sched_wait=0.04s
block=4 slot=2 default CartPole-v1 N/B/T=256/256/4 d 1913551 resp/s CPU=2.84 sched_wait=0.03s
block=4 slot=3 default CartPole-v1 N/B/T=256/256/4 b 1299195 resp/s CPU=3.11 sched_wait=0.01s
block=4 slot=0 default BipedalWalker-v3 N/B/T=64/16/4 a 62727 resp/s CPU=4.42 sched_wait=0.01s
block=4 slot=1 default BipedalWalker-v3 N/B/T=64/16/4 c 67512 resp/s CPU=4.35 sched_wait=0.01s
block=4 slot=2 default BipedalWalker-v3 N/B/T=64/16/4 d 65647 resp/s CPU=4.35 sched_wait=0.11s
block=4 slot=3 default BipedalWalker-v3 N/B/T=64/16/4 b 63434 resp/s CPU=4.29 sched_wait=0.32s
block=4 slot=0 default CartPole-v1 N/B/T=1024/256/8 a 3115836 resp/s CPU=7.58 sched_wait=1.42s
block=4 slot=1 default CartPole-v1 N/B/T=1024/256/8 c 3132443 resp/s CPU=7.91 sched_wait=1.19s
block=4 slot=2 default CartPole-v1 N/B/T=1024/256/8 d 3094253 resp/s CPU=7.86 sched_wait=1.28s
block=4 slot=3 default CartPole-v1 N/B/T=1024/256/8 b 2868873 resp/s CPU=7.81 sched_wait=1.20s
block=4 slot=0 default CartPole-v1 N/B/T=20/20/1 a 403492 resp/s CPU=1.45 sched_wait=0.01s
block=4 slot=1 default CartPole-v1 N/B/T=20/20/1 c 386203 resp/s CPU=1.45 sched_wait=0.01s
block=4 slot=2 default CartPole-v1 N/B/T=20/20/1 d 483965 resp/s CPU=1.45 sched_wait=0.01s
block=4 slot=3 default CartPole-v1 N/B/T=20/20/1 b 455646 resp/s CPU=1.39 sched_wait=0.01s
block=4 slot=0 default HalfCheetah-v4 N/B/T=256/64/4 a 93857 resp/s CPU=4.15 sched_wait=0.01s
block=4 slot=1 default HalfCheetah-v4 N/B/T=256/64/4 c 79951 resp/s CPU=4.14 sched_wait=0.01s
block=4 slot=2 default HalfCheetah-v4 N/B/T=256/64/4 d 95470 resp/s CPU=4.15 sched_wait=0.00s
block=4 slot=3 default HalfCheetah-v4 N/B/T=256/64/4 b 96664 resp/s CPU=4.16 sched_wait=0.00s
block=5 slot=0 default CartPole-v1 N/B/T=256/256/4 c 1685284 resp/s CPU=3.02 sched_wait=0.01s
block=5 slot=1 default CartPole-v1 N/B/T=256/256/4 a 1269379 resp/s CPU=3.01 sched_wait=0.03s
block=5 slot=2 default CartPole-v1 N/B/T=256/256/4 b 1894480 resp/s CPU=3.05 sched_wait=0.02s
block=5 slot=3 default CartPole-v1 N/B/T=256/256/4 d 1880659 resp/s CPU=2.85 sched_wait=0.01s
block=5 slot=0 default HalfCheetah-v4 N/B/T=256/64/4 c 96356 resp/s CPU=4.16 sched_wait=0.01s
block=5 slot=1 default HalfCheetah-v4 N/B/T=256/64/4 a 90910 resp/s CPU=4.15 sched_wait=0.01s
block=5 slot=2 default HalfCheetah-v4 N/B/T=256/64/4 b 97645 resp/s CPU=4.13 sched_wait=0.01s
block=5 slot=3 default HalfCheetah-v4 N/B/T=256/64/4 d 96920 resp/s CPU=4.14 sched_wait=0.00s
block=5 slot=0 default CartPole-v1 N/B/T=1024/256/8 c 3439246 resp/s CPU=7.55 sched_wait=1.13s
block=5 slot=1 default CartPole-v1 N/B/T=1024/256/8 a 2765411 resp/s CPU=7.94 sched_wait=1.46s
block=5 slot=2 default CartPole-v1 N/B/T=1024/256/8 b 3045600 resp/s CPU=7.65 sched_wait=1.28s
block=5 slot=3 default CartPole-v1 N/B/T=1024/256/8 d 3338004 resp/s CPU=7.67 sched_wait=1.21s
block=5 slot=0 default CartPole-v1 N/B/T=20/20/1 c 361637 resp/s CPU=1.31 sched_wait=0.01s
block=5 slot=1 default CartPole-v1 N/B/T=20/20/1 a 376674 resp/s CPU=1.41 sched_wait=0.01s
block=5 slot=2 default CartPole-v1 N/B/T=20/20/1 b 325831 resp/s CPU=1.34 sched_wait=0.01s
block=5 slot=3 default CartPole-v1 N/B/T=20/20/1 d 468159 resp/s CPU=1.42 sched_wait=0.01s
block=5 slot=0 default BipedalWalker-v3 N/B/T=64/16/4 c 65368 resp/s CPU=4.36 sched_wait=0.01s
block=5 slot=1 default BipedalWalker-v3 N/B/T=64/16/4 a 63254 resp/s CPU=4.35 sched_wait=0.01s
block=5 slot=2 default BipedalWalker-v3 N/B/T=64/16/4 b 58082 resp/s CPU=4.34 sched_wait=0.01s
block=5 slot=3 default BipedalWalker-v3 N/B/T=64/16/4 d 63308 resp/s CPU=4.36 sched_wait=0.01s
block=6 slot=0 default CartPole-v1 N/B/T=256/256/4 b 1528744 resp/s CPU=3.06 sched_wait=0.00s
block=6 slot=1 default CartPole-v1 N/B/T=256/256/4 d 1921402 resp/s CPU=2.85 sched_wait=0.01s
block=6 slot=2 default CartPole-v1 N/B/T=256/256/4 c 1744849 resp/s CPU=2.76 sched_wait=0.01s
block=6 slot=3 default CartPole-v1 N/B/T=256/256/4 a 1373412 resp/s CPU=2.97 sched_wait=0.01s
block=6 slot=0 default CartPole-v1 N/B/T=1024/256/8 b 3053946 resp/s CPU=7.88 sched_wait=1.21s
block=6 slot=1 default CartPole-v1 N/B/T=1024/256/8 d 4266978 resp/s CPU=6.76 sched_wait=1.46s
block=6 slot=2 default CartPole-v1 N/B/T=1024/256/8 c 3803216 resp/s CPU=7.25 sched_wait=1.23s
block=6 slot=3 default CartPole-v1 N/B/T=1024/256/8 a 3065162 resp/s CPU=7.83 sched_wait=1.19s
block=6 slot=0 default CartPole-v1 N/B/T=20/20/1 b 457167 resp/s CPU=1.42 sched_wait=0.01s
block=6 slot=1 default CartPole-v1 N/B/T=20/20/1 d 444619 resp/s CPU=1.45 sched_wait=0.01s
block=6 slot=2 default CartPole-v1 N/B/T=20/20/1 c 489121 resp/s CPU=1.46 sched_wait=0.01s
block=6 slot=3 default CartPole-v1 N/B/T=20/20/1 a 484831 resp/s CPU=1.43 sched_wait=0.01s
block=6 slot=0 default HalfCheetah-v4 N/B/T=256/64/4 b 95991 resp/s CPU=4.15 sched_wait=0.01s
block=6 slot=1 default HalfCheetah-v4 N/B/T=256/64/4 d 102146 resp/s CPU=4.16 sched_wait=0.00s
block=6 slot=2 default HalfCheetah-v4 N/B/T=256/64/4 c 97816 resp/s CPU=4.14 sched_wait=0.00s
block=6 slot=3 default HalfCheetah-v4 N/B/T=256/64/4 a 93837 resp/s CPU=4.15 sched_wait=0.00s
block=6 slot=0 default BipedalWalker-v3 N/B/T=64/16/4 b 65941 resp/s CPU=4.33 sched_wait=0.00s
block=6 slot=1 default BipedalWalker-v3 N/B/T=64/16/4 d 63906 resp/s CPU=4.34 sched_wait=0.01s
block=6 slot=2 default BipedalWalker-v3 N/B/T=64/16/4 c 66678 resp/s CPU=4.40 sched_wait=0.00s
block=6 slot=3 default BipedalWalker-v3 N/B/T=64/16/4 a 61826 resp/s CPU=4.37 sched_wait=0.05s
block=7 slot=0 default CartPole-v1 N/B/T=20/20/1 d 464982 resp/s CPU=1.44 sched_wait=0.01s
block=7 slot=1 default CartPole-v1 N/B/T=20/20/1 b 433254 resp/s CPU=1.42 sched_wait=0.01s
block=7 slot=2 default CartPole-v1 N/B/T=20/20/1 a 357511 resp/s CPU=1.37 sched_wait=0.01s
block=7 slot=3 default CartPole-v1 N/B/T=20/20/1 c 397127 resp/s CPU=1.43 sched_wait=0.01s
block=7 slot=0 default CartPole-v1 N/B/T=256/256/4 d 1532128 resp/s CPU=2.94 sched_wait=0.03s
block=7 slot=1 default CartPole-v1 N/B/T=256/256/4 b 1251950 resp/s CPU=3.09 sched_wait=0.01s
block=7 slot=2 default CartPole-v1 N/B/T=256/256/4 a 1512980 resp/s CPU=3.07 sched_wait=0.07s
block=7 slot=3 default CartPole-v1 N/B/T=256/256/4 c 1743194 resp/s CPU=2.86 sched_wait=0.12s
block=7 slot=0 default HalfCheetah-v4 N/B/T=256/64/4 d 97801 resp/s CPU=4.14 sched_wait=0.00s
block=7 slot=1 default HalfCheetah-v4 N/B/T=256/64/4 b 95421 resp/s CPU=4.15 sched_wait=0.01s
block=7 slot=2 default HalfCheetah-v4 N/B/T=256/64/4 a 95119 resp/s CPU=4.15 sched_wait=0.00s
block=7 slot=3 default HalfCheetah-v4 N/B/T=256/64/4 c 100466 resp/s CPU=4.14 sched_wait=0.00s
block=7 slot=0 default BipedalWalker-v3 N/B/T=64/16/4 d 63399 resp/s CPU=4.41 sched_wait=0.01s
block=7 slot=1 default BipedalWalker-v3 N/B/T=64/16/4 b 64520 resp/s CPU=4.34 sched_wait=0.01s
block=7 slot=2 default BipedalWalker-v3 N/B/T=64/16/4 a 63423 resp/s CPU=4.33 sched_wait=0.02s
block=7 slot=3 default BipedalWalker-v3 N/B/T=64/16/4 c 69074 resp/s CPU=4.34 sched_wait=0.00s
block=7 slot=0 default CartPole-v1 N/B/T=1024/256/8 d 3326880 resp/s CPU=7.27 sched_wait=1.14s
block=7 slot=1 default CartPole-v1 N/B/T=1024/256/8 b 4155030 resp/s CPU=7.78 sched_wait=1.51s
block=7 slot=2 default CartPole-v1 N/B/T=1024/256/8 a 2922680 resp/s CPU=7.16 sched_wait=0.91s
block=7 slot=3 default CartPole-v1 N/B/T=1024/256/8 c 3499699 resp/s CPU=7.71 sched_wait=1.29s
