Running main() from $GTEST_ROOT/src/gtest_main.cc
[==========] Running 3 tests from 1 test suite.
[----------] Global test environment set-up.
[----------] 3 tests from ContainerOutputTest
[ RUN      ] ContainerOutputTest.QueuedOutputReclaimedOnPoolDestruction
$CANDIDATE_SOURCE/envpool/core/container_output_test.cc:157: Failure
Expected equality of these values:
  counts->destroyed.load()
    Which is: 0
  1
Google Test trace:
$CANDIDATE_SOURCE/envpool/core/container_output_test.cc:139: 1

$CANDIDATE_SOURCE/envpool/core/container_output_test.cc:157: Failure
Expected equality of these values:
  counts->destroyed.load()
    Which is: 0
  1
Google Test trace:
$CANDIDATE_SOURCE/envpool/core/container_output_test.cc:139: 2

[  FAILED  ] ContainerOutputTest.QueuedOutputReclaimedOnPoolDestruction (2 ms)
[ RUN      ] ContainerOutputTest.ReceivedOutputLivesUntilLastArrayOwner
$CANDIDATE_SOURCE/envpool/core/container_output_test.cc:183: Failure
Expected equality of these values:
  counts->destroyed.load()
    Which is: 0
  1

[  FAILED  ] ContainerOutputTest.ReceivedOutputLivesUntilLastArrayOwner (0 ms)
[ RUN      ] ContainerOutputTest.ExtractedPayloadOwnsItsStorage
[       OK ] ContainerOutputTest.ExtractedPayloadOwnsItsStorage (0 ms)
[----------] 3 tests from ContainerOutputTest (3 ms total)

[----------] Global test environment tear-down
[==========] 3 tests from 1 test suite ran. (3 ms total)
[  PASSED  ] 1 test.
[  FAILED  ] 2 tests, listed below:
[  FAILED  ] ContainerOutputTest.QueuedOutputReclaimedOnPoolDestruction
[  FAILED  ] ContainerOutputTest.ReceivedOutputLivesUntilLastArrayOwner

 2 FAILED TESTS
