Running main() from $GTEST_ROOT/src/gtest_main.cc
[==========] Running 64 tests from 9 test suites.
[----------] Global test environment set-up.
[----------] 12 tests from ActionBufferQueueTest
[ RUN      ] ActionBufferQueueTest.ShutdownWakesEmptyQueueWithoutAdvancingCursors
[       OK ] ActionBufferQueueTest.ShutdownWakesEmptyQueueWithoutAdvancingCursors (0 ms)
[ RUN      ] ActionBufferQueueTest.ShutdownWakePreservesPendingAction
[       OK ] ActionBufferQueueTest.ShutdownWakePreservesPendingAction (0 ms)
[ RUN      ] ActionBufferQueueTest.StopAwareDequeuePreservesActiveDelivery
[       OK ] ActionBufferQueueTest.StopAwareDequeuePreservesActiveDelivery (0 ms)
[ RUN      ] ActionBufferQueueTest.SmallRingWraparoundPreservesPayloadsAndCounters
[       OK ] ActionBufferQueueTest.SmallRingWraparoundPreservesPayloadsAndCounters (0 ms)
[ RUN      ] ActionBufferQueueTest.BoundedMultipleProducersAndConsumersExactlyOnce
[       OK ] ActionBufferQueueTest.BoundedMultipleProducersAndConsumersExactlyOnce (38 ms)
[ RUN      ] ActionBufferQueueTest.DelayedConsumerKeepsPayloadAcrossRingReuse
[       OK ] ActionBufferQueueTest.DelayedConsumerKeepsPayloadAcrossRingReuse (0 ms)
[ RUN      ] ActionBufferQueueTest.ConcurrentProducerBulksRemainContiguous
[       OK ] ActionBufferQueueTest.ConcurrentProducerBulksRemainContiguous (35 ms)
[ RUN      ] ActionBufferQueueTest.Concurrent
[       OK ] ActionBufferQueueTest.Concurrent (15 ms)
[ RUN      ] ActionBufferQueueTest.BulkWrapPreservesOrderWithNonPowerOfTwoCapacity
[       OK ] ActionBufferQueueTest.BulkWrapPreservesOrderWithNonPowerOfTwoCapacity (0 ms)
[ RUN      ] ActionBufferQueueTest.ConcurrentConsumersPreserveEveryWrappedAction
[       OK ] ActionBufferQueueTest.ConcurrentConsumersPreserveEveryWrappedAction (3 ms)
[ RUN      ] ActionBufferQueueTest.BulkWrapMatchesUnsignedCounterRollover
[       OK ] ActionBufferQueueTest.BulkWrapMatchesUnsignedCounterRollover (0 ms)
[ RUN      ] ActionBufferQueueTest.EmptyBulkIsSafeWithZeroCapacity
[       OK ] ActionBufferQueueTest.EmptyBulkIsSafeWithZeroCapacity (0 ms)
[----------] 12 tests from ActionBufferQueueTest (94 ms total)

[----------] 8 tests from ArrayTest
[ RUN      ] ArrayTest.ViewsPreserveHighDimensionalShapesAndData
[       OK ] ArrayTest.ViewsPreserveHighDimensionalShapesAndData (0 ms)
[ RUN      ] ArrayTest.TruncateAndSharedPtrKeepOwnedStorageAlive
[       OK ] ArrayTest.TruncateAndSharedPtrKeepOwnedStorageAlive (0 ms)
[ RUN      ] ArrayTest.SharedPtrPreservesNonOwningDataPointer
[       OK ] ArrayTest.SharedPtrPreservesNonOwningDataPointer (0 ms)
[ RUN      ] ArrayTest.ViewsDoNotExtendBackingStorageLifetime
[       OK ] ArrayTest.ViewsDoNotExtendBackingStorageLifetime (0 ms)
[ RUN      ] ArrayTest.TypedTruncateSharesData
[       OK ] ArrayTest.TypedTruncateSharesData (0 ms)
[ RUN      ] ArrayTest.TruncateInPlacePreservesHighDimensionalShapeAndData
[       OK ] ArrayTest.TruncateInPlacePreservesHighDimensionalShapeAndData (0 ms)
[ RUN      ] ArrayTest.TruncateInPlaceHandlesEmptyDimensions
[       OK ] ArrayTest.TruncateInPlaceHandlesEmptyDimensions (0 ms)
[ RUN      ] ArrayTest.TruncateInPlaceRetainsSharedOwnershipAndCustomDeleter
[       OK ] ArrayTest.TruncateInPlaceRetainsSharedOwnershipAndCustomDeleter (0 ms)
[----------] 8 tests from ArrayTest (0 ms total)

[----------] 1 test from CircularBufferTest
[ RUN      ] CircularBufferTest.Basic
[       OK ] CircularBufferTest.Basic (18 ms)
[----------] 1 test from CircularBufferTest (18 ms total)

[----------] 9 tests from ContainerOutputTest
[ RUN      ] ContainerOutputTest.QueuedOutputReclaimedOnPoolDestruction
[       OK ] ContainerOutputTest.QueuedOutputReclaimedOnPoolDestruction (0 ms)
[ RUN      ] ContainerOutputTest.ReceivedOutputLivesUntilLastArrayOwner
[       OK ] ContainerOutputTest.ReceivedOutputLivesUntilLastArrayOwner (0 ms)
[ RUN      ] ContainerOutputTest.ExtractedPayloadOwnsItsStorage
[       OK ] ContainerOutputTest.ExtractedPayloadOwnsItsStorage (0 ms)
[ RUN      ] ContainerOutputTest.TruncateReclaimsOriginalCapacity
[       OK ] ContainerOutputTest.TruncateReclaimsOriginalCapacity (0 ms)
[ RUN      ] ContainerOutputTest.LastStrongOwnerReclaimsWithWeakObserverRetained
[       OK ] ContainerOutputTest.LastStrongOwnerReclaimsWithWeakObserverRetained (0 ms)
[ RUN      ] ContainerOutputTest.MixedShapePartialBatchRetainsReturnedPayloads
[       OK ] ContainerOutputTest.MixedShapePartialBatchRetainsReturnedPayloads (0 ms)
[ RUN      ] ContainerOutputTest.MixedShapePartialBatchReclaimsUnconsumedPayloads
[       OK ] ContainerOutputTest.MixedShapePartialBatchReclaimsUnconsumedPayloads (0 ms)
[ RUN      ] ContainerOutputTest.StockReplacementPreservesTypedRecipe
[       OK ] ContainerOutputTest.StockReplacementPreservesTypedRecipe (0 ms)
[ RUN      ] ContainerOutputTest.FallbackReplacementPreservesTypedRecipe
[       OK ] ContainerOutputTest.FallbackReplacementPreservesTypedRecipe (0 ms)
[----------] 9 tests from ContainerOutputTest (1 ms total)

[----------] 4 tests from DictTest
[ RUN      ] DictTest.Keys
[       OK ] DictTest.Keys (0 ms)
[ RUN      ] DictTest.Values
[       OK ] DictTest.Values (0 ms)
[ RUN      ] DictTest.Lookup
[       OK ] DictTest.Lookup (0 ms)
[ RUN      ] DictTest.Modification
[       OK ] DictTest.Modification (0 ms)
[----------] 4 tests from DictTest (0 ms total)

[----------] 4 tests from EnvDiscountTest
[ RUN      ] EnvDiscountTest.SinglePlayerDiscountMatchesDone
[       OK ] EnvDiscountTest.SinglePlayerDiscountMatchesDone (0 ms)
[ RUN      ] EnvDiscountTest.NonterminalDiscountIncludesEveryPlayer
[       OK ] EnvDiscountTest.NonterminalDiscountIncludesEveryPlayer (0 ms)
[ RUN      ] EnvDiscountTest.TerminalDiscountIncludesEveryPlayer
[       OK ] EnvDiscountTest.TerminalDiscountIncludesEveryPlayer (0 ms)
[ RUN      ] EnvDiscountTest.ZeroPlayersDoNotOverwriteNextEnvironment
[       OK ] EnvDiscountTest.ZeroPlayersDoNotOverwriteNextEnvironment (0 ms)
[----------] 4 tests from EnvDiscountTest (0 ms total)

[----------] 6 tests from StateBufferQueueTest
[ RUN      ] StateBufferQueueTest.Basic
WARNING: All log messages before absl::InitializeLog() is called are written to STDERR
I0000 00:00:1791067735.698869      34 state_buffer_queue_test.cc:36] 0 start
I0000 00:00:1791067735.698912      34 state_buffer_queue_test.cc:39] 0 allocate
I0000 00:00:1791067735.698914      34 state_buffer_queue_test.cc:41] 0 done_write
I0000 00:00:1791067735.698915      34 state_buffer_queue_test.cc:36] 1 start
I0000 00:00:1791067735.698916      34 state_buffer_queue_test.cc:39] 1 allocate
I0000 00:00:1791067735.698917      34 state_buffer_queue_test.cc:41] 1 done_write
I0000 00:00:1791067735.698918      34 state_buffer_queue_test.cc:36] 2 start
I0000 00:00:1791067735.698919      34 state_buffer_queue_test.cc:39] 2 allocate
I0000 00:00:1791067735.698921      34 state_buffer_queue_test.cc:41] 2 done_write
I0000 00:00:1791067735.698921      34 state_buffer_queue_test.cc:36] 3 start
I0000 00:00:1791067735.698923      34 state_buffer_queue_test.cc:39] 3 allocate
I0000 00:00:1791067735.698924      34 state_buffer_queue_test.cc:41] 3 done_write
I0000 00:00:1791067735.698925      34 state_buffer_queue_test.cc:36] 4 start
I0000 00:00:1791067735.698926      34 state_buffer_queue_test.cc:39] 4 allocate
I0000 00:00:1791067735.698927      34 state_buffer_queue_test.cc:41] 4 done_write
I0000 00:00:1791067735.698928      34 state_buffer_queue_test.cc:36] 5 start
I0000 00:00:1791067735.698929      34 state_buffer_queue_test.cc:39] 5 allocate
I0000 00:00:1791067735.698930      34 state_buffer_queue_test.cc:41] 5 done_write
I0000 00:00:1791067735.698931      34 state_buffer_queue_test.cc:36] 6 start
I0000 00:00:1791067735.698932      34 state_buffer_queue_test.cc:39] 6 allocate
I0000 00:00:1791067735.698933      34 state_buffer_queue_test.cc:41] 6 done_write
I0000 00:00:1791067735.698934      34 state_buffer_queue_test.cc:36] 7 start
I0000 00:00:1791067735.698935      34 state_buffer_queue_test.cc:39] 7 allocate
I0000 00:00:1791067735.698936      34 state_buffer_queue_test.cc:41] 7 done_write
I0000 00:00:1791067735.698937      34 state_buffer_queue_test.cc:36] 8 start
I0000 00:00:1791067735.698941      34 state_buffer_queue_test.cc:39] 8 allocate
I0000 00:00:1791067735.698943      34 state_buffer_queue_test.cc:41] 8 done_write
I0000 00:00:1791067735.698944      34 state_buffer_queue_test.cc:36] 9 start
I0000 00:00:1791067735.698945      34 state_buffer_queue_test.cc:39] 9 allocate
I0000 00:00:1791067735.698946      34 state_buffer_queue_test.cc:41] 9 done_write
I0000 00:00:1791067735.698947      34 state_buffer_queue_test.cc:36] 10 start
I0000 00:00:1791067735.698948      34 state_buffer_queue_test.cc:39] 10 allocate
I0000 00:00:1791067735.698949      34 state_buffer_queue_test.cc:41] 10 done_write
I0000 00:00:1791067735.698950      34 state_buffer_queue_test.cc:36] 11 start
I0000 00:00:1791067735.698951      34 state_buffer_queue_test.cc:39] 11 allocate
I0000 00:00:1791067735.698952      34 state_buffer_queue_test.cc:41] 11 done_write
I0000 00:00:1791067735.698953      34 state_buffer_queue_test.cc:36] 12 start
I0000 00:00:1791067735.698954      34 state_buffer_queue_test.cc:39] 12 allocate
I0000 00:00:1791067735.698955      34 state_buffer_queue_test.cc:41] 12 done_write
I0000 00:00:1791067735.698956      34 state_buffer_queue_test.cc:36] 13 start
I0000 00:00:1791067735.698957      34 state_buffer_queue_test.cc:39] 13 allocate
I0000 00:00:1791067735.698958      34 state_buffer_queue_test.cc:41] 13 done_write
I0000 00:00:1791067735.698959      34 state_buffer_queue_test.cc:36] 14 start
I0000 00:00:1791067735.698960      34 state_buffer_queue_test.cc:39] 14 allocate
I0000 00:00:1791067735.698961      34 state_buffer_queue_test.cc:41] 14 done_write
I0000 00:00:1791067735.698962      34 state_buffer_queue_test.cc:36] 15 start
I0000 00:00:1791067735.698963      34 state_buffer_queue_test.cc:39] 15 allocate
I0000 00:00:1791067735.698964      34 state_buffer_queue_test.cc:41] 15 done_write
I0000 00:00:1791067735.698965      34 state_buffer_queue_test.cc:36] 16 start
I0000 00:00:1791067735.698966      34 state_buffer_queue_test.cc:39] 16 allocate
I0000 00:00:1791067735.698967      34 state_buffer_queue_test.cc:41] 16 done_write
I0000 00:00:1791067735.698968      34 state_buffer_queue_test.cc:36] 17 start
I0000 00:00:1791067735.698969      34 state_buffer_queue_test.cc:39] 17 allocate
I0000 00:00:1791067735.698970      34 state_buffer_queue_test.cc:41] 17 done_write
I0000 00:00:1791067735.698971      34 state_buffer_queue_test.cc:36] 18 start
I0000 00:00:1791067735.698972      34 state_buffer_queue_test.cc:39] 18 allocate
I0000 00:00:1791067735.698973      34 state_buffer_queue_test.cc:41] 18 done_write
I0000 00:00:1791067735.698974      34 state_buffer_queue_test.cc:36] 19 start
I0000 00:00:1791067735.698975      34 state_buffer_queue_test.cc:39] 19 allocate
I0000 00:00:1791067735.698976      34 state_buffer_queue_test.cc:41] 19 done_write
I0000 00:00:1791067735.698977      34 state_buffer_queue_test.cc:36] 20 start
I0000 00:00:1791067735.698978      34 state_buffer_queue_test.cc:39] 20 allocate
I0000 00:00:1791067735.698979      34 state_buffer_queue_test.cc:41] 20 done_write
I0000 00:00:1791067735.698980      34 state_buffer_queue_test.cc:36] 21 start
I0000 00:00:1791067735.698981      34 state_buffer_queue_test.cc:39] 21 allocate
I0000 00:00:1791067735.698982      34 state_buffer_queue_test.cc:41] 21 done_write
I0000 00:00:1791067735.698983      34 state_buffer_queue_test.cc:36] 22 start
I0000 00:00:1791067735.698984      34 state_buffer_queue_test.cc:39] 22 allocate
I0000 00:00:1791067735.698985      34 state_buffer_queue_test.cc:41] 22 done_write
I0000 00:00:1791067735.698986      34 state_buffer_queue_test.cc:36] 23 start
I0000 00:00:1791067735.698987      34 state_buffer_queue_test.cc:39] 23 allocate
I0000 00:00:1791067735.698988      34 state_buffer_queue_test.cc:41] 23 done_write
I0000 00:00:1791067735.698989      34 state_buffer_queue_test.cc:36] 24 start
I0000 00:00:1791067735.698991      34 state_buffer_queue_test.cc:39] 24 allocate
I0000 00:00:1791067735.698991      34 state_buffer_queue_test.cc:41] 24 done_write
I0000 00:00:1791067735.698993      34 state_buffer_queue_test.cc:36] 25 start
I0000 00:00:1791067735.698995      34 state_buffer_queue_test.cc:39] 25 allocate
I0000 00:00:1791067735.698996      34 state_buffer_queue_test.cc:41] 25 done_write
I0000 00:00:1791067735.698997      34 state_buffer_queue_test.cc:36] 26 start
I0000 00:00:1791067735.698998      34 state_buffer_queue_test.cc:39] 26 allocate
I0000 00:00:1791067735.698999      34 state_buffer_queue_test.cc:41] 26 done_write
I0000 00:00:1791067735.699000      34 state_buffer_queue_test.cc:36] 27 start
I0000 00:00:1791067735.699001      34 state_buffer_queue_test.cc:39] 27 allocate
I0000 00:00:1791067735.699002      34 state_buffer_queue_test.cc:41] 27 done_write
I0000 00:00:1791067735.699003      34 state_buffer_queue_test.cc:36] 28 start
I0000 00:00:1791067735.699005      34 state_buffer_queue_test.cc:39] 28 allocate
I0000 00:00:1791067735.699005      34 state_buffer_queue_test.cc:41] 28 done_write
I0000 00:00:1791067735.699007      34 state_buffer_queue_test.cc:36] 29 start
I0000 00:00:1791067735.699008      34 state_buffer_queue_test.cc:39] 29 allocate
I0000 00:00:1791067735.699009      34 state_buffer_queue_test.cc:41] 29 done_write
I0000 00:00:1791067735.699010      34 state_buffer_queue_test.cc:36] 30 start
I0000 00:00:1791067735.699011      34 state_buffer_queue_test.cc:39] 30 allocate
I0000 00:00:1791067735.699012      34 state_buffer_queue_test.cc:41] 30 done_write
I0000 00:00:1791067735.699013      34 state_buffer_queue_test.cc:36] 31 start
I0000 00:00:1791067735.699014      34 state_buffer_queue_test.cc:39] 31 allocate
I0000 00:00:1791067735.699015      34 state_buffer_queue_test.cc:41] 31 done_write
I0000 00:00:1791067735.699021      34 state_buffer_queue_test.cc:47] finish wait
[       OK ] StateBufferQueueTest.Basic (0 ms)
[ RUN      ] StateBufferQueueTest.SinglePlayerSync
[       OK ] StateBufferQueueTest.SinglePlayerSync (6 ms)
[ RUN      ] StateBufferQueueTest.NumPlayers
[       OK ] StateBufferQueueTest.NumPlayers (0 ms)
[ RUN      ] StateBufferQueueTest.MultipleTimes
[       OK ] StateBufferQueueTest.MultipleTimes (54 ms)
[ RUN      ] StateBufferQueueTest.ConcurrentSinglePlayer
[       OK ] StateBufferQueueTest.ConcurrentSinglePlayer (1442 ms)
[ RUN      ] StateBufferQueueTest.ConcurrentMultiPlayer
[       OK ] StateBufferQueueTest.ConcurrentMultiPlayer (1665 ms)
[----------] 6 tests from StateBufferQueueTest (3168 ms total)

[----------] 9 tests from StateBufferTest
[ RUN      ] StateBufferTest.Basic
[       OK ] StateBufferTest.Basic (0 ms)
[ RUN      ] StateBufferTest.SinglePlayerSync
[       OK ] StateBufferTest.SinglePlayerSync (0 ms)
[ RUN      ] StateBufferTest.Truncate
[       OK ] StateBufferTest.Truncate (0 ms)
[ RUN      ] StateBufferTest.MultiPlayers
[       OK ] StateBufferTest.MultiPlayers (0 ms)
[ RUN      ] StateBufferTest.PartialSyncShuffledOutputsSurviveBufferDestruction
[       OK ] StateBufferTest.PartialSyncShuffledOutputsSurviveBufferDestruction (0 ms)
[ RUN      ] StateBufferTest.PartialMultiPlayerOutputsIncludeZeroPlayerEnvironments
[       OK ] StateBufferTest.PartialMultiPlayerOutputsIncludeZeroPlayerEnvironments (0 ms)
[ RUN      ] StateBufferTest.NoPlayersReturnsEmptyPlayerShapesAndSharedData
[       OK ] StateBufferTest.NoPlayersReturnsEmptyPlayerShapesAndSharedData (0 ms)
[ RUN      ] StateBufferTest.PartialWaitRequiresEveryAllocatedWriterToComplete
[       OK ] StateBufferTest.PartialWaitRequiresEveryAllocatedWriterToComplete (20 ms)
[ RUN      ] StateBufferTest.CompletionAllowsImmediateDestruction
[       OK ] StateBufferTest.CompletionAllowsImmediateDestruction (37 ms)
[----------] 9 tests from StateBufferTest (57 ms total)

[----------] 11 tests from DummyEnvPoolTest
[ RUN      ] DummyEnvPoolTest.TimingAccumulatorsStartAtZero
[       OK ] DummyEnvPoolTest.TimingAccumulatorsStartAtZero (0 ms)
[ RUN      ] DummyEnvPoolTest.DiscountMatchesDoneForEveryPlayer
[       OK ] DummyEnvPoolTest.DiscountMatchesDoneForEveryPlayer (0 ms)
[ RUN      ] DummyEnvPoolTest.ShutdownIdleWorkers
[       OK ] DummyEnvPoolTest.ShutdownIdleWorkers (42 ms)
[ RUN      ] DummyEnvPoolTest.ShutdownWithPendingReset
[       OK ] DummyEnvPoolTest.ShutdownWithPendingReset (30 ms)
[ RUN      ] DummyEnvPoolTest.ShutdownJoinsInFlightResetBeforeDestroyingEnvironment
[       OK ] DummyEnvPoolTest.ShutdownJoinsInFlightResetBeforeDestroyingEnvironment (50 ms)
[ RUN      ] DummyEnvPoolTest.SplitZeroAction
[       OK ] DummyEnvPoolTest.SplitZeroAction (0 ms)
[ RUN      ] DummyEnvPoolTest.SmokeSynchronousSinglePlayer
I0000 00:00:1791067739.050051      34 dummy_envpool_test.cc:332] 1 1 3 32 1 1
I0000 00:00:1791067739.050368      34 dummy_envpool_test.cc:435] time(s): 0.000144047, FPS: 222150
[       OK ] DummyEnvPoolTest.SmokeSynchronousSinglePlayer (0 ms)
[ RUN      ] DummyEnvPoolTest.SmokeAsynchronousSinglePlayer
I0000 00:00:1791067739.050505      34 dummy_envpool_test.cc:332] 8 4 3 64 2 1
I0000 00:00:1791067739.051662      34 dummy_envpool_test.cc:435] time(s): 0.00055759, FPS: 459119
[       OK ] DummyEnvPoolTest.SmokeAsynchronousSinglePlayer (1 ms)
[ RUN      ] DummyEnvPoolTest.SmokeAsynchronousMultiPlayer
I0000 00:00:1791067739.051843      34 dummy_envpool_test.cc:332] 8 4 3 64 2 4
I0000 00:00:1791067739.053814      34 dummy_envpool_test.cc:435] time(s): 0.00142004, FPS: 180277
[       OK ] DummyEnvPoolTest.SmokeAsynchronousMultiPlayer (2 ms)
[ RUN      ] DummyEnvPoolTest.SinglePlayer
I0000 00:00:1791067739.053931      34 dummy_envpool_test.cc:332] 1 1 20 100000 1 1
I0000 00:00:1791067739.826452      34 dummy_envpool_test.cc:435] time(s): 0.772339, FPS: 129477
I0000 00:00:1791067739.826591      34 dummy_envpool_test.cc:332] 3 1 20 100000 1 1
I0000 00:00:1791067740.694065      34 dummy_envpool_test.cc:435] time(s): 0.867138, FPS: 115322
I0000 00:00:1791067740.694222      34 dummy_envpool_test.cc:332] 3 1 20 100000 3 1
I0000 00:00:1791067742.274814      34 dummy_envpool_test.cc:435] time(s): 1.58009, FPS: 63287.4
I0000 00:00:1791067742.275123      34 dummy_envpool_test.cc:332] 9 4 20 100000 1 1
I0000 00:00:1791067744.966313      34 dummy_envpool_test.cc:435] time(s): 2.69047, FPS: 148673
I0000 00:00:1791067744.966612      34 dummy_envpool_test.cc:332] 9 4 30 100000 4 1
I0000 00:00:1791067747.721974      34 dummy_envpool_test.cc:435] time(s): 2.75448, FPS: 145218
I0000 00:00:1791067747.722311      34 dummy_envpool_test.cc:332] 9 4 30 100000 9 1
I0000 00:00:1791067750.899636      34 dummy_envpool_test.cc:435] time(s): 3.17641, FPS: 125928
I0000 00:00:1791067750.900060      34 dummy_envpool_test.cc:332] 10 10 25 100000 0 1
I0000 00:00:1791067757.111114      34 dummy_envpool_test.cc:435] time(s): 6.21017, FPS: 161026
[       OK ] DummyEnvPoolTest.SinglePlayer (18057 ms)
[ RUN      ] DummyEnvPoolTest.MultiPlayers
I0000 00:00:1791067757.111649      34 dummy_envpool_test.cc:332] 1 1 20 100000 1 10
I0000 00:00:1791067758.909248      34 dummy_envpool_test.cc:435] time(s): 1.79734, FPS: 55637.7
I0000 00:00:1791067758.909451      34 dummy_envpool_test.cc:332] 3 1 20 100000 1 10
I0000 00:00:1791067761.133068      34 dummy_envpool_test.cc:435] time(s): 2.22317, FPS: 44980.8
I0000 00:00:1791067761.133281      34 dummy_envpool_test.cc:332] 3 1 20 100000 3 10
I0000 00:00:1791067762.683603      34 dummy_envpool_test.cc:435] time(s): 1.54976, FPS: 64526.2
I0000 00:00:1791067762.683911      34 dummy_envpool_test.cc:332] 9 4 30 100000 1 6
I0000 00:00:1791067765.376309      34 dummy_envpool_test.cc:435] time(s): 2.6916, FPS: 148610
I0000 00:00:1791067765.376661      34 dummy_envpool_test.cc:332] 9 4 30 100000 4 6
I0000 00:00:1791067769.262852      34 dummy_envpool_test.cc:435] time(s): 3.88528, FPS: 102953
I0000 00:00:1791067769.263175      34 dummy_envpool_test.cc:332] 9 4 30 100000 9 6
I0000 00:00:1791067773.476585      34 dummy_envpool_test.cc:435] time(s): 4.2124, FPS: 94957.9
I0000 00:00:1791067773.477060      34 dummy_envpool_test.cc:332] 10 10 25 100000 0 9
I0000 00:00:1791067782.162185      34 dummy_envpool_test.cc:435] time(s): 8.68413, FPS: 115153
[       OK ] DummyEnvPoolTest.MultiPlayers (25051 ms)
[----------] 11 tests from DummyEnvPoolTest (43237 ms total)

[----------] Global test environment tear-down
[==========] 64 tests from 9 test suites ran. (46578 ms total)
[  PASSED  ] 64 tests.
