Running main() from $GTEST_ROOT/src/gtest_main.cc

Repeating all tests (iteration 1) . . .

Note: Google Test filter = *-DummyEnvPoolTest.SinglePlayer:DummyEnvPoolTest.MultiPlayers
[==========] Running 62 tests from 9 test suites.
[----------] Global test environment set-up.
[----------] 12 tests from ActionBufferQueueTest
[ RUN      ] ActionBufferQueueTest.ShutdownWakesEmptyQueueWithoutAdvancingCursors
[       OK ] ActionBufferQueueTest.ShutdownWakesEmptyQueueWithoutAdvancingCursors (2 ms)
[ RUN      ] ActionBufferQueueTest.ShutdownWakePreservesPendingAction
[       OK ] ActionBufferQueueTest.ShutdownWakePreservesPendingAction (1 ms)
[ RUN      ] ActionBufferQueueTest.StopAwareDequeuePreservesActiveDelivery
[       OK ] ActionBufferQueueTest.StopAwareDequeuePreservesActiveDelivery (0 ms)
[ RUN      ] ActionBufferQueueTest.SmallRingWraparoundPreservesPayloadsAndCounters
[       OK ] ActionBufferQueueTest.SmallRingWraparoundPreservesPayloadsAndCounters (6 ms)
[ RUN      ] ActionBufferQueueTest.BoundedMultipleProducersAndConsumersExactlyOnce
[       OK ] ActionBufferQueueTest.BoundedMultipleProducersAndConsumersExactlyOnce (125 ms)
[ RUN      ] ActionBufferQueueTest.DelayedConsumerKeepsPayloadAcrossRingReuse
[       OK ] ActionBufferQueueTest.DelayedConsumerKeepsPayloadAcrossRingReuse (1 ms)
[ RUN      ] ActionBufferQueueTest.ConcurrentProducerBulksRemainContiguous
[       OK ] ActionBufferQueueTest.ConcurrentProducerBulksRemainContiguous (92 ms)
[ RUN      ] ActionBufferQueueTest.Concurrent
[       OK ] ActionBufferQueueTest.Concurrent (358 ms)
[ RUN      ] ActionBufferQueueTest.BulkWrapPreservesOrderWithNonPowerOfTwoCapacity
[       OK ] ActionBufferQueueTest.BulkWrapPreservesOrderWithNonPowerOfTwoCapacity (0 ms)
[ RUN      ] ActionBufferQueueTest.ConcurrentConsumersPreserveEveryWrappedAction
[       OK ] ActionBufferQueueTest.ConcurrentConsumersPreserveEveryWrappedAction (9 ms)
[ RUN      ] ActionBufferQueueTest.BulkWrapMatchesUnsignedCounterRollover
[       OK ] ActionBufferQueueTest.BulkWrapMatchesUnsignedCounterRollover (0 ms)
[ RUN      ] ActionBufferQueueTest.EmptyBulkIsSafeWithZeroCapacity
[       OK ] ActionBufferQueueTest.EmptyBulkIsSafeWithZeroCapacity (0 ms)
[----------] 12 tests from ActionBufferQueueTest (598 ms total)

[----------] 8 tests from ArrayTest
[ RUN      ] ArrayTest.ViewsPreserveHighDimensionalShapesAndData
[       OK ] ArrayTest.ViewsPreserveHighDimensionalShapesAndData (0 ms)
[ RUN      ] ArrayTest.TruncateAndSharedPtrKeepOwnedStorageAlive
[       OK ] ArrayTest.TruncateAndSharedPtrKeepOwnedStorageAlive (0 ms)
[ RUN      ] ArrayTest.SharedPtrPreservesNonOwningDataPointer
[       OK ] ArrayTest.SharedPtrPreservesNonOwningDataPointer (0 ms)
[ RUN      ] ArrayTest.ViewsDoNotExtendBackingStorageLifetime
[       OK ] ArrayTest.ViewsDoNotExtendBackingStorageLifetime (0 ms)
[ RUN      ] ArrayTest.TypedTruncateSharesData
[       OK ] ArrayTest.TypedTruncateSharesData (0 ms)
[ RUN      ] ArrayTest.TruncateInPlacePreservesHighDimensionalShapeAndData
[       OK ] ArrayTest.TruncateInPlacePreservesHighDimensionalShapeAndData (0 ms)
[ RUN      ] ArrayTest.TruncateInPlaceHandlesEmptyDimensions
[       OK ] ArrayTest.TruncateInPlaceHandlesEmptyDimensions (0 ms)
[ RUN      ] ArrayTest.TruncateInPlaceRetainsSharedOwnershipAndCustomDeleter
[       OK ] ArrayTest.TruncateInPlaceRetainsSharedOwnershipAndCustomDeleter (0 ms)
[----------] 8 tests from ArrayTest (0 ms total)

[----------] 1 test from CircularBufferTest
[ RUN      ] CircularBufferTest.Basic
[       OK ] CircularBufferTest.Basic (52 ms)
[----------] 1 test from CircularBufferTest (52 ms total)

[----------] 9 tests from ContainerOutputTest
[ RUN      ] ContainerOutputTest.QueuedOutputReclaimedOnPoolDestruction
[       OK ] ContainerOutputTest.QueuedOutputReclaimedOnPoolDestruction (3 ms)
[ RUN      ] ContainerOutputTest.ReceivedOutputLivesUntilLastArrayOwner
[       OK ] ContainerOutputTest.ReceivedOutputLivesUntilLastArrayOwner (1 ms)
[ RUN      ] ContainerOutputTest.ExtractedPayloadOwnsItsStorage
[       OK ] ContainerOutputTest.ExtractedPayloadOwnsItsStorage (1 ms)
[ RUN      ] ContainerOutputTest.TruncateReclaimsOriginalCapacity
[       OK ] ContainerOutputTest.TruncateReclaimsOriginalCapacity (0 ms)
[ RUN      ] ContainerOutputTest.LastStrongOwnerReclaimsWithWeakObserverRetained
[       OK ] ContainerOutputTest.LastStrongOwnerReclaimsWithWeakObserverRetained (0 ms)
[ RUN      ] ContainerOutputTest.MixedShapePartialBatchRetainsReturnedPayloads
[       OK ] ContainerOutputTest.MixedShapePartialBatchRetainsReturnedPayloads (0 ms)
[ RUN      ] ContainerOutputTest.MixedShapePartialBatchReclaimsUnconsumedPayloads
[       OK ] ContainerOutputTest.MixedShapePartialBatchReclaimsUnconsumedPayloads (0 ms)
[ RUN      ] ContainerOutputTest.StockReplacementPreservesTypedRecipe
[       OK ] ContainerOutputTest.StockReplacementPreservesTypedRecipe (0 ms)
[ RUN      ] ContainerOutputTest.FallbackReplacementPreservesTypedRecipe
[       OK ] ContainerOutputTest.FallbackReplacementPreservesTypedRecipe (0 ms)
[----------] 9 tests from ContainerOutputTest (7 ms total)

[----------] 4 tests from DictTest
[ RUN      ] DictTest.Keys
[       OK ] DictTest.Keys (0 ms)
[ RUN      ] DictTest.Values
[       OK ] DictTest.Values (0 ms)
[ RUN      ] DictTest.Lookup
[       OK ] DictTest.Lookup (0 ms)
[ RUN      ] DictTest.Modification
[       OK ] DictTest.Modification (0 ms)
[----------] 4 tests from DictTest (0 ms total)

[----------] 4 tests from EnvDiscountTest
[ RUN      ] EnvDiscountTest.SinglePlayerDiscountMatchesDone
[       OK ] EnvDiscountTest.SinglePlayerDiscountMatchesDone (0 ms)
[ RUN      ] EnvDiscountTest.NonterminalDiscountIncludesEveryPlayer
[       OK ] EnvDiscountTest.NonterminalDiscountIncludesEveryPlayer (0 ms)
[ RUN      ] EnvDiscountTest.TerminalDiscountIncludesEveryPlayer
[       OK ] EnvDiscountTest.TerminalDiscountIncludesEveryPlayer (0 ms)
[ RUN      ] EnvDiscountTest.ZeroPlayersDoNotOverwriteNextEnvironment
[       OK ] EnvDiscountTest.ZeroPlayersDoNotOverwriteNextEnvironment (0 ms)
[----------] 4 tests from EnvDiscountTest (2 ms total)

[----------] 6 tests from StateBufferQueueTest
[ RUN      ] StateBufferQueueTest.Basic
WARNING: All log messages before absl::InitializeLog() is called are written to STDERR
I0000 00:00:1791067904.780160   14384 state_buffer_queue_test.cc:36] 0 start
I0000 00:00:1791067904.780266   14384 state_buffer_queue_test.cc:39] 0 allocate
I0000 00:00:1791067904.780275   14384 state_buffer_queue_test.cc:41] 0 done_write
I0000 00:00:1791067904.780284   14384 state_buffer_queue_test.cc:36] 1 start
I0000 00:00:1791067904.780293   14384 state_buffer_queue_test.cc:39] 1 allocate
I0000 00:00:1791067904.780299   14384 state_buffer_queue_test.cc:41] 1 done_write
I0000 00:00:1791067904.780306   14384 state_buffer_queue_test.cc:36] 2 start
I0000 00:00:1791067904.780313   14384 state_buffer_queue_test.cc:39] 2 allocate
I0000 00:00:1791067904.780318   14384 state_buffer_queue_test.cc:41] 2 done_write
I0000 00:00:1791067904.780325   14384 state_buffer_queue_test.cc:36] 3 start
I0000 00:00:1791067904.780331   14384 state_buffer_queue_test.cc:39] 3 allocate
I0000 00:00:1791067904.780337   14384 state_buffer_queue_test.cc:41] 3 done_write
I0000 00:00:1791067904.780343   14384 state_buffer_queue_test.cc:36] 4 start
I0000 00:00:1791067904.780349   14384 state_buffer_queue_test.cc:39] 4 allocate
I0000 00:00:1791067904.780355   14384 state_buffer_queue_test.cc:41] 4 done_write
I0000 00:00:1791067904.780361   14384 state_buffer_queue_test.cc:36] 5 start
I0000 00:00:1791067904.780367   14384 state_buffer_queue_test.cc:39] 5 allocate
I0000 00:00:1791067904.780373   14384 state_buffer_queue_test.cc:41] 5 done_write
I0000 00:00:1791067904.780379   14384 state_buffer_queue_test.cc:36] 6 start
I0000 00:00:1791067904.780385   14384 state_buffer_queue_test.cc:39] 6 allocate
I0000 00:00:1791067904.780391   14384 state_buffer_queue_test.cc:41] 6 done_write
I0000 00:00:1791067904.780397   14384 state_buffer_queue_test.cc:36] 7 start
I0000 00:00:1791067904.780403   14384 state_buffer_queue_test.cc:39] 7 allocate
I0000 00:00:1791067904.780445   14384 state_buffer_queue_test.cc:41] 7 done_write
I0000 00:00:1791067904.780454   14384 state_buffer_queue_test.cc:36] 8 start
I0000 00:00:1791067904.780463   14384 state_buffer_queue_test.cc:39] 8 allocate
I0000 00:00:1791067904.780468   14384 state_buffer_queue_test.cc:41] 8 done_write
I0000 00:00:1791067904.780474   14384 state_buffer_queue_test.cc:36] 9 start
I0000 00:00:1791067904.780481   14384 state_buffer_queue_test.cc:39] 9 allocate
I0000 00:00:1791067904.780486   14384 state_buffer_queue_test.cc:41] 9 done_write
I0000 00:00:1791067904.780492   14384 state_buffer_queue_test.cc:36] 10 start
I0000 00:00:1791067904.780499   14384 state_buffer_queue_test.cc:39] 10 allocate
I0000 00:00:1791067904.780505   14384 state_buffer_queue_test.cc:41] 10 done_write
I0000 00:00:1791067904.780511   14384 state_buffer_queue_test.cc:36] 11 start
I0000 00:00:1791067904.780517   14384 state_buffer_queue_test.cc:39] 11 allocate
I0000 00:00:1791067904.780523   14384 state_buffer_queue_test.cc:41] 11 done_write
I0000 00:00:1791067904.780529   14384 state_buffer_queue_test.cc:36] 12 start
I0000 00:00:1791067904.780535   14384 state_buffer_queue_test.cc:39] 12 allocate
I0000 00:00:1791067904.780541   14384 state_buffer_queue_test.cc:41] 12 done_write
I0000 00:00:1791067904.780546   14384 state_buffer_queue_test.cc:36] 13 start
I0000 00:00:1791067904.780553   14384 state_buffer_queue_test.cc:39] 13 allocate
I0000 00:00:1791067904.780559   14384 state_buffer_queue_test.cc:41] 13 done_write
I0000 00:00:1791067904.780564   14384 state_buffer_queue_test.cc:36] 14 start
I0000 00:00:1791067904.780571   14384 state_buffer_queue_test.cc:39] 14 allocate
I0000 00:00:1791067904.780576   14384 state_buffer_queue_test.cc:41] 14 done_write
I0000 00:00:1791067904.780582   14384 state_buffer_queue_test.cc:36] 15 start
I0000 00:00:1791067904.780589   14384 state_buffer_queue_test.cc:39] 15 allocate
I0000 00:00:1791067904.780595   14384 state_buffer_queue_test.cc:41] 15 done_write
I0000 00:00:1791067904.780600   14384 state_buffer_queue_test.cc:36] 16 start
I0000 00:00:1791067904.780607   14384 state_buffer_queue_test.cc:39] 16 allocate
I0000 00:00:1791067904.780612   14384 state_buffer_queue_test.cc:41] 16 done_write
I0000 00:00:1791067904.780618   14384 state_buffer_queue_test.cc:36] 17 start
I0000 00:00:1791067904.780625   14384 state_buffer_queue_test.cc:39] 17 allocate
I0000 00:00:1791067904.780630   14384 state_buffer_queue_test.cc:41] 17 done_write
I0000 00:00:1791067904.780636   14384 state_buffer_queue_test.cc:36] 18 start
I0000 00:00:1791067904.780643   14384 state_buffer_queue_test.cc:39] 18 allocate
I0000 00:00:1791067904.780648   14384 state_buffer_queue_test.cc:41] 18 done_write
I0000 00:00:1791067904.780654   14384 state_buffer_queue_test.cc:36] 19 start
I0000 00:00:1791067904.780660   14384 state_buffer_queue_test.cc:39] 19 allocate
I0000 00:00:1791067904.780666   14384 state_buffer_queue_test.cc:41] 19 done_write
I0000 00:00:1791067904.780672   14384 state_buffer_queue_test.cc:36] 20 start
I0000 00:00:1791067904.780678   14384 state_buffer_queue_test.cc:39] 20 allocate
I0000 00:00:1791067904.780684   14384 state_buffer_queue_test.cc:41] 20 done_write
I0000 00:00:1791067904.780690   14384 state_buffer_queue_test.cc:36] 21 start
I0000 00:00:1791067904.780697   14384 state_buffer_queue_test.cc:39] 21 allocate
I0000 00:00:1791067904.780702   14384 state_buffer_queue_test.cc:41] 21 done_write
I0000 00:00:1791067904.780708   14384 state_buffer_queue_test.cc:36] 22 start
I0000 00:00:1791067904.780715   14384 state_buffer_queue_test.cc:39] 22 allocate
I0000 00:00:1791067904.780720   14384 state_buffer_queue_test.cc:41] 22 done_write
I0000 00:00:1791067904.780726   14384 state_buffer_queue_test.cc:36] 23 start
I0000 00:00:1791067904.780732   14384 state_buffer_queue_test.cc:39] 23 allocate
I0000 00:00:1791067904.780738   14384 state_buffer_queue_test.cc:41] 23 done_write
I0000 00:00:1791067904.780744   14384 state_buffer_queue_test.cc:36] 24 start
I0000 00:00:1791067904.780750   14384 state_buffer_queue_test.cc:39] 24 allocate
I0000 00:00:1791067904.780758   14384 state_buffer_queue_test.cc:41] 24 done_write
I0000 00:00:1791067904.780764   14384 state_buffer_queue_test.cc:36] 25 start
I0000 00:00:1791067904.780771   14384 state_buffer_queue_test.cc:39] 25 allocate
I0000 00:00:1791067904.780776   14384 state_buffer_queue_test.cc:41] 25 done_write
I0000 00:00:1791067904.780782   14384 state_buffer_queue_test.cc:36] 26 start
I0000 00:00:1791067904.780789   14384 state_buffer_queue_test.cc:39] 26 allocate
I0000 00:00:1791067904.780794   14384 state_buffer_queue_test.cc:41] 26 done_write
I0000 00:00:1791067904.780800   14384 state_buffer_queue_test.cc:36] 27 start
I0000 00:00:1791067904.780806   14384 state_buffer_queue_test.cc:39] 27 allocate
I0000 00:00:1791067904.780812   14384 state_buffer_queue_test.cc:41] 27 done_write
I0000 00:00:1791067904.780818   14384 state_buffer_queue_test.cc:36] 28 start
I0000 00:00:1791067904.780824   14384 state_buffer_queue_test.cc:39] 28 allocate
I0000 00:00:1791067904.780830   14384 state_buffer_queue_test.cc:41] 28 done_write
I0000 00:00:1791067904.780836   14384 state_buffer_queue_test.cc:36] 29 start
I0000 00:00:1791067904.780842   14384 state_buffer_queue_test.cc:39] 29 allocate
I0000 00:00:1791067904.780848   14384 state_buffer_queue_test.cc:41] 29 done_write
I0000 00:00:1791067904.780854   14384 state_buffer_queue_test.cc:36] 30 start
I0000 00:00:1791067904.780860   14384 state_buffer_queue_test.cc:39] 30 allocate
I0000 00:00:1791067904.780866   14384 state_buffer_queue_test.cc:41] 30 done_write
I0000 00:00:1791067904.780872   14384 state_buffer_queue_test.cc:36] 31 start
I0000 00:00:1791067904.780878   14384 state_buffer_queue_test.cc:39] 31 allocate
I0000 00:00:1791067904.780884   14384 state_buffer_queue_test.cc:41] 31 done_write
I0000 00:00:1791067904.780905   14384 state_buffer_queue_test.cc:47] finish wait
[       OK ] StateBufferQueueTest.Basic (1 ms)
[ RUN      ] StateBufferQueueTest.SinglePlayerSync
[       OK ] StateBufferQueueTest.SinglePlayerSync (103 ms)
[ RUN      ] StateBufferQueueTest.NumPlayers
[       OK ] StateBufferQueueTest.NumPlayers (0 ms)
[ RUN      ] StateBufferQueueTest.MultipleTimes
[       OK ] StateBufferQueueTest.MultipleTimes (579 ms)
[ RUN      ] StateBufferQueueTest.ConcurrentSinglePlayer
[       OK ] StateBufferQueueTest.ConcurrentSinglePlayer (4412 ms)
[ RUN      ] StateBufferQueueTest.ConcurrentMultiPlayer
[       OK ] StateBufferQueueTest.ConcurrentMultiPlayer (5347 ms)
[----------] 6 tests from StateBufferQueueTest (10445 ms total)

[----------] 9 tests from StateBufferTest
[ RUN      ] StateBufferTest.Basic
[       OK ] StateBufferTest.Basic (0 ms)
[ RUN      ] StateBufferTest.SinglePlayerSync
[       OK ] StateBufferTest.SinglePlayerSync (0 ms)
[ RUN      ] StateBufferTest.Truncate
[       OK ] StateBufferTest.Truncate (0 ms)
[ RUN      ] StateBufferTest.MultiPlayers
[       OK ] StateBufferTest.MultiPlayers (0 ms)
[ RUN      ] StateBufferTest.PartialSyncShuffledOutputsSurviveBufferDestruction
[       OK ] StateBufferTest.PartialSyncShuffledOutputsSurviveBufferDestruction (0 ms)
[ RUN      ] StateBufferTest.PartialMultiPlayerOutputsIncludeZeroPlayerEnvironments
[       OK ] StateBufferTest.PartialMultiPlayerOutputsIncludeZeroPlayerEnvironments (0 ms)
[ RUN      ] StateBufferTest.NoPlayersReturnsEmptyPlayerShapesAndSharedData
[       OK ] StateBufferTest.NoPlayersReturnsEmptyPlayerShapesAndSharedData (0 ms)
[ RUN      ] StateBufferTest.PartialWaitRequiresEveryAllocatedWriterToComplete
[       OK ] StateBufferTest.PartialWaitRequiresEveryAllocatedWriterToComplete (20 ms)
[ RUN      ] StateBufferTest.CompletionAllowsImmediateDestruction
[       OK ] StateBufferTest.CompletionAllowsImmediateDestruction (103 ms)
[----------] 9 tests from StateBufferTest (124 ms total)

[----------] 9 tests from DummyEnvPoolTest
[ RUN      ] DummyEnvPoolTest.TimingAccumulatorsStartAtZero
[       OK ] DummyEnvPoolTest.TimingAccumulatorsStartAtZero (1 ms)
[ RUN      ] DummyEnvPoolTest.DiscountMatchesDoneForEveryPlayer
[       OK ] DummyEnvPoolTest.DiscountMatchesDoneForEveryPlayer (1 ms)
[ RUN      ] DummyEnvPoolTest.ShutdownIdleWorkers
[       OK ] DummyEnvPoolTest.ShutdownIdleWorkers (131 ms)
[ RUN      ] DummyEnvPoolTest.ShutdownWithPendingReset
[       OK ] DummyEnvPoolTest.ShutdownWithPendingReset (144 ms)
[ RUN      ] DummyEnvPoolTest.ShutdownJoinsInFlightResetBeforeDestroyingEnvironment
[       OK ] DummyEnvPoolTest.ShutdownJoinsInFlightResetBeforeDestroyingEnvironment (51 ms)
[ RUN      ] DummyEnvPoolTest.SplitZeroAction
[       OK ] DummyEnvPoolTest.SplitZeroAction (2 ms)
[ RUN      ] DummyEnvPoolTest.SmokeSynchronousSinglePlayer
I0000 00:00:1791067915.685013   14384 dummy_envpool_test.cc:332] 1 1 3 32 1 1
I0000 00:00:1791067915.687622   14384 dummy_envpool_test.cc:435] time(s): 0.00181725, FPS: 17609.1
[       OK ] DummyEnvPoolTest.SmokeSynchronousSinglePlayer (3 ms)
[ RUN      ] DummyEnvPoolTest.SmokeAsynchronousSinglePlayer
I0000 00:00:1791067915.688053   14384 dummy_envpool_test.cc:332] 8 4 3 64 2 1
I0000 00:00:1791067915.695341   14384 dummy_envpool_test.cc:435] time(s): 0.00481916, FPS: 53121.3
[       OK ] DummyEnvPoolTest.SmokeAsynchronousSinglePlayer (7 ms)
[ RUN      ] DummyEnvPoolTest.SmokeAsynchronousMultiPlayer
I0000 00:00:1791067915.695948   14384 dummy_envpool_test.cc:332] 8 4 3 64 2 4
I0000 00:00:1791067915.701905   14384 dummy_envpool_test.cc:435] time(s): 0.00379491, FPS: 67458.7
[       OK ] DummyEnvPoolTest.SmokeAsynchronousMultiPlayer (6 ms)
[----------] 9 tests from DummyEnvPoolTest (352 ms total)

[==========] 62 tests from 9 test suites ran. (11583 ms total)
[  PASSED  ] 62 tests.

Repeating all tests (iteration 2) . . .

Note: Google Test filter = *-DummyEnvPoolTest.SinglePlayer:DummyEnvPoolTest.MultiPlayers
[==========] Running 62 tests from 9 test suites.
[----------] 12 tests from ActionBufferQueueTest
[ RUN      ] ActionBufferQueueTest.ShutdownWakesEmptyQueueWithoutAdvancingCursors
[       OK ] ActionBufferQueueTest.ShutdownWakesEmptyQueueWithoutAdvancingCursors (1 ms)
[ RUN      ] ActionBufferQueueTest.ShutdownWakePreservesPendingAction
[       OK ] ActionBufferQueueTest.ShutdownWakePreservesPendingAction (0 ms)
[ RUN      ] ActionBufferQueueTest.StopAwareDequeuePreservesActiveDelivery
[       OK ] ActionBufferQueueTest.StopAwareDequeuePreservesActiveDelivery (0 ms)
[ RUN      ] ActionBufferQueueTest.SmallRingWraparoundPreservesPayloadsAndCounters
[       OK ] ActionBufferQueueTest.SmallRingWraparoundPreservesPayloadsAndCounters (5 ms)
[ RUN      ] ActionBufferQueueTest.BoundedMultipleProducersAndConsumersExactlyOnce
[       OK ] ActionBufferQueueTest.BoundedMultipleProducersAndConsumersExactlyOnce (77 ms)
[ RUN      ] ActionBufferQueueTest.DelayedConsumerKeepsPayloadAcrossRingReuse
[       OK ] ActionBufferQueueTest.DelayedConsumerKeepsPayloadAcrossRingReuse (1 ms)
[ RUN      ] ActionBufferQueueTest.ConcurrentProducerBulksRemainContiguous
[       OK ] ActionBufferQueueTest.ConcurrentProducerBulksRemainContiguous (67 ms)
[ RUN      ] ActionBufferQueueTest.Concurrent
[       OK ] ActionBufferQueueTest.Concurrent (316 ms)
[ RUN      ] ActionBufferQueueTest.BulkWrapPreservesOrderWithNonPowerOfTwoCapacity
[       OK ] ActionBufferQueueTest.BulkWrapPreservesOrderWithNonPowerOfTwoCapacity (0 ms)
[ RUN      ] ActionBufferQueueTest.ConcurrentConsumersPreserveEveryWrappedAction
[       OK ] ActionBufferQueueTest.ConcurrentConsumersPreserveEveryWrappedAction (7 ms)
[ RUN      ] ActionBufferQueueTest.BulkWrapMatchesUnsignedCounterRollover
[       OK ] ActionBufferQueueTest.BulkWrapMatchesUnsignedCounterRollover (0 ms)
[ RUN      ] ActionBufferQueueTest.EmptyBulkIsSafeWithZeroCapacity
[       OK ] ActionBufferQueueTest.EmptyBulkIsSafeWithZeroCapacity (0 ms)
[----------] 12 tests from ActionBufferQueueTest (477 ms total)

[----------] 8 tests from ArrayTest
[ RUN      ] ArrayTest.ViewsPreserveHighDimensionalShapesAndData
[       OK ] ArrayTest.ViewsPreserveHighDimensionalShapesAndData (0 ms)
[ RUN      ] ArrayTest.TruncateAndSharedPtrKeepOwnedStorageAlive
[       OK ] ArrayTest.TruncateAndSharedPtrKeepOwnedStorageAlive (0 ms)
[ RUN      ] ArrayTest.SharedPtrPreservesNonOwningDataPointer
[       OK ] ArrayTest.SharedPtrPreservesNonOwningDataPointer (0 ms)
[ RUN      ] ArrayTest.ViewsDoNotExtendBackingStorageLifetime
[       OK ] ArrayTest.ViewsDoNotExtendBackingStorageLifetime (0 ms)
[ RUN      ] ArrayTest.TypedTruncateSharesData
[       OK ] ArrayTest.TypedTruncateSharesData (0 ms)
[ RUN      ] ArrayTest.TruncateInPlacePreservesHighDimensionalShapeAndData
[       OK ] ArrayTest.TruncateInPlacePreservesHighDimensionalShapeAndData (0 ms)
[ RUN      ] ArrayTest.TruncateInPlaceHandlesEmptyDimensions
[       OK ] ArrayTest.TruncateInPlaceHandlesEmptyDimensions (0 ms)
[ RUN      ] ArrayTest.TruncateInPlaceRetainsSharedOwnershipAndCustomDeleter
[       OK ] ArrayTest.TruncateInPlaceRetainsSharedOwnershipAndCustomDeleter (0 ms)
[----------] 8 tests from ArrayTest (0 ms total)

[----------] 1 test from CircularBufferTest
[ RUN      ] CircularBufferTest.Basic
[       OK ] CircularBufferTest.Basic (52 ms)
[----------] 1 test from CircularBufferTest (52 ms total)

[----------] 9 tests from ContainerOutputTest
[ RUN      ] ContainerOutputTest.QueuedOutputReclaimedOnPoolDestruction
[       OK ] ContainerOutputTest.QueuedOutputReclaimedOnPoolDestruction (3 ms)
[ RUN      ] ContainerOutputTest.ReceivedOutputLivesUntilLastArrayOwner
[       OK ] ContainerOutputTest.ReceivedOutputLivesUntilLastArrayOwner (1 ms)
[ RUN      ] ContainerOutputTest.ExtractedPayloadOwnsItsStorage
[       OK ] ContainerOutputTest.ExtractedPayloadOwnsItsStorage (0 ms)
[ RUN      ] ContainerOutputTest.TruncateReclaimsOriginalCapacity
[       OK ] ContainerOutputTest.TruncateReclaimsOriginalCapacity (0 ms)
[ RUN      ] ContainerOutputTest.LastStrongOwnerReclaimsWithWeakObserverRetained
[       OK ] ContainerOutputTest.LastStrongOwnerReclaimsWithWeakObserverRetained (0 ms)
[ RUN      ] ContainerOutputTest.MixedShapePartialBatchRetainsReturnedPayloads
[       OK ] ContainerOutputTest.MixedShapePartialBatchRetainsReturnedPayloads (0 ms)
[ RUN      ] ContainerOutputTest.MixedShapePartialBatchReclaimsUnconsumedPayloads
[       OK ] ContainerOutputTest.MixedShapePartialBatchReclaimsUnconsumedPayloads (0 ms)
[ RUN      ] ContainerOutputTest.StockReplacementPreservesTypedRecipe
[       OK ] ContainerOutputTest.StockReplacementPreservesTypedRecipe (0 ms)
[ RUN      ] ContainerOutputTest.FallbackReplacementPreservesTypedRecipe
[       OK ] ContainerOutputTest.FallbackReplacementPreservesTypedRecipe (0 ms)
[----------] 9 tests from ContainerOutputTest (7 ms total)

[----------] 4 tests from DictTest
[ RUN      ] DictTest.Keys
[       OK ] DictTest.Keys (0 ms)
[ RUN      ] DictTest.Values
[       OK ] DictTest.Values (0 ms)
[ RUN      ] DictTest.Lookup
[       OK ] DictTest.Lookup (0 ms)
[ RUN      ] DictTest.Modification
[       OK ] DictTest.Modification (0 ms)
[----------] 4 tests from DictTest (0 ms total)

[----------] 4 tests from EnvDiscountTest
[ RUN      ] EnvDiscountTest.SinglePlayerDiscountMatchesDone
[       OK ] EnvDiscountTest.SinglePlayerDiscountMatchesDone (0 ms)
[ RUN      ] EnvDiscountTest.NonterminalDiscountIncludesEveryPlayer
[       OK ] EnvDiscountTest.NonterminalDiscountIncludesEveryPlayer (0 ms)
[ RUN      ] EnvDiscountTest.TerminalDiscountIncludesEveryPlayer
[       OK ] EnvDiscountTest.TerminalDiscountIncludesEveryPlayer (0 ms)
[ RUN      ] EnvDiscountTest.ZeroPlayersDoNotOverwriteNextEnvironment
[       OK ] EnvDiscountTest.ZeroPlayersDoNotOverwriteNextEnvironment (0 ms)
[----------] 4 tests from EnvDiscountTest (2 ms total)

[----------] 6 tests from StateBufferQueueTest
[ RUN      ] StateBufferQueueTest.Basic
I0000 00:00:1791067916.249702   14384 state_buffer_queue_test.cc:36] 0 start
I0000 00:00:1791067916.249813   14384 state_buffer_queue_test.cc:39] 0 allocate
I0000 00:00:1791067916.249825   14384 state_buffer_queue_test.cc:41] 0 done_write
I0000 00:00:1791067916.249833   14384 state_buffer_queue_test.cc:36] 1 start
I0000 00:00:1791067916.249843   14384 state_buffer_queue_test.cc:39] 1 allocate
I0000 00:00:1791067916.249849   14384 state_buffer_queue_test.cc:41] 1 done_write
I0000 00:00:1791067916.249855   14384 state_buffer_queue_test.cc:36] 2 start
I0000 00:00:1791067916.249869   14384 state_buffer_queue_test.cc:39] 2 allocate
I0000 00:00:1791067916.249875   14384 state_buffer_queue_test.cc:41] 2 done_write
I0000 00:00:1791067916.249881   14384 state_buffer_queue_test.cc:36] 3 start
I0000 00:00:1791067916.249888   14384 state_buffer_queue_test.cc:39] 3 allocate
I0000 00:00:1791067916.249893   14384 state_buffer_queue_test.cc:41] 3 done_write
I0000 00:00:1791067916.249899   14384 state_buffer_queue_test.cc:36] 4 start
I0000 00:00:1791067916.249906   14384 state_buffer_queue_test.cc:39] 4 allocate
I0000 00:00:1791067916.249911   14384 state_buffer_queue_test.cc:41] 4 done_write
I0000 00:00:1791067916.249917   14384 state_buffer_queue_test.cc:36] 5 start
I0000 00:00:1791067916.249923   14384 state_buffer_queue_test.cc:39] 5 allocate
I0000 00:00:1791067916.249929   14384 state_buffer_queue_test.cc:41] 5 done_write
I0000 00:00:1791067916.249934   14384 state_buffer_queue_test.cc:36] 6 start
I0000 00:00:1791067916.249941   14384 state_buffer_queue_test.cc:39] 6 allocate
I0000 00:00:1791067916.249946   14384 state_buffer_queue_test.cc:41] 6 done_write
I0000 00:00:1791067916.249952   14384 state_buffer_queue_test.cc:36] 7 start
I0000 00:00:1791067916.249958   14384 state_buffer_queue_test.cc:39] 7 allocate
I0000 00:00:1791067916.249963   14384 state_buffer_queue_test.cc:41] 7 done_write
I0000 00:00:1791067916.249969   14384 state_buffer_queue_test.cc:36] 8 start
I0000 00:00:1791067916.249975   14384 state_buffer_queue_test.cc:39] 8 allocate
I0000 00:00:1791067916.249981   14384 state_buffer_queue_test.cc:41] 8 done_write
I0000 00:00:1791067916.249987   14384 state_buffer_queue_test.cc:36] 9 start
I0000 00:00:1791067916.249993   14384 state_buffer_queue_test.cc:39] 9 allocate
I0000 00:00:1791067916.249998   14384 state_buffer_queue_test.cc:41] 9 done_write
I0000 00:00:1791067916.250004   14384 state_buffer_queue_test.cc:36] 10 start
I0000 00:00:1791067916.250010   14384 state_buffer_queue_test.cc:39] 10 allocate
I0000 00:00:1791067916.250016   14384 state_buffer_queue_test.cc:41] 10 done_write
I0000 00:00:1791067916.250022   14384 state_buffer_queue_test.cc:36] 11 start
I0000 00:00:1791067916.250028   14384 state_buffer_queue_test.cc:39] 11 allocate
I0000 00:00:1791067916.250034   14384 state_buffer_queue_test.cc:41] 11 done_write
I0000 00:00:1791067916.250039   14384 state_buffer_queue_test.cc:36] 12 start
I0000 00:00:1791067916.250046   14384 state_buffer_queue_test.cc:39] 12 allocate
I0000 00:00:1791067916.250051   14384 state_buffer_queue_test.cc:41] 12 done_write
I0000 00:00:1791067916.250057   14384 state_buffer_queue_test.cc:36] 13 start
I0000 00:00:1791067916.250063   14384 state_buffer_queue_test.cc:39] 13 allocate
I0000 00:00:1791067916.250068   14384 state_buffer_queue_test.cc:41] 13 done_write
I0000 00:00:1791067916.250074   14384 state_buffer_queue_test.cc:36] 14 start
I0000 00:00:1791067916.250081   14384 state_buffer_queue_test.cc:39] 14 allocate
I0000 00:00:1791067916.250086   14384 state_buffer_queue_test.cc:41] 14 done_write
I0000 00:00:1791067916.250092   14384 state_buffer_queue_test.cc:36] 15 start
I0000 00:00:1791067916.250098   14384 state_buffer_queue_test.cc:39] 15 allocate
I0000 00:00:1791067916.250104   14384 state_buffer_queue_test.cc:41] 15 done_write
I0000 00:00:1791067916.250110   14384 state_buffer_queue_test.cc:36] 16 start
I0000 00:00:1791067916.250116   14384 state_buffer_queue_test.cc:39] 16 allocate
I0000 00:00:1791067916.250121   14384 state_buffer_queue_test.cc:41] 16 done_write
I0000 00:00:1791067916.250127   14384 state_buffer_queue_test.cc:36] 17 start
I0000 00:00:1791067916.250134   14384 state_buffer_queue_test.cc:39] 17 allocate
I0000 00:00:1791067916.250139   14384 state_buffer_queue_test.cc:41] 17 done_write
I0000 00:00:1791067916.250145   14384 state_buffer_queue_test.cc:36] 18 start
I0000 00:00:1791067916.250151   14384 state_buffer_queue_test.cc:39] 18 allocate
I0000 00:00:1791067916.250156   14384 state_buffer_queue_test.cc:41] 18 done_write
I0000 00:00:1791067916.250162   14384 state_buffer_queue_test.cc:36] 19 start
I0000 00:00:1791067916.250170   14384 state_buffer_queue_test.cc:39] 19 allocate
I0000 00:00:1791067916.250175   14384 state_buffer_queue_test.cc:41] 19 done_write
I0000 00:00:1791067916.250181   14384 state_buffer_queue_test.cc:36] 20 start
I0000 00:00:1791067916.250187   14384 state_buffer_queue_test.cc:39] 20 allocate
I0000 00:00:1791067916.250193   14384 state_buffer_queue_test.cc:41] 20 done_write
I0000 00:00:1791067916.250198   14384 state_buffer_queue_test.cc:36] 21 start
I0000 00:00:1791067916.250205   14384 state_buffer_queue_test.cc:39] 21 allocate
I0000 00:00:1791067916.250210   14384 state_buffer_queue_test.cc:41] 21 done_write
I0000 00:00:1791067916.250216   14384 state_buffer_queue_test.cc:36] 22 start
I0000 00:00:1791067916.250222   14384 state_buffer_queue_test.cc:39] 22 allocate
I0000 00:00:1791067916.250227   14384 state_buffer_queue_test.cc:41] 22 done_write
I0000 00:00:1791067916.250233   14384 state_buffer_queue_test.cc:36] 23 start
I0000 00:00:1791067916.250239   14384 state_buffer_queue_test.cc:39] 23 allocate
I0000 00:00:1791067916.250245   14384 state_buffer_queue_test.cc:41] 23 done_write
I0000 00:00:1791067916.250250   14384 state_buffer_queue_test.cc:36] 24 start
I0000 00:00:1791067916.250257   14384 state_buffer_queue_test.cc:39] 24 allocate
I0000 00:00:1791067916.250262   14384 state_buffer_queue_test.cc:41] 24 done_write
I0000 00:00:1791067916.250268   14384 state_buffer_queue_test.cc:36] 25 start
I0000 00:00:1791067916.250274   14384 state_buffer_queue_test.cc:39] 25 allocate
I0000 00:00:1791067916.250280   14384 state_buffer_queue_test.cc:41] 25 done_write
I0000 00:00:1791067916.250286   14384 state_buffer_queue_test.cc:36] 26 start
I0000 00:00:1791067916.250292   14384 state_buffer_queue_test.cc:39] 26 allocate
I0000 00:00:1791067916.250297   14384 state_buffer_queue_test.cc:41] 26 done_write
I0000 00:00:1791067916.250303   14384 state_buffer_queue_test.cc:36] 27 start
I0000 00:00:1791067916.250309   14384 state_buffer_queue_test.cc:39] 27 allocate
I0000 00:00:1791067916.250315   14384 state_buffer_queue_test.cc:41] 27 done_write
I0000 00:00:1791067916.250320   14384 state_buffer_queue_test.cc:36] 28 start
I0000 00:00:1791067916.250327   14384 state_buffer_queue_test.cc:39] 28 allocate
I0000 00:00:1791067916.250332   14384 state_buffer_queue_test.cc:41] 28 done_write
I0000 00:00:1791067916.250338   14384 state_buffer_queue_test.cc:36] 29 start
I0000 00:00:1791067916.250344   14384 state_buffer_queue_test.cc:39] 29 allocate
I0000 00:00:1791067916.250349   14384 state_buffer_queue_test.cc:41] 29 done_write
I0000 00:00:1791067916.250355   14384 state_buffer_queue_test.cc:36] 30 start
I0000 00:00:1791067916.250362   14384 state_buffer_queue_test.cc:39] 30 allocate
I0000 00:00:1791067916.250367   14384 state_buffer_queue_test.cc:41] 30 done_write
I0000 00:00:1791067916.250373   14384 state_buffer_queue_test.cc:36] 31 start
I0000 00:00:1791067916.250379   14384 state_buffer_queue_test.cc:39] 31 allocate
I0000 00:00:1791067916.250385   14384 state_buffer_queue_test.cc:41] 31 done_write
I0000 00:00:1791067916.250404   14384 state_buffer_queue_test.cc:47] finish wait
[       OK ] StateBufferQueueTest.Basic (1 ms)
[ RUN      ] StateBufferQueueTest.SinglePlayerSync
[       OK ] StateBufferQueueTest.SinglePlayerSync (107 ms)
[ RUN      ] StateBufferQueueTest.NumPlayers
[       OK ] StateBufferQueueTest.NumPlayers (0 ms)
[ RUN      ] StateBufferQueueTest.MultipleTimes
[       OK ] StateBufferQueueTest.MultipleTimes (574 ms)
[ RUN      ] StateBufferQueueTest.ConcurrentSinglePlayer
[       OK ] StateBufferQueueTest.ConcurrentSinglePlayer (4687 ms)
[ RUN      ] StateBufferQueueTest.ConcurrentMultiPlayer
[       OK ] StateBufferQueueTest.ConcurrentMultiPlayer (5218 ms)
[----------] 6 tests from StateBufferQueueTest (10590 ms total)

[----------] 9 tests from StateBufferTest
[ RUN      ] StateBufferTest.Basic
[       OK ] StateBufferTest.Basic (0 ms)
[ RUN      ] StateBufferTest.SinglePlayerSync
[       OK ] StateBufferTest.SinglePlayerSync (0 ms)
[ RUN      ] StateBufferTest.Truncate
[       OK ] StateBufferTest.Truncate (0 ms)
[ RUN      ] StateBufferTest.MultiPlayers
[       OK ] StateBufferTest.MultiPlayers (0 ms)
[ RUN      ] StateBufferTest.PartialSyncShuffledOutputsSurviveBufferDestruction
[       OK ] StateBufferTest.PartialSyncShuffledOutputsSurviveBufferDestruction (0 ms)
[ RUN      ] StateBufferTest.PartialMultiPlayerOutputsIncludeZeroPlayerEnvironments
[       OK ] StateBufferTest.PartialMultiPlayerOutputsIncludeZeroPlayerEnvironments (0 ms)
[ RUN      ] StateBufferTest.NoPlayersReturnsEmptyPlayerShapesAndSharedData
[       OK ] StateBufferTest.NoPlayersReturnsEmptyPlayerShapesAndSharedData (0 ms)
[ RUN      ] StateBufferTest.PartialWaitRequiresEveryAllocatedWriterToComplete
[       OK ] StateBufferTest.PartialWaitRequiresEveryAllocatedWriterToComplete (20 ms)
[ RUN      ] StateBufferTest.CompletionAllowsImmediateDestruction
[       OK ] StateBufferTest.CompletionAllowsImmediateDestruction (110 ms)
[----------] 9 tests from StateBufferTest (131 ms total)

[----------] 9 tests from DummyEnvPoolTest
[ RUN      ] DummyEnvPoolTest.TimingAccumulatorsStartAtZero
[       OK ] DummyEnvPoolTest.TimingAccumulatorsStartAtZero (1 ms)
[ RUN      ] DummyEnvPoolTest.DiscountMatchesDoneForEveryPlayer
[       OK ] DummyEnvPoolTest.DiscountMatchesDoneForEveryPlayer (1 ms)
[ RUN      ] DummyEnvPoolTest.ShutdownIdleWorkers
[       OK ] DummyEnvPoolTest.ShutdownIdleWorkers (130 ms)
[ RUN      ] DummyEnvPoolTest.ShutdownWithPendingReset
[       OK ] DummyEnvPoolTest.ShutdownWithPendingReset (143 ms)
[ RUN      ] DummyEnvPoolTest.ShutdownJoinsInFlightResetBeforeDestroyingEnvironment
[       OK ] DummyEnvPoolTest.ShutdownJoinsInFlightResetBeforeDestroyingEnvironment (51 ms)
[ RUN      ] DummyEnvPoolTest.SplitZeroAction
[       OK ] DummyEnvPoolTest.SplitZeroAction (3 ms)
[ RUN      ] DummyEnvPoolTest.SmokeSynchronousSinglePlayer
I0000 00:00:1791067927.303876   14384 dummy_envpool_test.cc:332] 1 1 3 32 1 1
I0000 00:00:1791067927.307001   14384 dummy_envpool_test.cc:435] time(s): 0.00219758, FPS: 14561.5
[       OK ] DummyEnvPoolTest.SmokeSynchronousSinglePlayer (3 ms)
[ RUN      ] DummyEnvPoolTest.SmokeAsynchronousSinglePlayer
I0000 00:00:1791067927.307529   14384 dummy_envpool_test.cc:332] 8 4 3 64 2 1
I0000 00:00:1791067927.315041   14384 dummy_envpool_test.cc:435] time(s): 0.00484637, FPS: 52823.1
[       OK ] DummyEnvPoolTest.SmokeAsynchronousSinglePlayer (8 ms)
[ RUN      ] DummyEnvPoolTest.SmokeAsynchronousMultiPlayer
I0000 00:00:1791067927.315699   14384 dummy_envpool_test.cc:332] 8 4 3 64 2 4
I0000 00:00:1791067927.322976   14384 dummy_envpool_test.cc:435] time(s): 0.00464096, FPS: 55161
[       OK ] DummyEnvPoolTest.SmokeAsynchronousMultiPlayer (8 ms)
[----------] 9 tests from DummyEnvPoolTest (352 ms total)

[==========] 62 tests from 9 test suites ran. (11615 ms total)
[  PASSED  ] 62 tests.

Repeating all tests (iteration 3) . . .

Note: Google Test filter = *-DummyEnvPoolTest.SinglePlayer:DummyEnvPoolTest.MultiPlayers
[==========] Running 62 tests from 9 test suites.
[----------] 12 tests from ActionBufferQueueTest
[ RUN      ] ActionBufferQueueTest.ShutdownWakesEmptyQueueWithoutAdvancingCursors
[       OK ] ActionBufferQueueTest.ShutdownWakesEmptyQueueWithoutAdvancingCursors (1 ms)
[ RUN      ] ActionBufferQueueTest.ShutdownWakePreservesPendingAction
[       OK ] ActionBufferQueueTest.ShutdownWakePreservesPendingAction (1 ms)
[ RUN      ] ActionBufferQueueTest.StopAwareDequeuePreservesActiveDelivery
[       OK ] ActionBufferQueueTest.StopAwareDequeuePreservesActiveDelivery (0 ms)
[ RUN      ] ActionBufferQueueTest.SmallRingWraparoundPreservesPayloadsAndCounters
[       OK ] ActionBufferQueueTest.SmallRingWraparoundPreservesPayloadsAndCounters (5 ms)
[ RUN      ] ActionBufferQueueTest.BoundedMultipleProducersAndConsumersExactlyOnce
[       OK ] ActionBufferQueueTest.BoundedMultipleProducersAndConsumersExactlyOnce (97 ms)
[ RUN      ] ActionBufferQueueTest.DelayedConsumerKeepsPayloadAcrossRingReuse
[       OK ] ActionBufferQueueTest.DelayedConsumerKeepsPayloadAcrossRingReuse (1 ms)
[ RUN      ] ActionBufferQueueTest.ConcurrentProducerBulksRemainContiguous
[       OK ] ActionBufferQueueTest.ConcurrentProducerBulksRemainContiguous (68 ms)
[ RUN      ] ActionBufferQueueTest.Concurrent
[       OK ] ActionBufferQueueTest.Concurrent (314 ms)
[ RUN      ] ActionBufferQueueTest.BulkWrapPreservesOrderWithNonPowerOfTwoCapacity
[       OK ] ActionBufferQueueTest.BulkWrapPreservesOrderWithNonPowerOfTwoCapacity (0 ms)
[ RUN      ] ActionBufferQueueTest.ConcurrentConsumersPreserveEveryWrappedAction
[       OK ] ActionBufferQueueTest.ConcurrentConsumersPreserveEveryWrappedAction (7 ms)
[ RUN      ] ActionBufferQueueTest.BulkWrapMatchesUnsignedCounterRollover
[       OK ] ActionBufferQueueTest.BulkWrapMatchesUnsignedCounterRollover (0 ms)
[ RUN      ] ActionBufferQueueTest.EmptyBulkIsSafeWithZeroCapacity
[       OK ] ActionBufferQueueTest.EmptyBulkIsSafeWithZeroCapacity (0 ms)
[----------] 12 tests from ActionBufferQueueTest (498 ms total)

[----------] 8 tests from ArrayTest
[ RUN      ] ArrayTest.ViewsPreserveHighDimensionalShapesAndData
[       OK ] ArrayTest.ViewsPreserveHighDimensionalShapesAndData (0 ms)
[ RUN      ] ArrayTest.TruncateAndSharedPtrKeepOwnedStorageAlive
[       OK ] ArrayTest.TruncateAndSharedPtrKeepOwnedStorageAlive (0 ms)
[ RUN      ] ArrayTest.SharedPtrPreservesNonOwningDataPointer
[       OK ] ArrayTest.SharedPtrPreservesNonOwningDataPointer (0 ms)
[ RUN      ] ArrayTest.ViewsDoNotExtendBackingStorageLifetime
[       OK ] ArrayTest.ViewsDoNotExtendBackingStorageLifetime (0 ms)
[ RUN      ] ArrayTest.TypedTruncateSharesData
[       OK ] ArrayTest.TypedTruncateSharesData (0 ms)
[ RUN      ] ArrayTest.TruncateInPlacePreservesHighDimensionalShapeAndData
[       OK ] ArrayTest.TruncateInPlacePreservesHighDimensionalShapeAndData (0 ms)
[ RUN      ] ArrayTest.TruncateInPlaceHandlesEmptyDimensions
[       OK ] ArrayTest.TruncateInPlaceHandlesEmptyDimensions (0 ms)
[ RUN      ] ArrayTest.TruncateInPlaceRetainsSharedOwnershipAndCustomDeleter
[       OK ] ArrayTest.TruncateInPlaceRetainsSharedOwnershipAndCustomDeleter (0 ms)
[----------] 8 tests from ArrayTest (0 ms total)

[----------] 1 test from CircularBufferTest
[ RUN      ] CircularBufferTest.Basic
[       OK ] CircularBufferTest.Basic (54 ms)
[----------] 1 test from CircularBufferTest (54 ms total)

[----------] 9 tests from ContainerOutputTest
[ RUN      ] ContainerOutputTest.QueuedOutputReclaimedOnPoolDestruction
[       OK ] ContainerOutputTest.QueuedOutputReclaimedOnPoolDestruction (3 ms)
[ RUN      ] ContainerOutputTest.ReceivedOutputLivesUntilLastArrayOwner
[       OK ] ContainerOutputTest.ReceivedOutputLivesUntilLastArrayOwner (0 ms)
[ RUN      ] ContainerOutputTest.ExtractedPayloadOwnsItsStorage
[       OK ] ContainerOutputTest.ExtractedPayloadOwnsItsStorage (0 ms)
[ RUN      ] ContainerOutputTest.TruncateReclaimsOriginalCapacity
[       OK ] ContainerOutputTest.TruncateReclaimsOriginalCapacity (0 ms)
[ RUN      ] ContainerOutputTest.LastStrongOwnerReclaimsWithWeakObserverRetained
[       OK ] ContainerOutputTest.LastStrongOwnerReclaimsWithWeakObserverRetained (0 ms)
[ RUN      ] ContainerOutputTest.MixedShapePartialBatchRetainsReturnedPayloads
[       OK ] ContainerOutputTest.MixedShapePartialBatchRetainsReturnedPayloads (0 ms)
[ RUN      ] ContainerOutputTest.MixedShapePartialBatchReclaimsUnconsumedPayloads
[       OK ] ContainerOutputTest.MixedShapePartialBatchReclaimsUnconsumedPayloads (0 ms)
[ RUN      ] ContainerOutputTest.StockReplacementPreservesTypedRecipe
[       OK ] ContainerOutputTest.StockReplacementPreservesTypedRecipe (0 ms)
[ RUN      ] ContainerOutputTest.FallbackReplacementPreservesTypedRecipe
[       OK ] ContainerOutputTest.FallbackReplacementPreservesTypedRecipe (0 ms)
[----------] 9 tests from ContainerOutputTest (7 ms total)

[----------] 4 tests from DictTest
[ RUN      ] DictTest.Keys
[       OK ] DictTest.Keys (0 ms)
[ RUN      ] DictTest.Values
[       OK ] DictTest.Values (0 ms)
[ RUN      ] DictTest.Lookup
[       OK ] DictTest.Lookup (0 ms)
[ RUN      ] DictTest.Modification
[       OK ] DictTest.Modification (0 ms)
[----------] 4 tests from DictTest (0 ms total)

[----------] 4 tests from EnvDiscountTest
[ RUN      ] EnvDiscountTest.SinglePlayerDiscountMatchesDone
[       OK ] EnvDiscountTest.SinglePlayerDiscountMatchesDone (0 ms)
[ RUN      ] EnvDiscountTest.NonterminalDiscountIncludesEveryPlayer
[       OK ] EnvDiscountTest.NonterminalDiscountIncludesEveryPlayer (0 ms)
[ RUN      ] EnvDiscountTest.TerminalDiscountIncludesEveryPlayer
[       OK ] EnvDiscountTest.TerminalDiscountIncludesEveryPlayer (0 ms)
[ RUN      ] EnvDiscountTest.ZeroPlayersDoNotOverwriteNextEnvironment
[       OK ] EnvDiscountTest.ZeroPlayersDoNotOverwriteNextEnvironment (0 ms)
[----------] 4 tests from EnvDiscountTest (2 ms total)

[----------] 6 tests from StateBufferQueueTest
[ RUN      ] StateBufferQueueTest.Basic
I0000 00:00:1791067927.891693   14384 state_buffer_queue_test.cc:36] 0 start
I0000 00:00:1791067927.891756   14384 state_buffer_queue_test.cc:39] 0 allocate
I0000 00:00:1791067927.891765   14384 state_buffer_queue_test.cc:41] 0 done_write
I0000 00:00:1791067927.891773   14384 state_buffer_queue_test.cc:36] 1 start
I0000 00:00:1791067927.891782   14384 state_buffer_queue_test.cc:39] 1 allocate
I0000 00:00:1791067927.891788   14384 state_buffer_queue_test.cc:41] 1 done_write
I0000 00:00:1791067927.891794   14384 state_buffer_queue_test.cc:36] 2 start
I0000 00:00:1791067927.891802   14384 state_buffer_queue_test.cc:39] 2 allocate
I0000 00:00:1791067927.891808   14384 state_buffer_queue_test.cc:41] 2 done_write
I0000 00:00:1791067927.891814   14384 state_buffer_queue_test.cc:36] 3 start
I0000 00:00:1791067927.891820   14384 state_buffer_queue_test.cc:39] 3 allocate
I0000 00:00:1791067927.891826   14384 state_buffer_queue_test.cc:41] 3 done_write
I0000 00:00:1791067927.891831   14384 state_buffer_queue_test.cc:36] 4 start
I0000 00:00:1791067927.891838   14384 state_buffer_queue_test.cc:39] 4 allocate
I0000 00:00:1791067927.891843   14384 state_buffer_queue_test.cc:41] 4 done_write
I0000 00:00:1791067927.891849   14384 state_buffer_queue_test.cc:36] 5 start
I0000 00:00:1791067927.891855   14384 state_buffer_queue_test.cc:39] 5 allocate
I0000 00:00:1791067927.891861   14384 state_buffer_queue_test.cc:41] 5 done_write
I0000 00:00:1791067927.891867   14384 state_buffer_queue_test.cc:36] 6 start
I0000 00:00:1791067927.891873   14384 state_buffer_queue_test.cc:39] 6 allocate
I0000 00:00:1791067927.891878   14384 state_buffer_queue_test.cc:41] 6 done_write
I0000 00:00:1791067927.891884   14384 state_buffer_queue_test.cc:36] 7 start
I0000 00:00:1791067927.891891   14384 state_buffer_queue_test.cc:39] 7 allocate
I0000 00:00:1791067927.891896   14384 state_buffer_queue_test.cc:41] 7 done_write
I0000 00:00:1791067927.891902   14384 state_buffer_queue_test.cc:36] 8 start
I0000 00:00:1791067927.891908   14384 state_buffer_queue_test.cc:39] 8 allocate
I0000 00:00:1791067927.891914   14384 state_buffer_queue_test.cc:41] 8 done_write
I0000 00:00:1791067927.891919   14384 state_buffer_queue_test.cc:36] 9 start
I0000 00:00:1791067927.891926   14384 state_buffer_queue_test.cc:39] 9 allocate
I0000 00:00:1791067927.891931   14384 state_buffer_queue_test.cc:41] 9 done_write
I0000 00:00:1791067927.891937   14384 state_buffer_queue_test.cc:36] 10 start
I0000 00:00:1791067927.891943   14384 state_buffer_queue_test.cc:39] 10 allocate
I0000 00:00:1791067927.891949   14384 state_buffer_queue_test.cc:41] 10 done_write
I0000 00:00:1791067927.891955   14384 state_buffer_queue_test.cc:36] 11 start
I0000 00:00:1791067927.891961   14384 state_buffer_queue_test.cc:39] 11 allocate
I0000 00:00:1791067927.891967   14384 state_buffer_queue_test.cc:41] 11 done_write
I0000 00:00:1791067927.891972   14384 state_buffer_queue_test.cc:36] 12 start
I0000 00:00:1791067927.891979   14384 state_buffer_queue_test.cc:39] 12 allocate
I0000 00:00:1791067927.891984   14384 state_buffer_queue_test.cc:41] 12 done_write
I0000 00:00:1791067927.891990   14384 state_buffer_queue_test.cc:36] 13 start
I0000 00:00:1791067927.891997   14384 state_buffer_queue_test.cc:39] 13 allocate
I0000 00:00:1791067927.892002   14384 state_buffer_queue_test.cc:41] 13 done_write
I0000 00:00:1791067927.892011   14384 state_buffer_queue_test.cc:36] 14 start
I0000 00:00:1791067927.892018   14384 state_buffer_queue_test.cc:39] 14 allocate
I0000 00:00:1791067927.892023   14384 state_buffer_queue_test.cc:41] 14 done_write
I0000 00:00:1791067927.892029   14384 state_buffer_queue_test.cc:36] 15 start
I0000 00:00:1791067927.892035   14384 state_buffer_queue_test.cc:39] 15 allocate
I0000 00:00:1791067927.892041   14384 state_buffer_queue_test.cc:41] 15 done_write
I0000 00:00:1791067927.892046   14384 state_buffer_queue_test.cc:36] 16 start
I0000 00:00:1791067927.892053   14384 state_buffer_queue_test.cc:39] 16 allocate
I0000 00:00:1791067927.892058   14384 state_buffer_queue_test.cc:41] 16 done_write
I0000 00:00:1791067927.892064   14384 state_buffer_queue_test.cc:36] 17 start
I0000 00:00:1791067927.892070   14384 state_buffer_queue_test.cc:39] 17 allocate
I0000 00:00:1791067927.892075   14384 state_buffer_queue_test.cc:41] 17 done_write
I0000 00:00:1791067927.892081   14384 state_buffer_queue_test.cc:36] 18 start
I0000 00:00:1791067927.892088   14384 state_buffer_queue_test.cc:39] 18 allocate
I0000 00:00:1791067927.892093   14384 state_buffer_queue_test.cc:41] 18 done_write
I0000 00:00:1791067927.892099   14384 state_buffer_queue_test.cc:36] 19 start
I0000 00:00:1791067927.892105   14384 state_buffer_queue_test.cc:39] 19 allocate
I0000 00:00:1791067927.892110   14384 state_buffer_queue_test.cc:41] 19 done_write
I0000 00:00:1791067927.892116   14384 state_buffer_queue_test.cc:36] 20 start
I0000 00:00:1791067927.892122   14384 state_buffer_queue_test.cc:39] 20 allocate
I0000 00:00:1791067927.892128   14384 state_buffer_queue_test.cc:41] 20 done_write
I0000 00:00:1791067927.892133   14384 state_buffer_queue_test.cc:36] 21 start
I0000 00:00:1791067927.892140   14384 state_buffer_queue_test.cc:39] 21 allocate
I0000 00:00:1791067927.892145   14384 state_buffer_queue_test.cc:41] 21 done_write
I0000 00:00:1791067927.892151   14384 state_buffer_queue_test.cc:36] 22 start
I0000 00:00:1791067927.892157   14384 state_buffer_queue_test.cc:39] 22 allocate
I0000 00:00:1791067927.892162   14384 state_buffer_queue_test.cc:41] 22 done_write
I0000 00:00:1791067927.892168   14384 state_buffer_queue_test.cc:36] 23 start
I0000 00:00:1791067927.892174   14384 state_buffer_queue_test.cc:39] 23 allocate
I0000 00:00:1791067927.892179   14384 state_buffer_queue_test.cc:41] 23 done_write
I0000 00:00:1791067927.892185   14384 state_buffer_queue_test.cc:36] 24 start
I0000 00:00:1791067927.892192   14384 state_buffer_queue_test.cc:39] 24 allocate
I0000 00:00:1791067927.892197   14384 state_buffer_queue_test.cc:41] 24 done_write
I0000 00:00:1791067927.892203   14384 state_buffer_queue_test.cc:36] 25 start
I0000 00:00:1791067927.892209   14384 state_buffer_queue_test.cc:39] 25 allocate
I0000 00:00:1791067927.892215   14384 state_buffer_queue_test.cc:41] 25 done_write
I0000 00:00:1791067927.892220   14384 state_buffer_queue_test.cc:36] 26 start
I0000 00:00:1791067927.892234   14384 state_buffer_queue_test.cc:39] 26 allocate
I0000 00:00:1791067927.892242   14384 state_buffer_queue_test.cc:41] 26 done_write
I0000 00:00:1791067927.892248   14384 state_buffer_queue_test.cc:36] 27 start
I0000 00:00:1791067927.892254   14384 state_buffer_queue_test.cc:39] 27 allocate
I0000 00:00:1791067927.892260   14384 state_buffer_queue_test.cc:41] 27 done_write
I0000 00:00:1791067927.892265   14384 state_buffer_queue_test.cc:36] 28 start
I0000 00:00:1791067927.892272   14384 state_buffer_queue_test.cc:39] 28 allocate
I0000 00:00:1791067927.892277   14384 state_buffer_queue_test.cc:41] 28 done_write
I0000 00:00:1791067927.892283   14384 state_buffer_queue_test.cc:36] 29 start
I0000 00:00:1791067927.892289   14384 state_buffer_queue_test.cc:39] 29 allocate
I0000 00:00:1791067927.892294   14384 state_buffer_queue_test.cc:41] 29 done_write
I0000 00:00:1791067927.892300   14384 state_buffer_queue_test.cc:36] 30 start
I0000 00:00:1791067927.892307   14384 state_buffer_queue_test.cc:39] 30 allocate
I0000 00:00:1791067927.892313   14384 state_buffer_queue_test.cc:41] 30 done_write
I0000 00:00:1791067927.892319   14384 state_buffer_queue_test.cc:36] 31 start
I0000 00:00:1791067927.892326   14384 state_buffer_queue_test.cc:39] 31 allocate
I0000 00:00:1791067927.892332   14384 state_buffer_queue_test.cc:41] 31 done_write
I0000 00:00:1791067927.892352   14384 state_buffer_queue_test.cc:47] finish wait
[       OK ] StateBufferQueueTest.Basic (0 ms)
[ RUN      ] StateBufferQueueTest.SinglePlayerSync
[       OK ] StateBufferQueueTest.SinglePlayerSync (113 ms)
[ RUN      ] StateBufferQueueTest.NumPlayers
[       OK ] StateBufferQueueTest.NumPlayers (0 ms)
[ RUN      ] StateBufferQueueTest.MultipleTimes
[       OK ] StateBufferQueueTest.MultipleTimes (593 ms)
[ RUN      ] StateBufferQueueTest.ConcurrentSinglePlayer
[       OK ] StateBufferQueueTest.ConcurrentSinglePlayer (4529 ms)
[ RUN      ] StateBufferQueueTest.ConcurrentMultiPlayer
[       OK ] StateBufferQueueTest.ConcurrentMultiPlayer (5303 ms)
[----------] 6 tests from StateBufferQueueTest (10541 ms total)

[----------] 9 tests from StateBufferTest
[ RUN      ] StateBufferTest.Basic
[       OK ] StateBufferTest.Basic (0 ms)
[ RUN      ] StateBufferTest.SinglePlayerSync
[       OK ] StateBufferTest.SinglePlayerSync (0 ms)
[ RUN      ] StateBufferTest.Truncate
[       OK ] StateBufferTest.Truncate (0 ms)
[ RUN      ] StateBufferTest.MultiPlayers
[       OK ] StateBufferTest.MultiPlayers (0 ms)
[ RUN      ] StateBufferTest.PartialSyncShuffledOutputsSurviveBufferDestruction
[       OK ] StateBufferTest.PartialSyncShuffledOutputsSurviveBufferDestruction (0 ms)
[ RUN      ] StateBufferTest.PartialMultiPlayerOutputsIncludeZeroPlayerEnvironments
[       OK ] StateBufferTest.PartialMultiPlayerOutputsIncludeZeroPlayerEnvironments (0 ms)
[ RUN      ] StateBufferTest.NoPlayersReturnsEmptyPlayerShapesAndSharedData
[       OK ] StateBufferTest.NoPlayersReturnsEmptyPlayerShapesAndSharedData (0 ms)
[ RUN      ] StateBufferTest.PartialWaitRequiresEveryAllocatedWriterToComplete
[       OK ] StateBufferTest.PartialWaitRequiresEveryAllocatedWriterToComplete (20 ms)
[ RUN      ] StateBufferTest.CompletionAllowsImmediateDestruction
[       OK ] StateBufferTest.CompletionAllowsImmediateDestruction (119 ms)
[----------] 9 tests from StateBufferTest (140 ms total)

[----------] 9 tests from DummyEnvPoolTest
[ RUN      ] DummyEnvPoolTest.TimingAccumulatorsStartAtZero
[       OK ] DummyEnvPoolTest.TimingAccumulatorsStartAtZero (1 ms)
[ RUN      ] DummyEnvPoolTest.DiscountMatchesDoneForEveryPlayer
[       OK ] DummyEnvPoolTest.DiscountMatchesDoneForEveryPlayer (1 ms)
[ RUN      ] DummyEnvPoolTest.ShutdownIdleWorkers
[       OK ] DummyEnvPoolTest.ShutdownIdleWorkers (129 ms)
[ RUN      ] DummyEnvPoolTest.ShutdownWithPendingReset
[       OK ] DummyEnvPoolTest.ShutdownWithPendingReset (133 ms)
[ RUN      ] DummyEnvPoolTest.ShutdownJoinsInFlightResetBeforeDestroyingEnvironment
[       OK ] DummyEnvPoolTest.ShutdownJoinsInFlightResetBeforeDestroyingEnvironment (51 ms)
[ RUN      ] DummyEnvPoolTest.SplitZeroAction
[       OK ] DummyEnvPoolTest.SplitZeroAction (3 ms)
[ RUN      ] DummyEnvPoolTest.SmokeSynchronousSinglePlayer
I0000 00:00:1791067938.894975   14384 dummy_envpool_test.cc:332] 1 1 3 32 1 1
I0000 00:00:1791067938.897383   14384 dummy_envpool_test.cc:435] time(s): 0.00155469, FPS: 20582.9
[       OK ] DummyEnvPoolTest.SmokeSynchronousSinglePlayer (2 ms)
[ RUN      ] DummyEnvPoolTest.SmokeAsynchronousSinglePlayer
I0000 00:00:1791067938.897738   14384 dummy_envpool_test.cc:332] 8 4 3 64 2 1
I0000 00:00:1791067938.903614   14384 dummy_envpool_test.cc:435] time(s): 0.00334656, FPS: 76496.5
[       OK ] DummyEnvPoolTest.SmokeAsynchronousSinglePlayer (6 ms)
[ RUN      ] DummyEnvPoolTest.SmokeAsynchronousMultiPlayer
I0000 00:00:1791067938.904166   14384 dummy_envpool_test.cc:332] 8 4 3 64 2 4
I0000 00:00:1791067938.910940   14384 dummy_envpool_test.cc:435] time(s): 0.00396046, FPS: 64638.9
[       OK ] DummyEnvPoolTest.SmokeAsynchronousMultiPlayer (7 ms)
[----------] 9 tests from DummyEnvPoolTest (337 ms total)

[----------] Global test environment tear-down
[==========] 62 tests from 9 test suites ran. (11582 ms total)
[  PASSED  ] 62 tests.
