test_cartpole (envpool.classic_control.classic_control_test._ClassicControlEnvPoolTest.test_cartpole)
envpool.classic_control.classic_control_test._ClassicControlEnvPoolTest.test_cartpole ... $PYTHON_VENV/lib/python3.12/site-packages/gymnasium/spaces/box.py:231: UserWarning: [33mWARN: Box low's precision lowered by casting to float32, current low.dtype=float64[0m
  gym.logger.warn(
$PYTHON_VENV/lib/python3.12/site-packages/gymnasium/spaces/box.py:297: UserWarning: [33mWARN: Box high's precision lowered by casting to float32, current high.dtype=float64[0m
  gym.logger.warn(
ok
test_cartpole_gymnasium_vector_wrapper (envpool.classic_control.classic_control_test._ClassicControlEnvPoolTest.test_cartpole_gymnasium_vector_wrapper)
envpool.classic_control.classic_control_test._ClassicControlEnvPoolTest.test_cartpole_gymnasium_vector_wrapper ... ok
test_render_is_batch_consistent_and_state_invariant (envpool.classic_control.classic_control_render_test.ClassicControlRenderTest.test_render_is_batch_consistent_and_state_invariant)
envpool.classic_control.classic_control_render_test.ClassicControlRenderTest.test_render_is_batch_consistent_and_state_invariant
Rendering should be batch-consistent and free of side effects. ... ok
test_config (envpool.dummy.dummy_py_envpool_test._DummyEnvPoolTest.test_config)
envpool.dummy.dummy_py_envpool_test._DummyEnvPoolTest.test_config ... ok
test_spec (envpool.dummy.dummy_py_envpool_test._DummyEnvPoolTest.test_spec)
envpool.dummy.dummy_py_envpool_test._DummyEnvPoolTest.test_spec ... ok
test_env_seed_overrides_sequential_seeding (envpool.dummy.dummy_py_envpool_test._DummyEnvPoolTest.test_env_seed_overrides_sequential_seeding)
envpool.dummy.dummy_py_envpool_test._DummyEnvPoolTest.test_env_seed_overrides_sequential_seeding ... ok

----------------------------------------------------------------------
Ran 6 tests in 3.035s

OK
