block-0-slot-0-a original/plain 20.248s
block-0-slot-1-c original/profile 19.743s
block-0-slot-2-e retained/plain 19.854s
block-0-slot-3-g retained/profile 20.000s
block-0-slot-4-h retained/profile 20.046s
block-0-slot-5-f retained/plain 19.967s
block-0-slot-6-d original/profile 20.522s
block-0-slot-7-b original/plain 19.766s
block-1-slot-0-d original/profile 19.528s
block-1-slot-1-f retained/plain 19.809s
block-1-slot-2-h retained/profile 19.660s
block-1-slot-3-b original/plain 19.767s
block-1-slot-4-a original/plain 19.886s
block-1-slot-5-g retained/profile 20.082s
block-1-slot-6-e retained/plain 19.620s
block-1-slot-7-c original/profile 20.399s
block-2-slot-0-e retained/plain 19.933s
block-2-slot-1-g retained/profile 19.773s
block-2-slot-2-a original/plain 19.601s
block-2-slot-3-c original/profile 19.654s
block-2-slot-4-d original/profile 19.640s
block-2-slot-5-b original/plain 19.982s
block-2-slot-6-h retained/profile 20.075s
block-2-slot-7-f retained/plain 19.560s
block-3-slot-0-h retained/profile 19.954s
block-3-slot-1-b original/plain 19.720s
block-3-slot-2-d original/profile 19.705s
block-3-slot-3-f retained/plain 19.761s
block-3-slot-4-e retained/plain 19.431s
block-3-slot-5-c original/profile 19.851s
block-3-slot-6-a original/plain 19.856s
block-3-slot-7-g retained/profile 20.123s
